Co-sampled frontier inventory 50/297
Co-sampled frontier inventory 100/297
Co-sampled frontier inventory 150/297
Co-sampled frontier inventory 200/297
Co-sampled frontier inventory 250/297
Co-sampled frontier inventory 297/297
{
  "n_station_networks": 297,
  "n_physical_networks": 295,
  "n_archive_stations": 340,
  "n_accepted_activities": 30678,
  "n_same_day_receivers": 3,
  "n_new_vs_monthly_receivers": 0,
  "n_within_month_receivers": 1,
  "n_within_month_systems": 1,
  "class_same_day_counts": {
    "1": 1,
    "2": 2
  },
  "class_within_month_counts": {
    "2": 1
  },
  "n_peak_eligible_receivers": 1,
  "n_same_day_date_sets": 462,
  "n_same_region_area_comparable_observed_pairs": 0,
  "n_same_region_area_comparable_dense_pairs": 0,
  "n_same_region_area_comparable_high_coverage_pairs": 0,
  "bootstrap_draws": 5000,
  "new_training": false
}
