/Users/yzccc/river_graph/.venv/lib/python3.12/site-packages/torch/jit/_script.py:1491: FutureWarning: `torch.jit.script` is deprecated. Please switch to `torch.compile` or `torch.export`.
  warnings.warn(
                        model_name      mae  signed_bias  q90_mae
        attention_fixed_integrated 1.759505    -0.617763 8.995962
            attention_fixed_native 1.762861    -0.604837 8.968661
   attention_historical_integrated 1.769581    -0.609659 9.069789
       attention_historical_native 1.772017    -0.600044 9.050622
         attention_real_integrated 1.756645    -0.619660 8.980932
             attention_real_native 1.760915    -0.591550 8.928370
                     current_model 1.829579    -0.667535 9.225863
innovation_availability_integrated 1.769076    -0.618848 9.064607
    innovation_availability_native 1.771357    -0.608140 9.044982
  innovation_historical_integrated 1.768392    -0.615042 9.066046
      innovation_historical_native 1.770825    -0.604144 9.046503
       innovation_historical_trees 1.878517    -0.614127 9.389067
        innovation_real_integrated 1.761078    -0.609578 8.999148
            innovation_real_native 1.763022    -0.599301 8.976144
             innovation_real_trees 1.865680    -0.629524 9.396532
               matched_daily_trees 1.963925    -0.519447 9.618575
              station_hidden_trees 1.866362    -0.611014 9.394458
            unmonitored_integrated 1.769053    -0.638608 9.075420
              unmonitored_residual 1.772035    -0.625464 9.053055
