/Users/yzccc/river_graph/.venv/lib/python3.12/site-packages/torch/jit/_script.py:1491: FutureWarning: `torch.jit.script` is deprecated. Please switch to `torch.compile` or `torch.export`.
  warnings.warn(
                    model_name      mae  signed_bias  q90_mae
  aggregate_encoder_integrated 1.769011    -0.641042 9.080510
    aggregate_encoder_residual 1.772173    -0.624819 9.046861
composition_encoder_integrated 1.769340    -0.635769 9.067969
  composition_encoder_residual 1.772445    -0.622345 9.046094
                 current_model 1.829579    -0.667535 9.225863
           matched_daily_trees 1.963925    -0.519447 9.618575
          station_hidden_trees 1.866362    -0.611014 9.394458
        unmonitored_integrated 1.769053    -0.638608 9.075420
          unmonitored_residual 1.772035    -0.625464 9.053055
                     candidate                    reference  relative_gain_pct  gain_ci_low_pct  gain_ci_high_pct  improved_partitions
    aggregate_encoder_residual       unmonitored_integrated          -0.176391        -0.585057          0.196204                    2
    aggregate_encoder_residual         station_hidden_trees           5.046676         2.338436          7.984525                    3
    aggregate_encoder_residual                current_model           3.137673         1.451303          4.887382                    3
  aggregate_encoder_integrated       unmonitored_integrated           0.002362        -0.164388          0.145581                    2
  aggregate_encoder_integrated         station_hidden_trees           5.216109         2.740027          7.930627                    3
  aggregate_encoder_integrated                current_model           3.310513         1.691346          5.051549                    3
  composition_encoder_residual       unmonitored_integrated          -0.191741        -0.685417          0.224178                    1
  composition_encoder_residual         station_hidden_trees           5.032126         2.252393          8.055619                    3
  composition_encoder_residual                current_model           3.122831         1.434395          4.860647                    3
composition_encoder_integrated       unmonitored_integrated          -0.016268        -0.096436          0.061391                    2
composition_encoder_integrated         station_hidden_trees           5.198450         2.663158          8.004927                    3
composition_encoder_integrated                current_model           3.292499         1.689302          5.007977                    3
composition_encoder_integrated aggregate_encoder_integrated          -0.018631        -0.170458          0.145380                    1
  composition_encoder_residual   aggregate_encoder_residual          -0.015324        -0.212994          0.198344                    1
  composition_encoder_residual         unmonitored_residual          -0.023106        -0.124703          0.069222                    2
    aggregate_encoder_residual         unmonitored_residual          -0.007781        -0.231471          0.191573                    2
