/Users/yzccc/river_graph/.venv/lib/python3.12/site-packages/torch/jit/_script.py:1491: FutureWarning: `torch.jit.script` is deprecated. Please switch to `torch.compile` or `torch.export`.
  warnings.warn(

Validation ranking:
             mask      model      mae       r2
       e2a_strict   et_leaf4 1.324637 0.582377
       e2a_strict   rf_leaf2 1.378419 0.502604
       e2a_strict   et_leaf2 1.410316 0.561544
       e2a_strict rf_default 1.489656 0.512253
       e2a_strict    et_sqrt 1.561136 0.492916
       e2a_strict et_default 1.574473 0.499092
e3_spatial_seed42   et_leaf2 1.209102 0.694992
e3_spatial_seed42 et_default 1.211109 0.737348
e3_spatial_seed42   rf_leaf2 1.230278 0.602274
e3_spatial_seed42 rf_default 1.239064 0.587797
e3_spatial_seed42   et_leaf4 1.244295 0.553494
e3_spatial_seed42    et_sqrt 1.273048 0.656163

Selected test metrics:
             mask selected_model  selected_test_mae       r2
       e2a_strict       et_leaf4           1.054061 0.379640
e3_spatial_seed42       et_leaf2           2.505495 0.460799
