/Users/yzccc/river_graph/.venv/lib/python3.12/site-packages/torch/jit/_script.py:1491: FutureWarning: `torch.jit.script` is deprecated. Please switch to `torch.compile` or `torch.export`.
  warnings.warn(

Validation ranking:
             mask      model      mae       r2
       e2a_strict   et_leaf4 1.332075 0.566815
       e2a_strict   rf_leaf2 1.391687 0.486764
       e2a_strict   et_leaf2 1.406694 0.556787
       e2a_strict rf_default 1.489707 0.492119
       e2a_strict    et_sqrt 1.527402 0.507465
       e2a_strict et_default 1.584969 0.494750
e3_spatial_seed42   et_leaf2 1.208559 0.696174
e3_spatial_seed42 et_default 1.210636 0.737729
e3_spatial_seed42   rf_leaf2 1.225932 0.623410
e3_spatial_seed42 rf_default 1.235708 0.622221
e3_spatial_seed42   et_leaf4 1.244049 0.552504
e3_spatial_seed42    et_sqrt 1.272162 0.652348

Selected test metrics:
             mask selected_model  selected_test_mae       r2
       e2a_strict       et_leaf4           1.038306 0.399004
e3_spatial_seed42       et_leaf2           2.536108 0.449226
