/Users/yzccc/river_graph/.venv/lib/python3.12/site-packages/torch/jit/_script.py:1491: FutureWarning: `torch.jit.script` is deprecated. Please switch to `torch.compile` or `torch.export`.
  warnings.warn(

Validation ranking:
             mask      model      mae       r2
       e2a_strict   et_leaf4 1.323404 0.570585
       e2a_strict   rf_leaf2 1.403493 0.487279
       e2a_strict   et_leaf2 1.418560 0.546869
       e2a_strict    et_sqrt 1.510211 0.510669
       e2a_strict rf_default 1.540639 0.488441
       e2a_strict et_default 1.597202 0.492234
e3_spatial_seed42   et_leaf2 1.205520 0.718069
e3_spatial_seed42 et_default 1.216512 0.719965
e3_spatial_seed42   et_leaf4 1.238424 0.552200
e3_spatial_seed42   rf_leaf2 1.239610 0.541310
e3_spatial_seed42 rf_default 1.244585 0.568540
e3_spatial_seed42    et_sqrt 1.261765 0.676613

Selected test metrics:
             mask selected_model  selected_test_mae       r2
       e2a_strict       et_leaf4           1.038427 0.392120
e3_spatial_seed42       et_leaf2           2.514900 0.464871
