/Users/yzccc/.matplotlib is not a writable directory
Matplotlib created a temporary cache directory at /var/folders/kl/2fcqmxl93rv6fsdm6q_y0n5h0000gn/T/matplotlib-rka_56sz because there was an issue with the default path (/Users/yzccc/.matplotlib); it is highly recommended to set the MPLCONFIGDIR environment variable to a writable directory, in particular to speed up the import of Matplotlib and to better support multiprocessing.
Matplotlib is building the font cache; this may take a moment.
/Users/yzccc/river_graph/.venv/lib/python3.12/site-packages/torch/jit/_script.py:1491: FutureWarning: `torch.jit.script` is deprecated. Please switch to `torch.compile` or `torch.export`.
  warnings.warn(
                        model_name      mae  signed_bias  q90_mae
        attention_fixed_integrated 1.759505    -0.617763 8.995962
            attention_fixed_native 1.762861    -0.604837 8.968661
   attention_historical_integrated 1.769581    -0.609659 9.069789
       attention_historical_native 1.772017    -0.600044 9.050622
         attention_real_integrated 1.756645    -0.619660 8.980932
             attention_real_native 1.760915    -0.591550 8.928370
         available_real_integrated 1.723002    -0.607553 8.895024
             available_real_native 1.726375    -0.584341 8.840746
     available_seasonal_integrated 1.742044    -0.611152 8.945071
         available_seasonal_native 1.745378    -0.587926 8.892845
                     current_model 1.829579    -0.667535 9.225863
innovation_availability_integrated 1.769076    -0.618848 9.064607
    innovation_availability_native 1.771357    -0.608140 9.044982
  innovation_historical_integrated 1.768392    -0.615042 9.066046
      innovation_historical_native 1.770825    -0.604144 9.046503
       innovation_historical_trees 1.878517    -0.614127 9.389067
        innovation_real_integrated 1.761078    -0.609578 8.999148
            innovation_real_native 1.763022    -0.599301 8.976144
             innovation_real_trees 1.865680    -0.629524 9.396532
            level_fixed_integrated 1.742909    -0.623318 8.948794
                level_fixed_native 1.747055    -0.606025 8.905464
       level_historical_integrated 1.763675    -0.633675 9.061016
           level_historical_native 1.767430    -0.617327 9.025384
             level_real_integrated 1.736968    -0.620238 8.927563
                 level_real_native 1.740125    -0.608815 8.898214
         level_seasonal_integrated 1.747950    -0.605207 8.958080
             level_seasonal_native 1.751989    -0.582359 8.904477
               matched_daily_trees 1.963925    -0.519447 9.618575
         relative_fixed_integrated 1.748209    -0.609351 8.940732
             relative_fixed_native 1.752572    -0.592121 8.909531
    relative_historical_integrated 1.768525    -0.617243 9.073935
        relative_historical_native 1.770948    -0.606730 9.055517
          relative_real_integrated 1.748102    -0.605140 8.932044
              relative_real_native 1.751668    -0.592812 8.902016
              station_hidden_trees 1.866362    -0.611014 9.394458
            unmonitored_integrated 1.769053    -0.638608 9.075420
              unmonitored_residual 1.772035    -0.625464 9.053055
