/Users/yzccc/river_graph/.venv/lib/python3.12/site-packages/torch/jit/_script.py:1491: FutureWarning: `torch.jit.script` is deprecated. Please switch to `torch.compile` or `torch.export`.
  warnings.warn(
                   model_name      mae  signed_bias  q90_mae
                current_model 1.829579    -0.667535 9.225863
hydro_availability_integrated 1.768244    -0.634943 9.064593
  hydro_availability_residual 1.771218    -0.622765 9.043085
       hydro_state_integrated 1.767694    -0.638665 9.066212
         hydro_state_residual 1.770755    -0.626936 9.045172
          matched_daily_trees 1.963925    -0.519447 9.618575
         station_hidden_trees 1.866362    -0.611014 9.394458
       unmonitored_integrated 1.769053    -0.638608 9.075420
         unmonitored_residual 1.772035    -0.625464 9.053055
                    candidate                     reference  relative_gain_pct  gain_ci_low_pct  gain_ci_high_pct  improved_partitions
  hydro_availability_residual        unmonitored_integrated          -0.122433        -0.606948          0.326718                    2
  hydro_availability_residual          station_hidden_trees           5.097820         2.312777          8.159927                    3
  hydro_availability_residual                 current_model           3.189846         1.481099          4.951565                    3
hydro_availability_integrated        unmonitored_integrated           0.045698        -0.070258          0.182306                    2
hydro_availability_integrated          station_hidden_trees           5.257185         2.697622          8.083487                    3
hydro_availability_integrated                 current_model           3.352415         1.736795          5.088813                    3
         hydro_state_residual        unmonitored_integrated          -0.096246        -0.605397          0.372590                    2
         hydro_state_residual          station_hidden_trees           5.122642         2.304487          8.170895                    3
         hydro_state_residual                 current_model           3.215167         1.499245          4.965633                    3
       hydro_state_integrated        unmonitored_integrated           0.076808        -0.052898          0.217057                    3
       hydro_state_integrated          station_hidden_trees           5.286674         2.750482          8.101746                    3
       hydro_state_integrated                 current_model           3.382496         1.765410          5.118166                    3
       hydro_state_integrated hydro_availability_integrated           0.031124        -0.028756          0.095126                    3
         hydro_state_residual   hydro_availability_residual           0.026156        -0.042836          0.096480                    3
         hydro_state_residual          unmonitored_residual           0.072229        -0.062795          0.217091                    3
  hydro_availability_residual          unmonitored_residual           0.046085        -0.070174          0.182389                    2
