/Users/yzccc/river_graph/.venv/lib/python3.12/site-packages/torch/jit/_script.py:1491: FutureWarning: `torch.jit.script` is deprecated. Please switch to `torch.compile` or `torch.export`.
  warnings.warn(
{"run": "split142_seed42", "stage": "nested_source_episode", "outer_fold": 0, "excluded_stations": 47, "donor_stations": 185, "n_query": 2786, "n_donor_cells": 13172, "elapsed_seconds": 19.54909604100976}
{"run": "split142_seed42", "stage": "nested_source_episode", "outer_fold": 1, "excluded_stations": 47, "donor_stations": 185, "n_query": 3911, "n_donor_cells": 12047, "elapsed_seconds": 37.255097290995764}
{"run": "split142_seed42", "stage": "nested_source_episode", "outer_fold": 2, "excluded_stations": 46, "donor_stations": 186, "n_query": 2710, "n_donor_cells": 13248, "elapsed_seconds": 60.09228462498868}
{"run": "split142_seed42", "stage": "nested_source_episode", "outer_fold": 3, "excluded_stations": 46, "donor_stations": 186, "n_query": 3404, "n_donor_cells": 12554, "elapsed_seconds": 79.58372329099802}
{"run": "split142_seed42", "stage": "nested_source_episode", "outer_fold": 4, "excluded_stations": 46, "donor_stations": 186, "n_query": 3147, "n_donor_cells": 12811, "elapsed_seconds": 98.14395120801055}
{"run": "split142_seed42", "stage": "contrast_retrieval", "epoch": 0, "training_loss": null, "validation_mae": 1.9691906135300403, "best_epoch": 0, "head_norm": 0.0, "elapsed_seconds": 1.1568273750017397}
{"run": "split142_seed42", "stage": "contrast_retrieval", "epoch": 1, "training_loss": 2.2784301463295433, "validation_mae": 1.9710799923823459, "best_epoch": 0, "head_norm": 0.025307875126600266, "elapsed_seconds": 1.2303227499942295}
{"run": "split142_seed42", "stage": "contrast_retrieval", "epoch": 2, "training_loss": 2.187494397163391, "validation_mae": 1.9741145895937455, "best_epoch": 0, "head_norm": 0.048027973622083664, "elapsed_seconds": 1.301602916995762}
{"run": "split142_seed42", "stage": "contrast_retrieval", "epoch": 3, "training_loss": 2.1911426256684696, "validation_mae": 1.9785993495509302, "best_epoch": 0, "head_norm": 0.06892260909080505, "elapsed_seconds": 1.3730151249910705}
{"run": "split142_seed42", "stage": "contrast_retrieval", "epoch": 4, "training_loss": 2.252975302584031, "validation_mae": 1.984334243693718, "best_epoch": 0, "head_norm": 0.08780200779438019, "elapsed_seconds": 1.443883542000549}
{"run": "split142_seed42", "stage": "contrast_retrieval", "epoch": 5, "training_loss": 2.1685763404649845, "validation_mae": 1.988738816691429, "best_epoch": 0, "head_norm": 0.10061009973287582, "elapsed_seconds": 1.5148727089981548}
{"run": "split142_seed42", "stage": "contrast_retrieval", "status": "complete", "best_epoch": 0, "elapsed_seconds": 1.5966748749779072}
{"run": "split142_seed43", "stage": "nested_source_episode", "outer_fold": 0, "excluded_stations": 47, "donor_stations": 185, "n_query": 3238, "n_donor_cells": 12720, "elapsed_seconds": 18.27135462500155}
{"run": "split142_seed43", "stage": "nested_source_episode", "outer_fold": 1, "excluded_stations": 47, "donor_stations": 185, "n_query": 3658, "n_donor_cells": 12300, "elapsed_seconds": 35.93816487499862}
{"run": "split142_seed43", "stage": "nested_source_episode", "outer_fold": 2, "excluded_stations": 46, "donor_stations": 186, "n_query": 2858, "n_donor_cells": 13100, "elapsed_seconds": 55.18728670798009}
{"run": "split142_seed43", "stage": "nested_source_episode", "outer_fold": 3, "excluded_stations": 46, "donor_stations": 186, "n_query": 2499, "n_donor_cells": 13459, "elapsed_seconds": 74.87776233299519}
{"run": "split142_seed43", "stage": "nested_source_episode", "outer_fold": 4, "excluded_stations": 46, "donor_stations": 186, "n_query": 3705, "n_donor_cells": 12253, "elapsed_seconds": 92.7561242079828}
{"run": "split142_seed43", "stage": "contrast_retrieval", "epoch": 0, "training_loss": null, "validation_mae": 1.9806158863114212, "best_epoch": 0, "head_norm": 0.0, "elapsed_seconds": 1.0699432920082472}
{"run": "split142_seed43", "stage": "contrast_retrieval", "epoch": 1, "training_loss": 2.2352124522714054, "validation_mae": 1.9812120322126687, "best_epoch": 0, "head_norm": 0.028683209791779518, "elapsed_seconds": 1.1415673340088688}
{"run": "split142_seed43", "stage": "contrast_retrieval", "epoch": 2, "training_loss": 2.2350657722529244, "validation_mae": 1.9837796679219444, "best_epoch": 0, "head_norm": 0.05694020539522171, "elapsed_seconds": 1.2123226250114385}
{"run": "split142_seed43", "stage": "contrast_retrieval", "epoch": 3, "training_loss": 2.222272638012381, "validation_mae": 1.9872129774354057, "best_epoch": 0, "head_norm": 0.07691698521375656, "elapsed_seconds": 1.2822625419939868}
{"run": "split142_seed43", "stage": "contrast_retrieval", "epoch": 4, "training_loss": 2.2557622720213497, "validation_mae": 1.9905248802778193, "best_epoch": 0, "head_norm": 0.09516270458698273, "elapsed_seconds": 1.3524703749862965}
{"run": "split142_seed43", "stage": "contrast_retrieval", "epoch": 5, "training_loss": 2.2187537761295544, "validation_mae": 1.9923646371129733, "best_epoch": 0, "head_norm": 0.10523513704538345, "elapsed_seconds": 1.4225493340054527}
{"run": "split142_seed43", "stage": "contrast_retrieval", "status": "complete", "best_epoch": 0, "elapsed_seconds": 1.5033792089961935}
{"run": "split142_seed44", "stage": "nested_source_episode", "outer_fold": 0, "excluded_stations": 47, "donor_stations": 185, "n_query": 3055, "n_donor_cells": 12903, "elapsed_seconds": 19.34187358300551}
{"run": "split142_seed44", "stage": "nested_source_episode", "outer_fold": 1, "excluded_stations": 47, "donor_stations": 185, "n_query": 2734, "n_donor_cells": 13224, "elapsed_seconds": 38.94331770800636}
{"run": "split142_seed44", "stage": "nested_source_episode", "outer_fold": 2, "excluded_stations": 46, "donor_stations": 186, "n_query": 4139, "n_donor_cells": 11819, "elapsed_seconds": 56.03096400000504}
{"run": "split142_seed44", "stage": "nested_source_episode", "outer_fold": 3, "excluded_stations": 46, "donor_stations": 186, "n_query": 3689, "n_donor_cells": 12269, "elapsed_seconds": 74.05549687502207}
{"run": "split142_seed44", "stage": "nested_source_episode", "outer_fold": 4, "excluded_stations": 46, "donor_stations": 186, "n_query": 2341, "n_donor_cells": 13617, "elapsed_seconds": 95.04208008301794}
{"run": "split142_seed44", "stage": "contrast_retrieval", "epoch": 0, "training_loss": null, "validation_mae": 1.9784064094142473, "best_epoch": 0, "head_norm": 0.0, "elapsed_seconds": 1.0793682080111466}
{"run": "split142_seed44", "stage": "contrast_retrieval", "epoch": 1, "training_loss": 2.0867420329767117, "validation_mae": 1.9803868370264754, "best_epoch": 0, "head_norm": 0.02848169207572937, "elapsed_seconds": 1.1518501250247937}
{"run": "split142_seed44", "stage": "contrast_retrieval", "epoch": 2, "training_loss": 2.103848432793337, "validation_mae": 1.9836659814132296, "best_epoch": 0, "head_norm": 0.052127737551927567, "elapsed_seconds": 1.2235421660006978}
{"run": "split142_seed44", "stage": "contrast_retrieval", "epoch": 3, "training_loss": 2.0768353939056396, "validation_mae": 1.9869451379803835, "best_epoch": 0, "head_norm": 0.0718151330947876, "elapsed_seconds": 1.2945602910185698}
{"run": "split142_seed44", "stage": "contrast_retrieval", "epoch": 4, "training_loss": 2.106719756827635, "validation_mae": 1.9889974814605744, "best_epoch": 0, "head_norm": 0.08401621133089066, "elapsed_seconds": 1.3653208750183694}
{"run": "split142_seed44", "stage": "contrast_retrieval", "epoch": 5, "training_loss": 2.083644586450913, "validation_mae": 1.9904547444838887, "best_epoch": 0, "head_norm": 0.09541083127260208, "elapsed_seconds": 1.4358365410007536}
{"run": "split142_seed44", "stage": "contrast_retrieval", "status": "complete", "best_epoch": 0, "elapsed_seconds": 1.512855250010034}
{"run": "split143_seed42", "stage": "nested_source_episode", "outer_fold": 0, "excluded_stations": 47, "donor_stations": 185, "n_query": 3149, "n_donor_cells": 12092, "elapsed_seconds": 18.337224791990593}
{"run": "split143_seed42", "stage": "nested_source_episode", "outer_fold": 1, "excluded_stations": 47, "donor_stations": 185, "n_query": 2490, "n_donor_cells": 12751, "elapsed_seconds": 37.16421029198682}
{"run": "split143_seed42", "stage": "nested_source_episode", "outer_fold": 2, "excluded_stations": 46, "donor_stations": 186, "n_query": 3171, "n_donor_cells": 12070, "elapsed_seconds": 54.85170649999054}
{"run": "split143_seed42", "stage": "nested_source_episode", "outer_fold": 3, "excluded_stations": 46, "donor_stations": 186, "n_query": 3370, "n_donor_cells": 11871, "elapsed_seconds": 72.80129166698316}
{"run": "split143_seed42", "stage": "nested_source_episode", "outer_fold": 4, "excluded_stations": 46, "donor_stations": 186, "n_query": 3061, "n_donor_cells": 12180, "elapsed_seconds": 91.09010524998303}
{"run": "split143_seed42", "stage": "contrast_retrieval", "epoch": 0, "training_loss": null, "validation_mae": 1.7294550561950885, "best_epoch": 0, "head_norm": 0.0, "elapsed_seconds": 1.0783516250085086}
{"run": "split143_seed42", "stage": "contrast_retrieval", "epoch": 1, "training_loss": 2.238166529685259, "validation_mae": 1.731708457092293, "best_epoch": 0, "head_norm": 0.03176460787653923, "elapsed_seconds": 1.1484945830015931}
{"run": "split143_seed42", "stage": "contrast_retrieval", "epoch": 2, "training_loss": 2.1941643953323364, "validation_mae": 1.7343079519477738, "best_epoch": 0, "head_norm": 0.059594281017780304, "elapsed_seconds": 1.2174864580156282}
{"run": "split143_seed42", "stage": "contrast_retrieval", "epoch": 3, "training_loss": 2.198790032416582, "validation_mae": 1.7370335083261799, "best_epoch": 0, "head_norm": 0.08411712199449539, "elapsed_seconds": 1.2860081660037395}
{"run": "split143_seed42", "stage": "contrast_retrieval", "epoch": 4, "training_loss": 2.2209495529532433, "validation_mae": 1.737616637309314, "best_epoch": 0, "head_norm": 0.09470050781965256, "elapsed_seconds": 1.354260708001675}
{"run": "split143_seed42", "stage": "contrast_retrieval", "epoch": 5, "training_loss": 2.1896467059850693, "validation_mae": 1.739391884314062, "best_epoch": 0, "head_norm": 0.1097262054681778, "elapsed_seconds": 1.4226188330212608}
{"run": "split143_seed42", "stage": "contrast_retrieval", "status": "complete", "best_epoch": 0, "elapsed_seconds": 1.516317166009685}
{"run": "split143_seed43", "stage": "nested_source_episode", "outer_fold": 0, "excluded_stations": 47, "donor_stations": 185, "n_query": 3678, "n_donor_cells": 11563, "elapsed_seconds": 17.37913354099146}
{"run": "split143_seed43", "stage": "nested_source_episode", "outer_fold": 1, "excluded_stations": 47, "donor_stations": 185, "n_query": 3219, "n_donor_cells": 12022, "elapsed_seconds": 34.9446230000176}
{"run": "split143_seed43", "stage": "nested_source_episode", "outer_fold": 2, "excluded_stations": 46, "donor_stations": 186, "n_query": 2360, "n_donor_cells": 12881, "elapsed_seconds": 54.33136058301898}
{"run": "split143_seed43", "stage": "nested_source_episode", "outer_fold": 3, "excluded_stations": 46, "donor_stations": 186, "n_query": 3069, "n_donor_cells": 12172, "elapsed_seconds": 72.29285462500411}
{"run": "split143_seed43", "stage": "nested_source_episode", "outer_fold": 4, "excluded_stations": 46, "donor_stations": 186, "n_query": 2915, "n_donor_cells": 12326, "elapsed_seconds": 90.47542791601154}
{"run": "split143_seed43", "stage": "contrast_retrieval", "epoch": 0, "training_loss": null, "validation_mae": 1.7448313526301895, "best_epoch": 0, "head_norm": 0.0, "elapsed_seconds": 1.0740569590125233}
{"run": "split143_seed43", "stage": "contrast_retrieval", "epoch": 1, "training_loss": 2.2731133215129375, "validation_mae": 1.7455354558735785, "best_epoch": 0, "head_norm": 0.02484874054789543, "elapsed_seconds": 1.1445257920131553}
{"run": "split143_seed43", "stage": "contrast_retrieval", "epoch": 2, "training_loss": 2.2669756039977074, "validation_mae": 1.7461792033321992, "best_epoch": 0, "head_norm": 0.04159025102853775, "elapsed_seconds": 1.213761874998454}
{"run": "split143_seed43", "stage": "contrast_retrieval", "epoch": 3, "training_loss": 2.207523889839649, "validation_mae": 1.7472663661122547, "best_epoch": 0, "head_norm": 0.06359207630157471, "elapsed_seconds": 1.2825934590073302}
{"run": "split143_seed43", "stage": "contrast_retrieval", "epoch": 4, "training_loss": 2.184166394174099, "validation_mae": 1.7484277287583163, "best_epoch": 0, "head_norm": 0.08204544335603714, "elapsed_seconds": 1.3514178339974023}
{"run": "split143_seed43", "stage": "contrast_retrieval", "epoch": 5, "training_loss": 2.228351127356291, "validation_mae": 1.7489114274203772, "best_epoch": 0, "head_norm": 0.09126114100217819, "elapsed_seconds": 1.4204010000103153}
{"run": "split143_seed43", "stage": "contrast_retrieval", "status": "complete", "best_epoch": 0, "elapsed_seconds": 1.5167746669903863}
{"run": "split143_seed44", "stage": "nested_source_episode", "outer_fold": 0, "excluded_stations": 47, "donor_stations": 185, "n_query": 3216, "n_donor_cells": 12025, "elapsed_seconds": 18.097429583023768}
{"run": "split143_seed44", "stage": "nested_source_episode", "outer_fold": 1, "excluded_stations": 47, "donor_stations": 185, "n_query": 2985, "n_donor_cells": 12256, "elapsed_seconds": 36.70097750000423}
{"run": "split143_seed44", "stage": "nested_source_episode", "outer_fold": 2, "excluded_stations": 46, "donor_stations": 186, "n_query": 4151, "n_donor_cells": 11090, "elapsed_seconds": 52.81162900000345}
{"run": "split143_seed44", "stage": "nested_source_episode", "outer_fold": 3, "excluded_stations": 46, "donor_stations": 186, "n_query": 2263, "n_donor_cells": 12978, "elapsed_seconds": 72.3055864170019}
{"run": "split143_seed44", "stage": "nested_source_episode", "outer_fold": 4, "excluded_stations": 46, "donor_stations": 186, "n_query": 2626, "n_donor_cells": 12615, "elapsed_seconds": 91.29819070801022}
{"run": "split143_seed44", "stage": "contrast_retrieval", "epoch": 0, "training_loss": null, "validation_mae": 1.7091265634828345, "best_epoch": 0, "head_norm": 0.0, "elapsed_seconds": 1.0496099589799996}
{"run": "split143_seed44", "stage": "contrast_retrieval", "epoch": 1, "training_loss": 2.174705252502904, "validation_mae": 1.7097517508474585, "best_epoch": 0, "head_norm": 0.01529910322278738, "elapsed_seconds": 1.120501792000141}
{"run": "split143_seed44", "stage": "contrast_retrieval", "epoch": 2, "training_loss": 2.167971280488101, "validation_mae": 1.7102794781855624, "best_epoch": 0, "head_norm": 0.03607615828514099, "elapsed_seconds": 1.1896546249918174}
{"run": "split143_seed44", "stage": "contrast_retrieval", "epoch": 3, "training_loss": 2.214822657180555, "validation_mae": 1.7103893816627138, "best_epoch": 0, "head_norm": 0.05579989403486252, "elapsed_seconds": 1.2581850419810507}
{"run": "split143_seed44", "stage": "contrast_retrieval", "epoch": 4, "training_loss": 2.2613348346768003, "validation_mae": 1.710235948779861, "best_epoch": 0, "head_norm": 0.06300805509090424, "elapsed_seconds": 1.326968291978119}
{"run": "split143_seed44", "stage": "contrast_retrieval", "epoch": 5, "training_loss": 2.2698380730368872, "validation_mae": 1.7103800284687969, "best_epoch": 0, "head_norm": 0.07404518872499466, "elapsed_seconds": 1.3959273749787826}
{"run": "split143_seed44", "stage": "contrast_retrieval", "status": "complete", "best_epoch": 0, "elapsed_seconds": 1.4962392919987906}
{"run": "split144_seed42", "stage": "nested_source_episode", "outer_fold": 0, "excluded_stations": 47, "donor_stations": 185, "n_query": 2903, "n_donor_cells": 10824, "elapsed_seconds": 16.090111958998023}
{"run": "split144_seed42", "stage": "nested_source_episode", "outer_fold": 1, "excluded_stations": 47, "donor_stations": 185, "n_query": 3023, "n_donor_cells": 10704, "elapsed_seconds": 32.330462084006285}
{"run": "split144_seed42", "stage": "nested_source_episode", "outer_fold": 2, "excluded_stations": 46, "donor_stations": 186, "n_query": 2685, "n_donor_cells": 11042, "elapsed_seconds": 48.96201466702041}
{"run": "split144_seed42", "stage": "nested_source_episode", "outer_fold": 3, "excluded_stations": 46, "donor_stations": 186, "n_query": 2242, "n_donor_cells": 11485, "elapsed_seconds": 65.78888750000624}
{"run": "split144_seed42", "stage": "nested_source_episode", "outer_fold": 4, "excluded_stations": 46, "donor_stations": 186, "n_query": 2874, "n_donor_cells": 10853, "elapsed_seconds": 81.65352308400907}
{"run": "split144_seed42", "stage": "contrast_retrieval", "epoch": 0, "training_loss": null, "validation_mae": 1.783403929443418, "best_epoch": 0, "head_norm": 0.0, "elapsed_seconds": 1.0169888329983223}
{"run": "split144_seed42", "stage": "contrast_retrieval", "epoch": 1, "training_loss": 2.079863827804039, "validation_mae": 1.7833528096718698, "best_epoch": 1, "head_norm": 0.001892917207442224, "elapsed_seconds": 1.0916519580059685}
{"run": "split144_seed42", "stage": "contrast_retrieval", "epoch": 2, "training_loss": 2.0785845353685577, "validation_mae": 1.7832146307710603, "best_epoch": 2, "head_norm": 0.007307394873350859, "elapsed_seconds": 1.1721833329938818}
{"run": "split144_seed42", "stage": "contrast_retrieval", "epoch": 3, "training_loss": 2.051628906151344, "validation_mae": 1.782839899421798, "best_epoch": 3, "head_norm": 0.020639674738049507, "elapsed_seconds": 1.2357446250098292}
{"run": "split144_seed42", "stage": "contrast_retrieval", "epoch": 4, "training_loss": 2.083756689367623, "validation_mae": 1.7826537947149397, "best_epoch": 4, "head_norm": 0.04256468266248703, "elapsed_seconds": 1.2994443750067148}
{"run": "split144_seed42", "stage": "contrast_retrieval", "epoch": 5, "training_loss": 2.0763560369096954, "validation_mae": 1.7828669108716495, "best_epoch": 4, "head_norm": 0.06166962534189224, "elapsed_seconds": 1.362748040992301}
{"run": "split144_seed42", "stage": "contrast_retrieval", "epoch": 6, "training_loss": 2.060940380754142, "validation_mae": 1.7829599174757302, "best_epoch": 4, "head_norm": 0.07005590200424194, "elapsed_seconds": 1.4261337080097292}
{"run": "split144_seed42", "stage": "contrast_retrieval", "epoch": 7, "training_loss": 2.0573270855278802, "validation_mae": 1.783023639515671, "best_epoch": 4, "head_norm": 0.07788753509521484, "elapsed_seconds": 1.4893482500046957}
{"run": "split144_seed42", "stage": "contrast_retrieval", "epoch": 8, "training_loss": 2.04916185346143, "validation_mae": 1.7827637408414811, "best_epoch": 4, "head_norm": 0.08485694229602814, "elapsed_seconds": 1.5526661250041798}
{"run": "split144_seed42", "stage": "contrast_retrieval", "epoch": 9, "training_loss": 2.070704332713423, "validation_mae": 1.7826329981522033, "best_epoch": 9, "head_norm": 0.08653293550014496, "elapsed_seconds": 1.6161821660061833}
{"run": "split144_seed42", "stage": "contrast_retrieval", "epoch": 10, "training_loss": 2.0432412994318994, "validation_mae": 1.7829024131294908, "best_epoch": 9, "head_norm": 0.09016759693622589, "elapsed_seconds": 1.67975850001676}
{"run": "split144_seed42", "stage": "contrast_retrieval", "epoch": 11, "training_loss": 2.061314237528834, "validation_mae": 1.783441417983579, "best_epoch": 9, "head_norm": 0.09597663581371307, "elapsed_seconds": 1.7439241250103805}
{"run": "split144_seed42", "stage": "contrast_retrieval", "epoch": 12, "training_loss": 2.0203961545023423, "validation_mae": 1.783124109665657, "best_epoch": 9, "head_norm": 0.09888409823179245, "elapsed_seconds": 1.8068671250075568}
{"run": "split144_seed42", "stage": "contrast_retrieval", "epoch": 13, "training_loss": 2.0713174137575874, "validation_mae": 1.782713019424343, "best_epoch": 9, "head_norm": 0.10110808163881302, "elapsed_seconds": 1.869994000007864}
{"run": "split144_seed42", "stage": "contrast_retrieval", "epoch": 14, "training_loss": 2.050398086679393, "validation_mae": 1.7830699731817001, "best_epoch": 9, "head_norm": 0.10462892055511475, "elapsed_seconds": 1.9331868750159629}
{"run": "split144_seed42", "stage": "contrast_retrieval", "status": "complete", "best_epoch": 9, "elapsed_seconds": 2.046727708016988}
{"run": "split144_seed43", "stage": "nested_source_episode", "outer_fold": 0, "excluded_stations": 47, "donor_stations": 185, "n_query": 2913, "n_donor_cells": 10814, "elapsed_seconds": 19.354213457991136}
{"run": "split144_seed43", "stage": "nested_source_episode", "outer_fold": 1, "excluded_stations": 47, "donor_stations": 185, "n_query": 2544, "n_donor_cells": 11183, "elapsed_seconds": 39.526123915973585}
{"run": "split144_seed43", "stage": "nested_source_episode", "outer_fold": 2, "excluded_stations": 46, "donor_stations": 186, "n_query": 2553, "n_donor_cells": 11174, "elapsed_seconds": 59.333556790981675}
{"run": "split144_seed43", "stage": "nested_source_episode", "outer_fold": 3, "excluded_stations": 46, "donor_stations": 186, "n_query": 2480, "n_donor_cells": 11247, "elapsed_seconds": 80.07253087498248}
{"run": "split144_seed43", "stage": "nested_source_episode", "outer_fold": 4, "excluded_stations": 46, "donor_stations": 186, "n_query": 3237, "n_donor_cells": 10490, "elapsed_seconds": 99.2998978329997}
{"run": "split144_seed43", "stage": "contrast_retrieval", "epoch": 0, "training_loss": null, "validation_mae": 1.8025500879571619, "best_epoch": 0, "head_norm": 0.0, "elapsed_seconds": 1.1693943749996834}
{"run": "split144_seed43", "stage": "contrast_retrieval", "epoch": 1, "training_loss": 2.0875744436468398, "validation_mae": 1.8030532010089229, "best_epoch": 0, "head_norm": 0.018633799627423286, "elapsed_seconds": 1.2361317920149304}
{"run": "split144_seed43", "stage": "contrast_retrieval", "epoch": 2, "training_loss": 2.1027296568666185, "validation_mae": 1.803708146907169, "best_epoch": 0, "head_norm": 0.03011227212846279, "elapsed_seconds": 1.30230224999832}
{"run": "split144_seed43", "stage": "contrast_retrieval", "epoch": 3, "training_loss": 2.0916190147399902, "validation_mae": 1.8050772601239686, "best_epoch": 0, "head_norm": 0.046001654118299484, "elapsed_seconds": 1.370919832988875}
{"run": "split144_seed43", "stage": "contrast_retrieval", "epoch": 4, "training_loss": 2.08354760493551, "validation_mae": 1.8073085458913662, "best_epoch": 0, "head_norm": 0.06362076848745346, "elapsed_seconds": 1.4379473750013858}
{"run": "split144_seed43", "stage": "contrast_retrieval", "epoch": 5, "training_loss": 2.075503183262689, "validation_mae": 1.8091607557169838, "best_epoch": 0, "head_norm": 0.07780484110116959, "elapsed_seconds": 1.504057667014422}
{"run": "split144_seed43", "stage": "contrast_retrieval", "status": "complete", "best_epoch": 0, "elapsed_seconds": 1.6147575830109417}
{"run": "split144_seed44", "stage": "nested_source_episode", "outer_fold": 0, "excluded_stations": 47, "donor_stations": 185, "n_query": 3037, "n_donor_cells": 10690, "elapsed_seconds": 16.44858891700278}
{"run": "split144_seed44", "stage": "nested_source_episode", "outer_fold": 1, "excluded_stations": 47, "donor_stations": 185, "n_query": 2975, "n_donor_cells": 10752, "elapsed_seconds": 32.227360250020865}
{"run": "split144_seed44", "stage": "nested_source_episode", "outer_fold": 2, "excluded_stations": 46, "donor_stations": 186, "n_query": 2372, "n_donor_cells": 11355, "elapsed_seconds": 49.34744141701958}
{"run": "split144_seed44", "stage": "nested_source_episode", "outer_fold": 3, "excluded_stations": 46, "donor_stations": 186, "n_query": 3024, "n_donor_cells": 10703, "elapsed_seconds": 65.08310333400732}
{"run": "split144_seed44", "stage": "nested_source_episode", "outer_fold": 4, "excluded_stations": 46, "donor_stations": 186, "n_query": 2319, "n_donor_cells": 11408, "elapsed_seconds": 81.9934653340024}
{"run": "split144_seed44", "stage": "contrast_retrieval", "epoch": 0, "training_loss": null, "validation_mae": 1.7686329915296466, "best_epoch": 0, "head_norm": 0.0, "elapsed_seconds": 0.9944560410222039}
{"run": "split144_seed44", "stage": "contrast_retrieval", "epoch": 1, "training_loss": 2.1160130287919725, "validation_mae": 1.7675564892286808, "best_epoch": 1, "head_norm": 0.0337362177670002, "elapsed_seconds": 1.0701358330261428}
{"run": "split144_seed44", "stage": "contrast_retrieval", "epoch": 2, "training_loss": 2.1151606738567352, "validation_mae": 1.7667471056121495, "best_epoch": 2, "head_norm": 0.06498390436172485, "elapsed_seconds": 1.1356551250210032}
{"run": "split144_seed44", "stage": "contrast_retrieval", "epoch": 3, "training_loss": 2.11414549606187, "validation_mae": 1.7661472727412493, "best_epoch": 3, "head_norm": 0.09226467460393906, "elapsed_seconds": 1.1981501660193317}
{"run": "split144_seed44", "stage": "contrast_retrieval", "epoch": 4, "training_loss": 2.100661350148065, "validation_mae": 1.7655587300287956, "best_epoch": 4, "head_norm": 0.1107829362154007, "elapsed_seconds": 1.2608512500009965}
{"run": "split144_seed44", "stage": "contrast_retrieval", "epoch": 5, "training_loss": 2.1101053016526357, "validation_mae": 1.7650954865593216, "best_epoch": 5, "head_norm": 0.12984265387058258, "elapsed_seconds": 1.3237676249991637}
{"run": "split144_seed44", "stage": "contrast_retrieval", "epoch": 6, "training_loss": 2.110378627266203, "validation_mae": 1.7647820452833698, "best_epoch": 6, "head_norm": 0.14503057301044464, "elapsed_seconds": 1.386133833002532}
{"run": "split144_seed44", "stage": "contrast_retrieval", "epoch": 7, "training_loss": 2.0953083506652286, "validation_mae": 1.7645083845452068, "best_epoch": 7, "head_norm": 0.1618018001317978, "elapsed_seconds": 1.4487450410088059}
{"run": "split144_seed44", "stage": "contrast_retrieval", "epoch": 8, "training_loss": 2.090683468750545, "validation_mae": 1.7643847310270175, "best_epoch": 8, "head_norm": 0.17824898660182953, "elapsed_seconds": 1.5108652909984812}
{"run": "split144_seed44", "stage": "contrast_retrieval", "epoch": 9, "training_loss": 2.0945673329489574, "validation_mae": 1.7642660020554284, "best_epoch": 9, "head_norm": 0.19410428404808044, "elapsed_seconds": 1.5734315410081763}
{"run": "split144_seed44", "stage": "contrast_retrieval", "epoch": 10, "training_loss": 2.0871684508664266, "validation_mae": 1.7642497980014662, "best_epoch": 10, "head_norm": 0.20908668637275696, "elapsed_seconds": 1.6358160410018172}
{"run": "split144_seed44", "stage": "contrast_retrieval", "epoch": 11, "training_loss": 2.092393296105521, "validation_mae": 1.7643772652799008, "best_epoch": 10, "head_norm": 0.22383415699005127, "elapsed_seconds": 1.6989997909986414}
{"run": "split144_seed44", "stage": "contrast_retrieval", "epoch": 12, "training_loss": 2.0893953570297787, "validation_mae": 1.7644536599683542, "best_epoch": 10, "head_norm": 0.23908725380897522, "elapsed_seconds": 1.7615129580080975}
{"run": "split144_seed44", "stage": "contrast_retrieval", "epoch": 13, "training_loss": 2.096066083226885, "validation_mae": 1.764300246522815, "best_epoch": 10, "head_norm": 0.25091904401779175, "elapsed_seconds": 1.824477875023149}
{"run": "split144_seed44", "stage": "contrast_retrieval", "epoch": 14, "training_loss": 2.092858991452626, "validation_mae": 1.763996102594999, "best_epoch": 14, "head_norm": 0.2626124620437622, "elapsed_seconds": 1.8878403330163565}
{"run": "split144_seed44", "stage": "contrast_retrieval", "epoch": 15, "training_loss": 2.0822870305606296, "validation_mae": 1.7640282281520452, "best_epoch": 14, "head_norm": 0.2728184461593628, "elapsed_seconds": 1.9529687910107896}
{"run": "split144_seed44", "stage": "contrast_retrieval", "epoch": 16, "training_loss": 2.085195209298815, "validation_mae": 1.7636485707276945, "best_epoch": 16, "head_norm": 0.2843133807182312, "elapsed_seconds": 2.0160715410020202}
{"run": "split144_seed44", "stage": "contrast_retrieval", "epoch": 17, "training_loss": 2.073637157678604, "validation_mae": 1.7635613196636952, "best_epoch": 17, "head_norm": 0.2943195700645447, "elapsed_seconds": 2.095292875019368}
{"run": "split144_seed44", "stage": "contrast_retrieval", "epoch": 18, "training_loss": 2.073449811765126, "validation_mae": 1.7632291571753629, "best_epoch": 18, "head_norm": 0.3046439290046692, "elapsed_seconds": 2.173886916018091}
{"run": "split144_seed44", "stage": "contrast_retrieval", "epoch": 19, "training_loss": 2.0771503916808536, "validation_mae": 1.7635631934220006, "best_epoch": 18, "head_norm": 0.31106120347976685, "elapsed_seconds": 2.2402751659974456}
{"run": "split144_seed44", "stage": "contrast_retrieval", "epoch": 20, "training_loss": 2.071830315249307, "validation_mae": 1.763147856669537, "best_epoch": 20, "head_norm": 0.3196104168891907, "elapsed_seconds": 2.305183750024298}
{"run": "split144_seed44", "stage": "contrast_retrieval", "epoch": 21, "training_loss": 2.0795555199895586, "validation_mae": 1.7635181063949308, "best_epoch": 20, "head_norm": 0.32894167304039, "elapsed_seconds": 2.368822041025851}
{"run": "split144_seed44", "stage": "contrast_retrieval", "epoch": 22, "training_loss": 2.071375216756548, "validation_mae": 1.7633109552700652, "best_epoch": 20, "head_norm": 0.33648359775543213, "elapsed_seconds": 2.4324667080072686}
{"run": "split144_seed44", "stage": "contrast_retrieval", "epoch": 23, "training_loss": 2.0814664917332784, "validation_mae": 1.7629515480582816, "best_epoch": 23, "head_norm": 0.3438594937324524, "elapsed_seconds": 2.4967989580181893}
{"run": "split144_seed44", "stage": "contrast_retrieval", "epoch": 24, "training_loss": 2.0649558178016116, "validation_mae": 1.7631129349372836, "best_epoch": 23, "head_norm": 0.3493756949901581, "elapsed_seconds": 2.5605700410087593}
{"run": "split144_seed44", "stage": "contrast_retrieval", "epoch": 25, "training_loss": 2.067588061094284, "validation_mae": 1.7627460219005389, "best_epoch": 25, "head_norm": 0.35804349184036255, "elapsed_seconds": 2.624461916013388}
{"run": "split144_seed44", "stage": "contrast_retrieval", "epoch": 26, "training_loss": 2.0732491399560655, "validation_mae": 1.7630319646628685, "best_epoch": 25, "head_norm": 0.36212265491485596, "elapsed_seconds": 2.687953375017969}
{"run": "split144_seed44", "stage": "contrast_retrieval", "epoch": 27, "training_loss": 2.082782221691949, "validation_mae": 1.7631996541771886, "best_epoch": 25, "head_norm": 0.3701702058315277, "elapsed_seconds": 2.7516559160139877}
{"run": "split144_seed44", "stage": "contrast_retrieval", "epoch": 28, "training_loss": 2.077227451971599, "validation_mae": 1.7624636933175089, "best_epoch": 28, "head_norm": 0.3733213245868683, "elapsed_seconds": 2.8156288750178646}
{"run": "split144_seed44", "stage": "contrast_retrieval", "epoch": 29, "training_loss": 2.0804561035973683, "validation_mae": 1.762515288025738, "best_epoch": 28, "head_norm": 0.3764025866985321, "elapsed_seconds": 2.8800417910097167}
{"run": "split144_seed44", "stage": "contrast_retrieval", "epoch": 30, "training_loss": 2.0618300480501994, "validation_mae": 1.7624645667359604, "best_epoch": 28, "head_norm": 0.3821113109588623, "elapsed_seconds": 2.957898416003445}
{"run": "split144_seed44", "stage": "contrast_retrieval", "status": "complete", "best_epoch": 28, "elapsed_seconds": 3.084527541010175}
