/Users/yzccc/river_graph/.venv/lib/python3.12/site-packages/torch/jit/_script.py:1491: FutureWarning: `torch.jit.script` is deprecated. Please switch to `torch.compile` or `torch.export`.
  warnings.warn(
split342_seed42: source/native replay
split342_seed42: nonlinear and tree replay
/Users/yzccc/river_graph/src/river_graph/models/frozen_native_feature_head.py:30: UserWarning: The given NumPy array is not writable, and PyTorch does not support non-writable tensors. This means writing to this tensor will result in undefined behavior. You may want to copy the array to protect its data or make it writable before converting it to a tensor. This type of warning will be suppressed for the rest of this program. (Triggered internally at /Users/runner/work/pytorch/pytorch/torch/csrc/utils/tensor_numpy.cpp:219.)
  return torch.as_tensor(value, dtype=torch.float64).detach().cpu()
split342_seed42: verified
split342_seed43: source/native replay
split342_seed43: nonlinear and tree replay
split342_seed43: verified
split342_seed44: source/native replay
split342_seed44: nonlinear and tree replay
split342_seed44: verified
split343_seed42: source/native replay
split343_seed42: nonlinear and tree replay
split343_seed42: verified
split343_seed43: source/native replay
split343_seed43: nonlinear and tree replay
split343_seed43: verified
split343_seed44: source/native replay
split343_seed44: nonlinear and tree replay
split343_seed44: verified
split344_seed42: source/native replay
split344_seed42: nonlinear and tree replay
split344_seed42: verified
split344_seed43: source/native replay
split344_seed43: nonlinear and tree replay
split344_seed43: verified
split344_seed44: source/native replay
split344_seed44: nonlinear and tree replay
split344_seed44: verified
