/Users/yzccc/river_graph/.venv/lib/python3.12/site-packages/torch/jit/_script.py:1491: FutureWarning: `torch.jit.script` is deprecated. Please switch to `torch.compile` or `torch.export`.
  warnings.warn(
            model_name      mae  q90_mae
         current_model 1.829579 9.225863
   matched_daily_trees 1.963925 9.618575
  station_hidden_trees 1.866362 9.394458
unmonitored_integrated 1.769053 9.075420
  unmonitored_residual 1.772035 9.053055
             candidate            reference  region  relative_gain_pct  gain_ci_low_pct  gain_ci_high_pct  improved_partitions
  unmonitored_residual        current_model overall           3.145210         1.462802          4.885167                    3
  unmonitored_residual        current_model     q90           1.873078         0.670483          3.642278                    3
  unmonitored_residual station_hidden_trees overall           5.054064         2.300773          8.089839                    3
  unmonitored_residual station_hidden_trees     q90           3.634092         1.697229          6.517703                    3
  unmonitored_residual  matched_daily_trees overall           9.770724         6.286432         13.484028                    3
  unmonitored_residual  matched_daily_trees     q90           5.879461         2.383303         10.470247                    3
unmonitored_integrated        current_model overall           3.308229         1.718267          5.030770                    3
unmonitored_integrated        current_model     q90           1.630659         0.472025          3.258120                    3
unmonitored_integrated station_hidden_trees overall           5.213870         2.693625          8.022388                    3
unmonitored_integrated station_hidden_trees     q90           3.396023         1.670450          6.011800                    3
unmonitored_integrated  matched_daily_trees overall           9.922591         6.635087         13.446039                    3
unmonitored_integrated  matched_daily_trees     q90           5.646939         2.325189          9.966701                    3
unmonitored_integrated unmonitored_residual overall           0.168313        -0.226675          0.622059                    2
unmonitored_integrated unmonitored_residual     q90          -0.247046        -0.635122          0.051327                    2
