1/297 station-network instances; elapsed 0.0s
16/297 station-network instances; elapsed 0.0s
31/297 station-network instances; elapsed 0.0s
46/297 station-network instances; elapsed 0.0s
61/297 station-network instances; elapsed 0.0s
76/297 station-network instances; elapsed 0.0s
91/297 station-network instances; elapsed 0.0s
106/297 station-network instances; elapsed 0.0s
121/297 station-network instances; elapsed 0.1s
136/297 station-network instances; elapsed 0.1s
151/297 station-network instances; elapsed 0.1s
166/297 station-network instances; elapsed 0.1s
181/297 station-network instances; elapsed 0.1s
196/297 station-network instances; elapsed 0.1s
211/297 station-network instances; elapsed 0.1s
226/297 station-network instances; elapsed 0.1s
241/297 station-network instances; elapsed 0.1s
256/297 station-network instances; elapsed 0.1s
271/297 station-network instances; elapsed 0.1s
286/297 station-network instances; elapsed 0.1s
297/297 station-network instances; elapsed 0.1s
{
  "n_instances": 297,
  "n_distinct_outlets": 295,
  "n_scenarios": 4158,
  "class_counts": {
    "1.0": 102,
    "2.0": 30,
    "3.0": 165
  },
  "n_huc4": 62,
  "max_centroid_error": 1.939670646322611e-12,
  "max_sd_error": 6.703004817865121e-11,
  "max_unit_gain_error": 2.928768338961163e-13,
  "n_storage_exposed": 261,
  "largest_route_error_km": 7.635950173494763e-13
}
