{
  "n_receivers": 32,
  "n_systems": 7,
  "n_monthly_dates": 1330,
  "n_strict_same_day_receivers": 3,
  "n_strict_same_day_dates": 244,
  "n_high_coverage_receivers": 12,
  "n_monthly_peak_comparisons": 16,
  "n_eligible_five_year_blocks": 28,
  "n_receivers_with_repeated_blocks": 4,
  "dense_case_target": "401733105392404",
  "bootstrap_draws": 5000,
  "new_training": false,
  "new_measurements": false
}
 sample_cut_days version    adjustment  excursion_quantile  minimum_coverage group                   metric  estimate    ci_low   ci_high      unit  n_receivers  n_blocks  n_huc4  n_components interval_status  valid_bootstrap_draws
              -1 monthly calendar_year                0.75               0.0   all         source_coherence  0.252279  0.211881  0.296125 component           32         7      19             7       estimable                   5000
              -1 monthly calendar_year                0.75               0.0   all outlet_sync_log_sd_ratio -0.248943 -0.422860 -0.052110 component           32         7      19             7       estimable                   5000
              -1 monthly calendar_year                0.75               0.0   all  outlet_mix_log_sd_ratio -0.076441 -0.245244  0.124884 component           32         7      19             7       estimable                   5000
              -1 monthly calendar_year                0.75               0.0   all     peak_risk_difference  0.186107  0.094964  0.405754 component           16         6      12             6       estimable                   5000
              -1 monthly calendar_year                0.75               0.0   all coincident_date_fraction  0.160635  0.132734  0.200947 component           32         7      19             7       estimable                   5000
              -1 monthly calendar_year                0.75               0.0   all   outlet_mix_correlation  0.377766  0.284590  0.467069 component           32         7      19             7       estimable                   5000
              -1 monthly calendar_year                0.75               0.8   all         source_coherence  0.285742  0.196164  0.395373 component           12         5       9             5       estimable                   5000
              -1 monthly calendar_year                0.75               0.8   all outlet_sync_log_sd_ratio -0.166578 -0.376903  0.263971 component           12         5       9             5       estimable                   5000
              -1 monthly calendar_year                0.75               0.8   all  outlet_mix_log_sd_ratio -0.054548 -0.274884  0.412102 component           12         5       9             5       estimable                   5000
              -1 monthly calendar_year                0.75               0.8   all     peak_risk_difference  0.272874  0.115501  0.458333 component            6         5       5             5       estimable                   5000
              -1 monthly calendar_year                0.75               0.8   all coincident_date_fraction  0.180385  0.154902  0.262073 component           12         5       9             5       estimable                   5000
              -1 monthly calendar_year                0.75               0.8   all   outlet_mix_correlation  0.409393  0.278901  0.551007 component           12         5       9             5       estimable                   5000
         target huc4  cluster  component           version    adjustment  excursion_quantile  n_dates  n_sources  source_coherence  source_perfect_sd  source_independent_sd  mixture_sd  receiver_sd  outlet_sync_log_sd_ratio  outlet_mix_log_sd_ratio  outlet_mix_correlation  n_coincident  n_solo  n_receiver_high_coincident  n_receiver_high_solo  receiver_high_given_coincident  receiver_high_given_solo  peak_comparison_eligible  peak_risk_difference  coincident_date_fraction  peak_ci_low  peak_ci_high  peak_valid_draws  n_time_blocks
401733105392404 1019        2          3 selected_activity calendar_year                0.75      334          2          0.555478           0.464312               0.365669    0.423311     0.690195                  0.396418                 0.488869                0.565840            59      50                          35                    17                        0.593220                  0.340000                      True              0.253220                  0.176647     0.096482      0.429974              5000             20
401733105392404 1019        2          3 selected_activity  within_month                0.75      262          2          0.556484           0.295400               0.231099    0.268787     0.430929                  0.377610                 0.472023                0.462118            42      48                          26                    12                        0.619048                  0.250000                      True              0.369048                  0.160305     0.168547      0.592179              5000             19
401733105392404 1019        2          3        daily_mean calendar_year                0.75      334          2          0.555580           0.464261               0.365653    0.423283     0.671146                  0.368538                 0.460944                0.575144            59      50                          39                    17                        0.661017                  0.340000                      True              0.321017                  0.176647     0.166667      0.494749              5000             20
401733105392404 1019        2          3        daily_mean  within_month                0.75      262          2          0.555765           0.295501               0.231133    0.268816     0.426728                  0.367475                 0.462120                0.480871            42      48                          27                    11                        0.642857                  0.229167                      True              0.413690                  0.160305     0.261351      0.577779              5000             19
