/Users/yzccc/river_graph/.venv/lib/python3.12/site-packages/torch/jit/_script.py:1491: FutureWarning: `torch.jit.script` is deprecated. Please switch to `torch.compile` or `torch.export`.
  warnings.warn(
Traceback (most recent call last):
  File "/Users/yzccc/river_graph/scripts/run_ladder.py", line 339, in <module>
    main()
  File "/Users/yzccc/river_graph/scripts/run_ladder.py", line 57, in main
    return station_balanced_main()
           ^^^^^^^^^^^^^^^^^^^^^^^
  File "/Users/yzccc/river_graph/scripts/run_doc_station_balanced_residual_v1.py", line 172, in main
    run_one(args.root, partition, seed, digest(snapshot))
  File "/Users/yzccc/river_graph/scripts/run_doc_station_balanced_residual_v1.py", line 105, in run_one
    np.testing.assert_array_equal(context[ids], saved["context"])
  File "/Users/yzccc/river_graph/.venv/lib/python3.12/site-packages/numpy/testing/_private/utils.py", line 1128, in assert_array_equal
    assert_array_compare(operator.__eq__, actual, desired, err_msg=err_msg,
  File "/Users/yzccc/river_graph/.venv/lib/python3.12/site-packages/numpy/testing/_private/utils.py", line 988, in assert_array_compare
    raise AssertionError(msg)
AssertionError: 
Arrays are not equal

Mismatched elements: 1495 / 35316 (4.23%)
First 5 mismatches are at indices:
 [0, 36]: 3.9393152577406987 (ACTUAL), 3.9393152577407 (DESIRED)
 [0, 47]: 3.428128008679244 (ACTUAL), 3.4281280086792463 (DESIRED)
 [0, 67]: 3.7282079949298663 (ACTUAL), 3.7282079949298685 (DESIRED)
 [0, 79]: 3.4737337720422357 (ACTUAL), 3.4737337720422348 (DESIRED)
 [0, 86]: 3.6388945249665885 (ACTUAL), 3.6388945249665907 (DESIRED)
Max absolute difference among violations: 2.84217094e-14
Max relative difference among violations: 1.16733984e-15
 ACTUAL: array([[2.679435, 3.010012, 2.89312 , ..., 3.154759, 3.098128, 2.98745 ],
       [1.698607, 1.900805, 2.110596, ..., 2.068205, 2.115365, 1.963034],
       [1.916598, 1.946647, 2.026966, ..., 2.111802, 2.225237, 2.198688],...
 DESIRED: array([[2.679435, 3.010012, 2.89312 , ..., 3.154759, 3.098128, 2.98745 ],
       [1.698607, 1.900805, 2.110596, ..., 2.068205, 2.115365, 1.963034],
       [1.916598, 1.946647, 2.026966, ..., 2.111802, 2.225237, 2.198688],...
