/Users/yzccc/river_graph/.venv/lib/python3.12/site-packages/torch/jit/_script.py:1491: FutureWarning: `torch.jit.script` is deprecated. Please switch to `torch.compile` or `torch.export`.
  warnings.warn(
                  model_name      mae  signed_bias  q90_mae
               current_model 1.829579    -0.667535 9.225863
         matched_daily_trees 1.963925    -0.519447 9.618575
reference_current_integrated 1.769488    -0.631494 9.069520
  reference_current_residual 1.771655    -0.621191 9.049796
reference_history_integrated 1.769113    -0.634459 9.078530
  reference_history_residual 1.772360    -0.620226 9.054875
        station_hidden_trees 1.866362    -0.611014 9.394458
      unmonitored_integrated 1.769053    -0.638608 9.075420
        unmonitored_residual 1.772035    -0.625464 9.053055
                   candidate                    reference  relative_gain_pct  gain_ci_low_pct  gain_ci_high_pct  improved_partitions
  reference_current_residual       unmonitored_integrated          -0.147085        -0.568115          0.238308                    1
  reference_current_residual         station_hidden_trees           5.074454         2.363077          8.045006                    3
  reference_current_residual                current_model           3.166010         1.473471          4.936165                    3
reference_current_integrated       unmonitored_integrated          -0.024642        -0.228596          0.188129                    1
reference_current_integrated         station_hidden_trees           5.190513         2.668166          7.981349                    3
reference_current_integrated                current_model           3.284402         1.646890          5.020792                    3
  reference_history_residual       unmonitored_integrated          -0.186953        -0.661882          0.231421                    1
  reference_history_residual         station_hidden_trees           5.036664         2.341175          7.992228                    3
  reference_history_residual                current_model           3.127461         1.434225          4.886209                    3
reference_history_integrated       unmonitored_integrated          -0.003396        -0.148115          0.156407                    2
reference_history_integrated         station_hidden_trees           5.210651         2.747281          7.950841                    3
reference_history_integrated                current_model           3.304945         1.688277          5.039864                    3
reference_history_integrated reference_current_integrated           0.021240        -0.205302          0.250792                    2
  reference_history_residual   reference_current_residual          -0.039810        -0.277264          0.208873                    1
  reference_history_residual         unmonitored_residual          -0.018326        -0.169625          0.144650                    2
  reference_current_residual         unmonitored_residual           0.021476        -0.197324          0.251039                    1
