{
  "config_hash": "489956d23862dfd686913c82d098e706fd9217a1ed4e330365d61654ac7d24fa",
  "bootstrap_draws": 5000,
  "n_observed_source_months": 18688,
  "n_fixed_stations": 297,
  "n_reference_months": 39529,
  "previous_results_seen": true,
  "existing_models_retrained": false,
  "created_date": "2026-10-07"
}
          population  cluster                metric     mean   median   ci_low  ci_high  n_stations  n_huc4  positive_stations
       observed_flow        1 adjusted_log_contrast 0.116500 0.110505 0.027482 0.212047          74      29                 49
       observed_flow        2 adjusted_log_contrast 0.149343 0.104391 0.037212 0.257329          21      11                 16
       observed_flow        3 adjusted_log_contrast 0.128533 0.114273 0.067196 0.200824         110      40                 76
observed_temperature        1 adjusted_log_contrast 0.118268 0.103006 0.036078 0.207170          74      29                 50
observed_temperature        2 adjusted_log_contrast 0.134292 0.112692 0.041490 0.227299          21      11                 15
observed_temperature        3 adjusted_log_contrast 0.127737 0.123810 0.064224 0.201245         110      40                 76
 class_a  class_b           population                  metric   mean_a   mean_b  difference_b_minus_a    ci_low   ci_high  n_pairs  n_huc4  positive_pairs
       1        3        observed_flow   adjusted_doc_contrast 2.117231 3.741579              1.624349 -1.368743  4.863982       10       6               5
       1        3        observed_flow   adjusted_log_contrast 0.326758 0.228689             -0.098069 -0.387990  0.111249       10       6               4
       1        3        observed_flow high_frequency_contrast 0.047196 0.033001             -0.014195 -0.079710  0.062491       10       6               2
       1        3        observed_flow       log_flow_contrast 2.084928 2.405159              0.320231 -0.156293  0.932538       10       6               6
       1        3        observed_flow        raw_doc_contrast 1.290506 0.959086             -0.331420 -0.996679  0.386882       10       6               3
       1        3        observed_flow        raw_log_contrast 0.211905 0.055407             -0.156498 -0.317516 -0.003701       10       6               2
       1        3 observed_temperature   adjusted_doc_contrast 2.384124 3.857894              1.473770 -1.371166  4.555514       10       6               5
       1        3 observed_temperature   adjusted_log_contrast 0.353083 0.246706             -0.106377 -0.381447  0.092247       10       6               4
       1        3 observed_temperature high_frequency_contrast 0.047196 0.033001             -0.014195 -0.079710  0.062491       10       6               2
       1        3 observed_temperature       log_flow_contrast 2.084928 2.405159              0.320231 -0.156293  0.932538       10       6               6
       1        3 observed_temperature        raw_doc_contrast 1.290506 0.959086             -0.331420 -0.996679  0.386882       10       6               3
       1        3 observed_temperature        raw_log_contrast 0.211905 0.055407             -0.156498 -0.317516 -0.003701       10       6               2
          population     block                feature  coefficient    ci_low  ci_high  n_estimable_draws  n_stations  n_huc4
       observed_flow      form                 form_2     0.040324 -0.121493 0.241153               5000         204      49
       observed_flow      form                 form_3    -0.011121 -0.099463 0.069402               5000         204      49
       observed_flow footprint       log_basin_aspect     0.056252 -0.059135 0.145136               5000         204      49
       observed_flow footprint log_network_axis_ratio    -0.057927 -0.142242 0.057600               5000         204      49
       observed_flow branching   log_drainage_density    -0.036062 -0.088020 0.024569               5000         204      49
       observed_flow branching         mainstem_share    -0.065418 -0.180837 0.042433               5000         204      49
       observed_flow     paths     mainstem_sinuosity    -0.047688 -0.097241 0.009843               5000         204      49
       observed_flow     paths  log_route_mean_scaled    -0.009089 -0.051640 0.043642               5000         204      49
       observed_flow     paths      route_distance_cv     0.010266 -0.023575 0.040654               5000         204      49
observed_temperature      form                 form_2     0.035856 -0.119968 0.233890               5000         204      49
observed_temperature      form                 form_3    -0.018873 -0.098640 0.058575               5000         204      49
observed_temperature footprint       log_basin_aspect     0.070674 -0.040550 0.157864               5000         204      49
observed_temperature footprint log_network_axis_ratio    -0.072726 -0.159154 0.041109               5000         204      49
observed_temperature branching   log_drainage_density    -0.034712 -0.091573 0.025976               5000         204      49
observed_temperature branching         mainstem_share    -0.070045 -0.185081 0.037077               5000         204      49
observed_temperature     paths     mainstem_sinuosity    -0.058873 -0.108687 0.000029               5000         204      49
observed_temperature     paths  log_route_mean_scaled    -0.003443 -0.047449 0.048075               5000         204      49
observed_temperature     paths      route_distance_cv     0.005563 -0.028328 0.037963               5000         204      49
