/Users/yzccc/river_graph/.venv/lib/python3.12/site-packages/torch/jit/_script.py:1491: FutureWarning: `torch.jit.script` is deprecated. Please switch to `torch.compile` or `torch.export`.
  warnings.warn(
{"run": "split142_seed42", "stage": "contrast_retrieval", "epoch": 0, "training_loss": null, "validation_mae": 1.9691906135300403, "best_epoch": 0, "head_norm": 0.0, "elapsed_seconds": 1.1659695839916822}
{"run": "split142_seed42", "stage": "contrast_retrieval", "epoch": 1, "training_loss": 2.278477759922252, "validation_mae": 1.970826112142561, "best_epoch": 0, "head_norm": 0.024418968707323074, "elapsed_seconds": 1.2383155839925166}
{"run": "split142_seed42", "stage": "contrast_retrieval", "epoch": 2, "training_loss": 2.188392425284666, "validation_mae": 1.9726656035072214, "best_epoch": 0, "head_norm": 0.04461130127310753, "elapsed_seconds": 1.3097957500140183}
{"run": "split142_seed42", "stage": "contrast_retrieval", "epoch": 3, "training_loss": 2.1933158916585587, "validation_mae": 1.9743757496977108, "best_epoch": 0, "head_norm": 0.060556117445230484, "elapsed_seconds": 1.381171874993015}
{"run": "split142_seed42", "stage": "contrast_retrieval", "epoch": 4, "training_loss": 2.25748150138294, "validation_mae": 1.9762529175870283, "best_epoch": 0, "head_norm": 0.0746900886297226, "elapsed_seconds": 1.452140709006926}
{"run": "split142_seed42", "stage": "contrast_retrieval", "epoch": 5, "training_loss": 2.1750461178667404, "validation_mae": 1.977461463644362, "best_epoch": 0, "head_norm": 0.08137307316064835, "elapsed_seconds": 1.523018250009045}
{"run": "split142_seed42", "stage": "contrast_retrieval", "status": "complete", "best_epoch": 0, "elapsed_seconds": 1.5973422499955632}
{"run": "split142_seed43", "stage": "contrast_retrieval", "epoch": 0, "training_loss": null, "validation_mae": 1.9806158863114212, "best_epoch": 0, "head_norm": 0.0, "elapsed_seconds": 1.07269054200151}
{"run": "split142_seed43", "stage": "contrast_retrieval", "epoch": 1, "training_loss": 2.235647860695334, "validation_mae": 1.980659236835748, "best_epoch": 0, "head_norm": 0.028795015066862106, "elapsed_seconds": 1.1442937499959953}
{"run": "split142_seed43", "stage": "contrast_retrieval", "epoch": 2, "training_loss": 2.237806365770452, "validation_mae": 1.9817693799521177, "best_epoch": 0, "head_norm": 0.056463271379470825, "elapsed_seconds": 1.2151218749932013}
{"run": "split142_seed43", "stage": "contrast_retrieval", "epoch": 3, "training_loss": 2.227467046064489, "validation_mae": 1.9829854572290742, "best_epoch": 0, "head_norm": 0.07352843880653381, "elapsed_seconds": 1.2855469170026481}
{"run": "split142_seed43", "stage": "contrast_retrieval", "epoch": 4, "training_loss": 2.262223983512205, "validation_mae": 1.9850975214566426, "best_epoch": 0, "head_norm": 0.09360424429178238, "elapsed_seconds": 1.3558355830027722}
{"run": "split142_seed43", "stage": "contrast_retrieval", "epoch": 5, "training_loss": 2.2260753512382507, "validation_mae": 1.986582128072227, "best_epoch": 0, "head_norm": 0.10522205382585526, "elapsed_seconds": 1.4265661250101402}
{"run": "split142_seed43", "stage": "contrast_retrieval", "status": "complete", "best_epoch": 0, "elapsed_seconds": 1.5010099580103997}
{"run": "split142_seed44", "stage": "contrast_retrieval", "epoch": 0, "training_loss": null, "validation_mae": 1.9784064094142473, "best_epoch": 0, "head_norm": 0.0, "elapsed_seconds": 1.077258792007342}
{"run": "split142_seed44", "stage": "contrast_retrieval", "epoch": 1, "training_loss": 2.087199370650684, "validation_mae": 1.9795485424621908, "best_epoch": 0, "head_norm": 0.02773791179060936, "elapsed_seconds": 1.1493781250028405}
{"run": "split142_seed44", "stage": "contrast_retrieval", "epoch": 2, "training_loss": 2.105400432558621, "validation_mae": 1.9811219945154361, "best_epoch": 0, "head_norm": 0.04975941404700279, "elapsed_seconds": 1.2207835000008345}
{"run": "split142_seed44", "stage": "contrast_retrieval", "epoch": 3, "training_loss": 2.0798365789301254, "validation_mae": 1.98292158457853, "best_epoch": 0, "head_norm": 0.06747689098119736, "elapsed_seconds": 1.2921545830031391}
{"run": "split142_seed44", "stage": "contrast_retrieval", "epoch": 4, "training_loss": 2.1104694149073433, "validation_mae": 1.9841002246055033, "best_epoch": 0, "head_norm": 0.07726311683654785, "elapsed_seconds": 1.3635355830192566}
{"run": "split142_seed44", "stage": "contrast_retrieval", "epoch": 5, "training_loss": 2.0899119412197784, "validation_mae": 1.9852582445902247, "best_epoch": 0, "head_norm": 0.08596143871545792, "elapsed_seconds": 1.4349400420032907}
{"run": "split142_seed44", "stage": "contrast_retrieval", "status": "complete", "best_epoch": 0, "elapsed_seconds": 1.5077307500177994}
{"run": "split143_seed42", "stage": "contrast_retrieval", "epoch": 0, "training_loss": null, "validation_mae": 1.7294550561950885, "best_epoch": 0, "head_norm": 0.0, "elapsed_seconds": 1.087673125002766}
{"run": "split143_seed42", "stage": "contrast_retrieval", "epoch": 1, "training_loss": 2.2403779327869415, "validation_mae": 1.7287547097084437, "best_epoch": 1, "head_norm": 0.017186246812343597, "elapsed_seconds": 1.1589573330129497}
{"run": "split143_seed42", "stage": "contrast_retrieval", "epoch": 2, "training_loss": 2.1998381838202477, "validation_mae": 1.7286075061614505, "best_epoch": 2, "head_norm": 0.033670149743556976, "elapsed_seconds": 1.2282907920016441}
{"run": "split143_seed42", "stage": "contrast_retrieval", "epoch": 3, "training_loss": 2.2098145820200443, "validation_mae": 1.7285684986390077, "best_epoch": 3, "head_norm": 0.04883700609207153, "elapsed_seconds": 1.2973092920146883}
{"run": "split143_seed42", "stage": "contrast_retrieval", "epoch": 4, "training_loss": 2.229855749756098, "validation_mae": 1.7285228735487137, "best_epoch": 4, "head_norm": 0.06239552050828934, "elapsed_seconds": 1.3664224999956787}
{"run": "split143_seed42", "stage": "contrast_retrieval", "epoch": 5, "training_loss": 2.2039320431649685, "validation_mae": 1.728608666581458, "best_epoch": 4, "head_norm": 0.07551224529743195, "elapsed_seconds": 1.4353510420187376}
{"run": "split143_seed42", "stage": "contrast_retrieval", "epoch": 6, "training_loss": 2.2009167522192, "validation_mae": 1.7288757985104661, "best_epoch": 4, "head_norm": 0.08636128157377243, "elapsed_seconds": 1.5046115000150166}
{"run": "split143_seed42", "stage": "contrast_retrieval", "epoch": 7, "training_loss": 2.2366275042295456, "validation_mae": 1.729213497121801, "best_epoch": 4, "head_norm": 0.09432046115398407, "elapsed_seconds": 1.572783250012435}
{"run": "split143_seed42", "stage": "contrast_retrieval", "epoch": 8, "training_loss": 2.190422721207142, "validation_mae": 1.7294413745581234, "best_epoch": 4, "head_norm": 0.09839896857738495, "elapsed_seconds": 1.6418702079972718}
{"run": "split143_seed42", "stage": "contrast_retrieval", "epoch": 9, "training_loss": 2.2077915854752064, "validation_mae": 1.7297917115695431, "best_epoch": 4, "head_norm": 0.10523579269647598, "elapsed_seconds": 1.710508167016087}
{"run": "split143_seed42", "stage": "contrast_retrieval", "status": "complete", "best_epoch": 4, "elapsed_seconds": 1.8066294169984758}
{"run": "split143_seed43", "stage": "contrast_retrieval", "epoch": 0, "training_loss": null, "validation_mae": 1.7448313526301895, "best_epoch": 0, "head_norm": 0.0, "elapsed_seconds": 1.0841482919931877}
{"run": "split143_seed43", "stage": "contrast_retrieval", "epoch": 1, "training_loss": 2.2739657759666443, "validation_mae": 1.744544788616679, "best_epoch": 1, "head_norm": 0.010727026499807835, "elapsed_seconds": 1.153915250004502}
{"run": "split143_seed43", "stage": "contrast_retrieval", "epoch": 2, "training_loss": 2.2691819109022617, "validation_mae": 1.7446327667752455, "best_epoch": 1, "head_norm": 0.01480114832520485, "elapsed_seconds": 1.2224006670003291}
{"run": "split143_seed43", "stage": "contrast_retrieval", "epoch": 3, "training_loss": 2.212514378130436, "validation_mae": 1.7447127529558912, "best_epoch": 1, "head_norm": 0.02527320571243763, "elapsed_seconds": 1.291098333982518}
{"run": "split143_seed43", "stage": "contrast_retrieval", "epoch": 4, "training_loss": 2.1910683549940586, "validation_mae": 1.7447633796094915, "best_epoch": 1, "head_norm": 0.033577851951122284, "elapsed_seconds": 1.3598401669878513}
{"run": "split143_seed43", "stage": "contrast_retrieval", "epoch": 5, "training_loss": 2.2360499016940594, "validation_mae": 1.7447429711418143, "best_epoch": 1, "head_norm": 0.03300992399454117, "elapsed_seconds": 1.4288042089901865}
{"run": "split143_seed43", "stage": "contrast_retrieval", "epoch": 6, "training_loss": 2.211275842040777, "validation_mae": 1.7447174513095625, "best_epoch": 1, "head_norm": 0.042557492852211, "elapsed_seconds": 1.4972826250013895}
{"run": "split143_seed43", "stage": "contrast_retrieval", "status": "complete", "best_epoch": 1, "elapsed_seconds": 1.591819791996386}
{"run": "split143_seed44", "stage": "contrast_retrieval", "epoch": 0, "training_loss": null, "validation_mae": 1.7091265634828345, "best_epoch": 0, "head_norm": 0.0, "elapsed_seconds": 1.055090374982683}
{"run": "split143_seed44", "stage": "contrast_retrieval", "epoch": 1, "training_loss": 2.175482305613431, "validation_mae": 1.708953673324319, "best_epoch": 1, "head_norm": 0.004096017684787512, "elapsed_seconds": 1.1261156660038978}
{"run": "split143_seed44", "stage": "contrast_retrieval", "epoch": 2, "training_loss": 2.1696527347420203, "validation_mae": 1.708803846614103, "best_epoch": 2, "head_norm": 0.016215438023209572, "elapsed_seconds": 1.1962543329864275}
{"run": "split143_seed44", "stage": "contrast_retrieval", "epoch": 3, "training_loss": 2.2189978758494058, "validation_mae": 1.7089676694800655, "best_epoch": 2, "head_norm": 0.02224295772612095, "elapsed_seconds": 1.2661688329826575}
{"run": "split143_seed44", "stage": "contrast_retrieval", "epoch": 4, "training_loss": 2.267921216560133, "validation_mae": 1.709097266786521, "best_epoch": 2, "head_norm": 0.02839016541838646, "elapsed_seconds": 1.3361509999958798}
{"run": "split143_seed44", "stage": "contrast_retrieval", "epoch": 5, "training_loss": 2.278707988334425, "validation_mae": 1.7091851460265444, "best_epoch": 2, "head_norm": 0.03788849711418152, "elapsed_seconds": 1.4058737909945194}
{"run": "split143_seed44", "stage": "contrast_retrieval", "epoch": 6, "training_loss": 2.1679270375858652, "validation_mae": 1.7091805898549441, "best_epoch": 2, "head_norm": 0.0454113744199276, "elapsed_seconds": 1.4757312499859836}
{"run": "split143_seed44", "stage": "contrast_retrieval", "epoch": 7, "training_loss": 2.15073299407959, "validation_mae": 1.709297410714975, "best_epoch": 2, "head_norm": 0.05152391642332077, "elapsed_seconds": 1.5451317910046782}
{"run": "split143_seed44", "stage": "contrast_retrieval", "status": "complete", "best_epoch": 2, "elapsed_seconds": 1.6427277500042692}
{"run": "split144_seed42", "stage": "contrast_retrieval", "epoch": 0, "training_loss": null, "validation_mae": 1.783403929443418, "best_epoch": 0, "head_norm": 0.0, "elapsed_seconds": 1.028231083007995}
{"run": "split144_seed42", "stage": "contrast_retrieval", "epoch": 1, "training_loss": 2.095433975088185, "validation_mae": 1.7822938846893137, "best_epoch": 1, "head_norm": 0.02053152211010456, "elapsed_seconds": 1.0928544159978628}
{"run": "split144_seed42", "stage": "contrast_retrieval", "epoch": 2, "training_loss": 2.092431269843003, "validation_mae": 1.7811859742498144, "best_epoch": 2, "head_norm": 0.04633857682347298, "elapsed_seconds": 1.156579625006998}
{"run": "split144_seed42", "stage": "contrast_retrieval", "epoch": 3, "training_loss": 2.062902277913587, "validation_mae": 1.780462019805676, "best_epoch": 3, "head_norm": 0.068097323179245, "elapsed_seconds": 1.2204480409855023}
{"run": "split144_seed42", "stage": "contrast_retrieval", "epoch": 4, "training_loss": 2.096200601807956, "validation_mae": 1.7798063866428087, "best_epoch": 4, "head_norm": 0.0922747477889061, "elapsed_seconds": 1.2841184579883702}
{"run": "split144_seed42", "stage": "contrast_retrieval", "epoch": 5, "training_loss": 2.0889741059007316, "validation_mae": 1.7792678661963817, "best_epoch": 5, "head_norm": 0.12133343517780304, "elapsed_seconds": 1.3474357500090264}
{"run": "split144_seed42", "stage": "contrast_retrieval", "epoch": 6, "training_loss": 2.069203931709816, "validation_mae": 1.7793425727362124, "best_epoch": 5, "head_norm": 0.1499602347612381, "elapsed_seconds": 1.4109354160027578}
{"run": "split144_seed42", "stage": "contrast_retrieval", "epoch": 7, "training_loss": 2.067816294472793, "validation_mae": 1.7798112168907008, "best_epoch": 5, "head_norm": 0.17549368739128113, "elapsed_seconds": 1.4742855409858748}
{"run": "split144_seed42", "stage": "contrast_retrieval", "epoch": 8, "training_loss": 2.0580121196549515, "validation_mae": 1.7805059305812898, "best_epoch": 5, "head_norm": 0.19879961013793945, "elapsed_seconds": 1.5379172500106506}
{"run": "split144_seed42", "stage": "contrast_retrieval", "epoch": 9, "training_loss": 2.0766193578983176, "validation_mae": 1.781223381580246, "best_epoch": 5, "head_norm": 0.21854516863822937, "elapsed_seconds": 1.6018614159838762}
{"run": "split144_seed42", "stage": "contrast_retrieval", "epoch": 10, "training_loss": 2.0496983528137207, "validation_mae": 1.7820658076568563, "best_epoch": 5, "head_norm": 0.2356986701488495, "elapsed_seconds": 1.6649703329894692}
{"run": "split144_seed42", "stage": "contrast_retrieval", "status": "complete", "best_epoch": 5, "elapsed_seconds": 1.7747344159870408}
{"run": "split144_seed43", "stage": "contrast_retrieval", "epoch": 0, "training_loss": null, "validation_mae": 1.8025500879571619, "best_epoch": 0, "head_norm": 0.0, "elapsed_seconds": 1.181682540976908}
{"run": "split144_seed43", "stage": "contrast_retrieval", "epoch": 1, "training_loss": 2.0874416828155518, "validation_mae": 1.8025463654216398, "best_epoch": 1, "head_norm": 0.007493197452276945, "elapsed_seconds": 1.245536499976879}
{"run": "split144_seed43", "stage": "contrast_retrieval", "epoch": 2, "training_loss": 2.1034650334290097, "validation_mae": 1.8026106842668694, "best_epoch": 1, "head_norm": 0.01605183631181717, "elapsed_seconds": 1.3083664999867324}
{"run": "split144_seed43", "stage": "contrast_retrieval", "epoch": 3, "training_loss": 2.0931716859340668, "validation_mae": 1.8027082083444803, "best_epoch": 1, "head_norm": 0.0236454326659441, "elapsed_seconds": 1.3712937079835683}
{"run": "split144_seed43", "stage": "contrast_retrieval", "epoch": 4, "training_loss": 2.0868770820753917, "validation_mae": 1.8028309887094693, "best_epoch": 1, "head_norm": 0.03117884323000908, "elapsed_seconds": 1.4339720409770962}
{"run": "split144_seed43", "stage": "contrast_retrieval", "epoch": 5, "training_loss": 2.0793823344366893, "validation_mae": 1.802899420408609, "best_epoch": 1, "head_norm": 0.03847570717334747, "elapsed_seconds": 1.4962430829764344}
{"run": "split144_seed43", "stage": "contrast_retrieval", "epoch": 6, "training_loss": 2.0861801547663554, "validation_mae": 1.8030611373420578, "best_epoch": 1, "head_norm": 0.049161072820425034, "elapsed_seconds": 1.5587549999763723}
{"run": "split144_seed43", "stage": "contrast_retrieval", "status": "complete", "best_epoch": 1, "elapsed_seconds": 1.6718722499790601}
{"run": "split144_seed44", "stage": "contrast_retrieval", "epoch": 0, "training_loss": null, "validation_mae": 1.7686329915296466, "best_epoch": 0, "head_norm": 0.0, "elapsed_seconds": 1.0253697499865666}
{"run": "split144_seed44", "stage": "contrast_retrieval", "epoch": 1, "training_loss": 2.1081488728523254, "validation_mae": 1.7671640196939087, "best_epoch": 1, "head_norm": 0.03431827574968338, "elapsed_seconds": 1.0893647919874638}
{"run": "split144_seed44", "stage": "contrast_retrieval", "epoch": 2, "training_loss": 2.1105067006179263, "validation_mae": 1.7661240540235101, "best_epoch": 2, "head_norm": 0.06473901867866516, "elapsed_seconds": 1.1528834169730544}
{"run": "split144_seed44", "stage": "contrast_retrieval", "epoch": 3, "training_loss": 2.112187887941088, "validation_mae": 1.7654334167443246, "best_epoch": 3, "head_norm": 0.09354673326015472, "elapsed_seconds": 1.216095541982213}
{"run": "split144_seed44", "stage": "contrast_retrieval", "epoch": 4, "training_loss": 2.0979567170143127, "validation_mae": 1.765214636081307, "best_epoch": 4, "head_norm": 0.12138965725898743, "elapsed_seconds": 1.279014791973168}
{"run": "split144_seed44", "stage": "contrast_retrieval", "epoch": 5, "training_loss": 2.108359013284956, "validation_mae": 1.7653475283813915, "best_epoch": 4, "head_norm": 0.14996221661567688, "elapsed_seconds": 1.341828208998777}
{"run": "split144_seed44", "stage": "contrast_retrieval", "epoch": 6, "training_loss": 2.1099970766476224, "validation_mae": 1.7658746250647168, "best_epoch": 4, "head_norm": 0.173421248793602, "elapsed_seconds": 1.404581958980998}
{"run": "split144_seed44", "stage": "contrast_retrieval", "epoch": 7, "training_loss": 2.0946283510753085, "validation_mae": 1.7665325898359845, "best_epoch": 4, "head_norm": 0.19229963421821594, "elapsed_seconds": 1.467164416972082}
{"run": "split144_seed44", "stage": "contrast_retrieval", "epoch": 8, "training_loss": 2.091761989252908, "validation_mae": 1.767057224649244, "best_epoch": 4, "head_norm": 0.20592254400253296, "elapsed_seconds": 1.529833583976142}
{"run": "split144_seed44", "stage": "contrast_retrieval", "epoch": 9, "training_loss": 2.0979719502585277, "validation_mae": 1.7674524445904543, "best_epoch": 4, "head_norm": 0.21490058302879333, "elapsed_seconds": 1.5925719589868095}
{"run": "split144_seed44", "stage": "contrast_retrieval", "status": "complete", "best_epoch": 4, "elapsed_seconds": 1.7012937499966938}
