{"audited_region": "1013", "fits": 33, "replay_difference": 0.0}
{"audited_region": "1019", "fits": 33, "replay_difference": 0.0}
{"audited_region": "0708", "fits": 33, "replay_difference": 0.0}
{"audited_region": "1030", "fits": 33, "replay_difference": 0.0}
{"audited_region": "1101", "fits": 33, "replay_difference": 0.0}
                                mae  gain_vs_reference_percent
model_name                                                    
environment__constant      3.674600                 -68.189255
environment__linear        2.174870                   0.454520
environment__mlp           2.184800                   0.000000
environment__residual_mlp  2.233247                  -2.217458
fusion__concat             2.194318                  -0.435619
fusion__conditioned        2.198435                  -0.624055
fusion__gated              2.190875                  -0.278048
fusion__residual_concat    2.203380                  -0.850410
selected__environment      2.208298                  -1.075492
selected__fusion           2.190332                  -0.253203
selected__reference        2.184800                   0.000000
selected__time             2.194318                  -0.435619
time__current              2.235690                  -2.329232
time__gru                  2.208298                  -1.075492
time__lag_mlp              2.202757                  -0.821881
time__lstm                 2.248207                  -2.902166
time__transformer          2.225438                  -1.860032
