{"current_input_diagnostic_complete": "1013"}
{"current_input_diagnostic_complete": "1019"}
{"current_input_diagnostic_complete": "0708"}
{"current_input_diagnostic_complete": "1030"}
{"current_input_diagnostic_complete": "1101"}
                  input_scenario        model_name      mae
            available_covariates     time__current 2.235690
            available_covariates         time__gru 2.208298
            available_covariates     time__lag_mlp 2.202757
            available_covariates        time__lstm 2.248207
            available_covariates time__transformer 2.225438
  query_current_hydrology_hidden     time__current 2.322080
  query_current_hydrology_hidden         time__gru 2.388374
  query_current_hydrology_hidden     time__lag_mlp 2.311967
  query_current_hydrology_hidden        time__lstm 2.309391
  query_current_hydrology_hidden time__transformer 2.404696
query_current_temperature_hidden     time__current 2.320693
query_current_temperature_hidden         time__gru 2.316980
query_current_temperature_hidden     time__lag_mlp 2.294179
query_current_temperature_hidden        time__lstm 2.318985
query_current_temperature_hidden time__transformer 2.426384
