{"region": "1013", "specification": {"environment": "constant", "temporal": "gru", "fusion": "concat"}, "seed": 42, "epoch": 1, "train_log_mse": 1.0348077891959566, "validation_mae": 2.3486075401306152, "best_epoch": 1, "elapsed_seconds": 4.609780833001423}
{"region": "1013", "specification": {"environment": "constant", "temporal": "gru", "fusion": "concat"}, "seed": 42, "epoch": 5, "train_log_mse": 0.9731183860408882, "validation_mae": 2.650160551071167, "best_epoch": 1, "elapsed_seconds": 20.839799125002173}
{"region": "1013", "specification": {"environment": "constant", "temporal": "gru", "fusion": "concat"}, "seed": 42, "epoch": 10, "train_log_mse": 0.8952103388271607, "validation_mae": 2.5602505207061768, "best_epoch": 1, "elapsed_seconds": 42.018978957996296}
{"region": "1013", "specification": {"environment": "constant", "temporal": "gru", "fusion": "concat"}, "seed": 42, "epoch": 15, "train_log_mse": 0.8562160484195159, "validation_mae": 2.842620611190796, "best_epoch": 1, "elapsed_seconds": 64.06335416599904}
{"region": "1013", "specification": {"environment": "constant", "temporal": "gru", "fusion": "concat"}, "seed": 43, "epoch": 1, "train_log_mse": 1.0854818327129772, "validation_mae": 2.4294614791870117, "best_epoch": 1, "elapsed_seconds": 4.559162167002796}
{"region": "1013", "specification": {"environment": "constant", "temporal": "gru", "fusion": "concat"}, "seed": 43, "epoch": 5, "train_log_mse": 0.9625955067800424, "validation_mae": 2.6492972373962402, "best_epoch": 2, "elapsed_seconds": 22.74631612500525}
{"region": "1013", "specification": {"environment": "constant", "temporal": "gru", "fusion": "concat"}, "seed": 43, "epoch": 10, "train_log_mse": 0.8958606790499193, "validation_mae": 2.7424497604370117, "best_epoch": 2, "elapsed_seconds": 45.36386704200413}
{"region": "1013", "specification": {"environment": "constant", "temporal": "gru", "fusion": "concat"}, "seed": 43, "epoch": 15, "train_log_mse": 0.8026896722552292, "validation_mae": 2.6240527629852295, "best_epoch": 2, "elapsed_seconds": 69.9795792090008}
{"region": "1013", "specification": {"environment": "constant", "temporal": "gru", "fusion": "concat"}, "seed": 44, "epoch": 1, "train_log_mse": 1.0347929730476684, "validation_mae": 2.4110732078552246, "best_epoch": 1, "elapsed_seconds": 4.788288499999908}
{"region": "1013", "specification": {"environment": "constant", "temporal": "gru", "fusion": "concat"}, "seed": 44, "epoch": 5, "train_log_mse": 0.9341657499578879, "validation_mae": 2.5136821269989014, "best_epoch": 4, "elapsed_seconds": 24.74734525000531}
{"region": "1013", "specification": {"environment": "constant", "temporal": "gru", "fusion": "concat"}, "seed": 44, "epoch": 10, "train_log_mse": 0.8755743808407602, "validation_mae": 2.503082513809204, "best_epoch": 6, "elapsed_seconds": 49.685994042003585}
{"region": "1013", "specification": {"environment": "constant", "temporal": "gru", "fusion": "concat"}, "seed": 44, "epoch": 15, "train_log_mse": 0.8507588360062627, "validation_mae": 2.5900795459747314, "best_epoch": 6, "elapsed_seconds": 80.94971183400048}
{"region": "1013", "specification": {"environment": "linear", "temporal": "gru", "fusion": "concat"}, "seed": 42, "epoch": 1, "train_log_mse": 0.868912505269094, "validation_mae": 2.549360990524292, "best_epoch": 1, "elapsed_seconds": 7.722130582995305}
{"region": "1013", "specification": {"environment": "linear", "temporal": "gru", "fusion": "concat"}, "seed": 42, "epoch": 5, "train_log_mse": 0.4489878075401346, "validation_mae": 1.4676936864852905, "best_epoch": 5, "elapsed_seconds": 33.362715082999784}
{"region": "1013", "specification": {"environment": "linear", "temporal": "gru", "fusion": "concat"}, "seed": 42, "epoch": 10, "train_log_mse": 0.4160753600479793, "validation_mae": 1.4913756847381592, "best_epoch": 5, "elapsed_seconds": 62.80673462499544}
{"region": "1013", "specification": {"environment": "linear", "temporal": "gru", "fusion": "concat"}, "seed": 42, "epoch": 15, "train_log_mse": 0.3979282294714875, "validation_mae": 1.5020369291305542, "best_epoch": 14, "elapsed_seconds": 96.05092395799875}
{"region": "1013", "specification": {"environment": "linear", "temporal": "gru", "fusion": "concat"}, "seed": 42, "epoch": 20, "train_log_mse": 0.37524526113396195, "validation_mae": 1.5607364177703857, "best_epoch": 14, "elapsed_seconds": 129.94624245799787}
{"region": "1013", "specification": {"environment": "linear", "temporal": "gru", "fusion": "concat"}, "seed": 43, "epoch": 1, "train_log_mse": 0.9609635593828935, "validation_mae": 1.9824049472808838, "best_epoch": 1, "elapsed_seconds": 7.07457783400605}
{"region": "1013", "specification": {"environment": "linear", "temporal": "gru", "fusion": "concat"}, "seed": 43, "epoch": 5, "train_log_mse": 0.47452935794512247, "validation_mae": 1.7738521099090576, "best_epoch": 4, "elapsed_seconds": 33.380761459004134}
{"region": "1013", "specification": {"environment": "linear", "temporal": "gru", "fusion": "concat"}, "seed": 43, "epoch": 10, "train_log_mse": 0.424855547481251, "validation_mae": 1.5382965803146362, "best_epoch": 10, "elapsed_seconds": 66.61573504200351}
{"region": "1013", "specification": {"environment": "linear", "temporal": "gru", "fusion": "concat"}, "seed": 43, "epoch": 15, "train_log_mse": 0.4022992022192346, "validation_mae": 1.5581049919128418, "best_epoch": 13, "elapsed_seconds": 98.70509262500127}
{"region": "1013", "specification": {"environment": "linear", "temporal": "gru", "fusion": "concat"}, "seed": 43, "epoch": 20, "train_log_mse": 0.3901333572231142, "validation_mae": 1.5491777658462524, "best_epoch": 18, "elapsed_seconds": 133.6669982500025}
{"region": "1013", "specification": {"environment": "linear", "temporal": "gru", "fusion": "concat"}, "seed": 43, "epoch": 25, "train_log_mse": 0.3674723635762379, "validation_mae": 1.5454905033111572, "best_epoch": 18, "elapsed_seconds": 166.48438125000393}
{"region": "1013", "specification": {"environment": "linear", "temporal": "gru", "fusion": "concat"}, "seed": 44, "epoch": 1, "train_log_mse": 0.7788433962815454, "validation_mae": 1.7101316452026367, "best_epoch": 1, "elapsed_seconds": 6.956631375003781}
{"region": "1013", "specification": {"environment": "linear", "temporal": "gru", "fusion": "concat"}, "seed": 44, "epoch": 5, "train_log_mse": 0.4553185083438851, "validation_mae": 1.6502972841262817, "best_epoch": 5, "elapsed_seconds": 33.1302497919969}
{"region": "1013", "specification": {"environment": "linear", "temporal": "gru", "fusion": "concat"}, "seed": 44, "epoch": 10, "train_log_mse": 0.41529419364907344, "validation_mae": 1.6999852657318115, "best_epoch": 8, "elapsed_seconds": 68.9719780000014}
{"region": "1013", "specification": {"environment": "linear", "temporal": "gru", "fusion": "concat"}, "seed": 44, "epoch": 15, "train_log_mse": 0.3894358960224138, "validation_mae": 1.5060687065124512, "best_epoch": 15, "elapsed_seconds": 105.58063879200199}
{"region": "1013", "specification": {"environment": "linear", "temporal": "gru", "fusion": "concat"}, "seed": 44, "epoch": 20, "train_log_mse": 0.38068560074843516, "validation_mae": 1.532840371131897, "best_epoch": 18, "elapsed_seconds": 141.48093125000014}
{"region": "1013", "specification": {"environment": "linear", "temporal": "gru", "fusion": "concat"}, "seed": 44, "epoch": 25, "train_log_mse": 0.36537437107182935, "validation_mae": 1.4986602067947388, "best_epoch": 18, "elapsed_seconds": 175.1063987919988}
{"region": "1013", "specification": {"environment": "mlp", "temporal": "gru", "fusion": "concat"}, "seed": 42, "epoch": 1, "train_log_mse": 0.9444357025319726, "validation_mae": 2.358480215072632, "best_epoch": 1, "elapsed_seconds": 7.217518792000192}
{"region": "1013", "specification": {"environment": "mlp", "temporal": "gru", "fusion": "concat"}, "seed": 42, "epoch": 5, "train_log_mse": 0.5080364809999316, "validation_mae": 1.4865981340408325, "best_epoch": 5, "elapsed_seconds": 40.02478904199961}
{"region": "1013", "specification": {"environment": "mlp", "temporal": "gru", "fusion": "concat"}, "seed": 42, "epoch": 10, "train_log_mse": 0.4310856122758499, "validation_mae": 1.4725314378738403, "best_epoch": 8, "elapsed_seconds": 78.22850729199854}
{"region": "1013", "specification": {"environment": "mlp", "temporal": "gru", "fusion": "concat"}, "seed": 42, "epoch": 15, "train_log_mse": 0.4010571959142753, "validation_mae": 1.4143166542053223, "best_epoch": 14, "elapsed_seconds": 111.8685453750004}
{"region": "1013", "specification": {"environment": "mlp", "temporal": "gru", "fusion": "concat"}, "seed": 42, "epoch": 20, "train_log_mse": 0.3823480148637278, "validation_mae": 1.4049851894378662, "best_epoch": 19, "elapsed_seconds": 145.73785104200215}
{"region": "1013", "specification": {"environment": "mlp", "temporal": "gru", "fusion": "concat"}, "seed": 42, "epoch": 25, "train_log_mse": 0.3701703147238527, "validation_mae": 1.3644994497299194, "best_epoch": 23, "elapsed_seconds": 182.53182054199715}
{"region": "1013", "specification": {"environment": "mlp", "temporal": "gru", "fusion": "concat"}, "seed": 42, "epoch": 30, "train_log_mse": 0.3623352956724666, "validation_mae": 1.4395720958709717, "best_epoch": 23, "elapsed_seconds": 218.07899645799625}
{"region": "1013", "specification": {"environment": "mlp", "temporal": "gru", "fusion": "concat"}, "seed": 43, "epoch": 1, "train_log_mse": 1.0712671672780714, "validation_mae": 2.368067502975464, "best_epoch": 1, "elapsed_seconds": 6.988859084005526}
{"region": "1013", "specification": {"environment": "mlp", "temporal": "gru", "fusion": "concat"}, "seed": 43, "epoch": 5, "train_log_mse": 0.5356848346063926, "validation_mae": 1.6095051765441895, "best_epoch": 3, "elapsed_seconds": 34.961615084001096}
{"region": "1013", "specification": {"environment": "mlp", "temporal": "gru", "fusion": "concat"}, "seed": 43, "epoch": 10, "train_log_mse": 0.43352189597211327, "validation_mae": 1.4849247932434082, "best_epoch": 10, "elapsed_seconds": 71.96679612500157}
{"region": "1013", "specification": {"environment": "mlp", "temporal": "gru", "fusion": "concat"}, "seed": 43, "epoch": 15, "train_log_mse": 0.4082167880571507, "validation_mae": 1.4233020544052124, "best_epoch": 15, "elapsed_seconds": 109.85506679200626}
{"region": "1013", "specification": {"environment": "mlp", "temporal": "gru", "fusion": "concat"}, "seed": 43, "epoch": 20, "train_log_mse": 0.39386498742436105, "validation_mae": 1.4638073444366455, "best_epoch": 17, "elapsed_seconds": 143.6654898340057}
{"region": "1013", "specification": {"environment": "mlp", "temporal": "gru", "fusion": "concat"}, "seed": 43, "epoch": 25, "train_log_mse": 0.37443477554523935, "validation_mae": 1.4107677936553955, "best_epoch": 17, "elapsed_seconds": 179.81667475000722}
{"region": "1013", "specification": {"environment": "mlp", "temporal": "gru", "fusion": "concat"}, "seed": 44, "epoch": 1, "train_log_mse": 0.8976941273352869, "validation_mae": 1.8936938047409058, "best_epoch": 1, "elapsed_seconds": 7.249974665995978}
{"region": "1013", "specification": {"environment": "mlp", "temporal": "gru", "fusion": "concat"}, "seed": 44, "epoch": 5, "train_log_mse": 0.5102025329008133, "validation_mae": 1.7089647054672241, "best_epoch": 2, "elapsed_seconds": 43.53923237499839}
{"region": "1013", "specification": {"environment": "mlp", "temporal": "gru", "fusion": "concat"}, "seed": 44, "epoch": 10, "train_log_mse": 0.4274095958747266, "validation_mae": 1.5718966722488403, "best_epoch": 2, "elapsed_seconds": 89.91033287499886}
{"region": "1013", "specification": {"environment": "mlp", "temporal": "gru", "fusion": "concat"}, "seed": 44, "epoch": 15, "train_log_mse": 0.39763329800302355, "validation_mae": 1.5065721273422241, "best_epoch": 13, "elapsed_seconds": 116.48529912499362}
{"region": "1013", "specification": {"environment": "mlp", "temporal": "gru", "fusion": "concat"}, "seed": 44, "epoch": 20, "train_log_mse": 0.38646297833303767, "validation_mae": 1.5000797510147095, "best_epoch": 13, "elapsed_seconds": 142.2333234580001}
{"region": "1013", "specification": {"environment": "residual_mlp", "temporal": "gru", "fusion": "concat"}, "seed": 42, "epoch": 1, "train_log_mse": 0.8849160147858103, "validation_mae": 2.6439826488494873, "best_epoch": 1, "elapsed_seconds": 4.725454917002935}
{"region": "1013", "specification": {"environment": "residual_mlp", "temporal": "gru", "fusion": "concat"}, "seed": 42, "epoch": 5, "train_log_mse": 0.46866163396132526, "validation_mae": 1.682658076286316, "best_epoch": 5, "elapsed_seconds": 24.30014083399874}
{"region": "1013", "specification": {"environment": "residual_mlp", "temporal": "gru", "fusion": "concat"}, "seed": 42, "epoch": 10, "train_log_mse": 0.41889828926858463, "validation_mae": 1.4817200899124146, "best_epoch": 10, "elapsed_seconds": 47.30652666700189}
{"region": "1013", "specification": {"environment": "residual_mlp", "temporal": "gru", "fusion": "concat"}, "seed": 42, "epoch": 15, "train_log_mse": 0.38870665051218034, "validation_mae": 1.4514962434768677, "best_epoch": 14, "elapsed_seconds": 71.30552412500401}
{"region": "1013", "specification": {"environment": "residual_mlp", "temporal": "gru", "fusion": "concat"}, "seed": 42, "epoch": 20, "train_log_mse": 0.36787479158851183, "validation_mae": 1.4769448041915894, "best_epoch": 14, "elapsed_seconds": 95.30846237500373}
{"region": "1013", "specification": {"environment": "residual_mlp", "temporal": "gru", "fusion": "concat"}, "seed": 43, "epoch": 1, "train_log_mse": 1.1061473079761064, "validation_mae": 2.1899375915527344, "best_epoch": 1, "elapsed_seconds": 4.770460624997213}
{"region": "1013", "specification": {"environment": "residual_mlp", "temporal": "gru", "fusion": "concat"}, "seed": 43, "epoch": 5, "train_log_mse": 0.5219677196530699, "validation_mae": 1.7819328308105469, "best_epoch": 2, "elapsed_seconds": 23.79682275000232}
{"region": "1013", "specification": {"environment": "residual_mlp", "temporal": "gru", "fusion": "concat"}, "seed": 43, "epoch": 10, "train_log_mse": 0.4441784543361796, "validation_mae": 1.641473650932312, "best_epoch": 10, "elapsed_seconds": 48.364541541996005}
{"region": "1013", "specification": {"environment": "residual_mlp", "temporal": "gru", "fusion": "concat"}, "seed": 43, "epoch": 15, "train_log_mse": 0.39971283945985886, "validation_mae": 1.5759836435317993, "best_epoch": 13, "elapsed_seconds": 71.89921304200107}
{"region": "1013", "specification": {"environment": "residual_mlp", "temporal": "gru", "fusion": "concat"}, "seed": 43, "epoch": 20, "train_log_mse": 0.37891075905521276, "validation_mae": 1.5727390050888062, "best_epoch": 13, "elapsed_seconds": 96.04371608400106}
{"region": "1013", "specification": {"environment": "residual_mlp", "temporal": "gru", "fusion": "concat"}, "seed": 44, "epoch": 1, "train_log_mse": 0.8487822327674177, "validation_mae": 1.818863868713379, "best_epoch": 1, "elapsed_seconds": 4.838674708997132}
{"region": "1013", "specification": {"environment": "residual_mlp", "temporal": "gru", "fusion": "concat"}, "seed": 44, "epoch": 5, "train_log_mse": 0.4741889346074911, "validation_mae": 1.7046552896499634, "best_epoch": 2, "elapsed_seconds": 24.685119458998088}
{"region": "1013", "specification": {"environment": "residual_mlp", "temporal": "gru", "fusion": "concat"}, "seed": 44, "epoch": 10, "train_log_mse": 0.41448644496309195, "validation_mae": 1.5397738218307495, "best_epoch": 9, "elapsed_seconds": 49.11484820899932}
{"region": "1013", "specification": {"environment": "residual_mlp", "temporal": "gru", "fusion": "concat"}, "seed": 44, "epoch": 15, "train_log_mse": 0.38390163391631416, "validation_mae": 1.4967150688171387, "best_epoch": 12, "elapsed_seconds": 73.6801267089977}
{"region": "1013", "specification": {"environment": "residual_mlp", "temporal": "gru", "fusion": "concat"}, "seed": 44, "epoch": 20, "train_log_mse": 0.37569149866258594, "validation_mae": 1.4852663278579712, "best_epoch": 12, "elapsed_seconds": 98.11781054199673}
{"region": "1013", "stage_complete": "environment", "selected": "mlp", "validation_means": {"constant": 2.3292417526245117, "linear": 1.4681652386983235, "mlp": 1.415371259053548, "residual_mlp": 1.455697496732076}}
{"region": "1013", "specification": {"environment": "mlp", "temporal": "current", "fusion": "concat"}, "seed": 42, "epoch": 1, "train_log_mse": 0.9453848085889691, "validation_mae": 2.294957160949707, "best_epoch": 1, "elapsed_seconds": 3.811666250003327}
{"region": "1013", "specification": {"environment": "mlp", "temporal": "current", "fusion": "concat"}, "seed": 42, "epoch": 5, "train_log_mse": 0.52827137566179, "validation_mae": 1.5222305059432983, "best_epoch": 4, "elapsed_seconds": 20.686511375002738}
{"region": "1013", "specification": {"environment": "mlp", "temporal": "current", "fusion": "concat"}, "seed": 42, "epoch": 10, "train_log_mse": 0.4316107701910057, "validation_mae": 1.3952776193618774, "best_epoch": 8, "elapsed_seconds": 41.077848540997365}
{"region": "1013", "specification": {"environment": "mlp", "temporal": "current", "fusion": "concat"}, "seed": 42, "epoch": 15, "train_log_mse": 0.40751835574868334, "validation_mae": 1.3591047525405884, "best_epoch": 14, "elapsed_seconds": 61.25737425000261}
{"region": "1013", "specification": {"environment": "mlp", "temporal": "current", "fusion": "concat"}, "seed": 42, "epoch": 20, "train_log_mse": 0.39135260130240207, "validation_mae": 1.3551700115203857, "best_epoch": 14, "elapsed_seconds": 81.64734537500044}
{"region": "1013", "specification": {"environment": "mlp", "temporal": "current", "fusion": "concat"}, "seed": 42, "epoch": 25, "train_log_mse": 0.38071596097849314, "validation_mae": 1.3014940023422241, "best_epoch": 24, "elapsed_seconds": 103.29293845799839}
{"region": "1013", "specification": {"environment": "mlp", "temporal": "current", "fusion": "concat"}, "seed": 42, "epoch": 30, "train_log_mse": 0.3765311659602385, "validation_mae": 1.3122907876968384, "best_epoch": 24, "elapsed_seconds": 122.69008245800069}
{"region": "1013", "specification": {"environment": "mlp", "temporal": "current", "fusion": "concat"}, "seed": 43, "epoch": 1, "train_log_mse": 1.081487372432995, "validation_mae": 2.392819404602051, "best_epoch": 1, "elapsed_seconds": 4.348049791995436}
{"region": "1013", "specification": {"environment": "mlp", "temporal": "current", "fusion": "concat"}, "seed": 43, "epoch": 5, "train_log_mse": 0.5427109391656644, "validation_mae": 1.6451315879821777, "best_epoch": 3, "elapsed_seconds": 21.53605416699429}
{"region": "1013", "specification": {"environment": "mlp", "temporal": "current", "fusion": "concat"}, "seed": 43, "epoch": 10, "train_log_mse": 0.42463206395551095, "validation_mae": 1.5193252563476562, "best_epoch": 10, "elapsed_seconds": 41.812432708000415}
{"region": "1013", "specification": {"environment": "mlp", "temporal": "current", "fusion": "concat"}, "seed": 43, "epoch": 15, "train_log_mse": 0.41115938525082923, "validation_mae": 1.4805877208709717, "best_epoch": 13, "elapsed_seconds": 63.00670841700048}
{"region": "1013", "specification": {"environment": "mlp", "temporal": "current", "fusion": "concat"}, "seed": 43, "epoch": 20, "train_log_mse": 0.3970926428926431, "validation_mae": 1.5363909006118774, "best_epoch": 13, "elapsed_seconds": 84.18621299999359}
{"region": "1013", "specification": {"environment": "mlp", "temporal": "current", "fusion": "concat"}, "seed": 44, "epoch": 1, "train_log_mse": 0.9324352915451791, "validation_mae": 1.7986284494400024, "best_epoch": 1, "elapsed_seconds": 4.295915208000224}
{"region": "1013", "specification": {"environment": "mlp", "temporal": "current", "fusion": "concat"}, "seed": 44, "epoch": 5, "train_log_mse": 0.5824832188127612, "validation_mae": 1.6462726593017578, "best_epoch": 3, "elapsed_seconds": 20.76386608300527}
{"region": "1013", "specification": {"environment": "mlp", "temporal": "current", "fusion": "concat"}, "seed": 44, "epoch": 10, "train_log_mse": 0.4583628024541365, "validation_mae": 1.6500680446624756, "best_epoch": 9, "elapsed_seconds": 41.8145047500002}
{"region": "1013", "specification": {"environment": "mlp", "temporal": "current", "fusion": "concat"}, "seed": 44, "epoch": 15, "train_log_mse": 0.4144229128996374, "validation_mae": 1.5450514554977417, "best_epoch": 15, "elapsed_seconds": 63.37733816599939}
{"region": "1013", "specification": {"environment": "mlp", "temporal": "current", "fusion": "concat"}, "seed": 44, "epoch": 20, "train_log_mse": 0.4046749839943639, "validation_mae": 1.539905309677124, "best_epoch": 17, "elapsed_seconds": 85.00443854100013}
{"region": "1013", "specification": {"environment": "mlp", "temporal": "current", "fusion": "concat"}, "seed": 44, "epoch": 25, "train_log_mse": 0.38859866682511246, "validation_mae": 1.484133243560791, "best_epoch": 25, "elapsed_seconds": 106.83197045800625}
{"region": "1013", "specification": {"environment": "mlp", "temporal": "current", "fusion": "concat"}, "seed": 44, "epoch": 30, "train_log_mse": 0.38138645764757123, "validation_mae": 1.5177507400512695, "best_epoch": 25, "elapsed_seconds": 128.8614682910047}
{"region": "1013", "specification": {"environment": "mlp", "temporal": "current", "fusion": "concat"}, "seed": 44, "epoch": 35, "train_log_mse": 0.3631644643574269, "validation_mae": 1.5543513298034668, "best_epoch": 25, "elapsed_seconds": 154.26421670800482}
{"region": "1013", "specification": {"environment": "mlp", "temporal": "lag_mlp", "fusion": "concat"}, "seed": 42, "epoch": 1, "train_log_mse": 0.9344659509972219, "validation_mae": 2.3323991298675537, "best_epoch": 1, "elapsed_seconds": 4.413405292005336}
{"region": "1013", "specification": {"environment": "mlp", "temporal": "lag_mlp", "fusion": "concat"}, "seed": 42, "epoch": 5, "train_log_mse": 0.48462739106758357, "validation_mae": 1.4853202104568481, "best_epoch": 5, "elapsed_seconds": 22.42871891699906}
{"region": "1013", "specification": {"environment": "mlp", "temporal": "lag_mlp", "fusion": "concat"}, "seed": 42, "epoch": 10, "train_log_mse": 0.4253106378253615, "validation_mae": 1.3923132419586182, "best_epoch": 9, "elapsed_seconds": 45.937606291998236}
{"region": "1013", "specification": {"environment": "mlp", "temporal": "lag_mlp", "fusion": "concat"}, "seed": 42, "epoch": 15, "train_log_mse": 0.4002896679372168, "validation_mae": 1.340864896774292, "best_epoch": 14, "elapsed_seconds": 71.09285645800264}
{"region": "1013", "specification": {"environment": "mlp", "temporal": "lag_mlp", "fusion": "concat"}, "seed": 42, "epoch": 20, "train_log_mse": 0.38674267326368095, "validation_mae": 1.3453785181045532, "best_epoch": 19, "elapsed_seconds": 95.9018192920048}
{"region": "1013", "specification": {"environment": "mlp", "temporal": "lag_mlp", "fusion": "concat"}, "seed": 42, "epoch": 25, "train_log_mse": 0.3697312516313339, "validation_mae": 1.2946105003356934, "best_epoch": 25, "elapsed_seconds": 119.95423183299863}
{"region": "1013", "specification": {"environment": "mlp", "temporal": "lag_mlp", "fusion": "concat"}, "seed": 42, "epoch": 30, "train_log_mse": 0.361126841856076, "validation_mae": 1.3218884468078613, "best_epoch": 25, "elapsed_seconds": 143.69059166700026}
{"region": "1013", "specification": {"environment": "mlp", "temporal": "lag_mlp", "fusion": "concat"}, "seed": 42, "epoch": 35, "train_log_mse": 0.3498893671436587, "validation_mae": 1.3748009204864502, "best_epoch": 25, "elapsed_seconds": 167.96911199999886}
{"region": "1013", "specification": {"environment": "mlp", "temporal": "lag_mlp", "fusion": "concat"}, "seed": 43, "epoch": 1, "train_log_mse": 1.0839427461053461, "validation_mae": 2.2622673511505127, "best_epoch": 1, "elapsed_seconds": 4.468134000002465}
{"region": "1013", "specification": {"environment": "mlp", "temporal": "lag_mlp", "fusion": "concat"}, "seed": 43, "epoch": 5, "train_log_mse": 0.531786800082739, "validation_mae": 1.7018375396728516, "best_epoch": 3, "elapsed_seconds": 22.314657791001082}
{"region": "1013", "specification": {"environment": "mlp", "temporal": "lag_mlp", "fusion": "concat"}, "seed": 43, "epoch": 10, "train_log_mse": 0.4290715713226809, "validation_mae": 1.5075374841690063, "best_epoch": 10, "elapsed_seconds": 43.97791295799834}
{"region": "1013", "specification": {"environment": "mlp", "temporal": "lag_mlp", "fusion": "concat"}, "seed": 43, "epoch": 15, "train_log_mse": 0.41482798006812593, "validation_mae": 1.4549546241760254, "best_epoch": 15, "elapsed_seconds": 65.05015266600094}
{"region": "1013", "specification": {"environment": "mlp", "temporal": "lag_mlp", "fusion": "concat"}, "seed": 43, "epoch": 20, "train_log_mse": 0.3985428222796115, "validation_mae": 1.4747545719146729, "best_epoch": 17, "elapsed_seconds": 86.62476066600357}
{"region": "1013", "specification": {"environment": "mlp", "temporal": "lag_mlp", "fusion": "concat"}, "seed": 43, "epoch": 25, "train_log_mse": 0.3738812965673988, "validation_mae": 1.3916610479354858, "best_epoch": 25, "elapsed_seconds": 108.31890199999907}
{"region": "1013", "specification": {"environment": "mlp", "temporal": "lag_mlp", "fusion": "concat"}, "seed": 43, "epoch": 30, "train_log_mse": 0.3621658572343034, "validation_mae": 1.3894556760787964, "best_epoch": 29, "elapsed_seconds": 129.88057995800045}
{"region": "1013", "specification": {"environment": "mlp", "temporal": "lag_mlp", "fusion": "concat"}, "seed": 43, "epoch": 35, "train_log_mse": 0.3534951324009919, "validation_mae": 1.3444170951843262, "best_epoch": 34, "elapsed_seconds": 152.25162216600438}
{"region": "1013", "specification": {"environment": "mlp", "temporal": "lag_mlp", "fusion": "concat"}, "seed": 43, "epoch": 40, "train_log_mse": 0.34111651626268247, "validation_mae": 1.300729513168335, "best_epoch": 39, "elapsed_seconds": 175.31274358300288}
{"region": "1013", "specification": {"environment": "mlp", "temporal": "lag_mlp", "fusion": "concat"}, "seed": 43, "epoch": 45, "train_log_mse": 0.3401959076889306, "validation_mae": 1.2680336236953735, "best_epoch": 45, "elapsed_seconds": 198.115980458002}
{"region": "1013", "specification": {"environment": "mlp", "temporal": "lag_mlp", "fusion": "concat"}, "seed": 43, "epoch": 50, "train_log_mse": 0.3334966142701206, "validation_mae": 1.2839840650558472, "best_epoch": 47, "elapsed_seconds": 222.8769263330032}
{"region": "1013", "specification": {"environment": "mlp", "temporal": "lag_mlp", "fusion": "concat"}, "seed": 43, "epoch": 55, "train_log_mse": 0.3264636563283752, "validation_mae": 1.2439374923706055, "best_epoch": 55, "elapsed_seconds": 247.14446441600012}
{"region": "1013", "specification": {"environment": "mlp", "temporal": "lag_mlp", "fusion": "concat"}, "seed": 43, "epoch": 60, "train_log_mse": 0.32483356293648036, "validation_mae": 1.2679377794265747, "best_epoch": 58, "elapsed_seconds": 270.72359645800316}
{"region": "1013", "specification": {"environment": "mlp", "temporal": "lag_mlp", "fusion": "concat"}, "seed": 44, "epoch": 1, "train_log_mse": 0.9149731384280523, "validation_mae": 1.8928688764572144, "best_epoch": 1, "elapsed_seconds": 5.576348916001734}
{"region": "1013", "specification": {"environment": "mlp", "temporal": "lag_mlp", "fusion": "concat"}, "seed": 44, "epoch": 5, "train_log_mse": 0.5315193258519657, "validation_mae": 1.629309892654419, "best_epoch": 3, "elapsed_seconds": 25.52977600000304}
{"region": "1013", "specification": {"environment": "mlp", "temporal": "lag_mlp", "fusion": "concat"}, "seed": 44, "epoch": 10, "train_log_mse": 0.43103252240229595, "validation_mae": 1.625245213508606, "best_epoch": 9, "elapsed_seconds": 50.071613375002926}
{"region": "1013", "specification": {"environment": "mlp", "temporal": "lag_mlp", "fusion": "concat"}, "seed": 44, "epoch": 15, "train_log_mse": 0.3989408596450665, "validation_mae": 1.4783073663711548, "best_epoch": 15, "elapsed_seconds": 74.10078687500209}
{"region": "1013", "specification": {"environment": "mlp", "temporal": "lag_mlp", "fusion": "concat"}, "seed": 44, "epoch": 20, "train_log_mse": 0.3853283302963143, "validation_mae": 1.5659675598144531, "best_epoch": 15, "elapsed_seconds": 98.0352358329983}
{"region": "1013", "specification": {"environment": "mlp", "temporal": "lag_mlp", "fusion": "concat"}, "seed": 44, "epoch": 25, "train_log_mse": 0.36918984633623003, "validation_mae": 1.5749270915985107, "best_epoch": 15, "elapsed_seconds": 121.0972877910026}
{"region": "1013", "specification": {"environment": "mlp", "temporal": "lstm", "fusion": "concat"}, "seed": 42, "epoch": 1, "train_log_mse": 0.9314651151515749, "validation_mae": 2.417820930480957, "best_epoch": 1, "elapsed_seconds": 6.840846167004202}
{"region": "1013", "specification": {"environment": "mlp", "temporal": "lstm", "fusion": "concat"}, "seed": 42, "epoch": 5, "train_log_mse": 0.501622102812028, "validation_mae": 1.5966777801513672, "best_epoch": 4, "elapsed_seconds": 34.10428983300517}
{"region": "1013", "specification": {"environment": "mlp", "temporal": "lstm", "fusion": "concat"}, "seed": 42, "epoch": 10, "train_log_mse": 0.42871467570862193, "validation_mae": 1.3629060983657837, "best_epoch": 10, "elapsed_seconds": 67.77075695800158}
{"region": "1013", "specification": {"environment": "mlp", "temporal": "lstm", "fusion": "concat"}, "seed": 42, "epoch": 15, "train_log_mse": 0.4127579923408937, "validation_mae": 1.3904118537902832, "best_epoch": 12, "elapsed_seconds": 102.15321779200167}
{"region": "1013", "specification": {"environment": "mlp", "temporal": "lstm", "fusion": "concat"}, "seed": 42, "epoch": 20, "train_log_mse": 0.39700424824522895, "validation_mae": 1.343261957168579, "best_epoch": 19, "elapsed_seconds": 134.8221362500044}
{"region": "1013", "specification": {"environment": "mlp", "temporal": "lstm", "fusion": "concat"}, "seed": 42, "epoch": 25, "train_log_mse": 0.38050716327233935, "validation_mae": 1.314886450767517, "best_epoch": 25, "elapsed_seconds": 167.99420312500297}
{"region": "1013", "specification": {"environment": "mlp", "temporal": "lstm", "fusion": "concat"}, "seed": 42, "epoch": 30, "train_log_mse": 0.37457299469647376, "validation_mae": 1.3253554105758667, "best_epoch": 25, "elapsed_seconds": 199.85685337500036}
{"region": "1013", "specification": {"environment": "mlp", "temporal": "lstm", "fusion": "concat"}, "seed": 42, "epoch": 35, "train_log_mse": 0.36194465366616035, "validation_mae": 1.3095660209655762, "best_epoch": 33, "elapsed_seconds": 232.33938070799923}
{"region": "1013", "specification": {"environment": "mlp", "temporal": "lstm", "fusion": "concat"}, "seed": 42, "epoch": 40, "train_log_mse": 0.3521452759164155, "validation_mae": 1.3128361701965332, "best_epoch": 33, "elapsed_seconds": 262.84002395800053}
{"region": "1013", "specification": {"environment": "mlp", "temporal": "lstm", "fusion": "concat"}, "seed": 42, "epoch": 45, "train_log_mse": 0.3417066430357631, "validation_mae": 1.3159070014953613, "best_epoch": 43, "elapsed_seconds": 291.93932362500345}
{"region": "1013", "specification": {"environment": "mlp", "temporal": "lstm", "fusion": "concat"}, "seed": 42, "epoch": 50, "train_log_mse": 0.33803529144854516, "validation_mae": 1.2788324356079102, "best_epoch": 43, "elapsed_seconds": 322.01552545800223}
{"region": "1013", "specification": {"environment": "mlp", "temporal": "lstm", "fusion": "concat"}, "seed": 43, "epoch": 1, "train_log_mse": 1.0708494383583131, "validation_mae": 2.308245897293091, "best_epoch": 1, "elapsed_seconds": 6.328373709002335}
{"region": "1013", "specification": {"environment": "mlp", "temporal": "lstm", "fusion": "concat"}, "seed": 43, "epoch": 5, "train_log_mse": 0.5335037774216675, "validation_mae": 1.6415852308273315, "best_epoch": 3, "elapsed_seconds": 30.21160612499807}
{"region": "1013", "specification": {"environment": "mlp", "temporal": "lstm", "fusion": "concat"}, "seed": 43, "epoch": 10, "train_log_mse": 0.42630006154312033, "validation_mae": 1.52659010887146, "best_epoch": 10, "elapsed_seconds": 58.70223787499708}
{"region": "1013", "specification": {"environment": "mlp", "temporal": "lstm", "fusion": "concat"}, "seed": 43, "epoch": 15, "train_log_mse": 0.4139688850523227, "validation_mae": 1.4761463403701782, "best_epoch": 13, "elapsed_seconds": 87.9712701249955}
{"region": "1013", "specification": {"environment": "mlp", "temporal": "lstm", "fusion": "concat"}, "seed": 43, "epoch": 20, "train_log_mse": 0.39836979106058523, "validation_mae": 1.5033016204833984, "best_epoch": 13, "elapsed_seconds": 116.50638679199619}
{"region": "1013", "specification": {"environment": "mlp", "temporal": "lstm", "fusion": "concat"}, "seed": 43, "epoch": 25, "train_log_mse": 0.38124442638180467, "validation_mae": 1.4662342071533203, "best_epoch": 22, "elapsed_seconds": 145.5441305839995}
{"region": "1013", "specification": {"environment": "mlp", "temporal": "lstm", "fusion": "concat"}, "seed": 43, "epoch": 30, "train_log_mse": 0.36755133561743814, "validation_mae": 1.4700183868408203, "best_epoch": 22, "elapsed_seconds": 175.23838091699872}
{"region": "1013", "specification": {"environment": "mlp", "temporal": "lstm", "fusion": "concat"}, "seed": 44, "epoch": 1, "train_log_mse": 0.9124759069911317, "validation_mae": 1.8752769231796265, "best_epoch": 1, "elapsed_seconds": 6.123619457997847}
{"region": "1013", "specification": {"environment": "mlp", "temporal": "lstm", "fusion": "concat"}, "seed": 44, "epoch": 5, "train_log_mse": 0.5478894849735203, "validation_mae": 1.647807240486145, "best_epoch": 3, "elapsed_seconds": 29.871568832997582}
{"region": "1013", "specification": {"environment": "mlp", "temporal": "lstm", "fusion": "concat"}, "seed": 44, "epoch": 10, "train_log_mse": 0.4465323178434514, "validation_mae": 1.552750825881958, "best_epoch": 9, "elapsed_seconds": 59.474630791999516}
{"region": "1013", "specification": {"environment": "mlp", "temporal": "lstm", "fusion": "concat"}, "seed": 44, "epoch": 15, "train_log_mse": 0.4066316389949376, "validation_mae": 1.5220565795898438, "best_epoch": 13, "elapsed_seconds": 87.9125510829981}
{"region": "1013", "specification": {"environment": "mlp", "temporal": "lstm", "fusion": "concat"}, "seed": 44, "epoch": 20, "train_log_mse": 0.3932869780418134, "validation_mae": 1.4760605096817017, "best_epoch": 20, "elapsed_seconds": 118.23989904199698}
{"region": "1013", "specification": {"environment": "mlp", "temporal": "lstm", "fusion": "concat"}, "seed": 44, "epoch": 25, "train_log_mse": 0.37756167421191444, "validation_mae": 1.5803751945495605, "best_epoch": 20, "elapsed_seconds": 145.48300124999514}
{"region": "1013", "specification": {"environment": "mlp", "temporal": "lstm", "fusion": "concat"}, "seed": 44, "epoch": 30, "train_log_mse": 0.3654348356426647, "validation_mae": 1.6067216396331787, "best_epoch": 20, "elapsed_seconds": 174.00746329200047}
{"region": "1013", "specification": {"environment": "mlp", "temporal": "transformer", "fusion": "concat"}, "seed": 42, "epoch": 1, "train_log_mse": 0.9287810686460218, "validation_mae": 2.5130422115325928, "best_epoch": 1, "elapsed_seconds": 10.166623334000178}
{"region": "1013", "specification": {"environment": "mlp", "temporal": "transformer", "fusion": "concat"}, "seed": 42, "epoch": 5, "train_log_mse": 0.4909572797010084, "validation_mae": 1.5093214511871338, "best_epoch": 3, "elapsed_seconds": 51.896748958999524}
{"region": "1013", "specification": {"environment": "mlp", "temporal": "transformer", "fusion": "concat"}, "seed": 42, "epoch": 10, "train_log_mse": 0.4229413446712777, "validation_mae": 1.3990484476089478, "best_epoch": 9, "elapsed_seconds": 102.70277179199911}
{"region": "1013", "specification": {"environment": "mlp", "temporal": "transformer", "fusion": "concat"}, "seed": 42, "epoch": 15, "train_log_mse": 0.400774134688623, "validation_mae": 1.3946106433868408, "best_epoch": 12, "elapsed_seconds": 153.8974538340044}
{"region": "1013", "specification": {"environment": "mlp", "temporal": "transformer", "fusion": "concat"}, "seed": 42, "epoch": 20, "train_log_mse": 0.38595428156868866, "validation_mae": 1.3996845483779907, "best_epoch": 12, "elapsed_seconds": 204.690783500002}
{"region": "1013", "specification": {"environment": "mlp", "temporal": "transformer", "fusion": "concat"}, "seed": 43, "epoch": 1, "train_log_mse": 1.072044034419187, "validation_mae": 2.422900438308716, "best_epoch": 1, "elapsed_seconds": 10.75337316700461}
{"region": "1013", "specification": {"environment": "mlp", "temporal": "transformer", "fusion": "concat"}, "seed": 43, "epoch": 5, "train_log_mse": 0.5363170400670864, "validation_mae": 1.68428373336792, "best_epoch": 3, "elapsed_seconds": 52.614918625004066}
{"region": "1013", "specification": {"environment": "mlp", "temporal": "transformer", "fusion": "concat"}, "seed": 43, "epoch": 10, "train_log_mse": 0.426784672132911, "validation_mae": 1.5340534448623657, "best_epoch": 10, "elapsed_seconds": 105.29852704200312}
{"region": "1013", "specification": {"environment": "mlp", "temporal": "transformer", "fusion": "concat"}, "seed": 43, "epoch": 15, "train_log_mse": 0.4047301225715376, "validation_mae": 1.4700942039489746, "best_epoch": 15, "elapsed_seconds": 156.1509654590045}
{"region": "1013", "specification": {"environment": "mlp", "temporal": "transformer", "fusion": "concat"}, "seed": 43, "epoch": 20, "train_log_mse": 0.39689880755722357, "validation_mae": 1.4664857387542725, "best_epoch": 16, "elapsed_seconds": 206.5559498750008}
{"region": "1013", "specification": {"environment": "mlp", "temporal": "transformer", "fusion": "concat"}, "seed": 43, "epoch": 25, "train_log_mse": 0.37633528748400963, "validation_mae": 1.4360864162445068, "best_epoch": 16, "elapsed_seconds": 258.8076145840023}
{"region": "1013", "specification": {"environment": "mlp", "temporal": "transformer", "fusion": "concat"}, "seed": 43, "epoch": 30, "train_log_mse": 0.36364469065789623, "validation_mae": 1.396036982536316, "best_epoch": 30, "elapsed_seconds": 310.70168970899977}
{"region": "1013", "specification": {"environment": "mlp", "temporal": "transformer", "fusion": "concat"}, "seed": 43, "epoch": 35, "train_log_mse": 0.35304199857678514, "validation_mae": 1.4402523040771484, "best_epoch": 30, "elapsed_seconds": 362.9467390420032}
{"region": "1013", "specification": {"environment": "mlp", "temporal": "transformer", "fusion": "concat"}, "seed": 43, "epoch": 40, "train_log_mse": 0.3397021685271926, "validation_mae": 1.4316402673721313, "best_epoch": 30, "elapsed_seconds": 415.0039974590036}
{"region": "1013", "specification": {"environment": "mlp", "temporal": "transformer", "fusion": "concat"}, "seed": 44, "epoch": 1, "train_log_mse": 0.9649987394353647, "validation_mae": 1.8322778940200806, "best_epoch": 1, "elapsed_seconds": 10.97126733299956}
{"region": "1013", "specification": {"environment": "mlp", "temporal": "transformer", "fusion": "concat"}, "seed": 44, "epoch": 5, "train_log_mse": 0.5416604214848022, "validation_mae": 1.618522047996521, "best_epoch": 3, "elapsed_seconds": 54.12581604200386}
{"region": "1013", "specification": {"environment": "mlp", "temporal": "transformer", "fusion": "concat"}, "seed": 44, "epoch": 10, "train_log_mse": 0.43112068341167126, "validation_mae": 1.5072531700134277, "best_epoch": 10, "elapsed_seconds": 110.27639837500465}
{"region": "1013", "specification": {"environment": "mlp", "temporal": "transformer", "fusion": "concat"}, "seed": 44, "epoch": 15, "train_log_mse": 0.40738719898265796, "validation_mae": 1.436740756034851, "best_epoch": 15, "elapsed_seconds": 171.416642958}
{"region": "1013", "specification": {"environment": "mlp", "temporal": "transformer", "fusion": "concat"}, "seed": 44, "epoch": 20, "train_log_mse": 0.392056938931505, "validation_mae": 1.4183346033096313, "best_epoch": 20, "elapsed_seconds": 230.62132741700043}
{"region": "1013", "specification": {"environment": "mlp", "temporal": "transformer", "fusion": "concat"}, "seed": 44, "epoch": 25, "train_log_mse": 0.37438713086842806, "validation_mae": 1.4303696155548096, "best_epoch": 20, "elapsed_seconds": 288.6805661250037}
{"region": "1013", "specification": {"environment": "mlp", "temporal": "transformer", "fusion": "concat"}, "seed": 44, "epoch": 30, "train_log_mse": 0.3696984779362281, "validation_mae": 1.4547398090362549, "best_epoch": 27, "elapsed_seconds": 347.5421383330031}
{"region": "1013", "specification": {"environment": "mlp", "temporal": "transformer", "fusion": "concat"}, "seed": 44, "epoch": 35, "train_log_mse": 0.3531611309306807, "validation_mae": 1.4477146863937378, "best_epoch": 34, "elapsed_seconds": 407.47792687499896}
{"region": "1013", "specification": {"environment": "mlp", "temporal": "transformer", "fusion": "concat"}, "seed": 44, "epoch": 40, "train_log_mse": 0.34807004919151957, "validation_mae": 1.4283063411712646, "best_epoch": 34, "elapsed_seconds": 475.1289164580012}
{"region": "1013", "stage_complete": "time", "selected": "lag_mlp", "validation_means": {"current": 1.4182307322820027, "lag_mlp": 1.3323640425999959, "gru": 1.415371259053548, "lstm": 1.4021955728530884, "transformer": 1.3847436904907227}}
{"region": "1013", "specification": {"environment": "mlp", "temporal": "lag_mlp", "fusion": "residual_concat"}, "seed": 42, "epoch": 1, "train_log_mse": 0.9299497372420789, "validation_mae": 2.3309550285339355, "best_epoch": 1, "elapsed_seconds": 4.988592792004056}
{"region": "1013", "specification": {"environment": "mlp", "temporal": "lag_mlp", "fusion": "residual_concat"}, "seed": 42, "epoch": 5, "train_log_mse": 0.48209406016959566, "validation_mae": 1.473019003868103, "best_epoch": 5, "elapsed_seconds": 24.13938000000053}
{"region": "1013", "specification": {"environment": "mlp", "temporal": "lag_mlp", "fusion": "residual_concat"}, "seed": 42, "epoch": 10, "train_log_mse": 0.4243856060226152, "validation_mae": 1.392558217048645, "best_epoch": 7, "elapsed_seconds": 48.71505808400252}
{"region": "1013", "specification": {"environment": "mlp", "temporal": "lag_mlp", "fusion": "residual_concat"}, "seed": 42, "epoch": 15, "train_log_mse": 0.39966971337450685, "validation_mae": 1.3407315015792847, "best_epoch": 14, "elapsed_seconds": 72.3886312090035}
{"region": "1013", "specification": {"environment": "mlp", "temporal": "lag_mlp", "fusion": "residual_concat"}, "seed": 42, "epoch": 20, "train_log_mse": 0.38676705903531633, "validation_mae": 1.3463457822799683, "best_epoch": 19, "elapsed_seconds": 96.54909170899919}
{"region": "1013", "specification": {"environment": "mlp", "temporal": "lag_mlp", "fusion": "residual_concat"}, "seed": 42, "epoch": 25, "train_log_mse": 0.36987211788565494, "validation_mae": 1.2982149124145508, "best_epoch": 25, "elapsed_seconds": 122.06667883400223}
{"region": "1013", "specification": {"environment": "mlp", "temporal": "lag_mlp", "fusion": "residual_concat"}, "seed": 42, "epoch": 30, "train_log_mse": 0.3646879592020557, "validation_mae": 1.308929681777954, "best_epoch": 25, "elapsed_seconds": 146.73419858400302}
{"region": "1013", "specification": {"environment": "mlp", "temporal": "lag_mlp", "fusion": "residual_concat"}, "seed": 42, "epoch": 35, "train_log_mse": 0.3498403683198466, "validation_mae": 1.3726671934127808, "best_epoch": 25, "elapsed_seconds": 172.9367689589999}
{"region": "1013", "specification": {"environment": "mlp", "temporal": "lag_mlp", "fusion": "residual_concat"}, "seed": 43, "epoch": 1, "train_log_mse": 1.0863247542547425, "validation_mae": 2.314204692840576, "best_epoch": 1, "elapsed_seconds": 4.956242874999589}
{"region": "1013", "specification": {"environment": "mlp", "temporal": "lag_mlp", "fusion": "residual_concat"}, "seed": 43, "epoch": 5, "train_log_mse": 0.5342515431172612, "validation_mae": 1.700741171836853, "best_epoch": 3, "elapsed_seconds": 24.800205083003675}
{"region": "1013", "specification": {"environment": "mlp", "temporal": "lag_mlp", "fusion": "residual_concat"}, "seed": 43, "epoch": 10, "train_log_mse": 0.4476797682910802, "validation_mae": 1.5050864219665527, "best_epoch": 10, "elapsed_seconds": 47.51453487500112}
{"region": "1013", "specification": {"environment": "mlp", "temporal": "lag_mlp", "fusion": "residual_concat"}, "seed": 43, "epoch": 15, "train_log_mse": 0.410853417961121, "validation_mae": 1.4540694952011108, "best_epoch": 13, "elapsed_seconds": 70.97879779199866}
{"region": "1013", "specification": {"environment": "mlp", "temporal": "lag_mlp", "fusion": "residual_concat"}, "seed": 43, "epoch": 20, "train_log_mse": 0.3973840451552206, "validation_mae": 1.4684998989105225, "best_epoch": 17, "elapsed_seconds": 95.51501170799747}
{"region": "1013", "specification": {"environment": "mlp", "temporal": "lag_mlp", "fusion": "residual_concat"}, "seed": 43, "epoch": 25, "train_log_mse": 0.377324302732544, "validation_mae": 1.400732159614563, "best_epoch": 25, "elapsed_seconds": 119.13502208299906}
{"region": "1013", "specification": {"environment": "mlp", "temporal": "lag_mlp", "fusion": "residual_concat"}, "seed": 43, "epoch": 30, "train_log_mse": 0.3624246208986002, "validation_mae": 1.3938461542129517, "best_epoch": 29, "elapsed_seconds": 142.6424048330009}
{"region": "1013", "specification": {"environment": "mlp", "temporal": "lag_mlp", "fusion": "residual_concat"}, "seed": 43, "epoch": 35, "train_log_mse": 0.3532538009952688, "validation_mae": 1.3597005605697632, "best_epoch": 34, "elapsed_seconds": 166.3689161250004}
{"region": "1013", "specification": {"environment": "mlp", "temporal": "lag_mlp", "fusion": "residual_concat"}, "seed": 43, "epoch": 40, "train_log_mse": 0.34338408945426424, "validation_mae": 1.2900183200836182, "best_epoch": 40, "elapsed_seconds": 188.77311312500387}
{"region": "1013", "specification": {"environment": "mlp", "temporal": "lag_mlp", "fusion": "residual_concat"}, "seed": 43, "epoch": 45, "train_log_mse": 0.34008014004066967, "validation_mae": 1.2821160554885864, "best_epoch": 45, "elapsed_seconds": 212.52828150000278}
{"region": "1013", "specification": {"environment": "mlp", "temporal": "lag_mlp", "fusion": "residual_concat"}, "seed": 43, "epoch": 50, "train_log_mse": 0.3336418250794026, "validation_mae": 1.329425573348999, "best_epoch": 49, "elapsed_seconds": 239.47698954200314}
{"region": "1013", "specification": {"environment": "mlp", "temporal": "lag_mlp", "fusion": "residual_concat"}, "seed": 43, "epoch": 55, "train_log_mse": 0.3260756963913928, "validation_mae": 1.2808325290679932, "best_epoch": 49, "elapsed_seconds": 264.4732680829984}
{"region": "1013", "specification": {"environment": "mlp", "temporal": "lag_mlp", "fusion": "residual_concat"}, "seed": 43, "epoch": 60, "train_log_mse": 0.3249975855813276, "validation_mae": 1.3193758726119995, "best_epoch": 58, "elapsed_seconds": 290.0825973329993}
{"region": "1013", "specification": {"environment": "mlp", "temporal": "lag_mlp", "fusion": "residual_concat"}, "seed": 44, "epoch": 1, "train_log_mse": 0.9152095769446416, "validation_mae": 1.908890724182129, "best_epoch": 1, "elapsed_seconds": 5.155156084001646}
{"region": "1013", "specification": {"environment": "mlp", "temporal": "lag_mlp", "fusion": "residual_concat"}, "seed": 44, "epoch": 5, "train_log_mse": 0.5284108766434894, "validation_mae": 1.6082913875579834, "best_epoch": 3, "elapsed_seconds": 26.43956433400308}
{"region": "1013", "specification": {"environment": "mlp", "temporal": "lag_mlp", "fusion": "residual_concat"}, "seed": 44, "epoch": 10, "train_log_mse": 0.4299834876077621, "validation_mae": 1.6278520822525024, "best_epoch": 3, "elapsed_seconds": 51.872690000003786}
{"region": "1013", "specification": {"environment": "mlp", "temporal": "lag_mlp", "fusion": "residual_concat"}, "seed": 44, "epoch": 15, "train_log_mse": 0.3968451169001411, "validation_mae": 1.483823537826538, "best_epoch": 15, "elapsed_seconds": 70.66118408400507}
{"region": "1013", "specification": {"environment": "mlp", "temporal": "lag_mlp", "fusion": "residual_concat"}, "seed": 44, "epoch": 20, "train_log_mse": 0.38517253345874725, "validation_mae": 1.5381609201431274, "best_epoch": 15, "elapsed_seconds": 93.4271862500027}
{"region": "1013", "specification": {"environment": "mlp", "temporal": "lag_mlp", "fusion": "residual_concat"}, "seed": 44, "epoch": 25, "train_log_mse": 0.3681235533196208, "validation_mae": 1.5564510822296143, "best_epoch": 15, "elapsed_seconds": 115.01245812499837}
{"region": "1013", "specification": {"environment": "mlp", "temporal": "lag_mlp", "fusion": "conditioned"}, "seed": 42, "epoch": 1, "train_log_mse": 0.9271700596674042, "validation_mae": 2.317861795425415, "best_epoch": 1, "elapsed_seconds": 4.168561083002714}
{"region": "1013", "specification": {"environment": "mlp", "temporal": "lag_mlp", "fusion": "conditioned"}, "seed": 42, "epoch": 5, "train_log_mse": 0.4771229452058975, "validation_mae": 1.5008419752120972, "best_epoch": 5, "elapsed_seconds": 20.690239833005762}
{"region": "1013", "specification": {"environment": "mlp", "temporal": "lag_mlp", "fusion": "conditioned"}, "seed": 42, "epoch": 10, "train_log_mse": 0.41925359550822955, "validation_mae": 1.3749629259109497, "best_epoch": 8, "elapsed_seconds": 43.75488791700627}
{"region": "1013", "specification": {"environment": "mlp", "temporal": "lag_mlp", "fusion": "conditioned"}, "seed": 42, "epoch": 15, "train_log_mse": 0.3972843929688314, "validation_mae": 1.3559335470199585, "best_epoch": 8, "elapsed_seconds": 66.70273233300395}
{"region": "1013", "specification": {"environment": "mlp", "temporal": "lag_mlp", "fusion": "conditioned"}, "seed": 43, "epoch": 1, "train_log_mse": 1.0818298889767297, "validation_mae": 2.2868218421936035, "best_epoch": 1, "elapsed_seconds": 4.739500333998876}
{"region": "1013", "specification": {"environment": "mlp", "temporal": "lag_mlp", "fusion": "conditioned"}, "seed": 43, "epoch": 5, "train_log_mse": 0.5269897629411188, "validation_mae": 1.7193512916564941, "best_epoch": 3, "elapsed_seconds": 23.255241124999884}
{"region": "1013", "specification": {"environment": "mlp", "temporal": "lag_mlp", "fusion": "conditioned"}, "seed": 43, "epoch": 10, "train_log_mse": 0.42035768623246755, "validation_mae": 1.5207337141036987, "best_epoch": 10, "elapsed_seconds": 46.95918945899757}
{"region": "1013", "specification": {"environment": "mlp", "temporal": "lag_mlp", "fusion": "conditioned"}, "seed": 43, "epoch": 15, "train_log_mse": 0.40893388597873725, "validation_mae": 1.4590808153152466, "best_epoch": 13, "elapsed_seconds": 69.33005770899763}
{"region": "1013", "specification": {"environment": "mlp", "temporal": "lag_mlp", "fusion": "conditioned"}, "seed": 43, "epoch": 20, "train_log_mse": 0.39182603302725116, "validation_mae": 1.5052694082260132, "best_epoch": 17, "elapsed_seconds": 91.78611695900327}
{"region": "1013", "specification": {"environment": "mlp", "temporal": "lag_mlp", "fusion": "conditioned"}, "seed": 43, "epoch": 25, "train_log_mse": 0.37137586713725035, "validation_mae": 1.4235905408859253, "best_epoch": 25, "elapsed_seconds": 113.81479141699674}
{"region": "1013", "specification": {"environment": "mlp", "temporal": "lag_mlp", "fusion": "conditioned"}, "seed": 43, "epoch": 30, "train_log_mse": 0.3585180768643336, "validation_mae": 1.440576434135437, "best_epoch": 25, "elapsed_seconds": 132.43313941700035}
{"region": "1013", "specification": {"environment": "mlp", "temporal": "lag_mlp", "fusion": "conditioned"}, "seed": 43, "epoch": 35, "train_log_mse": 0.3537398857298285, "validation_mae": 1.4264113903045654, "best_epoch": 34, "elapsed_seconds": 151.05442454200238}
{"region": "1013", "specification": {"environment": "mlp", "temporal": "lag_mlp", "fusion": "conditioned"}, "seed": 43, "epoch": 40, "train_log_mse": 0.3411913352685387, "validation_mae": 1.422512412071228, "best_epoch": 39, "elapsed_seconds": 170.00226616700093}
{"region": "1013", "specification": {"environment": "mlp", "temporal": "lag_mlp", "fusion": "conditioned"}, "seed": 43, "epoch": 45, "train_log_mse": 0.3378621235433193, "validation_mae": 1.3527363538742065, "best_epoch": 45, "elapsed_seconds": 189.3223734589992}
{"region": "1013", "specification": {"environment": "mlp", "temporal": "lag_mlp", "fusion": "conditioned"}, "seed": 43, "epoch": 50, "train_log_mse": 0.32859103318695154, "validation_mae": 1.4063482284545898, "best_epoch": 49, "elapsed_seconds": 208.11781466699904}
{"region": "1013", "specification": {"environment": "mlp", "temporal": "lag_mlp", "fusion": "conditioned"}, "seed": 43, "epoch": 55, "train_log_mse": 0.3245762352719666, "validation_mae": 1.3220964670181274, "best_epoch": 49, "elapsed_seconds": 228.1672438750029}
{"region": "1013", "specification": {"environment": "mlp", "temporal": "lag_mlp", "fusion": "conditioned"}, "seed": 44, "epoch": 1, "train_log_mse": 0.9103663525825478, "validation_mae": 1.8695218563079834, "best_epoch": 1, "elapsed_seconds": 4.549234208003327}
{"region": "1013", "specification": {"environment": "mlp", "temporal": "lag_mlp", "fusion": "conditioned"}, "seed": 44, "epoch": 5, "train_log_mse": 0.5263706126018624, "validation_mae": 1.6160149574279785, "best_epoch": 3, "elapsed_seconds": 22.922754874998645}
{"region": "1013", "specification": {"environment": "mlp", "temporal": "lag_mlp", "fusion": "conditioned"}, "seed": 44, "epoch": 10, "train_log_mse": 0.43294003871410913, "validation_mae": 1.5966885089874268, "best_epoch": 3, "elapsed_seconds": 47.49468637500104}
{"region": "1013", "specification": {"environment": "mlp", "temporal": "lag_mlp", "fusion": "conditioned"}, "seed": 44, "epoch": 15, "train_log_mse": 0.3988003851715385, "validation_mae": 1.476379632949829, "best_epoch": 15, "elapsed_seconds": 70.79183391600236}
{"region": "1013", "specification": {"environment": "mlp", "temporal": "lag_mlp", "fusion": "conditioned"}, "seed": 44, "epoch": 20, "train_log_mse": 0.3840240610433701, "validation_mae": 1.5507503747940063, "best_epoch": 15, "elapsed_seconds": 92.90553916600038}
{"region": "1013", "specification": {"environment": "mlp", "temporal": "lag_mlp", "fusion": "conditioned"}, "seed": 44, "epoch": 25, "train_log_mse": 0.3684543760411038, "validation_mae": 1.5628139972686768, "best_epoch": 15, "elapsed_seconds": 117.5142059159989}
{"region": "1013", "specification": {"environment": "mlp", "temporal": "lag_mlp", "fusion": "gated"}, "seed": 42, "epoch": 1, "train_log_mse": 0.9338253568183704, "validation_mae": 2.331730604171753, "best_epoch": 1, "elapsed_seconds": 4.833700957999099}
{"region": "1013", "specification": {"environment": "mlp", "temporal": "lag_mlp", "fusion": "gated"}, "seed": 42, "epoch": 5, "train_log_mse": 0.4801861751229184, "validation_mae": 1.4761238098144531, "best_epoch": 5, "elapsed_seconds": 25.0153784169961}
{"region": "1013", "specification": {"environment": "mlp", "temporal": "lag_mlp", "fusion": "gated"}, "seed": 42, "epoch": 10, "train_log_mse": 0.42128433442899293, "validation_mae": 1.3935061693191528, "best_epoch": 8, "elapsed_seconds": 46.85128566699859}
{"region": "1013", "specification": {"environment": "mlp", "temporal": "lag_mlp", "fusion": "gated"}, "seed": 42, "epoch": 15, "train_log_mse": 0.39880047814994174, "validation_mae": 1.3589940071105957, "best_epoch": 8, "elapsed_seconds": 68.45173120799882}
{"region": "1013", "specification": {"environment": "mlp", "temporal": "lag_mlp", "fusion": "gated"}, "seed": 42, "epoch": 20, "train_log_mse": 0.3856774649951093, "validation_mae": 1.3485630750656128, "best_epoch": 19, "elapsed_seconds": 90.70360566699674}
{"region": "1013", "specification": {"environment": "mlp", "temporal": "lag_mlp", "fusion": "gated"}, "seed": 42, "epoch": 25, "train_log_mse": 0.3687264976026639, "validation_mae": 1.3158960342407227, "best_epoch": 25, "elapsed_seconds": 112.76161187500111}
{"region": "1013", "specification": {"environment": "mlp", "temporal": "lag_mlp", "fusion": "gated"}, "seed": 42, "epoch": 30, "train_log_mse": 0.36206967703632176, "validation_mae": 1.3426859378814697, "best_epoch": 25, "elapsed_seconds": 132.28625045799708}
{"region": "1013", "specification": {"environment": "mlp", "temporal": "lag_mlp", "fusion": "gated"}, "seed": 42, "epoch": 35, "train_log_mse": 0.3496164532789532, "validation_mae": 1.4036214351654053, "best_epoch": 25, "elapsed_seconds": 153.11595616699924}
{"region": "1013", "specification": {"environment": "mlp", "temporal": "lag_mlp", "fusion": "gated"}, "seed": 43, "epoch": 1, "train_log_mse": 1.0837918985797046, "validation_mae": 2.2609927654266357, "best_epoch": 1, "elapsed_seconds": 4.201780707997386}
{"region": "1013", "specification": {"environment": "mlp", "temporal": "lag_mlp", "fusion": "gated"}, "seed": 43, "epoch": 5, "train_log_mse": 0.5301745593389504, "validation_mae": 1.7024006843566895, "best_epoch": 3, "elapsed_seconds": 21.193616999997175}
{"region": "1013", "specification": {"environment": "mlp", "temporal": "lag_mlp", "fusion": "gated"}, "seed": 43, "epoch": 10, "train_log_mse": 0.4459273971733243, "validation_mae": 1.51945161819458, "best_epoch": 10, "elapsed_seconds": 41.554344582997146}
{"region": "1013", "specification": {"environment": "mlp", "temporal": "lag_mlp", "fusion": "gated"}, "seed": 43, "epoch": 15, "train_log_mse": 0.41347850026528565, "validation_mae": 1.4714653491973877, "best_epoch": 13, "elapsed_seconds": 63.46282524999697}
{"region": "1013", "specification": {"environment": "mlp", "temporal": "lag_mlp", "fusion": "gated"}, "seed": 43, "epoch": 20, "train_log_mse": 0.39847723912847555, "validation_mae": 1.486039638519287, "best_epoch": 17, "elapsed_seconds": 85.87594641599571}
{"region": "1013", "specification": {"environment": "mlp", "temporal": "lag_mlp", "fusion": "gated"}, "seed": 43, "epoch": 25, "train_log_mse": 0.3782466246519143, "validation_mae": 1.4231430292129517, "best_epoch": 25, "elapsed_seconds": 107.59805433300062}
{"region": "1013", "specification": {"environment": "mlp", "temporal": "lag_mlp", "fusion": "gated"}, "seed": 43, "epoch": 30, "train_log_mse": 0.3641210810032172, "validation_mae": 1.411428689956665, "best_epoch": 30, "elapsed_seconds": 129.41000833299768}
{"region": "1013", "specification": {"environment": "mlp", "temporal": "lag_mlp", "fusion": "gated"}, "seed": 43, "epoch": 35, "train_log_mse": 0.35548497910214233, "validation_mae": 1.408747911453247, "best_epoch": 32, "elapsed_seconds": 148.83142104099534}
{"region": "1013", "specification": {"environment": "mlp", "temporal": "lag_mlp", "fusion": "gated"}, "seed": 43, "epoch": 40, "train_log_mse": 0.34314788695977544, "validation_mae": 1.3689148426055908, "best_epoch": 39, "elapsed_seconds": 166.05105587499565}
{"region": "1013", "specification": {"environment": "mlp", "temporal": "lag_mlp", "fusion": "gated"}, "seed": 43, "epoch": 45, "train_log_mse": 0.3386288790844125, "validation_mae": 1.3388725519180298, "best_epoch": 44, "elapsed_seconds": 182.67907249999553}
{"region": "1013", "specification": {"environment": "mlp", "temporal": "lag_mlp", "fusion": "gated"}, "seed": 43, "epoch": 50, "train_log_mse": 0.32959221509662584, "validation_mae": 1.3622726202011108, "best_epoch": 44, "elapsed_seconds": 199.3907880830011}
{"region": "1013", "specification": {"environment": "mlp", "temporal": "lag_mlp", "fusion": "gated"}, "seed": 44, "epoch": 1, "train_log_mse": 0.9140616385590675, "validation_mae": 1.876628041267395, "best_epoch": 1, "elapsed_seconds": 3.7032569170041825}
{"region": "1013", "specification": {"environment": "mlp", "temporal": "lag_mlp", "fusion": "gated"}, "seed": 44, "epoch": 5, "train_log_mse": 0.5330405717317986, "validation_mae": 1.623374104499817, "best_epoch": 3, "elapsed_seconds": 18.430006499998854}
{"region": "1013", "specification": {"environment": "mlp", "temporal": "lag_mlp", "fusion": "gated"}, "seed": 44, "epoch": 10, "train_log_mse": 0.42999189221966383, "validation_mae": 1.6013537645339966, "best_epoch": 3, "elapsed_seconds": 36.172737667002366}
{"region": "1013", "specification": {"environment": "mlp", "temporal": "lag_mlp", "fusion": "gated"}, "seed": 44, "epoch": 15, "train_log_mse": 0.40112384553564306, "validation_mae": 1.5080111026763916, "best_epoch": 15, "elapsed_seconds": 53.726377500002855}
{"region": "1013", "specification": {"environment": "mlp", "temporal": "lag_mlp", "fusion": "gated"}, "seed": 44, "epoch": 20, "train_log_mse": 0.38626438917874556, "validation_mae": 1.6025052070617676, "best_epoch": 15, "elapsed_seconds": 72.60116816699883}
{"region": "1013", "specification": {"environment": "mlp", "temporal": "lag_mlp", "fusion": "gated"}, "seed": 44, "epoch": 25, "train_log_mse": 0.37181802792050217, "validation_mae": 1.6199713945388794, "best_epoch": 15, "elapsed_seconds": 96.34060608300206}
{"region": "1013", "stage_complete": "fusion", "selected": "concat", "validation_means": {"concat": 1.3323640425999959, "residual_concat": 1.3355924288431804, "conditioned": 1.368502179781596, "gated": 1.3831357558568318}}
{"region": "1013", "complete": true, "unique_fits": 33, "query_cells": 1204}
