{"region": "0708", "specification": {"environment": "constant", "temporal": "gru", "fusion": "concat"}, "seed": 42, "epoch": 1, "train_log_mse": 1.031866658354905, "validation_mae": 1.4249367713928223, "best_epoch": 1, "elapsed_seconds": 4.255537707998883}
{"region": "0708", "specification": {"environment": "constant", "temporal": "gru", "fusion": "concat"}, "seed": 42, "epoch": 5, "train_log_mse": 0.8228928611059002, "validation_mae": 1.5867985486984253, "best_epoch": 2, "elapsed_seconds": 18.94315800000186}
{"region": "0708", "specification": {"environment": "constant", "temporal": "gru", "fusion": "concat"}, "seed": 42, "epoch": 10, "train_log_mse": 0.7784907737237922, "validation_mae": 1.6490179300308228, "best_epoch": 2, "elapsed_seconds": 38.0365225409987}
{"region": "0708", "specification": {"environment": "constant", "temporal": "gru", "fusion": "concat"}, "seed": 42, "epoch": 15, "train_log_mse": 0.7255746637636494, "validation_mae": 1.6195811033248901, "best_epoch": 2, "elapsed_seconds": 58.112364833003085}
{"region": "0708", "specification": {"environment": "constant", "temporal": "gru", "fusion": "concat"}, "seed": 43, "epoch": 1, "train_log_mse": 1.0697678286061436, "validation_mae": 1.3228836059570312, "best_epoch": 1, "elapsed_seconds": 4.209001625000383}
{"region": "0708", "specification": {"environment": "constant", "temporal": "gru", "fusion": "concat"}, "seed": 43, "epoch": 5, "train_log_mse": 0.9002641641543333, "validation_mae": 1.7330174446105957, "best_epoch": 3, "elapsed_seconds": 20.62117045899504}
{"region": "0708", "specification": {"environment": "constant", "temporal": "gru", "fusion": "concat"}, "seed": 43, "epoch": 10, "train_log_mse": 0.7617247287288234, "validation_mae": 1.6434780359268188, "best_epoch": 3, "elapsed_seconds": 41.222062999993796}
{"region": "0708", "specification": {"environment": "constant", "temporal": "gru", "fusion": "concat"}, "seed": 43, "epoch": 15, "train_log_mse": 0.7075005526185042, "validation_mae": 1.5756927728652954, "best_epoch": 3, "elapsed_seconds": 62.832274499996856}
{"region": "0708", "specification": {"environment": "constant", "temporal": "gru", "fusion": "concat"}, "seed": 44, "epoch": 1, "train_log_mse": 0.9895693226677881, "validation_mae": 1.5218926668167114, "best_epoch": 1, "elapsed_seconds": 4.801999625000462}
{"region": "0708", "specification": {"environment": "constant", "temporal": "gru", "fusion": "concat"}, "seed": 44, "epoch": 5, "train_log_mse": 0.7764573467306569, "validation_mae": 1.6991426944732666, "best_epoch": 3, "elapsed_seconds": 22.802767083005165}
{"region": "0708", "specification": {"environment": "constant", "temporal": "gru", "fusion": "concat"}, "seed": 44, "epoch": 10, "train_log_mse": 0.710146790117994, "validation_mae": 1.5247091054916382, "best_epoch": 3, "elapsed_seconds": 45.24757245799992}
{"region": "0708", "specification": {"environment": "constant", "temporal": "gru", "fusion": "concat"}, "seed": 44, "epoch": 15, "train_log_mse": 0.6803761115897909, "validation_mae": 1.6603810787200928, "best_epoch": 3, "elapsed_seconds": 68.01576566700533}
{"region": "0708", "specification": {"environment": "linear", "temporal": "gru", "fusion": "concat"}, "seed": 42, "epoch": 1, "train_log_mse": 0.867993150572035, "validation_mae": 1.9819831848144531, "best_epoch": 1, "elapsed_seconds": 5.584416999998211}
{"region": "0708", "specification": {"environment": "linear", "temporal": "gru", "fusion": "concat"}, "seed": 42, "epoch": 5, "train_log_mse": 0.3480908269350919, "validation_mae": 1.3447449207305908, "best_epoch": 4, "elapsed_seconds": 29.765458458001376}
{"region": "0708", "specification": {"environment": "linear", "temporal": "gru", "fusion": "concat"}, "seed": 42, "epoch": 10, "train_log_mse": 0.3226173398196143, "validation_mae": 1.2873896360397339, "best_epoch": 9, "elapsed_seconds": 59.59163933300442}
{"region": "0708", "specification": {"environment": "linear", "temporal": "gru", "fusion": "concat"}, "seed": 42, "epoch": 15, "train_log_mse": 0.30817659339439135, "validation_mae": 1.249951720237732, "best_epoch": 15, "elapsed_seconds": 87.40186395800265}
{"region": "0708", "specification": {"environment": "linear", "temporal": "gru", "fusion": "concat"}, "seed": 42, "epoch": 20, "train_log_mse": 0.2920749974932263, "validation_mae": 1.3010621070861816, "best_epoch": 17, "elapsed_seconds": 114.39677566700266}
{"region": "0708", "specification": {"environment": "linear", "temporal": "gru", "fusion": "concat"}, "seed": 42, "epoch": 25, "train_log_mse": 0.2843946626593935, "validation_mae": 1.233214020729065, "best_epoch": 17, "elapsed_seconds": 148.4526901670033}
{"region": "0708", "specification": {"environment": "linear", "temporal": "gru", "fusion": "concat"}, "seed": 43, "epoch": 1, "train_log_mse": 0.8958041244325174, "validation_mae": 1.3342669010162354, "best_epoch": 1, "elapsed_seconds": 6.011861958002555}
{"region": "0708", "specification": {"environment": "linear", "temporal": "gru", "fusion": "concat"}, "seed": 43, "epoch": 5, "train_log_mse": 0.35532298705827803, "validation_mae": 1.3002437353134155, "best_epoch": 5, "elapsed_seconds": 33.46428170800209}
{"region": "0708", "specification": {"environment": "linear", "temporal": "gru", "fusion": "concat"}, "seed": 43, "epoch": 10, "train_log_mse": 0.31996624575271104, "validation_mae": 1.3224594593048096, "best_epoch": 9, "elapsed_seconds": 63.48663554200175}
{"region": "0708", "specification": {"environment": "linear", "temporal": "gru", "fusion": "concat"}, "seed": 43, "epoch": 15, "train_log_mse": 0.3041752839056103, "validation_mae": 1.261528730392456, "best_epoch": 13, "elapsed_seconds": 93.91881958299928}
{"region": "0708", "specification": {"environment": "linear", "temporal": "gru", "fusion": "concat"}, "seed": 43, "epoch": 20, "train_log_mse": 0.2974525957935847, "validation_mae": 1.262660264968872, "best_epoch": 13, "elapsed_seconds": 122.92856545800169}
{"region": "0708", "specification": {"environment": "linear", "temporal": "gru", "fusion": "concat"}, "seed": 44, "epoch": 1, "train_log_mse": 0.6517888718429369, "validation_mae": 1.360272765159607, "best_epoch": 1, "elapsed_seconds": 6.8156398339997395}
{"region": "0708", "specification": {"environment": "linear", "temporal": "gru", "fusion": "concat"}, "seed": 44, "epoch": 5, "train_log_mse": 0.3421072246811933, "validation_mae": 1.297937273979187, "best_epoch": 5, "elapsed_seconds": 32.12971291699796}
{"region": "0708", "specification": {"environment": "linear", "temporal": "gru", "fusion": "concat"}, "seed": 44, "epoch": 10, "train_log_mse": 0.3187809190727606, "validation_mae": 1.272987723350525, "best_epoch": 8, "elapsed_seconds": 62.979312291994574}
{"region": "0708", "specification": {"environment": "linear", "temporal": "gru", "fusion": "concat"}, "seed": 44, "epoch": 15, "train_log_mse": 0.3050906004608441, "validation_mae": 1.267889380455017, "best_epoch": 8, "elapsed_seconds": 95.68205904199567}
{"region": "0708", "specification": {"environment": "mlp", "temporal": "gru", "fusion": "concat"}, "seed": 42, "epoch": 1, "train_log_mse": 0.9257252737681391, "validation_mae": 1.7989587783813477, "best_epoch": 1, "elapsed_seconds": 6.675241541997821}
{"region": "0708", "specification": {"environment": "mlp", "temporal": "gru", "fusion": "concat"}, "seed": 42, "epoch": 5, "train_log_mse": 0.38651722851346654, "validation_mae": 1.329189419746399, "best_epoch": 4, "elapsed_seconds": 32.53670908399363}
{"region": "0708", "specification": {"environment": "mlp", "temporal": "gru", "fusion": "concat"}, "seed": 42, "epoch": 10, "train_log_mse": 0.34020846625529416, "validation_mae": 1.2632598876953125, "best_epoch": 9, "elapsed_seconds": 66.5826812919986}
{"region": "0708", "specification": {"environment": "mlp", "temporal": "gru", "fusion": "concat"}, "seed": 42, "epoch": 15, "train_log_mse": 0.31683697832003777, "validation_mae": 1.2496756315231323, "best_epoch": 13, "elapsed_seconds": 99.43913658399833}
{"region": "0708", "specification": {"environment": "mlp", "temporal": "gru", "fusion": "concat"}, "seed": 42, "epoch": 20, "train_log_mse": 0.30615200495536665, "validation_mae": 1.2874162197113037, "best_epoch": 17, "elapsed_seconds": 130.1757768749958}
{"region": "0708", "specification": {"environment": "mlp", "temporal": "gru", "fusion": "concat"}, "seed": 42, "epoch": 25, "train_log_mse": 0.2948842503996121, "validation_mae": 1.2627559900283813, "best_epoch": 17, "elapsed_seconds": 162.93295670899533}
{"region": "0708", "specification": {"environment": "mlp", "temporal": "gru", "fusion": "concat"}, "seed": 43, "epoch": 1, "train_log_mse": 1.0521841019971383, "validation_mae": 1.3362077474594116, "best_epoch": 1, "elapsed_seconds": 6.781838083996263}
{"region": "0708", "specification": {"environment": "mlp", "temporal": "gru", "fusion": "concat"}, "seed": 43, "epoch": 5, "train_log_mse": 0.39544108222129387, "validation_mae": 1.3406620025634766, "best_epoch": 1, "elapsed_seconds": 39.76470045899623}
{"region": "0708", "specification": {"environment": "mlp", "temporal": "gru", "fusion": "concat"}, "seed": 43, "epoch": 10, "train_log_mse": 0.32620528996209325, "validation_mae": 1.2614036798477173, "best_epoch": 9, "elapsed_seconds": 71.08484579200012}
{"region": "0708", "specification": {"environment": "mlp", "temporal": "gru", "fusion": "concat"}, "seed": 43, "epoch": 15, "train_log_mse": 0.306253601954165, "validation_mae": 1.2298249006271362, "best_epoch": 14, "elapsed_seconds": 102.01180045899673}
{"region": "0708", "specification": {"environment": "mlp", "temporal": "gru", "fusion": "concat"}, "seed": 43, "epoch": 20, "train_log_mse": 0.2968695455597042, "validation_mae": 1.2504183053970337, "best_epoch": 18, "elapsed_seconds": 133.3572373749994}
{"region": "0708", "specification": {"environment": "mlp", "temporal": "gru", "fusion": "concat"}, "seed": 43, "epoch": 25, "train_log_mse": 0.2871114828851621, "validation_mae": 1.283176302909851, "best_epoch": 18, "elapsed_seconds": 166.87348199999542}
{"region": "0708", "specification": {"environment": "mlp", "temporal": "gru", "fusion": "concat"}, "seed": 44, "epoch": 1, "train_log_mse": 0.8076877334341014, "validation_mae": 1.6881896257400513, "best_epoch": 1, "elapsed_seconds": 7.149301834004291}
{"region": "0708", "specification": {"environment": "mlp", "temporal": "gru", "fusion": "concat"}, "seed": 44, "epoch": 5, "train_log_mse": 0.38485350771468185, "validation_mae": 1.236574649810791, "best_epoch": 5, "elapsed_seconds": 32.45740125000157}
{"region": "0708", "specification": {"environment": "mlp", "temporal": "gru", "fusion": "concat"}, "seed": 44, "epoch": 10, "train_log_mse": 0.33179848582284577, "validation_mae": 1.2021509408950806, "best_epoch": 7, "elapsed_seconds": 64.32643741700304}
{"region": "0708", "specification": {"environment": "mlp", "temporal": "gru", "fusion": "concat"}, "seed": 44, "epoch": 15, "train_log_mse": 0.3124399888926869, "validation_mae": 1.2381856441497803, "best_epoch": 7, "elapsed_seconds": 97.90405699999974}
{"region": "0708", "specification": {"environment": "residual_mlp", "temporal": "gru", "fusion": "concat"}, "seed": 42, "epoch": 1, "train_log_mse": 0.8859936497682975, "validation_mae": 2.0834083557128906, "best_epoch": 1, "elapsed_seconds": 7.034790166995663}
{"region": "0708", "specification": {"environment": "residual_mlp", "temporal": "gru", "fusion": "concat"}, "seed": 42, "epoch": 5, "train_log_mse": 0.3776884350609239, "validation_mae": 1.2804309129714966, "best_epoch": 4, "elapsed_seconds": 33.505272916998365}
{"region": "0708", "specification": {"environment": "residual_mlp", "temporal": "gru", "fusion": "concat"}, "seed": 42, "epoch": 10, "train_log_mse": 0.33307360611119047, "validation_mae": 1.3072394132614136, "best_epoch": 6, "elapsed_seconds": 64.6921540839976}
{"region": "0708", "specification": {"environment": "residual_mlp", "temporal": "gru", "fusion": "concat"}, "seed": 42, "epoch": 15, "train_log_mse": 0.3092878106645609, "validation_mae": 1.2540960311889648, "best_epoch": 6, "elapsed_seconds": 97.59820083399973}
{"region": "0708", "specification": {"environment": "residual_mlp", "temporal": "gru", "fusion": "concat"}, "seed": 43, "epoch": 1, "train_log_mse": 1.0763438477690794, "validation_mae": 1.3763821125030518, "best_epoch": 1, "elapsed_seconds": 6.58375529100158}
{"region": "0708", "specification": {"environment": "residual_mlp", "temporal": "gru", "fusion": "concat"}, "seed": 43, "epoch": 5, "train_log_mse": 0.37259316919868796, "validation_mae": 1.2780969142913818, "best_epoch": 5, "elapsed_seconds": 31.59312333300477}
{"region": "0708", "specification": {"environment": "residual_mlp", "temporal": "gru", "fusion": "concat"}, "seed": 43, "epoch": 10, "train_log_mse": 0.3200728710157506, "validation_mae": 1.2759307622909546, "best_epoch": 9, "elapsed_seconds": 80.52290320800239}
{"region": "0708", "specification": {"environment": "residual_mlp", "temporal": "gru", "fusion": "concat"}, "seed": 43, "epoch": 15, "train_log_mse": 0.3018511473554666, "validation_mae": 1.2833223342895508, "best_epoch": 9, "elapsed_seconds": 111.12761379100266}
{"region": "0708", "specification": {"environment": "residual_mlp", "temporal": "gru", "fusion": "concat"}, "seed": 44, "epoch": 1, "train_log_mse": 0.6743087136189139, "validation_mae": 1.3127367496490479, "best_epoch": 1, "elapsed_seconds": 4.08882329199696}
{"region": "0708", "specification": {"environment": "residual_mlp", "temporal": "gru", "fusion": "concat"}, "seed": 44, "epoch": 5, "train_log_mse": 0.35346045819604127, "validation_mae": 1.2506951093673706, "best_epoch": 5, "elapsed_seconds": 25.508576000000176}
{"region": "0708", "specification": {"environment": "residual_mlp", "temporal": "gru", "fusion": "concat"}, "seed": 44, "epoch": 10, "train_log_mse": 0.315066580902466, "validation_mae": 1.2437411546707153, "best_epoch": 7, "elapsed_seconds": 46.582351375000144}
{"region": "0708", "specification": {"environment": "residual_mlp", "temporal": "gru", "fusion": "concat"}, "seed": 44, "epoch": 15, "train_log_mse": 0.3024288427945317, "validation_mae": 1.2564351558685303, "best_epoch": 7, "elapsed_seconds": 68.5293521249987}
{"region": "0708", "stage_complete": "environment", "selected": "mlp", "validation_means": {"constant": 1.340525507926941, "linear": 1.2202099164326985, "mlp": 1.2133082151412964, "residual_mlp": 1.2316514253616333}}
{"region": "0708", "specification": {"environment": "mlp", "temporal": "current", "fusion": "concat"}, "seed": 42, "epoch": 1, "train_log_mse": 0.9530271787984048, "validation_mae": 1.7225782871246338, "best_epoch": 1, "elapsed_seconds": 3.213394666003296}
{"region": "0708", "specification": {"environment": "mlp", "temporal": "current", "fusion": "concat"}, "seed": 42, "epoch": 5, "train_log_mse": 0.39739804433879256, "validation_mae": 1.2836226224899292, "best_epoch": 4, "elapsed_seconds": 16.45625216600456}
{"region": "0708", "specification": {"environment": "mlp", "temporal": "current", "fusion": "concat"}, "seed": 42, "epoch": 10, "train_log_mse": 0.33595011511781736, "validation_mae": 1.201838731765747, "best_epoch": 10, "elapsed_seconds": 33.210079166005016}
{"region": "0708", "specification": {"environment": "mlp", "temporal": "current", "fusion": "concat"}, "seed": 42, "epoch": 15, "train_log_mse": 0.31481021071100734, "validation_mae": 1.2078721523284912, "best_epoch": 10, "elapsed_seconds": 49.539412750003976}
{"region": "0708", "specification": {"environment": "mlp", "temporal": "current", "fusion": "concat"}, "seed": 42, "epoch": 20, "train_log_mse": 0.3046194559339601, "validation_mae": 1.2902169227600098, "best_epoch": 10, "elapsed_seconds": 66.48744620800426}
{"region": "0708", "specification": {"environment": "mlp", "temporal": "current", "fusion": "concat"}, "seed": 43, "epoch": 1, "train_log_mse": 1.0524838938564325, "validation_mae": 1.3500443696975708, "best_epoch": 1, "elapsed_seconds": 3.312375375004194}
{"region": "0708", "specification": {"environment": "mlp", "temporal": "current", "fusion": "concat"}, "seed": 43, "epoch": 5, "train_log_mse": 0.3779678072617751, "validation_mae": 1.2754029035568237, "best_epoch": 5, "elapsed_seconds": 16.36458791699988}
{"region": "0708", "specification": {"environment": "mlp", "temporal": "current", "fusion": "concat"}, "seed": 43, "epoch": 10, "train_log_mse": 0.3275031930397736, "validation_mae": 1.282824158668518, "best_epoch": 9, "elapsed_seconds": 33.17959770800371}
{"region": "0708", "specification": {"environment": "mlp", "temporal": "current", "fusion": "concat"}, "seed": 43, "epoch": 15, "train_log_mse": 0.3086320161639809, "validation_mae": 1.2710545063018799, "best_epoch": 13, "elapsed_seconds": 50.027336917002685}
{"region": "0708", "specification": {"environment": "mlp", "temporal": "current", "fusion": "concat"}, "seed": 43, "epoch": 20, "train_log_mse": 0.3021881928273601, "validation_mae": 1.2588188648223877, "best_epoch": 13, "elapsed_seconds": 65.98263199999928}
{"region": "0708", "specification": {"environment": "mlp", "temporal": "current", "fusion": "concat"}, "seed": 44, "epoch": 1, "train_log_mse": 0.8701198181406823, "validation_mae": 1.5727349519729614, "best_epoch": 1, "elapsed_seconds": 3.4391365830015275}
{"region": "0708", "specification": {"environment": "mlp", "temporal": "current", "fusion": "concat"}, "seed": 44, "epoch": 5, "train_log_mse": 0.3939693843952504, "validation_mae": 1.2755895853042603, "best_epoch": 5, "elapsed_seconds": 16.65645729199605}
{"region": "0708", "specification": {"environment": "mlp", "temporal": "current", "fusion": "concat"}, "seed": 44, "epoch": 10, "train_log_mse": 0.3395982794910886, "validation_mae": 1.2212932109832764, "best_epoch": 10, "elapsed_seconds": 33.14004354200006}
{"region": "0708", "specification": {"environment": "mlp", "temporal": "current", "fusion": "concat"}, "seed": 44, "epoch": 15, "train_log_mse": 0.32069922410939383, "validation_mae": 1.2417153120040894, "best_epoch": 12, "elapsed_seconds": 50.29295804200228}
{"region": "0708", "specification": {"environment": "mlp", "temporal": "current", "fusion": "concat"}, "seed": 44, "epoch": 20, "train_log_mse": 0.3092699955856746, "validation_mae": 1.2473134994506836, "best_epoch": 12, "elapsed_seconds": 67.15886791700177}
{"region": "0708", "specification": {"environment": "mlp", "temporal": "lag_mlp", "fusion": "concat"}, "seed": 42, "epoch": 1, "train_log_mse": 0.9278959202528084, "validation_mae": 1.8301317691802979, "best_epoch": 1, "elapsed_seconds": 3.4153972499989322}
{"region": "0708", "specification": {"environment": "mlp", "temporal": "lag_mlp", "fusion": "concat"}, "seed": 42, "epoch": 5, "train_log_mse": 0.3751077734855751, "validation_mae": 1.2140989303588867, "best_epoch": 3, "elapsed_seconds": 16.823561791003158}
{"region": "0708", "specification": {"environment": "mlp", "temporal": "lag_mlp", "fusion": "concat"}, "seed": 42, "epoch": 10, "train_log_mse": 0.33527188812009046, "validation_mae": 1.1954588890075684, "best_epoch": 10, "elapsed_seconds": 33.57646958300029}
{"region": "0708", "specification": {"environment": "mlp", "temporal": "lag_mlp", "fusion": "concat"}, "seed": 42, "epoch": 15, "train_log_mse": 0.3149411126790847, "validation_mae": 1.1869807243347168, "best_epoch": 15, "elapsed_seconds": 50.34811633299978}
{"region": "0708", "specification": {"environment": "mlp", "temporal": "lag_mlp", "fusion": "concat"}, "seed": 42, "epoch": 20, "train_log_mse": 0.2994599432649908, "validation_mae": 1.196448802947998, "best_epoch": 17, "elapsed_seconds": 66.96981612500531}
{"region": "0708", "specification": {"environment": "mlp", "temporal": "lag_mlp", "fusion": "concat"}, "seed": 42, "epoch": 25, "train_log_mse": 0.29281741380990944, "validation_mae": 1.188690185546875, "best_epoch": 17, "elapsed_seconds": 84.87854608300404}
{"region": "0708", "specification": {"environment": "mlp", "temporal": "lag_mlp", "fusion": "concat"}, "seed": 43, "epoch": 1, "train_log_mse": 1.0725650458715057, "validation_mae": 1.362146019935608, "best_epoch": 1, "elapsed_seconds": 3.5482645420051995}
{"region": "0708", "specification": {"environment": "mlp", "temporal": "lag_mlp", "fusion": "concat"}, "seed": 43, "epoch": 5, "train_log_mse": 0.3917814639833036, "validation_mae": 1.3279449939727783, "best_epoch": 5, "elapsed_seconds": 18.410441332998744}
{"region": "0708", "specification": {"environment": "mlp", "temporal": "lag_mlp", "fusion": "concat"}, "seed": 43, "epoch": 10, "train_log_mse": 0.32779511520562804, "validation_mae": 1.2941251993179321, "best_epoch": 9, "elapsed_seconds": 36.8646227920035}
{"region": "0708", "specification": {"environment": "mlp", "temporal": "lag_mlp", "fusion": "concat"}, "seed": 43, "epoch": 15, "train_log_mse": 0.3111073463345278, "validation_mae": 1.2700846195220947, "best_epoch": 9, "elapsed_seconds": 54.40498537500389}
{"region": "0708", "specification": {"environment": "mlp", "temporal": "lag_mlp", "fusion": "concat"}, "seed": 44, "epoch": 1, "train_log_mse": 0.8804621329268991, "validation_mae": 1.6580983400344849, "best_epoch": 1, "elapsed_seconds": 3.5736000830002013}
{"region": "0708", "specification": {"environment": "mlp", "temporal": "lag_mlp", "fusion": "concat"}, "seed": 44, "epoch": 5, "train_log_mse": 0.38085025054001104, "validation_mae": 1.2239296436309814, "best_epoch": 5, "elapsed_seconds": 17.991952207994473}
{"region": "0708", "specification": {"environment": "mlp", "temporal": "lag_mlp", "fusion": "concat"}, "seed": 44, "epoch": 10, "train_log_mse": 0.3361760796406905, "validation_mae": 1.2278021574020386, "best_epoch": 6, "elapsed_seconds": 36.068686082995555}
{"region": "0708", "specification": {"environment": "mlp", "temporal": "lag_mlp", "fusion": "concat"}, "seed": 44, "epoch": 15, "train_log_mse": 0.31664802979361845, "validation_mae": 1.223644495010376, "best_epoch": 6, "elapsed_seconds": 55.93070770799386}
{"region": "0708", "specification": {"environment": "mlp", "temporal": "lstm", "fusion": "concat"}, "seed": 42, "epoch": 1, "train_log_mse": 0.910702301100508, "validation_mae": 1.6971670389175415, "best_epoch": 1, "elapsed_seconds": 5.490415749998647}
{"region": "0708", "specification": {"environment": "mlp", "temporal": "lstm", "fusion": "concat"}, "seed": 42, "epoch": 5, "train_log_mse": 0.3862236300040305, "validation_mae": 1.282956838607788, "best_epoch": 4, "elapsed_seconds": 26.683795416996873}
{"region": "0708", "specification": {"environment": "mlp", "temporal": "lstm", "fusion": "concat"}, "seed": 42, "epoch": 10, "train_log_mse": 0.3489368599878105, "validation_mae": 1.2302297353744507, "best_epoch": 9, "elapsed_seconds": 54.451750000000175}
{"region": "0708", "specification": {"environment": "mlp", "temporal": "lstm", "fusion": "concat"}, "seed": 42, "epoch": 15, "train_log_mse": 0.3216483312135316, "validation_mae": 1.2208423614501953, "best_epoch": 12, "elapsed_seconds": 81.74920916699921}
{"region": "0708", "specification": {"environment": "mlp", "temporal": "lstm", "fusion": "concat"}, "seed": 42, "epoch": 20, "train_log_mse": 0.30612441848737254, "validation_mae": 1.2254505157470703, "best_epoch": 17, "elapsed_seconds": 108.88774741700036}
{"region": "0708", "specification": {"environment": "mlp", "temporal": "lstm", "fusion": "concat"}, "seed": 42, "epoch": 25, "train_log_mse": 0.2990479413967331, "validation_mae": 1.214483618736267, "best_epoch": 17, "elapsed_seconds": 136.68014066699834}
{"region": "0708", "specification": {"environment": "mlp", "temporal": "lstm", "fusion": "concat"}, "seed": 43, "epoch": 1, "train_log_mse": 1.0539435039192009, "validation_mae": 1.3799715042114258, "best_epoch": 1, "elapsed_seconds": 5.72124004100624}
{"region": "0708", "specification": {"environment": "mlp", "temporal": "lstm", "fusion": "concat"}, "seed": 43, "epoch": 5, "train_log_mse": 0.38495182407766426, "validation_mae": 1.3016881942749023, "best_epoch": 5, "elapsed_seconds": 28.08227445800003}
{"region": "0708", "specification": {"environment": "mlp", "temporal": "lstm", "fusion": "concat"}, "seed": 43, "epoch": 10, "train_log_mse": 0.3302981843784045, "validation_mae": 1.2673412561416626, "best_epoch": 9, "elapsed_seconds": 56.830325166003604}
{"region": "0708", "specification": {"environment": "mlp", "temporal": "lstm", "fusion": "concat"}, "seed": 43, "epoch": 15, "train_log_mse": 0.313541388783527, "validation_mae": 1.2490354776382446, "best_epoch": 13, "elapsed_seconds": 89.0538755000016}
{"region": "0708", "specification": {"environment": "mlp", "temporal": "lstm", "fusion": "concat"}, "seed": 43, "epoch": 20, "train_log_mse": 0.306144832013786, "validation_mae": 1.2598549127578735, "best_epoch": 13, "elapsed_seconds": 118.79979908300447}
{"region": "0708", "specification": {"environment": "mlp", "temporal": "lstm", "fusion": "concat"}, "seed": 44, "epoch": 1, "train_log_mse": 0.8653734862226541, "validation_mae": 1.4815658330917358, "best_epoch": 1, "elapsed_seconds": 6.3791657500041765}
{"region": "0708", "specification": {"environment": "mlp", "temporal": "lstm", "fusion": "concat"}, "seed": 44, "epoch": 5, "train_log_mse": 0.38117111051987446, "validation_mae": 1.2197318077087402, "best_epoch": 5, "elapsed_seconds": 33.08400575000269}
{"region": "0708", "specification": {"environment": "mlp", "temporal": "lstm", "fusion": "concat"}, "seed": 44, "epoch": 10, "train_log_mse": 0.33794293581119, "validation_mae": 1.1904443502426147, "best_epoch": 10, "elapsed_seconds": 66.0475025420019}
{"region": "0708", "specification": {"environment": "mlp", "temporal": "lstm", "fusion": "concat"}, "seed": 44, "epoch": 15, "train_log_mse": 0.32309744860721495, "validation_mae": 1.2040424346923828, "best_epoch": 12, "elapsed_seconds": 97.73526683400269}
{"region": "0708", "specification": {"environment": "mlp", "temporal": "lstm", "fusion": "concat"}, "seed": 44, "epoch": 20, "train_log_mse": 0.31061196802681296, "validation_mae": 1.232714295387268, "best_epoch": 12, "elapsed_seconds": 129.15764841700002}
{"region": "0708", "specification": {"environment": "mlp", "temporal": "transformer", "fusion": "concat"}, "seed": 42, "epoch": 1, "train_log_mse": 0.9027728632967518, "validation_mae": 1.6838890314102173, "best_epoch": 1, "elapsed_seconds": 11.087898582998605}
{"region": "0708", "specification": {"environment": "mlp", "temporal": "transformer", "fusion": "concat"}, "seed": 42, "epoch": 5, "train_log_mse": 0.3932924957129755, "validation_mae": 1.2165322303771973, "best_epoch": 5, "elapsed_seconds": 54.70877879099862}
{"region": "0708", "specification": {"environment": "mlp", "temporal": "transformer", "fusion": "concat"}, "seed": 42, "epoch": 10, "train_log_mse": 0.33399696022417324, "validation_mae": 1.2041010856628418, "best_epoch": 9, "elapsed_seconds": 110.45993437499419}
{"region": "0708", "specification": {"environment": "mlp", "temporal": "transformer", "fusion": "concat"}, "seed": 42, "epoch": 15, "train_log_mse": 0.3114747507182814, "validation_mae": 1.1866660118103027, "best_epoch": 15, "elapsed_seconds": 168.3523430829955}
{"region": "0708", "specification": {"environment": "mlp", "temporal": "transformer", "fusion": "concat"}, "seed": 42, "epoch": 20, "train_log_mse": 0.3017422110837857, "validation_mae": 1.2136870622634888, "best_epoch": 17, "elapsed_seconds": 230.3250277499974}
{"region": "0708", "specification": {"environment": "mlp", "temporal": "transformer", "fusion": "concat"}, "seed": 42, "epoch": 25, "train_log_mse": 0.2904992897147517, "validation_mae": 1.188102126121521, "best_epoch": 23, "elapsed_seconds": 293.1517137080009}
{"region": "0708", "specification": {"environment": "mlp", "temporal": "transformer", "fusion": "concat"}, "seed": 42, "epoch": 30, "train_log_mse": 0.28063860522597067, "validation_mae": 1.210077166557312, "best_epoch": 23, "elapsed_seconds": 354.17958345799707}
{"region": "0708", "specification": {"environment": "mlp", "temporal": "transformer", "fusion": "concat"}, "seed": 43, "epoch": 1, "train_log_mse": 1.0454924634168021, "validation_mae": 1.3560514450073242, "best_epoch": 1, "elapsed_seconds": 11.911879915998725}
{"region": "0708", "specification": {"environment": "mlp", "temporal": "transformer", "fusion": "concat"}, "seed": 43, "epoch": 5, "train_log_mse": 0.3877088535542813, "validation_mae": 1.2873653173446655, "best_epoch": 5, "elapsed_seconds": 60.083400457995594}
{"region": "0708", "specification": {"environment": "mlp", "temporal": "transformer", "fusion": "concat"}, "seed": 43, "epoch": 10, "train_log_mse": 0.3364925360568244, "validation_mae": 1.2620309591293335, "best_epoch": 9, "elapsed_seconds": 118.01102895799704}
{"region": "0708", "specification": {"environment": "mlp", "temporal": "transformer", "fusion": "concat"}, "seed": 43, "epoch": 15, "train_log_mse": 0.312478813071358, "validation_mae": 1.2454975843429565, "best_epoch": 9, "elapsed_seconds": 175.15745520799828}
{"region": "0708", "specification": {"environment": "mlp", "temporal": "transformer", "fusion": "concat"}, "seed": 43, "epoch": 20, "train_log_mse": 0.3037846567594, "validation_mae": 1.2383112907409668, "best_epoch": 19, "elapsed_seconds": 231.85885499999858}
{"region": "0708", "specification": {"environment": "mlp", "temporal": "transformer", "fusion": "concat"}, "seed": 43, "epoch": 25, "train_log_mse": 0.2982532901527258, "validation_mae": 1.2539762258529663, "best_epoch": 19, "elapsed_seconds": 284.94042783299665}
{"region": "0708", "specification": {"environment": "mlp", "temporal": "transformer", "fusion": "concat"}, "seed": 44, "epoch": 1, "train_log_mse": 0.9386671122526389, "validation_mae": 1.5603013038635254, "best_epoch": 1, "elapsed_seconds": 10.485083415995177}
{"region": "0708", "specification": {"environment": "mlp", "temporal": "transformer", "fusion": "concat"}, "seed": 44, "epoch": 5, "train_log_mse": 0.3829175110062572, "validation_mae": 1.2211014032363892, "best_epoch": 5, "elapsed_seconds": 52.21532099999604}
{"region": "0708", "specification": {"environment": "mlp", "temporal": "transformer", "fusion": "concat"}, "seed": 44, "epoch": 10, "train_log_mse": 0.33177607402129866, "validation_mae": 1.1906269788742065, "best_epoch": 10, "elapsed_seconds": 104.70161754099536}
{"region": "0708", "specification": {"environment": "mlp", "temporal": "transformer", "fusion": "concat"}, "seed": 44, "epoch": 15, "train_log_mse": 0.3165587206155596, "validation_mae": 1.2111172676086426, "best_epoch": 10, "elapsed_seconds": 157.92045187499753}
{"region": "0708", "specification": {"environment": "mlp", "temporal": "transformer", "fusion": "concat"}, "seed": 44, "epoch": 20, "train_log_mse": 0.30454318881627696, "validation_mae": 1.193219542503357, "best_epoch": 10, "elapsed_seconds": 213.62790570799552}
{"region": "0708", "stage_complete": "time", "selected": "transformer", "validation_means": {"current": 1.2161254088083904, "lag_mlp": 1.2031242847442627, "gru": 1.2133082151412964, "lstm": 1.2018098433812459, "transformer": 1.1965585152308147}}
{"region": "0708", "specification": {"environment": "mlp", "temporal": "transformer", "fusion": "residual_concat"}, "seed": 42, "epoch": 1, "train_log_mse": 0.8940403994296133, "validation_mae": 1.6701109409332275, "best_epoch": 1, "elapsed_seconds": 10.828153499998734}
{"region": "0708", "specification": {"environment": "mlp", "temporal": "transformer", "fusion": "residual_concat"}, "seed": 42, "epoch": 5, "train_log_mse": 0.38333371638078, "validation_mae": 1.280340313911438, "best_epoch": 4, "elapsed_seconds": 53.171796083996014}
{"region": "0708", "specification": {"environment": "mlp", "temporal": "transformer", "fusion": "residual_concat"}, "seed": 42, "epoch": 10, "train_log_mse": 0.3346177354704258, "validation_mae": 1.2088041305541992, "best_epoch": 9, "elapsed_seconds": 106.45847391699499}
{"region": "0708", "specification": {"environment": "mlp", "temporal": "transformer", "fusion": "residual_concat"}, "seed": 42, "epoch": 15, "train_log_mse": 0.3111661164723582, "validation_mae": 1.1800994873046875, "best_epoch": 15, "elapsed_seconds": 157.534429249994}
{"region": "0708", "specification": {"environment": "mlp", "temporal": "transformer", "fusion": "residual_concat"}, "seed": 42, "epoch": 20, "train_log_mse": 0.30148341184211663, "validation_mae": 1.2038638591766357, "best_epoch": 17, "elapsed_seconds": 207.39952324999467}
{"region": "0708", "specification": {"environment": "mlp", "temporal": "transformer", "fusion": "residual_concat"}, "seed": 42, "epoch": 25, "train_log_mse": 0.2899225631363575, "validation_mae": 1.1806409358978271, "best_epoch": 17, "elapsed_seconds": 255.97644479199516}
{"region": "0708", "specification": {"environment": "mlp", "temporal": "transformer", "fusion": "residual_concat"}, "seed": 43, "epoch": 1, "train_log_mse": 1.04563117299152, "validation_mae": 1.3446836471557617, "best_epoch": 1, "elapsed_seconds": 10.487337874998047}
{"region": "0708", "specification": {"environment": "mlp", "temporal": "transformer", "fusion": "residual_concat"}, "seed": 43, "epoch": 5, "train_log_mse": 0.3910143869432313, "validation_mae": 1.3257453441619873, "best_epoch": 5, "elapsed_seconds": 49.50769608299743}
{"region": "0708", "specification": {"environment": "mlp", "temporal": "transformer", "fusion": "residual_concat"}, "seed": 43, "epoch": 10, "train_log_mse": 0.331527027006145, "validation_mae": 1.2712886333465576, "best_epoch": 9, "elapsed_seconds": 100.22645916599868}
{"region": "0708", "specification": {"environment": "mlp", "temporal": "transformer", "fusion": "residual_concat"}, "seed": 43, "epoch": 15, "train_log_mse": 0.3107923025847044, "validation_mae": 1.2530128955841064, "best_epoch": 9, "elapsed_seconds": 150.75827608299733}
{"region": "0708", "specification": {"environment": "mlp", "temporal": "transformer", "fusion": "residual_concat"}, "seed": 44, "epoch": 1, "train_log_mse": 0.9442756013951201, "validation_mae": 1.5571354627609253, "best_epoch": 1, "elapsed_seconds": 10.07492241699947}
{"region": "0708", "specification": {"environment": "mlp", "temporal": "transformer", "fusion": "residual_concat"}, "seed": 44, "epoch": 5, "train_log_mse": 0.38201062062614594, "validation_mae": 1.2271170616149902, "best_epoch": 5, "elapsed_seconds": 48.92274366699712}
{"region": "0708", "specification": {"environment": "mlp", "temporal": "transformer", "fusion": "residual_concat"}, "seed": 44, "epoch": 10, "train_log_mse": 0.3302484543851566, "validation_mae": 1.1922004222869873, "best_epoch": 10, "elapsed_seconds": 97.42458583300322}
{"region": "0708", "specification": {"environment": "mlp", "temporal": "transformer", "fusion": "residual_concat"}, "seed": 44, "epoch": 15, "train_log_mse": 0.3159658798299789, "validation_mae": 1.208512306213379, "best_epoch": 13, "elapsed_seconds": 147.69329687499703}
{"region": "0708", "specification": {"environment": "mlp", "temporal": "transformer", "fusion": "residual_concat"}, "seed": 44, "epoch": 20, "train_log_mse": 0.30412780283420443, "validation_mae": 1.197414517402649, "best_epoch": 13, "elapsed_seconds": 197.54514837500028}
{"region": "0708", "specification": {"environment": "mlp", "temporal": "transformer", "fusion": "conditioned"}, "seed": 42, "epoch": 1, "train_log_mse": 0.8855385734583784, "validation_mae": 1.637560486793518, "best_epoch": 1, "elapsed_seconds": 10.223587416003284}
{"region": "0708", "specification": {"environment": "mlp", "temporal": "transformer", "fusion": "conditioned"}, "seed": 42, "epoch": 5, "train_log_mse": 0.3790482509415854, "validation_mae": 1.2228187322616577, "best_epoch": 3, "elapsed_seconds": 50.76098600000114}
{"region": "0708", "specification": {"environment": "mlp", "temporal": "transformer", "fusion": "conditioned"}, "seed": 42, "epoch": 10, "train_log_mse": 0.33085137776034534, "validation_mae": 1.2108107805252075, "best_epoch": 10, "elapsed_seconds": 101.57255391599756}
{"region": "0708", "specification": {"environment": "mlp", "temporal": "transformer", "fusion": "conditioned"}, "seed": 42, "epoch": 15, "train_log_mse": 0.30977669208695435, "validation_mae": 1.2030664682388306, "best_epoch": 15, "elapsed_seconds": 153.70863812499738}
{"region": "0708", "specification": {"environment": "mlp", "temporal": "transformer", "fusion": "conditioned"}, "seed": 42, "epoch": 20, "train_log_mse": 0.2981934438437072, "validation_mae": 1.2583999633789062, "best_epoch": 15, "elapsed_seconds": 208.75467470799776}
{"region": "0708", "specification": {"environment": "mlp", "temporal": "transformer", "fusion": "conditioned"}, "seed": 42, "epoch": 25, "train_log_mse": 0.2863495889430775, "validation_mae": 1.2145723104476929, "best_epoch": 23, "elapsed_seconds": 268.52456166600314}
{"region": "0708", "specification": {"environment": "mlp", "temporal": "transformer", "fusion": "conditioned"}, "seed": 42, "epoch": 30, "train_log_mse": 0.27781075387392196, "validation_mae": 1.220328450202942, "best_epoch": 23, "elapsed_seconds": 325.0601968330011}
{"region": "0708", "specification": {"environment": "mlp", "temporal": "transformer", "fusion": "conditioned"}, "seed": 43, "epoch": 1, "train_log_mse": 1.0395841026986425, "validation_mae": 1.3531827926635742, "best_epoch": 1, "elapsed_seconds": 11.290428667001834}
{"region": "0708", "specification": {"environment": "mlp", "temporal": "transformer", "fusion": "conditioned"}, "seed": 43, "epoch": 5, "train_log_mse": 0.3854313671855378, "validation_mae": 1.3206634521484375, "best_epoch": 5, "elapsed_seconds": 56.8571268339947}
{"region": "0708", "specification": {"environment": "mlp", "temporal": "transformer", "fusion": "conditioned"}, "seed": 43, "epoch": 10, "train_log_mse": 0.332106664765574, "validation_mae": 1.2912858724594116, "best_epoch": 9, "elapsed_seconds": 114.24890537499596}
{"region": "0708", "specification": {"environment": "mlp", "temporal": "transformer", "fusion": "conditioned"}, "seed": 43, "epoch": 15, "train_log_mse": 0.31260430505635384, "validation_mae": 1.2616404294967651, "best_epoch": 9, "elapsed_seconds": 176.96479012499913}
{"region": "0708", "specification": {"environment": "mlp", "temporal": "transformer", "fusion": "conditioned"}, "seed": 44, "epoch": 1, "train_log_mse": 0.9335590672407947, "validation_mae": 1.5551680326461792, "best_epoch": 1, "elapsed_seconds": 12.163080124999397}
{"region": "0708", "specification": {"environment": "mlp", "temporal": "transformer", "fusion": "conditioned"}, "seed": 44, "epoch": 5, "train_log_mse": 0.3835043247732817, "validation_mae": 1.2285467386245728, "best_epoch": 5, "elapsed_seconds": 61.94040720799967}
{"region": "0708", "specification": {"environment": "mlp", "temporal": "transformer", "fusion": "conditioned"}, "seed": 44, "epoch": 10, "train_log_mse": 0.33270839316150175, "validation_mae": 1.2092503309249878, "best_epoch": 9, "elapsed_seconds": 123.02820416600298}
{"region": "0708", "specification": {"environment": "mlp", "temporal": "transformer", "fusion": "conditioned"}, "seed": 44, "epoch": 15, "train_log_mse": 0.3151425345201378, "validation_mae": 1.2160934209823608, "best_epoch": 12, "elapsed_seconds": 187.14740720800182}
{"region": "0708", "specification": {"environment": "mlp", "temporal": "transformer", "fusion": "conditioned"}, "seed": 44, "epoch": 20, "train_log_mse": 0.3011953306262794, "validation_mae": 1.1929118633270264, "best_epoch": 12, "elapsed_seconds": 248.11810900000273}
{"region": "0708", "specification": {"environment": "mlp", "temporal": "transformer", "fusion": "gated"}, "seed": 42, "epoch": 1, "train_log_mse": 0.902246164881543, "validation_mae": 1.6916227340698242, "best_epoch": 1, "elapsed_seconds": 12.680988416999753}
{"region": "0708", "specification": {"environment": "mlp", "temporal": "transformer", "fusion": "gated"}, "seed": 42, "epoch": 5, "train_log_mse": 0.37990259136135374, "validation_mae": 1.2305964231491089, "best_epoch": 3, "elapsed_seconds": 61.30190812500223}
{"region": "0708", "specification": {"environment": "mlp", "temporal": "transformer", "fusion": "gated"}, "seed": 42, "epoch": 10, "train_log_mse": 0.33133533056397796, "validation_mae": 1.2003686428070068, "best_epoch": 9, "elapsed_seconds": 120.98908670800301}
{"region": "0708", "specification": {"environment": "mlp", "temporal": "transformer", "fusion": "gated"}, "seed": 42, "epoch": 15, "train_log_mse": 0.30808580716371164, "validation_mae": 1.1700953245162964, "best_epoch": 15, "elapsed_seconds": 187.41616895799962}
{"region": "0708", "specification": {"environment": "mlp", "temporal": "transformer", "fusion": "gated"}, "seed": 42, "epoch": 20, "train_log_mse": 0.29748230854282964, "validation_mae": 1.209647297859192, "best_epoch": 15, "elapsed_seconds": 253.5146399580044}
{"region": "0708", "specification": {"environment": "mlp", "temporal": "transformer", "fusion": "gated"}, "seed": 42, "epoch": 25, "train_log_mse": 0.2848356835910519, "validation_mae": 1.188294768333435, "best_epoch": 15, "elapsed_seconds": 310.385557833004}
{"region": "0708", "specification": {"environment": "mlp", "temporal": "transformer", "fusion": "gated"}, "seed": 43, "epoch": 1, "train_log_mse": 1.0459372379170564, "validation_mae": 1.3559863567352295, "best_epoch": 1, "elapsed_seconds": 10.706279375001031}
{"region": "0708", "specification": {"environment": "mlp", "temporal": "transformer", "fusion": "gated"}, "seed": 43, "epoch": 5, "train_log_mse": 0.3864636774992975, "validation_mae": 1.2910109758377075, "best_epoch": 5, "elapsed_seconds": 55.62877870800003}
{"region": "0708", "specification": {"environment": "mlp", "temporal": "transformer", "fusion": "gated"}, "seed": 43, "epoch": 10, "train_log_mse": 0.3344106077758648, "validation_mae": 1.2676141262054443, "best_epoch": 9, "elapsed_seconds": 114.01983074999589}
{"region": "0708", "specification": {"environment": "mlp", "temporal": "transformer", "fusion": "gated"}, "seed": 43, "epoch": 15, "train_log_mse": 0.3109881320147965, "validation_mae": 1.2491472959518433, "best_epoch": 9, "elapsed_seconds": 172.79975779199594}
{"region": "0708", "specification": {"environment": "mlp", "temporal": "transformer", "fusion": "gated"}, "seed": 43, "epoch": 20, "train_log_mse": 0.3000378318629871, "validation_mae": 1.2278096675872803, "best_epoch": 19, "elapsed_seconds": 227.02949079199607}
{"region": "0708", "specification": {"environment": "mlp", "temporal": "transformer", "fusion": "gated"}, "seed": 43, "epoch": 25, "train_log_mse": 0.2937645724616537, "validation_mae": 1.2267735004425049, "best_epoch": 19, "elapsed_seconds": 276.59027308299846}
{"region": "0708", "specification": {"environment": "mlp", "temporal": "transformer", "fusion": "gated"}, "seed": 44, "epoch": 1, "train_log_mse": 0.93674340259845, "validation_mae": 1.5730198621749878, "best_epoch": 1, "elapsed_seconds": 10.925542582997878}
{"region": "0708", "specification": {"environment": "mlp", "temporal": "transformer", "fusion": "gated"}, "seed": 44, "epoch": 5, "train_log_mse": 0.3773747556876782, "validation_mae": 1.2394341230392456, "best_epoch": 5, "elapsed_seconds": 58.486335790999874}
{"region": "0708", "specification": {"environment": "mlp", "temporal": "transformer", "fusion": "gated"}, "seed": 44, "epoch": 10, "train_log_mse": 0.3317432799271986, "validation_mae": 1.238656997680664, "best_epoch": 8, "elapsed_seconds": 118.36025508299645}
{"region": "0708", "specification": {"environment": "mlp", "temporal": "transformer", "fusion": "gated"}, "seed": 44, "epoch": 15, "train_log_mse": 0.3138571637778757, "validation_mae": 1.2207121849060059, "best_epoch": 14, "elapsed_seconds": 179.89241916599713}
{"region": "0708", "specification": {"environment": "mlp", "temporal": "transformer", "fusion": "gated"}, "seed": 44, "epoch": 20, "train_log_mse": 0.3018648378779685, "validation_mae": 1.1841998100280762, "best_epoch": 20, "elapsed_seconds": 236.5134082079967}
{"region": "0708", "specification": {"environment": "mlp", "temporal": "transformer", "fusion": "gated"}, "seed": 44, "epoch": 25, "train_log_mse": 0.28745272803080224, "validation_mae": 1.1933164596557617, "best_epoch": 20, "elapsed_seconds": 289.54666170799464}
{"region": "0708", "specification": {"environment": "mlp", "temporal": "transformer", "fusion": "gated"}, "seed": 44, "epoch": 30, "train_log_mse": 0.27914687865836885, "validation_mae": 1.1969395875930786, "best_epoch": 20, "elapsed_seconds": 343.5106804579991}
{"region": "0708", "stage_complete": "fusion", "selected": "gated", "validation_means": {"concat": 1.1965585152308147, "residual_concat": 1.1950716574986775, "conditioned": 1.2016748189926147, "gated": 1.189620852470398}}
{"region": "0708", "complete": true, "unique_fits": 33, "query_cells": 1663}
