{"region": "1030", "specification": {"environment": "constant", "temporal": "gru", "fusion": "concat"}, "seed": 42, "epoch": 1, "train_log_mse": 1.0221000823659563, "validation_mae": 2.588223934173584, "best_epoch": 1, "elapsed_seconds": 4.256878958003654}
{"region": "1030", "specification": {"environment": "constant", "temporal": "gru", "fusion": "concat"}, "seed": 42, "epoch": 5, "train_log_mse": 0.8298618465547728, "validation_mae": 2.0241520404815674, "best_epoch": 5, "elapsed_seconds": 19.444815208000364}
{"region": "1030", "specification": {"environment": "constant", "temporal": "gru", "fusion": "concat"}, "seed": 42, "epoch": 10, "train_log_mse": 0.7718817996200518, "validation_mae": 2.239807367324829, "best_epoch": 5, "elapsed_seconds": 39.258808250000584}
{"region": "1030", "specification": {"environment": "constant", "temporal": "gru", "fusion": "concat"}, "seed": 42, "epoch": 15, "train_log_mse": 0.6884559284045555, "validation_mae": 2.5311365127563477, "best_epoch": 5, "elapsed_seconds": 59.93242254100187}
{"region": "1030", "specification": {"environment": "constant", "temporal": "gru", "fusion": "concat"}, "seed": 43, "epoch": 1, "train_log_mse": 1.0683016043334757, "validation_mae": 2.88360857963562, "best_epoch": 1, "elapsed_seconds": 4.251605959005246}
{"region": "1030", "specification": {"environment": "constant", "temporal": "gru", "fusion": "concat"}, "seed": 43, "epoch": 5, "train_log_mse": 0.8902319290330658, "validation_mae": 2.483175277709961, "best_epoch": 5, "elapsed_seconds": 21.37766625000222}
{"region": "1030", "specification": {"environment": "constant", "temporal": "gru", "fusion": "concat"}, "seed": 43, "epoch": 10, "train_log_mse": 0.7457698694127298, "validation_mae": 2.296442747116089, "best_epoch": 8, "elapsed_seconds": 42.68504799999937}
{"region": "1030", "specification": {"environment": "constant", "temporal": "gru", "fusion": "concat"}, "seed": 43, "epoch": 15, "train_log_mse": 0.6891166425222446, "validation_mae": 2.2920939922332764, "best_epoch": 8, "elapsed_seconds": 65.56708362499921}
{"region": "1030", "specification": {"environment": "constant", "temporal": "gru", "fusion": "concat"}, "seed": 44, "epoch": 1, "train_log_mse": 0.9810823180450239, "validation_mae": 2.7573201656341553, "best_epoch": 1, "elapsed_seconds": 5.221814625001571}
{"region": "1030", "specification": {"environment": "constant", "temporal": "gru", "fusion": "concat"}, "seed": 44, "epoch": 5, "train_log_mse": 0.7739289407239717, "validation_mae": 2.173872709274292, "best_epoch": 5, "elapsed_seconds": 23.595037625003897}
{"region": "1030", "specification": {"environment": "constant", "temporal": "gru", "fusion": "concat"}, "seed": 44, "epoch": 10, "train_log_mse": 0.7047540073771706, "validation_mae": 2.3025364875793457, "best_epoch": 5, "elapsed_seconds": 47.07941566700174}
{"region": "1030", "specification": {"environment": "constant", "temporal": "gru", "fusion": "concat"}, "seed": 44, "epoch": 15, "train_log_mse": 0.6805406014788714, "validation_mae": 2.3011107444763184, "best_epoch": 13, "elapsed_seconds": 76.93483708300482}
{"region": "1030", "specification": {"environment": "constant", "temporal": "gru", "fusion": "concat"}, "seed": 44, "epoch": 20, "train_log_mse": 0.6562059173869027, "validation_mae": 2.4654202461242676, "best_epoch": 13, "elapsed_seconds": 106.82039141700079}
{"region": "1030", "specification": {"environment": "constant", "temporal": "gru", "fusion": "concat"}, "seed": 44, "epoch": 25, "train_log_mse": 0.6420801072893751, "validation_mae": 2.5780680179595947, "best_epoch": 21, "elapsed_seconds": 136.73645670800033}
{"region": "1030", "specification": {"environment": "constant", "temporal": "gru", "fusion": "concat"}, "seed": 44, "epoch": 30, "train_log_mse": 0.6217556162905334, "validation_mae": 2.3745505809783936, "best_epoch": 21, "elapsed_seconds": 164.4412877499999}
{"region": "1030", "specification": {"environment": "linear", "temporal": "gru", "fusion": "concat"}, "seed": 42, "epoch": 1, "train_log_mse": 0.8877610913678826, "validation_mae": 1.5555286407470703, "best_epoch": 1, "elapsed_seconds": 9.173478917000466}
{"region": "1030", "specification": {"environment": "linear", "temporal": "gru", "fusion": "concat"}, "seed": 42, "epoch": 5, "train_log_mse": 0.37449386907226273, "validation_mae": 1.2601741552352905, "best_epoch": 4, "elapsed_seconds": 34.605130666997866}
{"region": "1030", "specification": {"environment": "linear", "temporal": "gru", "fusion": "concat"}, "seed": 42, "epoch": 10, "train_log_mse": 0.3469138058715016, "validation_mae": 1.1426059007644653, "best_epoch": 10, "elapsed_seconds": 67.4773069169969}
{"region": "1030", "specification": {"environment": "linear", "temporal": "gru", "fusion": "concat"}, "seed": 42, "epoch": 15, "train_log_mse": 0.32652500322488376, "validation_mae": 1.0999127626419067, "best_epoch": 12, "elapsed_seconds": 99.87740979199589}
{"region": "1030", "specification": {"environment": "linear", "temporal": "gru", "fusion": "concat"}, "seed": 42, "epoch": 20, "train_log_mse": 0.3117221738136268, "validation_mae": 1.0096557140350342, "best_epoch": 20, "elapsed_seconds": 131.61002441699384}
{"region": "1030", "specification": {"environment": "linear", "temporal": "gru", "fusion": "concat"}, "seed": 42, "epoch": 25, "train_log_mse": 0.3077111548466055, "validation_mae": 1.0272016525268555, "best_epoch": 20, "elapsed_seconds": 161.3278247499984}
{"region": "1030", "specification": {"environment": "linear", "temporal": "gru", "fusion": "concat"}, "seed": 42, "epoch": 30, "train_log_mse": 0.2951309351123618, "validation_mae": 1.045522928237915, "best_epoch": 20, "elapsed_seconds": 193.96462074999727}
{"region": "1030", "specification": {"environment": "linear", "temporal": "gru", "fusion": "concat"}, "seed": 43, "epoch": 1, "train_log_mse": 0.9172036592241422, "validation_mae": 1.3348822593688965, "best_epoch": 1, "elapsed_seconds": 6.827570624998771}
{"region": "1030", "specification": {"environment": "linear", "temporal": "gru", "fusion": "concat"}, "seed": 43, "epoch": 5, "train_log_mse": 0.3719135299801135, "validation_mae": 1.410312533378601, "best_epoch": 1, "elapsed_seconds": 31.968891457996506}
{"region": "1030", "specification": {"environment": "linear", "temporal": "gru", "fusion": "concat"}, "seed": 43, "epoch": 10, "train_log_mse": 0.34037254482768486, "validation_mae": 1.2293533086776733, "best_epoch": 10, "elapsed_seconds": 66.1678329169954}
{"region": "1030", "specification": {"environment": "linear", "temporal": "gru", "fusion": "concat"}, "seed": 43, "epoch": 15, "train_log_mse": 0.3239113763890404, "validation_mae": 1.178553819656372, "best_epoch": 13, "elapsed_seconds": 97.57406741700106}
{"region": "1030", "specification": {"environment": "linear", "temporal": "gru", "fusion": "concat"}, "seed": 43, "epoch": 20, "train_log_mse": 0.31399258891221826, "validation_mae": 1.164509654045105, "best_epoch": 18, "elapsed_seconds": 131.60312383299606}
{"region": "1030", "specification": {"environment": "linear", "temporal": "gru", "fusion": "concat"}, "seed": 43, "epoch": 25, "train_log_mse": 0.3035227230148158, "validation_mae": 1.0748690366744995, "best_epoch": 23, "elapsed_seconds": 166.52199891700002}
{"region": "1030", "specification": {"environment": "linear", "temporal": "gru", "fusion": "concat"}, "seed": 43, "epoch": 30, "train_log_mse": 0.2933335634778587, "validation_mae": 1.0937525033950806, "best_epoch": 23, "elapsed_seconds": 199.8801956249954}
{"region": "1030", "specification": {"environment": "linear", "temporal": "gru", "fusion": "concat"}, "seed": 43, "epoch": 35, "train_log_mse": 0.28133827324239874, "validation_mae": 1.0810847282409668, "best_epoch": 33, "elapsed_seconds": 232.14565050000238}
{"region": "1030", "specification": {"environment": "linear", "temporal": "gru", "fusion": "concat"}, "seed": 43, "epoch": 40, "train_log_mse": 0.27249805081759143, "validation_mae": 1.013336420059204, "best_epoch": 40, "elapsed_seconds": 265.89475679199677}
{"region": "1030", "specification": {"environment": "linear", "temporal": "gru", "fusion": "concat"}, "seed": 43, "epoch": 45, "train_log_mse": 0.270664309227013, "validation_mae": 1.0654205083847046, "best_epoch": 43, "elapsed_seconds": 303.80081070800225}
{"region": "1030", "specification": {"environment": "linear", "temporal": "gru", "fusion": "concat"}, "seed": 43, "epoch": 50, "train_log_mse": 0.26209543775919086, "validation_mae": 1.0345399379730225, "best_epoch": 47, "elapsed_seconds": 340.86903950000124}
{"region": "1030", "specification": {"environment": "linear", "temporal": "gru", "fusion": "concat"}, "seed": 43, "epoch": 55, "train_log_mse": 0.25964355918817517, "validation_mae": 1.0111581087112427, "best_epoch": 47, "elapsed_seconds": 372.7604212919978}
{"region": "1030", "specification": {"environment": "linear", "temporal": "gru", "fusion": "concat"}, "seed": 44, "epoch": 1, "train_log_mse": 0.6891264074871456, "validation_mae": 1.3067771196365356, "best_epoch": 1, "elapsed_seconds": 6.304733957993449}
{"region": "1030", "specification": {"environment": "linear", "temporal": "gru", "fusion": "concat"}, "seed": 44, "epoch": 5, "train_log_mse": 0.3659153346548436, "validation_mae": 1.2053042650222778, "best_epoch": 5, "elapsed_seconds": 32.71246666699881}
{"region": "1030", "specification": {"environment": "linear", "temporal": "gru", "fusion": "concat"}, "seed": 44, "epoch": 10, "train_log_mse": 0.3369213250895046, "validation_mae": 1.241267442703247, "best_epoch": 8, "elapsed_seconds": 67.36144529199373}
{"region": "1030", "specification": {"environment": "linear", "temporal": "gru", "fusion": "concat"}, "seed": 44, "epoch": 15, "train_log_mse": 0.3241349466781609, "validation_mae": 1.0981522798538208, "best_epoch": 15, "elapsed_seconds": 101.22376633299427}
{"region": "1030", "specification": {"environment": "linear", "temporal": "gru", "fusion": "concat"}, "seed": 44, "epoch": 20, "train_log_mse": 0.3097234539736713, "validation_mae": 1.1039690971374512, "best_epoch": 15, "elapsed_seconds": 133.72504187499726}
{"region": "1030", "specification": {"environment": "linear", "temporal": "gru", "fusion": "concat"}, "seed": 44, "epoch": 25, "train_log_mse": 0.3023723091843346, "validation_mae": 1.1950162649154663, "best_epoch": 15, "elapsed_seconds": 166.74291791699943}
{"region": "1030", "specification": {"environment": "mlp", "temporal": "gru", "fusion": "concat"}, "seed": 42, "epoch": 1, "train_log_mse": 0.9352370335188204, "validation_mae": 1.8791674375534058, "best_epoch": 1, "elapsed_seconds": 7.109649375001027}
{"region": "1030", "specification": {"environment": "mlp", "temporal": "gru", "fusion": "concat"}, "seed": 42, "epoch": 5, "train_log_mse": 0.4022215671706207, "validation_mae": 1.2554856538772583, "best_epoch": 5, "elapsed_seconds": 36.8557728329979}
{"region": "1030", "specification": {"environment": "mlp", "temporal": "gru", "fusion": "concat"}, "seed": 42, "epoch": 10, "train_log_mse": 0.3590605618292434, "validation_mae": 1.2008932828903198, "best_epoch": 9, "elapsed_seconds": 70.76738245799788}
{"region": "1030", "specification": {"environment": "mlp", "temporal": "gru", "fusion": "concat"}, "seed": 42, "epoch": 15, "train_log_mse": 0.339393090643886, "validation_mae": 1.2122901678085327, "best_epoch": 12, "elapsed_seconds": 103.54785079100111}
{"region": "1030", "specification": {"environment": "mlp", "temporal": "gru", "fusion": "concat"}, "seed": 42, "epoch": 20, "train_log_mse": 0.32712325097161776, "validation_mae": 1.0900458097457886, "best_epoch": 20, "elapsed_seconds": 137.3049684159996}
{"region": "1030", "specification": {"environment": "mlp", "temporal": "gru", "fusion": "concat"}, "seed": 42, "epoch": 25, "train_log_mse": 0.317450756192641, "validation_mae": 1.125802755355835, "best_epoch": 20, "elapsed_seconds": 170.80123245799768}
{"region": "1030", "specification": {"environment": "mlp", "temporal": "gru", "fusion": "concat"}, "seed": 42, "epoch": 30, "train_log_mse": 0.3090301692198657, "validation_mae": 1.0961453914642334, "best_epoch": 28, "elapsed_seconds": 220.54656941600115}
{"region": "1030", "specification": {"environment": "mlp", "temporal": "gru", "fusion": "concat"}, "seed": 42, "epoch": 35, "train_log_mse": 0.29676217707475605, "validation_mae": 1.0955528020858765, "best_epoch": 32, "elapsed_seconds": 252.02851083299902}
{"region": "1030", "specification": {"environment": "mlp", "temporal": "gru", "fusion": "concat"}, "seed": 42, "epoch": 40, "train_log_mse": 0.29054295284161347, "validation_mae": 1.0772778987884521, "best_epoch": 36, "elapsed_seconds": 275.1445321659994}
{"region": "1030", "specification": {"environment": "mlp", "temporal": "gru", "fusion": "concat"}, "seed": 42, "epoch": 45, "train_log_mse": 0.28198062310515576, "validation_mae": 1.0522212982177734, "best_epoch": 36, "elapsed_seconds": 301.4021361249979}
{"region": "1030", "specification": {"environment": "mlp", "temporal": "gru", "fusion": "concat"}, "seed": 43, "epoch": 1, "train_log_mse": 1.0486830442355641, "validation_mae": 2.697730541229248, "best_epoch": 1, "elapsed_seconds": 4.517861833999632}
{"region": "1030", "specification": {"environment": "mlp", "temporal": "gru", "fusion": "concat"}, "seed": 43, "epoch": 5, "train_log_mse": 0.4092442931918875, "validation_mae": 1.3513754606246948, "best_epoch": 5, "elapsed_seconds": 22.910118499996315}
{"region": "1030", "specification": {"environment": "mlp", "temporal": "gru", "fusion": "concat"}, "seed": 43, "epoch": 10, "train_log_mse": 0.34711724164012187, "validation_mae": 1.1805083751678467, "best_epoch": 8, "elapsed_seconds": 44.893907124998805}
{"region": "1030", "specification": {"environment": "mlp", "temporal": "gru", "fusion": "concat"}, "seed": 43, "epoch": 15, "train_log_mse": 0.3246798854276923, "validation_mae": 1.1814497709274292, "best_epoch": 13, "elapsed_seconds": 67.40176495899505}
{"region": "1030", "specification": {"environment": "mlp", "temporal": "gru", "fusion": "concat"}, "seed": 43, "epoch": 20, "train_log_mse": 0.317444275970504, "validation_mae": 1.1389154195785522, "best_epoch": 18, "elapsed_seconds": 89.36838387500029}
{"region": "1030", "specification": {"environment": "mlp", "temporal": "gru", "fusion": "concat"}, "seed": 43, "epoch": 25, "train_log_mse": 0.3077578733551292, "validation_mae": 1.1215918064117432, "best_epoch": 22, "elapsed_seconds": 112.85506670899485}
{"region": "1030", "specification": {"environment": "mlp", "temporal": "gru", "fusion": "concat"}, "seed": 43, "epoch": 30, "train_log_mse": 0.2970782707438639, "validation_mae": 1.1058381795883179, "best_epoch": 22, "elapsed_seconds": 135.3493677499937}
{"region": "1030", "specification": {"environment": "mlp", "temporal": "gru", "fusion": "concat"}, "seed": 43, "epoch": 35, "train_log_mse": 0.29024688267635157, "validation_mae": 1.075725793838501, "best_epoch": 33, "elapsed_seconds": 158.45664162499452}
{"region": "1030", "specification": {"environment": "mlp", "temporal": "gru", "fusion": "concat"}, "seed": 43, "epoch": 40, "train_log_mse": 0.28318032157912204, "validation_mae": 1.0552386045455933, "best_epoch": 33, "elapsed_seconds": 180.58555662499566}
{"region": "1030", "specification": {"environment": "mlp", "temporal": "gru", "fusion": "concat"}, "seed": 44, "epoch": 1, "train_log_mse": 0.8142433095243216, "validation_mae": 1.9306533336639404, "best_epoch": 1, "elapsed_seconds": 4.551761125003395}
{"region": "1030", "specification": {"environment": "mlp", "temporal": "gru", "fusion": "concat"}, "seed": 44, "epoch": 5, "train_log_mse": 0.4114249018180711, "validation_mae": 1.2292470932006836, "best_epoch": 5, "elapsed_seconds": 22.74393545800558}
{"region": "1030", "specification": {"environment": "mlp", "temporal": "gru", "fusion": "concat"}, "seed": 44, "epoch": 10, "train_log_mse": 0.35257405524947233, "validation_mae": 1.2459312677383423, "best_epoch": 8, "elapsed_seconds": 45.884969500002626}
{"region": "1030", "specification": {"environment": "mlp", "temporal": "gru", "fusion": "concat"}, "seed": 44, "epoch": 15, "train_log_mse": 0.3311588143706966, "validation_mae": 1.1908646821975708, "best_epoch": 8, "elapsed_seconds": 68.97560483300185}
{"region": "1030", "specification": {"environment": "mlp", "temporal": "gru", "fusion": "concat"}, "seed": 44, "epoch": 20, "train_log_mse": 0.31957373217300566, "validation_mae": 1.1177794933319092, "best_epoch": 20, "elapsed_seconds": 92.10026575000666}
{"region": "1030", "specification": {"environment": "mlp", "temporal": "gru", "fusion": "concat"}, "seed": 44, "epoch": 25, "train_log_mse": 0.309027124513111, "validation_mae": 1.2083492279052734, "best_epoch": 22, "elapsed_seconds": 115.08959495800082}
{"region": "1030", "specification": {"environment": "mlp", "temporal": "gru", "fusion": "concat"}, "seed": 44, "epoch": 30, "train_log_mse": 0.300021322998791, "validation_mae": 1.1904891729354858, "best_epoch": 27, "elapsed_seconds": 138.275585125004}
{"region": "1030", "specification": {"environment": "mlp", "temporal": "gru", "fusion": "concat"}, "seed": 44, "epoch": 35, "train_log_mse": 0.29475349499030445, "validation_mae": 1.0837947130203247, "best_epoch": 27, "elapsed_seconds": 163.87512591700215}
{"region": "1030", "specification": {"environment": "mlp", "temporal": "gru", "fusion": "concat"}, "seed": 44, "epoch": 40, "train_log_mse": 0.2869400168435668, "validation_mae": 1.0639530420303345, "best_epoch": 37, "elapsed_seconds": 189.79609925000113}
{"region": "1030", "specification": {"environment": "mlp", "temporal": "gru", "fusion": "concat"}, "seed": 44, "epoch": 45, "train_log_mse": 0.27803412581741865, "validation_mae": 1.0745595693588257, "best_epoch": 37, "elapsed_seconds": 213.86259316700307}
{"region": "1030", "specification": {"environment": "residual_mlp", "temporal": "gru", "fusion": "concat"}, "seed": 42, "epoch": 1, "train_log_mse": 0.9085658884203173, "validation_mae": 1.7342982292175293, "best_epoch": 1, "elapsed_seconds": 6.317271499996423}
{"region": "1030", "specification": {"environment": "residual_mlp", "temporal": "gru", "fusion": "concat"}, "seed": 42, "epoch": 5, "train_log_mse": 0.39427120548916267, "validation_mae": 1.2511980533599854, "best_epoch": 5, "elapsed_seconds": 26.300430208000762}
{"region": "1030", "specification": {"environment": "residual_mlp", "temporal": "gru", "fusion": "concat"}, "seed": 42, "epoch": 10, "train_log_mse": 0.35285708320819453, "validation_mae": 1.201877236366272, "best_epoch": 9, "elapsed_seconds": 52.34614408299967}
{"region": "1030", "specification": {"environment": "residual_mlp", "temporal": "gru", "fusion": "concat"}, "seed": 42, "epoch": 15, "train_log_mse": 0.3324074029289578, "validation_mae": 1.1928746700286865, "best_epoch": 12, "elapsed_seconds": 79.48451674999524}
{"region": "1030", "specification": {"environment": "residual_mlp", "temporal": "gru", "fusion": "concat"}, "seed": 42, "epoch": 20, "train_log_mse": 0.31339696880967294, "validation_mae": 1.078119158744812, "best_epoch": 20, "elapsed_seconds": 105.24570312499418}
{"region": "1030", "specification": {"environment": "residual_mlp", "temporal": "gru", "fusion": "concat"}, "seed": 42, "epoch": 25, "train_log_mse": 0.3021855454167812, "validation_mae": 1.1070524454116821, "best_epoch": 21, "elapsed_seconds": 131.66170883299492}
{"region": "1030", "specification": {"environment": "residual_mlp", "temporal": "gru", "fusion": "concat"}, "seed": 42, "epoch": 30, "train_log_mse": 0.29172067901938376, "validation_mae": 1.072604775428772, "best_epoch": 26, "elapsed_seconds": 158.14037191600073}
{"region": "1030", "specification": {"environment": "residual_mlp", "temporal": "gru", "fusion": "concat"}, "seed": 42, "epoch": 35, "train_log_mse": 0.2853063167624154, "validation_mae": 1.0857702493667603, "best_epoch": 34, "elapsed_seconds": 184.48404229099833}
{"region": "1030", "specification": {"environment": "residual_mlp", "temporal": "gru", "fusion": "concat"}, "seed": 42, "epoch": 40, "train_log_mse": 0.27788798064330417, "validation_mae": 1.0752846002578735, "best_epoch": 34, "elapsed_seconds": 211.30820466599835}
{"region": "1030", "specification": {"environment": "residual_mlp", "temporal": "gru", "fusion": "concat"}, "seed": 43, "epoch": 1, "train_log_mse": 1.0729152104482107, "validation_mae": 2.4729042053222656, "best_epoch": 1, "elapsed_seconds": 5.463991874996282}
{"region": "1030", "specification": {"environment": "residual_mlp", "temporal": "gru", "fusion": "concat"}, "seed": 43, "epoch": 5, "train_log_mse": 0.3899350614981857, "validation_mae": 1.2755398750305176, "best_epoch": 5, "elapsed_seconds": 27.23399729200173}
{"region": "1030", "specification": {"environment": "residual_mlp", "temporal": "gru", "fusion": "concat"}, "seed": 43, "epoch": 10, "train_log_mse": 0.3395891498058973, "validation_mae": 1.176421046257019, "best_epoch": 10, "elapsed_seconds": 56.6910612089996}
{"region": "1030", "specification": {"environment": "residual_mlp", "temporal": "gru", "fusion": "concat"}, "seed": 43, "epoch": 15, "train_log_mse": 0.31587342931837264, "validation_mae": 1.1451352834701538, "best_epoch": 15, "elapsed_seconds": 86.58740391700121}
{"region": "1030", "specification": {"environment": "residual_mlp", "temporal": "gru", "fusion": "concat"}, "seed": 43, "epoch": 20, "train_log_mse": 0.3115817429967574, "validation_mae": 1.1043846607208252, "best_epoch": 18, "elapsed_seconds": 116.1131961669962}
{"region": "1030", "specification": {"environment": "residual_mlp", "temporal": "gru", "fusion": "concat"}, "seed": 43, "epoch": 25, "train_log_mse": 0.30048101596009025, "validation_mae": 1.0827645063400269, "best_epoch": 24, "elapsed_seconds": 147.95726608399855}
{"region": "1030", "specification": {"environment": "residual_mlp", "temporal": "gru", "fusion": "concat"}, "seed": 43, "epoch": 30, "train_log_mse": 0.2860665783138123, "validation_mae": 1.0283983945846558, "best_epoch": 30, "elapsed_seconds": 179.55961654199928}
{"region": "1030", "specification": {"environment": "residual_mlp", "temporal": "gru", "fusion": "concat"}, "seed": 43, "epoch": 35, "train_log_mse": 0.2818737200679897, "validation_mae": 1.0276739597320557, "best_epoch": 33, "elapsed_seconds": 209.69304954200197}
{"region": "1030", "specification": {"environment": "residual_mlp", "temporal": "gru", "fusion": "concat"}, "seed": 43, "epoch": 40, "train_log_mse": 0.2755640907726413, "validation_mae": 1.0327872037887573, "best_epoch": 33, "elapsed_seconds": 241.2561953339973}
{"region": "1030", "specification": {"environment": "residual_mlp", "temporal": "gru", "fusion": "concat"}, "seed": 44, "epoch": 1, "train_log_mse": 0.69919823292211, "validation_mae": 1.3773720264434814, "best_epoch": 1, "elapsed_seconds": 5.661177916001179}
{"region": "1030", "specification": {"environment": "residual_mlp", "temporal": "gru", "fusion": "concat"}, "seed": 44, "epoch": 5, "train_log_mse": 0.37682967448044685, "validation_mae": 1.1648231744766235, "best_epoch": 5, "elapsed_seconds": 27.67649724999501}
{"region": "1030", "specification": {"environment": "residual_mlp", "temporal": "gru", "fusion": "concat"}, "seed": 44, "epoch": 10, "train_log_mse": 0.33474817108163296, "validation_mae": 1.201446771621704, "best_epoch": 8, "elapsed_seconds": 54.591195124994556}
{"region": "1030", "specification": {"environment": "residual_mlp", "temporal": "gru", "fusion": "concat"}, "seed": 44, "epoch": 15, "train_log_mse": 0.32042927826860873, "validation_mae": 1.1474134922027588, "best_epoch": 8, "elapsed_seconds": 82.05057349999697}
{"region": "1030", "specification": {"environment": "residual_mlp", "temporal": "gru", "fusion": "concat"}, "seed": 44, "epoch": 20, "train_log_mse": 0.30737644713509343, "validation_mae": 1.128402829170227, "best_epoch": 18, "elapsed_seconds": 109.58939858299709}
{"region": "1030", "specification": {"environment": "residual_mlp", "temporal": "gru", "fusion": "concat"}, "seed": 44, "epoch": 25, "train_log_mse": 0.2991157518986368, "validation_mae": 1.210790991783142, "best_epoch": 22, "elapsed_seconds": 138.08563162499922}
{"region": "1030", "specification": {"environment": "residual_mlp", "temporal": "gru", "fusion": "concat"}, "seed": 44, "epoch": 30, "train_log_mse": 0.28617057691526654, "validation_mae": 1.2667866945266724, "best_epoch": 22, "elapsed_seconds": 167.33498549999786}
{"region": "1030", "stage_complete": "environment", "selected": "residual_mlp", "validation_means": {"constant": 2.136286735534668, "linear": 1.0317867994308472, "mlp": 1.028466820716858, "residual_mlp": 1.021476944287618}}
{"region": "1030", "specification": {"environment": "residual_mlp", "temporal": "current", "fusion": "concat"}, "seed": 42, "epoch": 1, "train_log_mse": 0.915776576138846, "validation_mae": 1.6557261943817139, "best_epoch": 1, "elapsed_seconds": 4.542121625003347}
{"region": "1030", "specification": {"environment": "residual_mlp", "temporal": "current", "fusion": "concat"}, "seed": 42, "epoch": 5, "train_log_mse": 0.39276589166800446, "validation_mae": 1.3011667728424072, "best_epoch": 5, "elapsed_seconds": 23.91090775000339}
{"region": "1030", "specification": {"environment": "residual_mlp", "temporal": "current", "fusion": "concat"}, "seed": 42, "epoch": 10, "train_log_mse": 0.3504596298018243, "validation_mae": 1.1573607921600342, "best_epoch": 10, "elapsed_seconds": 47.0548557919974}
{"region": "1030", "specification": {"environment": "residual_mlp", "temporal": "current", "fusion": "concat"}, "seed": 42, "epoch": 15, "train_log_mse": 0.330573886372138, "validation_mae": 1.1530956029891968, "best_epoch": 12, "elapsed_seconds": 70.13886412500142}
{"region": "1030", "specification": {"environment": "residual_mlp", "temporal": "current", "fusion": "concat"}, "seed": 42, "epoch": 20, "train_log_mse": 0.31990418599636644, "validation_mae": 1.0686585903167725, "best_epoch": 12, "elapsed_seconds": 94.6027375420017}
{"region": "1030", "specification": {"environment": "residual_mlp", "temporal": "current", "fusion": "concat"}, "seed": 42, "epoch": 25, "train_log_mse": 0.3155864782711243, "validation_mae": 1.0881234407424927, "best_epoch": 21, "elapsed_seconds": 117.99817558399809}
{"region": "1030", "specification": {"environment": "residual_mlp", "temporal": "current", "fusion": "concat"}, "seed": 42, "epoch": 30, "train_log_mse": 0.30426981033986794, "validation_mae": 1.1102837324142456, "best_epoch": 21, "elapsed_seconds": 140.54893808400084}
{"region": "1030", "specification": {"environment": "residual_mlp", "temporal": "current", "fusion": "concat"}, "seed": 43, "epoch": 1, "train_log_mse": 1.0606626713713085, "validation_mae": 2.3003571033477783, "best_epoch": 1, "elapsed_seconds": 5.14549458300462}
{"region": "1030", "specification": {"environment": "residual_mlp", "temporal": "current", "fusion": "concat"}, "seed": 43, "epoch": 5, "train_log_mse": 0.38500497540639056, "validation_mae": 1.329500675201416, "best_epoch": 4, "elapsed_seconds": 23.21245608299796}
{"region": "1030", "specification": {"environment": "residual_mlp", "temporal": "current", "fusion": "concat"}, "seed": 43, "epoch": 10, "train_log_mse": 0.3409990058068551, "validation_mae": 1.1199957132339478, "best_epoch": 10, "elapsed_seconds": 45.514667832998384}
{"region": "1030", "specification": {"environment": "residual_mlp", "temporal": "current", "fusion": "concat"}, "seed": 43, "epoch": 15, "train_log_mse": 0.32088087601549636, "validation_mae": 1.151786208152771, "best_epoch": 13, "elapsed_seconds": 68.20922629199777}
{"region": "1030", "specification": {"environment": "residual_mlp", "temporal": "current", "fusion": "concat"}, "seed": 43, "epoch": 20, "train_log_mse": 0.3155990569081211, "validation_mae": 1.1245461702346802, "best_epoch": 18, "elapsed_seconds": 90.765278167004}
{"region": "1030", "specification": {"environment": "residual_mlp", "temporal": "current", "fusion": "concat"}, "seed": 43, "epoch": 25, "train_log_mse": 0.30226142680020285, "validation_mae": 0.9990731477737427, "best_epoch": 25, "elapsed_seconds": 113.13600429199869}
{"region": "1030", "specification": {"environment": "residual_mlp", "temporal": "current", "fusion": "concat"}, "seed": 43, "epoch": 30, "train_log_mse": 0.28835662985818483, "validation_mae": 1.0467008352279663, "best_epoch": 25, "elapsed_seconds": 136.58436449999863}
{"region": "1030", "specification": {"environment": "residual_mlp", "temporal": "current", "fusion": "concat"}, "seed": 43, "epoch": 35, "train_log_mse": 0.2871487949136178, "validation_mae": 1.1656999588012695, "best_epoch": 25, "elapsed_seconds": 159.05563200000324}
{"region": "1030", "specification": {"environment": "residual_mlp", "temporal": "current", "fusion": "concat"}, "seed": 44, "epoch": 1, "train_log_mse": 0.8295554345880751, "validation_mae": 1.4309580326080322, "best_epoch": 1, "elapsed_seconds": 4.438551792001817}
{"region": "1030", "specification": {"environment": "residual_mlp", "temporal": "current", "fusion": "concat"}, "seed": 44, "epoch": 5, "train_log_mse": 0.4261337833856484, "validation_mae": 1.3550986051559448, "best_epoch": 2, "elapsed_seconds": 21.216722208999272}
{"region": "1030", "specification": {"environment": "residual_mlp", "temporal": "current", "fusion": "concat"}, "seed": 44, "epoch": 10, "train_log_mse": 0.350149757566031, "validation_mae": 1.1737239360809326, "best_epoch": 10, "elapsed_seconds": 43.44514979200176}
{"region": "1030", "specification": {"environment": "residual_mlp", "temporal": "current", "fusion": "concat"}, "seed": 44, "epoch": 15, "train_log_mse": 0.3288377764278686, "validation_mae": 1.1010878086090088, "best_epoch": 15, "elapsed_seconds": 65.13999629200407}
{"region": "1030", "specification": {"environment": "residual_mlp", "temporal": "current", "fusion": "concat"}, "seed": 44, "epoch": 20, "train_log_mse": 0.31466800973614856, "validation_mae": 1.1536219120025635, "best_epoch": 15, "elapsed_seconds": 86.03176370900474}
{"region": "1030", "specification": {"environment": "residual_mlp", "temporal": "current", "fusion": "concat"}, "seed": 44, "epoch": 25, "train_log_mse": 0.30729610783291267, "validation_mae": 1.1715805530548096, "best_epoch": 15, "elapsed_seconds": 107.45347045900417}
{"region": "1030", "specification": {"environment": "residual_mlp", "temporal": "lag_mlp", "fusion": "concat"}, "seed": 42, "epoch": 1, "train_log_mse": 0.8968464933235424, "validation_mae": 1.6313878297805786, "best_epoch": 1, "elapsed_seconds": 4.792801333998796}
{"region": "1030", "specification": {"environment": "residual_mlp", "temporal": "lag_mlp", "fusion": "concat"}, "seed": 42, "epoch": 5, "train_log_mse": 0.3813109127378853, "validation_mae": 1.2501839399337769, "best_epoch": 5, "elapsed_seconds": 21.2543989170008}
{"region": "1030", "specification": {"environment": "residual_mlp", "temporal": "lag_mlp", "fusion": "concat"}, "seed": 42, "epoch": 10, "train_log_mse": 0.343769063359809, "validation_mae": 1.1602524518966675, "best_epoch": 9, "elapsed_seconds": 41.63722933399549}
{"region": "1030", "specification": {"environment": "residual_mlp", "temporal": "lag_mlp", "fusion": "concat"}, "seed": 42, "epoch": 15, "train_log_mse": 0.3228874742873427, "validation_mae": 1.2309459447860718, "best_epoch": 12, "elapsed_seconds": 61.197577624996484}
{"region": "1030", "specification": {"environment": "residual_mlp", "temporal": "lag_mlp", "fusion": "concat"}, "seed": 42, "epoch": 20, "train_log_mse": 0.3103946869193529, "validation_mae": 1.1103291511535645, "best_epoch": 12, "elapsed_seconds": 80.3685956249974}
{"region": "1030", "specification": {"environment": "residual_mlp", "temporal": "lag_mlp", "fusion": "concat"}, "seed": 43, "epoch": 1, "train_log_mse": 1.0921565269535474, "validation_mae": 2.3178551197052, "best_epoch": 1, "elapsed_seconds": 4.116558542002167}
{"region": "1030", "specification": {"environment": "residual_mlp", "temporal": "lag_mlp", "fusion": "concat"}, "seed": 43, "epoch": 5, "train_log_mse": 0.4049867369903363, "validation_mae": 1.2647836208343506, "best_epoch": 5, "elapsed_seconds": 20.093664332998742}
{"region": "1030", "specification": {"environment": "residual_mlp", "temporal": "lag_mlp", "fusion": "concat"}, "seed": 43, "epoch": 10, "train_log_mse": 0.33698459708131573, "validation_mae": 1.1907378435134888, "best_epoch": 8, "elapsed_seconds": 40.32680133300164}
{"region": "1030", "specification": {"environment": "residual_mlp", "temporal": "lag_mlp", "fusion": "concat"}, "seed": 43, "epoch": 15, "train_log_mse": 0.3158500798155736, "validation_mae": 1.1446218490600586, "best_epoch": 13, "elapsed_seconds": 60.04776462500013}
{"region": "1030", "specification": {"environment": "residual_mlp", "temporal": "lag_mlp", "fusion": "concat"}, "seed": 43, "epoch": 20, "train_log_mse": 0.30866230803480216, "validation_mae": 1.1223243474960327, "best_epoch": 18, "elapsed_seconds": 79.295337208001}
{"region": "1030", "specification": {"environment": "residual_mlp", "temporal": "lag_mlp", "fusion": "concat"}, "seed": 43, "epoch": 25, "train_log_mse": 0.30235899018627177, "validation_mae": 1.036108136177063, "best_epoch": 25, "elapsed_seconds": 98.37467808300426}
{"region": "1030", "specification": {"environment": "residual_mlp", "temporal": "lag_mlp", "fusion": "concat"}, "seed": 43, "epoch": 30, "train_log_mse": 0.28709153357350053, "validation_mae": 1.062981367111206, "best_epoch": 25, "elapsed_seconds": 117.71009737499844}
{"region": "1030", "specification": {"environment": "residual_mlp", "temporal": "lag_mlp", "fusion": "concat"}, "seed": 43, "epoch": 35, "train_log_mse": 0.2824362857118373, "validation_mae": 1.0919147729873657, "best_epoch": 25, "elapsed_seconds": 136.6718618330051}
{"region": "1030", "specification": {"environment": "residual_mlp", "temporal": "lag_mlp", "fusion": "concat"}, "seed": 44, "epoch": 1, "train_log_mse": 0.8011245224963668, "validation_mae": 1.3078125715255737, "best_epoch": 1, "elapsed_seconds": 3.9028467089956393}
{"region": "1030", "specification": {"environment": "residual_mlp", "temporal": "lag_mlp", "fusion": "concat"}, "seed": 44, "epoch": 5, "train_log_mse": 0.38288164537291225, "validation_mae": 1.147057294845581, "best_epoch": 5, "elapsed_seconds": 19.555704624995997}
{"region": "1030", "specification": {"environment": "residual_mlp", "temporal": "lag_mlp", "fusion": "concat"}, "seed": 44, "epoch": 10, "train_log_mse": 0.33994293512935636, "validation_mae": 1.1576545238494873, "best_epoch": 5, "elapsed_seconds": 38.76241974999721}
{"region": "1030", "specification": {"environment": "residual_mlp", "temporal": "lag_mlp", "fusion": "concat"}, "seed": 44, "epoch": 15, "train_log_mse": 0.3213699373825264, "validation_mae": 1.1224007606506348, "best_epoch": 13, "elapsed_seconds": 58.443711291998625}
{"region": "1030", "specification": {"environment": "residual_mlp", "temporal": "lag_mlp", "fusion": "concat"}, "seed": 44, "epoch": 20, "train_log_mse": 0.3072320324705831, "validation_mae": 1.1509567499160767, "best_epoch": 13, "elapsed_seconds": 79.1812604999941}
{"region": "1030", "specification": {"environment": "residual_mlp", "temporal": "lstm", "fusion": "concat"}, "seed": 42, "epoch": 1, "train_log_mse": 0.9006453722161584, "validation_mae": 1.7076787948608398, "best_epoch": 1, "elapsed_seconds": 5.686587292002514}
{"region": "1030", "specification": {"environment": "residual_mlp", "temporal": "lstm", "fusion": "concat"}, "seed": 42, "epoch": 5, "train_log_mse": 0.3896215684692155, "validation_mae": 1.2906097173690796, "best_epoch": 2, "elapsed_seconds": 27.78719366700534}
{"region": "1030", "specification": {"environment": "residual_mlp", "temporal": "lstm", "fusion": "concat"}, "seed": 42, "epoch": 10, "train_log_mse": 0.3541270267200404, "validation_mae": 1.2588810920715332, "best_epoch": 9, "elapsed_seconds": 56.21132104199933}
{"region": "1030", "specification": {"environment": "residual_mlp", "temporal": "lstm", "fusion": "concat"}, "seed": 42, "epoch": 15, "train_log_mse": 0.3321341579378372, "validation_mae": 1.1930562257766724, "best_epoch": 12, "elapsed_seconds": 82.68253970800288}
{"region": "1030", "specification": {"environment": "residual_mlp", "temporal": "lstm", "fusion": "concat"}, "seed": 42, "epoch": 20, "train_log_mse": 0.3172999850745609, "validation_mae": 1.0842556953430176, "best_epoch": 20, "elapsed_seconds": 111.19542975000513}
{"region": "1030", "specification": {"environment": "residual_mlp", "temporal": "lstm", "fusion": "concat"}, "seed": 42, "epoch": 25, "train_log_mse": 0.30885912181001746, "validation_mae": 1.132360577583313, "best_epoch": 20, "elapsed_seconds": 137.15977150000253}
{"region": "1030", "specification": {"environment": "residual_mlp", "temporal": "lstm", "fusion": "concat"}, "seed": 42, "epoch": 30, "train_log_mse": 0.2981768870538883, "validation_mae": 1.098137378692627, "best_epoch": 29, "elapsed_seconds": 163.82894820799993}
{"region": "1030", "specification": {"environment": "residual_mlp", "temporal": "lstm", "fusion": "concat"}, "seed": 42, "epoch": 35, "train_log_mse": 0.29153679718416636, "validation_mae": 1.168049693107605, "best_epoch": 29, "elapsed_seconds": 188.4460507920012}
{"region": "1030", "specification": {"environment": "residual_mlp", "temporal": "lstm", "fusion": "concat"}, "seed": 43, "epoch": 1, "train_log_mse": 1.071071001787404, "validation_mae": 2.2527101039886475, "best_epoch": 1, "elapsed_seconds": 5.0977713329994}
{"region": "1030", "specification": {"environment": "residual_mlp", "temporal": "lstm", "fusion": "concat"}, "seed": 43, "epoch": 5, "train_log_mse": 0.3891458486036241, "validation_mae": 1.3306385278701782, "best_epoch": 5, "elapsed_seconds": 24.768984458001796}
{"region": "1030", "specification": {"environment": "residual_mlp", "temporal": "lstm", "fusion": "concat"}, "seed": 43, "epoch": 10, "train_log_mse": 0.3367440014881272, "validation_mae": 1.121888279914856, "best_epoch": 10, "elapsed_seconds": 49.27163691700116}
{"region": "1030", "specification": {"environment": "residual_mlp", "temporal": "lstm", "fusion": "concat"}, "seed": 43, "epoch": 15, "train_log_mse": 0.3150568358162818, "validation_mae": 1.1460918188095093, "best_epoch": 10, "elapsed_seconds": 73.64320874999976}
{"region": "1030", "specification": {"environment": "residual_mlp", "temporal": "lstm", "fusion": "concat"}, "seed": 43, "epoch": 20, "train_log_mse": 0.3100189232987976, "validation_mae": 1.1879276037216187, "best_epoch": 18, "elapsed_seconds": 98.29487066699949}
{"region": "1030", "specification": {"environment": "residual_mlp", "temporal": "lstm", "fusion": "concat"}, "seed": 43, "epoch": 25, "train_log_mse": 0.3050568734119218, "validation_mae": 1.0683759450912476, "best_epoch": 24, "elapsed_seconds": 123.55324929200287}
{"region": "1030", "specification": {"environment": "residual_mlp", "temporal": "lstm", "fusion": "concat"}, "seed": 43, "epoch": 30, "train_log_mse": 0.29112517818473055, "validation_mae": 1.1381587982177734, "best_epoch": 24, "elapsed_seconds": 148.0762119170031}
{"region": "1030", "specification": {"environment": "residual_mlp", "temporal": "lstm", "fusion": "concat"}, "seed": 44, "epoch": 1, "train_log_mse": 0.8087267389504704, "validation_mae": 1.2976150512695312, "best_epoch": 1, "elapsed_seconds": 5.2716059160011355}
{"region": "1030", "specification": {"environment": "residual_mlp", "temporal": "lstm", "fusion": "concat"}, "seed": 44, "epoch": 5, "train_log_mse": 0.3831711708063597, "validation_mae": 1.2189159393310547, "best_epoch": 5, "elapsed_seconds": 26.04396433299553}
{"region": "1030", "specification": {"environment": "residual_mlp", "temporal": "lstm", "fusion": "concat"}, "seed": 44, "epoch": 10, "train_log_mse": 0.3431949174787405, "validation_mae": 1.2121477127075195, "best_epoch": 6, "elapsed_seconds": 51.36384029100009}
{"region": "1030", "specification": {"environment": "residual_mlp", "temporal": "lstm", "fusion": "concat"}, "seed": 44, "epoch": 15, "train_log_mse": 0.3267805853162868, "validation_mae": 1.1830309629440308, "best_epoch": 6, "elapsed_seconds": 77.26066912499664}
{"region": "1030", "specification": {"environment": "residual_mlp", "temporal": "transformer", "fusion": "concat"}, "seed": 42, "epoch": 1, "train_log_mse": 0.878676262498195, "validation_mae": 1.7602916955947876, "best_epoch": 1, "elapsed_seconds": 10.180917541998497}
{"region": "1030", "specification": {"environment": "residual_mlp", "temporal": "transformer", "fusion": "concat"}, "seed": 42, "epoch": 5, "train_log_mse": 0.3915599777616239, "validation_mae": 1.3884661197662354, "best_epoch": 2, "elapsed_seconds": 51.04222520800249}
{"region": "1030", "specification": {"environment": "residual_mlp", "temporal": "transformer", "fusion": "concat"}, "seed": 42, "epoch": 10, "train_log_mse": 0.34771522984792086, "validation_mae": 1.1970101594924927, "best_epoch": 9, "elapsed_seconds": 100.43924129199877}
{"region": "1030", "specification": {"environment": "residual_mlp", "temporal": "transformer", "fusion": "concat"}, "seed": 42, "epoch": 15, "train_log_mse": 0.3252943318544875, "validation_mae": 1.2215228080749512, "best_epoch": 12, "elapsed_seconds": 150.48290350000025}
{"region": "1030", "specification": {"environment": "residual_mlp", "temporal": "transformer", "fusion": "concat"}, "seed": 42, "epoch": 20, "train_log_mse": 0.3082309745778823, "validation_mae": 1.0666555166244507, "best_epoch": 20, "elapsed_seconds": 202.09448491699732}
{"region": "1030", "specification": {"environment": "residual_mlp", "temporal": "transformer", "fusion": "concat"}, "seed": 42, "epoch": 25, "train_log_mse": 0.2987385480620261, "validation_mae": 1.1390557289123535, "best_epoch": 20, "elapsed_seconds": 253.60595658300008}
{"region": "1030", "specification": {"environment": "residual_mlp", "temporal": "transformer", "fusion": "concat"}, "seed": 42, "epoch": 30, "train_log_mse": 0.2930206802903744, "validation_mae": 1.0790693759918213, "best_epoch": 28, "elapsed_seconds": 305.4194037080015}
{"region": "1030", "specification": {"environment": "residual_mlp", "temporal": "transformer", "fusion": "concat"}, "seed": 42, "epoch": 35, "train_log_mse": 0.284989260698933, "validation_mae": 1.1168631315231323, "best_epoch": 28, "elapsed_seconds": 357.4915629579991}
{"region": "1030", "specification": {"environment": "residual_mlp", "temporal": "transformer", "fusion": "concat"}, "seed": 43, "epoch": 1, "train_log_mse": 1.076427726381801, "validation_mae": 2.635118246078491, "best_epoch": 1, "elapsed_seconds": 10.935379208996892}
{"region": "1030", "specification": {"environment": "residual_mlp", "temporal": "transformer", "fusion": "concat"}, "seed": 43, "epoch": 5, "train_log_mse": 0.39929708095089594, "validation_mae": 1.4047082662582397, "best_epoch": 3, "elapsed_seconds": 54.470730624998396}
{"region": "1030", "specification": {"environment": "residual_mlp", "temporal": "transformer", "fusion": "concat"}, "seed": 43, "epoch": 10, "train_log_mse": 0.3393649366703395, "validation_mae": 1.1493860483169556, "best_epoch": 8, "elapsed_seconds": 115.02503920900199}
{"region": "1030", "specification": {"environment": "residual_mlp", "temporal": "transformer", "fusion": "concat"}, "seed": 43, "epoch": 15, "train_log_mse": 0.3231803834784079, "validation_mae": 1.1665700674057007, "best_epoch": 8, "elapsed_seconds": 174.36492824999732}
{"region": "1030", "specification": {"environment": "residual_mlp", "temporal": "transformer", "fusion": "concat"}, "seed": 43, "epoch": 20, "train_log_mse": 0.3201747553360965, "validation_mae": 1.138948917388916, "best_epoch": 18, "elapsed_seconds": 231.7017295839978}
{"region": "1030", "specification": {"environment": "residual_mlp", "temporal": "transformer", "fusion": "concat"}, "seed": 43, "epoch": 25, "train_log_mse": 0.30823198347923364, "validation_mae": 1.14242422580719, "best_epoch": 18, "elapsed_seconds": 290.0088421249966}
{"region": "1030", "specification": {"environment": "residual_mlp", "temporal": "transformer", "fusion": "concat"}, "seed": 43, "epoch": 30, "train_log_mse": 0.29541927086733843, "validation_mae": 1.0837746858596802, "best_epoch": 27, "elapsed_seconds": 348.7640742090007}
{"region": "1030", "specification": {"environment": "residual_mlp", "temporal": "transformer", "fusion": "concat"}, "seed": 43, "epoch": 35, "train_log_mse": 0.2876691697281659, "validation_mae": 1.0694469213485718, "best_epoch": 33, "elapsed_seconds": 413.30417670899624}
{"region": "1030", "specification": {"environment": "residual_mlp", "temporal": "transformer", "fusion": "concat"}, "seed": 43, "epoch": 40, "train_log_mse": 0.27916666671667417, "validation_mae": 1.0292831659317017, "best_epoch": 40, "elapsed_seconds": 478.7708638749973}
{"region": "1030", "specification": {"environment": "residual_mlp", "temporal": "transformer", "fusion": "concat"}, "seed": 43, "epoch": 45, "train_log_mse": 0.27429599553806666, "validation_mae": 1.0450756549835205, "best_epoch": 40, "elapsed_seconds": 542.1068388749991}
{"region": "1030", "specification": {"environment": "residual_mlp", "temporal": "transformer", "fusion": "concat"}, "seed": 43, "epoch": 50, "train_log_mse": 0.26643046783306246, "validation_mae": 1.0290223360061646, "best_epoch": 47, "elapsed_seconds": 605.647117792003}
{"region": "1030", "specification": {"environment": "residual_mlp", "temporal": "transformer", "fusion": "concat"}, "seed": 43, "epoch": 55, "train_log_mse": 0.2637906935746873, "validation_mae": 1.036073923110962, "best_epoch": 53, "elapsed_seconds": 670.9782342089966}
{"region": "1030", "specification": {"environment": "residual_mlp", "temporal": "transformer", "fusion": "concat"}, "seed": 43, "epoch": 60, "train_log_mse": 0.25894646161238527, "validation_mae": 1.0262759923934937, "best_epoch": 58, "elapsed_seconds": 732.582511749999}
{"region": "1030", "specification": {"environment": "residual_mlp", "temporal": "transformer", "fusion": "concat"}, "seed": 44, "epoch": 1, "train_log_mse": 0.8787407571734281, "validation_mae": 1.5905886888504028, "best_epoch": 1, "elapsed_seconds": 12.720328875002451}
{"region": "1030", "specification": {"environment": "residual_mlp", "temporal": "transformer", "fusion": "concat"}, "seed": 44, "epoch": 5, "train_log_mse": 0.398522975322666, "validation_mae": 1.104894757270813, "best_epoch": 5, "elapsed_seconds": 62.36617112500244}
{"region": "1030", "specification": {"environment": "residual_mlp", "temporal": "transformer", "fusion": "concat"}, "seed": 44, "epoch": 10, "train_log_mse": 0.34601239339520756, "validation_mae": 1.2200583219528198, "best_epoch": 5, "elapsed_seconds": 123.09679150000011}
{"region": "1030", "specification": {"environment": "residual_mlp", "temporal": "transformer", "fusion": "concat"}, "seed": 44, "epoch": 15, "train_log_mse": 0.32912349654045703, "validation_mae": 1.151859998703003, "best_epoch": 5, "elapsed_seconds": 190.2196841670011}
{"region": "1030", "stage_complete": "time", "selected": "gru", "validation_means": {"current": 1.050353765487671, "lag_mlp": 1.0754104057947795, "gru": 1.021476944287618, "lstm": 1.0793185234069824, "transformer": 1.0509109894434612}}
{"region": "1030", "specification": {"environment": "residual_mlp", "temporal": "gru", "fusion": "residual_concat"}, "seed": 42, "epoch": 1, "train_log_mse": 0.9032717772189313, "validation_mae": 1.7529845237731934, "best_epoch": 1, "elapsed_seconds": 6.405651500004751}
{"region": "1030", "specification": {"environment": "residual_mlp", "temporal": "gru", "fusion": "residual_concat"}, "seed": 42, "epoch": 5, "train_log_mse": 0.3904618235209173, "validation_mae": 1.2862458229064941, "best_epoch": 4, "elapsed_seconds": 32.75199175000307}
{"region": "1030", "specification": {"environment": "residual_mlp", "temporal": "gru", "fusion": "residual_concat"}, "seed": 42, "epoch": 10, "train_log_mse": 0.3522640442428611, "validation_mae": 1.203520655632019, "best_epoch": 9, "elapsed_seconds": 65.78105470800074}
{"region": "1030", "specification": {"environment": "residual_mlp", "temporal": "gru", "fusion": "residual_concat"}, "seed": 42, "epoch": 15, "train_log_mse": 0.3321437758806825, "validation_mae": 1.1841037273406982, "best_epoch": 12, "elapsed_seconds": 91.74958179100213}
{"region": "1030", "specification": {"environment": "residual_mlp", "temporal": "gru", "fusion": "residual_concat"}, "seed": 42, "epoch": 20, "train_log_mse": 0.31299830500372344, "validation_mae": 1.0877517461776733, "best_epoch": 20, "elapsed_seconds": 120.7417582909984}
{"region": "1030", "specification": {"environment": "residual_mlp", "temporal": "gru", "fusion": "residual_concat"}, "seed": 42, "epoch": 25, "train_log_mse": 0.3006329362505646, "validation_mae": 1.0596762895584106, "best_epoch": 21, "elapsed_seconds": 146.68364145800297}
{"region": "1030", "specification": {"environment": "residual_mlp", "temporal": "gru", "fusion": "residual_concat"}, "seed": 42, "epoch": 30, "train_log_mse": 0.291106488380961, "validation_mae": 1.0691932439804077, "best_epoch": 26, "elapsed_seconds": 173.86101829100517}
{"region": "1030", "specification": {"environment": "residual_mlp", "temporal": "gru", "fusion": "residual_concat"}, "seed": 42, "epoch": 35, "train_log_mse": 0.28522377738018745, "validation_mae": 1.085831880569458, "best_epoch": 34, "elapsed_seconds": 202.95656208300352}
{"region": "1030", "specification": {"environment": "residual_mlp", "temporal": "gru", "fusion": "residual_concat"}, "seed": 42, "epoch": 40, "train_log_mse": 0.2758041995427986, "validation_mae": 1.059737205505371, "best_epoch": 34, "elapsed_seconds": 231.7688587080047}
{"region": "1030", "specification": {"environment": "residual_mlp", "temporal": "gru", "fusion": "residual_concat"}, "seed": 43, "epoch": 1, "train_log_mse": 1.0659586578540166, "validation_mae": 2.431260824203491, "best_epoch": 1, "elapsed_seconds": 5.9018144580040826}
{"region": "1030", "specification": {"environment": "residual_mlp", "temporal": "gru", "fusion": "residual_concat"}, "seed": 43, "epoch": 5, "train_log_mse": 0.3911737088151016, "validation_mae": 1.272376298904419, "best_epoch": 5, "elapsed_seconds": 28.659889000002295}
{"region": "1030", "specification": {"environment": "residual_mlp", "temporal": "gru", "fusion": "residual_concat"}, "seed": 43, "epoch": 10, "train_log_mse": 0.33907626186449985, "validation_mae": 1.1758822202682495, "best_epoch": 10, "elapsed_seconds": 56.8834500410012}
{"region": "1030", "specification": {"environment": "residual_mlp", "temporal": "gru", "fusion": "residual_concat"}, "seed": 43, "epoch": 15, "train_log_mse": 0.31562626874033134, "validation_mae": 1.138306736946106, "best_epoch": 15, "elapsed_seconds": 83.20061362499837}
{"region": "1030", "specification": {"environment": "residual_mlp", "temporal": "gru", "fusion": "residual_concat"}, "seed": 43, "epoch": 20, "train_log_mse": 0.31176224782536976, "validation_mae": 1.107433557510376, "best_epoch": 18, "elapsed_seconds": 106.38961183300125}
{"region": "1030", "specification": {"environment": "residual_mlp", "temporal": "gru", "fusion": "residual_concat"}, "seed": 43, "epoch": 25, "train_log_mse": 0.2986995827166008, "validation_mae": 1.0784024000167847, "best_epoch": 24, "elapsed_seconds": 129.89892391600006}
{"region": "1030", "specification": {"environment": "residual_mlp", "temporal": "gru", "fusion": "residual_concat"}, "seed": 43, "epoch": 30, "train_log_mse": 0.2848448557858856, "validation_mae": 1.0242364406585693, "best_epoch": 30, "elapsed_seconds": 154.14485791599873}
{"region": "1030", "specification": {"environment": "residual_mlp", "temporal": "gru", "fusion": "residual_concat"}, "seed": 43, "epoch": 35, "train_log_mse": 0.2797793938855531, "validation_mae": 1.0184845924377441, "best_epoch": 33, "elapsed_seconds": 177.8061375410034}
{"region": "1030", "specification": {"environment": "residual_mlp", "temporal": "gru", "fusion": "residual_concat"}, "seed": 43, "epoch": 40, "train_log_mse": 0.273890381939537, "validation_mae": 1.0315523147583008, "best_epoch": 33, "elapsed_seconds": 203.66213012499793}
{"region": "1030", "specification": {"environment": "residual_mlp", "temporal": "gru", "fusion": "residual_concat"}, "seed": 44, "epoch": 1, "train_log_mse": 0.6894653548346709, "validation_mae": 1.3822122812271118, "best_epoch": 1, "elapsed_seconds": 6.168657249996613}
{"region": "1030", "specification": {"environment": "residual_mlp", "temporal": "gru", "fusion": "residual_concat"}, "seed": 44, "epoch": 5, "train_log_mse": 0.37536418113299685, "validation_mae": 1.168310523033142, "best_epoch": 5, "elapsed_seconds": 31.380626209000184}
{"region": "1030", "specification": {"environment": "residual_mlp", "temporal": "gru", "fusion": "residual_concat"}, "seed": 44, "epoch": 10, "train_log_mse": 0.33417755448001285, "validation_mae": 1.197636604309082, "best_epoch": 8, "elapsed_seconds": 60.77659437499824}
{"region": "1030", "specification": {"environment": "residual_mlp", "temporal": "gru", "fusion": "residual_concat"}, "seed": 44, "epoch": 15, "train_log_mse": 0.3191255376866616, "validation_mae": 1.1389917135238647, "best_epoch": 8, "elapsed_seconds": 88.7311815419962}
{"region": "1030", "specification": {"environment": "residual_mlp", "temporal": "gru", "fusion": "residual_concat"}, "seed": 44, "epoch": 20, "train_log_mse": 0.30573687142250333, "validation_mae": 1.112288475036621, "best_epoch": 18, "elapsed_seconds": 120.84981054200034}
{"region": "1030", "specification": {"environment": "residual_mlp", "temporal": "gru", "fusion": "residual_concat"}, "seed": 44, "epoch": 25, "train_log_mse": 0.2978861606902821, "validation_mae": 1.1946851015090942, "best_epoch": 22, "elapsed_seconds": 149.3373444999961}
{"region": "1030", "specification": {"environment": "residual_mlp", "temporal": "gru", "fusion": "residual_concat"}, "seed": 44, "epoch": 30, "train_log_mse": 0.28546343458260237, "validation_mae": 1.2375643253326416, "best_epoch": 22, "elapsed_seconds": 176.6278008750014}
{"region": "1030", "specification": {"environment": "residual_mlp", "temporal": "gru", "fusion": "conditioned"}, "seed": 42, "epoch": 1, "train_log_mse": 0.8922007133822187, "validation_mae": 1.6309534311294556, "best_epoch": 1, "elapsed_seconds": 5.708199250002508}
{"region": "1030", "specification": {"environment": "residual_mlp", "temporal": "gru", "fusion": "conditioned"}, "seed": 42, "epoch": 5, "train_log_mse": 0.38802141492058073, "validation_mae": 1.3122594356536865, "best_epoch": 5, "elapsed_seconds": 28.04831012499926}
{"region": "1030", "specification": {"environment": "residual_mlp", "temporal": "gru", "fusion": "conditioned"}, "seed": 42, "epoch": 10, "train_log_mse": 0.352372695792332, "validation_mae": 1.1801968812942505, "best_epoch": 9, "elapsed_seconds": 52.510996582997905}
{"region": "1030", "specification": {"environment": "residual_mlp", "temporal": "gru", "fusion": "conditioned"}, "seed": 42, "epoch": 15, "train_log_mse": 0.3288420978261475, "validation_mae": 1.1884634494781494, "best_epoch": 12, "elapsed_seconds": 78.39665695800068}
{"region": "1030", "specification": {"environment": "residual_mlp", "temporal": "gru", "fusion": "conditioned"}, "seed": 42, "epoch": 20, "train_log_mse": 0.31049006222717507, "validation_mae": 1.0746768712997437, "best_epoch": 20, "elapsed_seconds": 103.78150595800253}
{"region": "1030", "specification": {"environment": "residual_mlp", "temporal": "gru", "fusion": "conditioned"}, "seed": 42, "epoch": 25, "train_log_mse": 0.3002386320986329, "validation_mae": 1.1296530961990356, "best_epoch": 21, "elapsed_seconds": 130.60279633299797}
{"region": "1030", "specification": {"environment": "residual_mlp", "temporal": "gru", "fusion": "conditioned"}, "seed": 42, "epoch": 30, "train_log_mse": 0.29039010616216604, "validation_mae": 1.096408724784851, "best_epoch": 26, "elapsed_seconds": 158.49435679100134}
{"region": "1030", "specification": {"environment": "residual_mlp", "temporal": "gru", "fusion": "conditioned"}, "seed": 42, "epoch": 35, "train_log_mse": 0.28463169630855345, "validation_mae": 1.0852727890014648, "best_epoch": 34, "elapsed_seconds": 185.44275220800046}
{"region": "1030", "specification": {"environment": "residual_mlp", "temporal": "gru", "fusion": "conditioned"}, "seed": 42, "epoch": 40, "train_log_mse": 0.2741926562855253, "validation_mae": 1.015507698059082, "best_epoch": 34, "elapsed_seconds": 212.26078450000205}
{"region": "1030", "specification": {"environment": "residual_mlp", "temporal": "gru", "fusion": "conditioned"}, "seed": 43, "epoch": 1, "train_log_mse": 1.0602000259670954, "validation_mae": 2.3920745849609375, "best_epoch": 1, "elapsed_seconds": 4.389527874998748}
{"region": "1030", "specification": {"environment": "residual_mlp", "temporal": "gru", "fusion": "conditioned"}, "seed": 43, "epoch": 5, "train_log_mse": 0.386783966283486, "validation_mae": 1.2989157438278198, "best_epoch": 5, "elapsed_seconds": 21.180822083995736}
{"region": "1030", "specification": {"environment": "residual_mlp", "temporal": "gru", "fusion": "conditioned"}, "seed": 43, "epoch": 10, "train_log_mse": 0.3365273824918119, "validation_mae": 1.1799131631851196, "best_epoch": 10, "elapsed_seconds": 41.88065587500023}
{"region": "1030", "specification": {"environment": "residual_mlp", "temporal": "gru", "fusion": "conditioned"}, "seed": 43, "epoch": 15, "train_log_mse": 0.31328164350903265, "validation_mae": 1.15584135055542, "best_epoch": 15, "elapsed_seconds": 63.50041416699969}
{"region": "1030", "specification": {"environment": "residual_mlp", "temporal": "gru", "fusion": "conditioned"}, "seed": 43, "epoch": 20, "train_log_mse": 0.3099688285337813, "validation_mae": 1.1116713285446167, "best_epoch": 18, "elapsed_seconds": 85.66789370899642}
{"region": "1030", "specification": {"environment": "residual_mlp", "temporal": "gru", "fusion": "conditioned"}, "seed": 43, "epoch": 25, "train_log_mse": 0.297489532689736, "validation_mae": 1.1200019121170044, "best_epoch": 24, "elapsed_seconds": 107.45064233399899}
{"region": "1030", "specification": {"environment": "residual_mlp", "temporal": "gru", "fusion": "conditioned"}, "seed": 43, "epoch": 30, "train_log_mse": 0.28465338356198844, "validation_mae": 1.052656650543213, "best_epoch": 30, "elapsed_seconds": 131.67409541699453}
{"region": "1030", "specification": {"environment": "residual_mlp", "temporal": "gru", "fusion": "conditioned"}, "seed": 43, "epoch": 35, "train_log_mse": 0.2830241106449825, "validation_mae": 1.079564094543457, "best_epoch": 33, "elapsed_seconds": 160.5313985419998}
{"region": "1030", "specification": {"environment": "residual_mlp", "temporal": "gru", "fusion": "conditioned"}, "seed": 43, "epoch": 40, "train_log_mse": 0.2737609890285301, "validation_mae": 1.0289887189865112, "best_epoch": 33, "elapsed_seconds": 182.81955199999356}
{"region": "1030", "specification": {"environment": "residual_mlp", "temporal": "gru", "fusion": "conditioned"}, "seed": 44, "epoch": 1, "train_log_mse": 0.6910324674266335, "validation_mae": 1.4034888744354248, "best_epoch": 1, "elapsed_seconds": 4.278712125000311}
{"region": "1030", "specification": {"environment": "residual_mlp", "temporal": "gru", "fusion": "conditioned"}, "seed": 44, "epoch": 5, "train_log_mse": 0.37579095465585366, "validation_mae": 1.1767665147781372, "best_epoch": 5, "elapsed_seconds": 21.422186666000925}
{"region": "1030", "specification": {"environment": "residual_mlp", "temporal": "gru", "fusion": "conditioned"}, "seed": 44, "epoch": 10, "train_log_mse": 0.33548252974718257, "validation_mae": 1.2221229076385498, "best_epoch": 8, "elapsed_seconds": 37.318879665996064}
{"region": "1030", "specification": {"environment": "residual_mlp", "temporal": "gru", "fusion": "conditioned"}, "seed": 44, "epoch": 15, "train_log_mse": 0.31982638132442076, "validation_mae": 1.1732288599014282, "best_epoch": 8, "elapsed_seconds": 52.83808158299507}
{"region": "1030", "specification": {"environment": "residual_mlp", "temporal": "gru", "fusion": "conditioned"}, "seed": 44, "epoch": 20, "train_log_mse": 0.3068787212182423, "validation_mae": 1.1516176462173462, "best_epoch": 18, "elapsed_seconds": 66.91232570799912}
{"region": "1030", "specification": {"environment": "residual_mlp", "temporal": "gru", "fusion": "conditioned"}, "seed": 44, "epoch": 25, "train_log_mse": 0.29731835326008266, "validation_mae": 1.2171776294708252, "best_epoch": 22, "elapsed_seconds": 78.86393262499769}
{"region": "1030", "specification": {"environment": "residual_mlp", "temporal": "gru", "fusion": "conditioned"}, "seed": 44, "epoch": 30, "train_log_mse": 0.28471977002101945, "validation_mae": 1.2832176685333252, "best_epoch": 27, "elapsed_seconds": 90.64557008299744}
{"region": "1030", "specification": {"environment": "residual_mlp", "temporal": "gru", "fusion": "conditioned"}, "seed": 44, "epoch": 35, "train_log_mse": 0.27961375778748826, "validation_mae": 1.1060912609100342, "best_epoch": 27, "elapsed_seconds": 102.7852005829991}
{"region": "1030", "specification": {"environment": "residual_mlp", "temporal": "gru", "fusion": "conditioned"}, "seed": 44, "epoch": 40, "train_log_mse": 0.269353066019552, "validation_mae": 1.0171312093734741, "best_epoch": 40, "elapsed_seconds": 114.56288316599966}
{"region": "1030", "specification": {"environment": "residual_mlp", "temporal": "gru", "fusion": "conditioned"}, "seed": 44, "epoch": 45, "train_log_mse": 0.26281382277843796, "validation_mae": 1.094758152961731, "best_epoch": 40, "elapsed_seconds": 126.35122499999852}
{"region": "1030", "specification": {"environment": "residual_mlp", "temporal": "gru", "fusion": "conditioned"}, "seed": 44, "epoch": 50, "train_log_mse": 0.2618845241187702, "validation_mae": 1.1063637733459473, "best_epoch": 40, "elapsed_seconds": 138.309957999998}
{"region": "1030", "specification": {"environment": "residual_mlp", "temporal": "gru", "fusion": "gated"}, "seed": 42, "epoch": 1, "train_log_mse": 0.9087909581843829, "validation_mae": 1.7222381830215454, "best_epoch": 1, "elapsed_seconds": 3.996247208000568}
{"region": "1030", "specification": {"environment": "residual_mlp", "temporal": "gru", "fusion": "gated"}, "seed": 42, "epoch": 5, "train_log_mse": 0.39279141499691217, "validation_mae": 1.260165810585022, "best_epoch": 5, "elapsed_seconds": 19.260858458001167}
{"region": "1030", "specification": {"environment": "residual_mlp", "temporal": "gru", "fusion": "gated"}, "seed": 42, "epoch": 10, "train_log_mse": 0.3531845568344781, "validation_mae": 1.2014577388763428, "best_epoch": 9, "elapsed_seconds": 37.9229276249971}
{"region": "1030", "specification": {"environment": "residual_mlp", "temporal": "gru", "fusion": "gated"}, "seed": 42, "epoch": 15, "train_log_mse": 0.3336061052534857, "validation_mae": 1.1846773624420166, "best_epoch": 12, "elapsed_seconds": 56.79846704100055}
{"region": "1030", "specification": {"environment": "residual_mlp", "temporal": "gru", "fusion": "gated"}, "seed": 42, "epoch": 20, "train_log_mse": 0.31458406314281645, "validation_mae": 1.0786727666854858, "best_epoch": 20, "elapsed_seconds": 76.12625554099941}
{"region": "1030", "specification": {"environment": "residual_mlp", "temporal": "gru", "fusion": "gated"}, "seed": 42, "epoch": 25, "train_log_mse": 0.3008955131412994, "validation_mae": 1.0877279043197632, "best_epoch": 21, "elapsed_seconds": 95.10958137499983}
{"region": "1030", "specification": {"environment": "residual_mlp", "temporal": "gru", "fusion": "gated"}, "seed": 42, "epoch": 30, "train_log_mse": 0.2906133178974977, "validation_mae": 1.093209981918335, "best_epoch": 28, "elapsed_seconds": 113.0025961249994}
{"region": "1030", "specification": {"environment": "residual_mlp", "temporal": "gru", "fusion": "gated"}, "seed": 42, "epoch": 35, "train_log_mse": 0.2838587518545182, "validation_mae": 1.1173452138900757, "best_epoch": 34, "elapsed_seconds": 124.90429591599968}
{"region": "1030", "specification": {"environment": "residual_mlp", "temporal": "gru", "fusion": "gated"}, "seed": 42, "epoch": 40, "train_log_mse": 0.2766275275551737, "validation_mae": 1.0594149827957153, "best_epoch": 34, "elapsed_seconds": 136.6386671250002}
{"region": "1030", "specification": {"environment": "residual_mlp", "temporal": "gru", "fusion": "gated"}, "seed": 43, "epoch": 1, "train_log_mse": 1.0732330841343496, "validation_mae": 2.4790985584259033, "best_epoch": 1, "elapsed_seconds": 2.736042875003477}
{"region": "1030", "specification": {"environment": "residual_mlp", "temporal": "gru", "fusion": "gated"}, "seed": 43, "epoch": 5, "train_log_mse": 0.3902670282985172, "validation_mae": 1.276332139968872, "best_epoch": 5, "elapsed_seconds": 12.306745499998215}
{"region": "1030", "specification": {"environment": "residual_mlp", "temporal": "gru", "fusion": "gated"}, "seed": 43, "epoch": 10, "train_log_mse": 0.33909046899579687, "validation_mae": 1.1808539628982544, "best_epoch": 10, "elapsed_seconds": 24.08312083400233}
{"region": "1030", "specification": {"environment": "residual_mlp", "temporal": "gru", "fusion": "gated"}, "seed": 43, "epoch": 15, "train_log_mse": 0.31558389788402497, "validation_mae": 1.1484501361846924, "best_epoch": 15, "elapsed_seconds": 35.63251820900041}
{"region": "1030", "specification": {"environment": "residual_mlp", "temporal": "gru", "fusion": "gated"}, "seed": 43, "epoch": 20, "train_log_mse": 0.3103292538533461, "validation_mae": 1.1023211479187012, "best_epoch": 18, "elapsed_seconds": 47.10128204200009}
{"region": "1030", "specification": {"environment": "residual_mlp", "temporal": "gru", "fusion": "gated"}, "seed": 43, "epoch": 25, "train_log_mse": 0.30092235141747026, "validation_mae": 1.0733071565628052, "best_epoch": 18, "elapsed_seconds": 58.6646257090033}
{"region": "1030", "specification": {"environment": "residual_mlp", "temporal": "gru", "fusion": "gated"}, "seed": 43, "epoch": 30, "train_log_mse": 0.286967500966625, "validation_mae": 1.0322279930114746, "best_epoch": 30, "elapsed_seconds": 70.55436325000483}
{"region": "1030", "specification": {"environment": "residual_mlp", "temporal": "gru", "fusion": "gated"}, "seed": 43, "epoch": 35, "train_log_mse": 0.28196360530221304, "validation_mae": 1.0312529802322388, "best_epoch": 33, "elapsed_seconds": 82.36404954200407}
{"region": "1030", "specification": {"environment": "residual_mlp", "temporal": "gru", "fusion": "gated"}, "seed": 43, "epoch": 40, "train_log_mse": 0.2737042887725845, "validation_mae": 1.0208020210266113, "best_epoch": 33, "elapsed_seconds": 94.37483908400463}
{"region": "1030", "specification": {"environment": "residual_mlp", "temporal": "gru", "fusion": "gated"}, "seed": 44, "epoch": 1, "train_log_mse": 0.6973508002776545, "validation_mae": 1.36932373046875, "best_epoch": 1, "elapsed_seconds": 2.831073583001853}
{"region": "1030", "specification": {"environment": "residual_mlp", "temporal": "gru", "fusion": "gated"}, "seed": 44, "epoch": 5, "train_log_mse": 0.37603507727815294, "validation_mae": 1.1566873788833618, "best_epoch": 5, "elapsed_seconds": 12.865120292000938}
{"region": "1030", "specification": {"environment": "residual_mlp", "temporal": "gru", "fusion": "gated"}, "seed": 44, "epoch": 10, "train_log_mse": 0.3358374072344837, "validation_mae": 1.2004668712615967, "best_epoch": 8, "elapsed_seconds": 24.926562874999945}
{"region": "1030", "specification": {"environment": "residual_mlp", "temporal": "gru", "fusion": "gated"}, "seed": 44, "epoch": 15, "train_log_mse": 0.3220272609915849, "validation_mae": 1.143686056137085, "best_epoch": 8, "elapsed_seconds": 38.8702064579993}
{"region": "1030", "specification": {"environment": "residual_mlp", "temporal": "gru", "fusion": "gated"}, "seed": 44, "epoch": 20, "train_log_mse": 0.3091064556640529, "validation_mae": 1.1247859001159668, "best_epoch": 18, "elapsed_seconds": 51.297155125001154}
{"region": "1030", "specification": {"environment": "residual_mlp", "temporal": "gru", "fusion": "gated"}, "seed": 44, "epoch": 25, "train_log_mse": 0.30020886838359945, "validation_mae": 1.197985291481018, "best_epoch": 22, "elapsed_seconds": 63.42369104200043}
{"region": "1030", "specification": {"environment": "residual_mlp", "temporal": "gru", "fusion": "gated"}, "seed": 44, "epoch": 30, "train_log_mse": 0.28690356587533833, "validation_mae": 1.2224668264389038, "best_epoch": 27, "elapsed_seconds": 75.49605237499782}
{"region": "1030", "specification": {"environment": "residual_mlp", "temporal": "gru", "fusion": "gated"}, "seed": 44, "epoch": 35, "train_log_mse": 0.28082662748734916, "validation_mae": 1.1081743240356445, "best_epoch": 27, "elapsed_seconds": 87.43463466699905}
{"region": "1030", "specification": {"environment": "residual_mlp", "temporal": "gru", "fusion": "gated"}, "seed": 44, "epoch": 40, "train_log_mse": 0.2695356786643705, "validation_mae": 1.0228718519210815, "best_epoch": 37, "elapsed_seconds": 99.35870683300163}
{"region": "1030", "specification": {"environment": "residual_mlp", "temporal": "gru", "fusion": "gated"}, "seed": 44, "epoch": 45, "train_log_mse": 0.26308400055942793, "validation_mae": 1.060659646987915, "best_epoch": 37, "elapsed_seconds": 111.12907966700004}
{"region": "1030", "stage_complete": "fusion", "selected": "conditioned", "validation_means": {"concat": 1.021476944287618, "residual_concat": 1.0125308235486348, "conditioned": 1.0005146265029907, "gated": 1.0030340552330017}}
{"region": "1030", "complete": true, "unique_fits": 33, "query_cells": 1001}
