{"region": "1019", "specification": {"environment": "constant", "temporal": "gru", "fusion": "concat"}, "seed": 42, "epoch": 1, "train_log_mse": 1.0038475172584052, "validation_mae": 1.9361752271652222, "best_epoch": 1, "elapsed_seconds": 4.266856666996318}
{"region": "1019", "specification": {"environment": "constant", "temporal": "gru", "fusion": "concat"}, "seed": 42, "epoch": 5, "train_log_mse": 0.779296575393001, "validation_mae": 1.7460628747940063, "best_epoch": 5, "elapsed_seconds": 19.45679433299665}
{"region": "1019", "specification": {"environment": "constant", "temporal": "gru", "fusion": "concat"}, "seed": 42, "epoch": 10, "train_log_mse": 0.7448184728088151, "validation_mae": 1.7743077278137207, "best_epoch": 9, "elapsed_seconds": 39.336974707999616}
{"region": "1019", "specification": {"environment": "constant", "temporal": "gru", "fusion": "concat"}, "seed": 42, "epoch": 15, "train_log_mse": 0.7353261024182818, "validation_mae": 1.7423151731491089, "best_epoch": 9, "elapsed_seconds": 60.20899741700123}
{"region": "1019", "specification": {"environment": "constant", "temporal": "gru", "fusion": "concat"}, "seed": 43, "epoch": 1, "train_log_mse": 1.1011552429036389, "validation_mae": 1.8145767450332642, "best_epoch": 1, "elapsed_seconds": 4.375368166998669}
{"region": "1019", "specification": {"environment": "constant", "temporal": "gru", "fusion": "concat"}, "seed": 43, "epoch": 5, "train_log_mse": 0.8119574996529769, "validation_mae": 1.7854379415512085, "best_epoch": 5, "elapsed_seconds": 21.362911417003488}
{"region": "1019", "specification": {"environment": "constant", "temporal": "gru", "fusion": "concat"}, "seed": 43, "epoch": 10, "train_log_mse": 0.7535423219375683, "validation_mae": 1.756879448890686, "best_epoch": 10, "elapsed_seconds": 43.769946917003836}
{"region": "1019", "specification": {"environment": "constant", "temporal": "gru", "fusion": "concat"}, "seed": 43, "epoch": 15, "train_log_mse": 0.709753353813773, "validation_mae": 1.6820520162582397, "best_epoch": 15, "elapsed_seconds": 67.65198000000237}
{"region": "1019", "specification": {"environment": "constant", "temporal": "gru", "fusion": "concat"}, "seed": 43, "epoch": 20, "train_log_mse": 0.6380019732898536, "validation_mae": 1.785909652709961, "best_epoch": 15, "elapsed_seconds": 91.02799491699989}
{"region": "1019", "specification": {"environment": "constant", "temporal": "gru", "fusion": "concat"}, "seed": 43, "epoch": 25, "train_log_mse": 0.6023804368770259, "validation_mae": 1.843423843383789, "best_epoch": 15, "elapsed_seconds": 114.84153891700407}
{"region": "1019", "specification": {"environment": "constant", "temporal": "gru", "fusion": "concat"}, "seed": 44, "epoch": 1, "train_log_mse": 0.9641094604661531, "validation_mae": 1.882439374923706, "best_epoch": 1, "elapsed_seconds": 6.339192459003243}
{"region": "1019", "specification": {"environment": "constant", "temporal": "gru", "fusion": "concat"}, "seed": 44, "epoch": 5, "train_log_mse": 0.8059409449594327, "validation_mae": 1.7277679443359375, "best_epoch": 5, "elapsed_seconds": 30.88568908400339}
{"region": "1019", "specification": {"environment": "constant", "temporal": "gru", "fusion": "concat"}, "seed": 44, "epoch": 10, "train_log_mse": 0.7551231754715345, "validation_mae": 1.7163952589035034, "best_epoch": 9, "elapsed_seconds": 62.43768829200417}
{"region": "1019", "specification": {"environment": "constant", "temporal": "gru", "fusion": "concat"}, "seed": 44, "epoch": 15, "train_log_mse": 0.7283955558668573, "validation_mae": 1.7125436067581177, "best_epoch": 12, "elapsed_seconds": 90.51957787500578}
{"region": "1019", "specification": {"environment": "constant", "temporal": "gru", "fusion": "concat"}, "seed": 44, "epoch": 20, "train_log_mse": 0.7194950900405006, "validation_mae": 1.7123440504074097, "best_epoch": 12, "elapsed_seconds": 119.79398725000647}
{"region": "1019", "specification": {"environment": "linear", "temporal": "gru", "fusion": "concat"}, "seed": 42, "epoch": 1, "train_log_mse": 0.8562767477404942, "validation_mae": 2.937269687652588, "best_epoch": 1, "elapsed_seconds": 6.698357000001124}
{"region": "1019", "specification": {"environment": "linear", "temporal": "gru", "fusion": "concat"}, "seed": 42, "epoch": 5, "train_log_mse": 0.36340983513642905, "validation_mae": 1.987287998199463, "best_epoch": 3, "elapsed_seconds": 31.344125875002646}
{"region": "1019", "specification": {"environment": "linear", "temporal": "gru", "fusion": "concat"}, "seed": 42, "epoch": 10, "train_log_mse": 0.3411390674799894, "validation_mae": 1.7385908365249634, "best_epoch": 7, "elapsed_seconds": 65.4862930829986}
{"region": "1019", "specification": {"environment": "linear", "temporal": "gru", "fusion": "concat"}, "seed": 42, "epoch": 15, "train_log_mse": 0.3271136635485307, "validation_mae": 1.6042355298995972, "best_epoch": 7, "elapsed_seconds": 96.83972016599728}
{"region": "1019", "specification": {"environment": "linear", "temporal": "gru", "fusion": "concat"}, "seed": 43, "epoch": 1, "train_log_mse": 0.9338819996141062, "validation_mae": 2.6208746433258057, "best_epoch": 1, "elapsed_seconds": 6.035009209001146}
{"region": "1019", "specification": {"environment": "linear", "temporal": "gru", "fusion": "concat"}, "seed": 43, "epoch": 5, "train_log_mse": 0.37545330213286837, "validation_mae": 1.602672815322876, "best_epoch": 2, "elapsed_seconds": 29.807013417004782}
{"region": "1019", "specification": {"environment": "linear", "temporal": "gru", "fusion": "concat"}, "seed": 43, "epoch": 10, "train_log_mse": 0.3418493290210073, "validation_mae": 1.5610859394073486, "best_epoch": 6, "elapsed_seconds": 62.36119320900616}
{"region": "1019", "specification": {"environment": "linear", "temporal": "gru", "fusion": "concat"}, "seed": 43, "epoch": 15, "train_log_mse": 0.32935486800540104, "validation_mae": 1.4005563259124756, "best_epoch": 15, "elapsed_seconds": 94.64716041700012}
{"region": "1019", "specification": {"environment": "linear", "temporal": "gru", "fusion": "concat"}, "seed": 43, "epoch": 20, "train_log_mse": 0.3147134737123256, "validation_mae": 1.4478957653045654, "best_epoch": 15, "elapsed_seconds": 128.33833333400253}
{"region": "1019", "specification": {"environment": "linear", "temporal": "gru", "fusion": "concat"}, "seed": 43, "epoch": 25, "train_log_mse": 0.30836173124621713, "validation_mae": 1.632714867591858, "best_epoch": 21, "elapsed_seconds": 160.49931479200313}
{"region": "1019", "specification": {"environment": "linear", "temporal": "gru", "fusion": "concat"}, "seed": 43, "epoch": 30, "train_log_mse": 0.2970165610504232, "validation_mae": 1.4908583164215088, "best_epoch": 21, "elapsed_seconds": 194.5109897500006}
{"region": "1019", "specification": {"environment": "linear", "temporal": "gru", "fusion": "concat"}, "seed": 44, "epoch": 1, "train_log_mse": 0.668127299907075, "validation_mae": 1.8912365436553955, "best_epoch": 1, "elapsed_seconds": 6.43728341699898}
{"region": "1019", "specification": {"environment": "linear", "temporal": "gru", "fusion": "concat"}, "seed": 44, "epoch": 5, "train_log_mse": 0.3631401440591215, "validation_mae": 1.813529372215271, "best_epoch": 3, "elapsed_seconds": 35.30556487500144}
{"region": "1019", "specification": {"environment": "linear", "temporal": "gru", "fusion": "concat"}, "seed": 44, "epoch": 10, "train_log_mse": 0.3416153367689485, "validation_mae": 1.5487496852874756, "best_epoch": 10, "elapsed_seconds": 69.41171466699598}
{"region": "1019", "specification": {"environment": "linear", "temporal": "gru", "fusion": "concat"}, "seed": 44, "epoch": 15, "train_log_mse": 0.3267637307152093, "validation_mae": 1.594455599784851, "best_epoch": 14, "elapsed_seconds": 101.77865483299684}
{"region": "1019", "specification": {"environment": "linear", "temporal": "gru", "fusion": "concat"}, "seed": 44, "epoch": 20, "train_log_mse": 0.3155300452607175, "validation_mae": 1.766371488571167, "best_epoch": 19, "elapsed_seconds": 135.44039629199688}
{"region": "1019", "specification": {"environment": "linear", "temporal": "gru", "fusion": "concat"}, "seed": 44, "epoch": 25, "train_log_mse": 0.3030197816042136, "validation_mae": 1.629989504814148, "best_epoch": 19, "elapsed_seconds": 175.38043120799557}
{"region": "1019", "specification": {"environment": "linear", "temporal": "gru", "fusion": "concat"}, "seed": 44, "epoch": 30, "train_log_mse": 0.2994557723534958, "validation_mae": 1.5958799123764038, "best_epoch": 29, "elapsed_seconds": 210.0286106249987}
{"region": "1019", "specification": {"environment": "linear", "temporal": "gru", "fusion": "concat"}, "seed": 44, "epoch": 35, "train_log_mse": 0.28776209978497075, "validation_mae": 1.5440342426300049, "best_epoch": 32, "elapsed_seconds": 242.01767829199525}
{"region": "1019", "specification": {"environment": "linear", "temporal": "gru", "fusion": "concat"}, "seed": 44, "epoch": 40, "train_log_mse": 0.27976694861161594, "validation_mae": 1.7179926633834839, "best_epoch": 32, "elapsed_seconds": 274.13860308299627}
{"region": "1019", "specification": {"environment": "mlp", "temporal": "gru", "fusion": "concat"}, "seed": 42, "epoch": 1, "train_log_mse": 0.8955220340626584, "validation_mae": 3.0075817108154297, "best_epoch": 1, "elapsed_seconds": 7.177521125006024}
{"region": "1019", "specification": {"environment": "mlp", "temporal": "gru", "fusion": "concat"}, "seed": 42, "epoch": 5, "train_log_mse": 0.395448785036303, "validation_mae": 2.1347477436065674, "best_epoch": 3, "elapsed_seconds": 34.52116995899996}
{"region": "1019", "specification": {"environment": "mlp", "temporal": "gru", "fusion": "concat"}, "seed": 42, "epoch": 10, "train_log_mse": 0.35122781618594767, "validation_mae": 1.8527971506118774, "best_epoch": 8, "elapsed_seconds": 68.1629082090003}
{"region": "1019", "specification": {"environment": "mlp", "temporal": "gru", "fusion": "concat"}, "seed": 42, "epoch": 15, "train_log_mse": 0.332427273462198, "validation_mae": 1.7077926397323608, "best_epoch": 8, "elapsed_seconds": 101.12065079199965}
{"region": "1019", "specification": {"environment": "mlp", "temporal": "gru", "fusion": "concat"}, "seed": 42, "epoch": 20, "train_log_mse": 0.3211024301358163, "validation_mae": 1.6418336629867554, "best_epoch": 17, "elapsed_seconds": 135.03536387500208}
{"region": "1019", "specification": {"environment": "mlp", "temporal": "gru", "fusion": "concat"}, "seed": 42, "epoch": 25, "train_log_mse": 0.31455341192971503, "validation_mae": 1.4983203411102295, "best_epoch": 25, "elapsed_seconds": 171.950999708999}
{"region": "1019", "specification": {"environment": "mlp", "temporal": "gru", "fusion": "concat"}, "seed": 42, "epoch": 30, "train_log_mse": 0.3019907162342391, "validation_mae": 1.511238694190979, "best_epoch": 25, "elapsed_seconds": 205.69482037499984}
{"region": "1019", "specification": {"environment": "mlp", "temporal": "gru", "fusion": "concat"}, "seed": 42, "epoch": 35, "train_log_mse": 0.2908594100735585, "validation_mae": 1.4697872400283813, "best_epoch": 35, "elapsed_seconds": 238.8481056669989}
{"region": "1019", "specification": {"environment": "mlp", "temporal": "gru", "fusion": "concat"}, "seed": 42, "epoch": 40, "train_log_mse": 0.28256544406863593, "validation_mae": 1.5421271324157715, "best_epoch": 35, "elapsed_seconds": 272.38699408400134}
{"region": "1019", "specification": {"environment": "mlp", "temporal": "gru", "fusion": "concat"}, "seed": 42, "epoch": 45, "train_log_mse": 0.27618545631552793, "validation_mae": 1.513183355331421, "best_epoch": 35, "elapsed_seconds": 305.7369392920009}
{"region": "1019", "specification": {"environment": "mlp", "temporal": "gru", "fusion": "concat"}, "seed": 43, "epoch": 1, "train_log_mse": 1.0876558242975336, "validation_mae": 1.7994872331619263, "best_epoch": 1, "elapsed_seconds": 10.144027208007174}
{"region": "1019", "specification": {"environment": "mlp", "temporal": "gru", "fusion": "concat"}, "seed": 43, "epoch": 5, "train_log_mse": 0.42037271840151796, "validation_mae": 1.548298716545105, "best_epoch": 5, "elapsed_seconds": 48.45627654100099}
{"region": "1019", "specification": {"environment": "mlp", "temporal": "gru", "fusion": "concat"}, "seed": 43, "epoch": 10, "train_log_mse": 0.3485087068138656, "validation_mae": 1.5169271230697632, "best_epoch": 10, "elapsed_seconds": 76.00461287500366}
{"region": "1019", "specification": {"environment": "mlp", "temporal": "gru", "fusion": "concat"}, "seed": 43, "epoch": 15, "train_log_mse": 0.33523655314288264, "validation_mae": 1.5997787714004517, "best_epoch": 10, "elapsed_seconds": 98.4494839580002}
{"region": "1019", "specification": {"environment": "mlp", "temporal": "gru", "fusion": "concat"}, "seed": 43, "epoch": 20, "train_log_mse": 0.3226721615740945, "validation_mae": 1.5637916326522827, "best_epoch": 10, "elapsed_seconds": 123.97500595800375}
{"region": "1019", "specification": {"environment": "mlp", "temporal": "gru", "fusion": "concat"}, "seed": 44, "epoch": 1, "train_log_mse": 0.8676291956182555, "validation_mae": 1.8145557641983032, "best_epoch": 1, "elapsed_seconds": 4.559968542002025}
{"region": "1019", "specification": {"environment": "mlp", "temporal": "gru", "fusion": "concat"}, "seed": 44, "epoch": 5, "train_log_mse": 0.39590465906729577, "validation_mae": 1.8261909484863281, "best_epoch": 4, "elapsed_seconds": 23.145545750005112}
{"region": "1019", "specification": {"environment": "mlp", "temporal": "gru", "fusion": "concat"}, "seed": 44, "epoch": 10, "train_log_mse": 0.35087340553063057, "validation_mae": 1.7171393632888794, "best_epoch": 7, "elapsed_seconds": 45.030849334005325}
{"region": "1019", "specification": {"environment": "mlp", "temporal": "gru", "fusion": "concat"}, "seed": 44, "epoch": 15, "train_log_mse": 0.332811984317736, "validation_mae": 1.5907970666885376, "best_epoch": 7, "elapsed_seconds": 67.89199954200012}
{"region": "1019", "specification": {"environment": "mlp", "temporal": "gru", "fusion": "concat"}, "seed": 44, "epoch": 20, "train_log_mse": 0.32069537576266915, "validation_mae": 1.8010578155517578, "best_epoch": 19, "elapsed_seconds": 90.01798033399973}
{"region": "1019", "specification": {"environment": "mlp", "temporal": "gru", "fusion": "concat"}, "seed": 44, "epoch": 25, "train_log_mse": 0.3117548073766682, "validation_mae": 1.956644892692566, "best_epoch": 19, "elapsed_seconds": 113.58075533399824}
{"region": "1019", "specification": {"environment": "residual_mlp", "temporal": "gru", "fusion": "concat"}, "seed": 42, "epoch": 1, "train_log_mse": 0.8852865145639223, "validation_mae": 2.9678215980529785, "best_epoch": 1, "elapsed_seconds": 4.710189583005558}
{"region": "1019", "specification": {"environment": "residual_mlp", "temporal": "gru", "fusion": "concat"}, "seed": 42, "epoch": 5, "train_log_mse": 0.3808957446843987, "validation_mae": 1.9591072797775269, "best_epoch": 5, "elapsed_seconds": 23.133138541001244}
{"region": "1019", "specification": {"environment": "residual_mlp", "temporal": "gru", "fusion": "concat"}, "seed": 42, "epoch": 10, "train_log_mse": 0.34444386945591576, "validation_mae": 1.5720608234405518, "best_epoch": 10, "elapsed_seconds": 45.277255916000286}
{"region": "1019", "specification": {"environment": "residual_mlp", "temporal": "gru", "fusion": "concat"}, "seed": 42, "epoch": 15, "train_log_mse": 0.32797010806642085, "validation_mae": 1.5186803340911865, "best_epoch": 15, "elapsed_seconds": 68.24189429100079}
{"region": "1019", "specification": {"environment": "residual_mlp", "temporal": "gru", "fusion": "concat"}, "seed": 42, "epoch": 20, "train_log_mse": 0.3129342355668106, "validation_mae": 1.629022479057312, "best_epoch": 16, "elapsed_seconds": 91.11940829100058}
{"region": "1019", "specification": {"environment": "residual_mlp", "temporal": "gru", "fusion": "concat"}, "seed": 42, "epoch": 25, "train_log_mse": 0.3063450675803968, "validation_mae": 1.4215452671051025, "best_epoch": 25, "elapsed_seconds": 114.62782741599949}
{"region": "1019", "specification": {"environment": "residual_mlp", "temporal": "gru", "fusion": "concat"}, "seed": 42, "epoch": 30, "train_log_mse": 0.2968095741357458, "validation_mae": 1.5374507904052734, "best_epoch": 25, "elapsed_seconds": 137.4841639580045}
{"region": "1019", "specification": {"environment": "residual_mlp", "temporal": "gru", "fusion": "concat"}, "seed": 42, "epoch": 35, "train_log_mse": 0.2869792112277801, "validation_mae": 1.5204499959945679, "best_epoch": 25, "elapsed_seconds": 160.58883983299893}
{"region": "1019", "specification": {"environment": "residual_mlp", "temporal": "gru", "fusion": "concat"}, "seed": 43, "epoch": 1, "train_log_mse": 1.1252763386075977, "validation_mae": 1.8009967803955078, "best_epoch": 1, "elapsed_seconds": 4.84970041699853}
{"region": "1019", "specification": {"environment": "residual_mlp", "temporal": "gru", "fusion": "concat"}, "seed": 43, "epoch": 5, "train_log_mse": 0.40699947830605643, "validation_mae": 1.4705454111099243, "best_epoch": 5, "elapsed_seconds": 23.323901542004023}
{"region": "1019", "specification": {"environment": "residual_mlp", "temporal": "gru", "fusion": "concat"}, "seed": 43, "epoch": 10, "train_log_mse": 0.34291971654650777, "validation_mae": 1.5510692596435547, "best_epoch": 5, "elapsed_seconds": 46.51594399999885}
{"region": "1019", "specification": {"environment": "residual_mlp", "temporal": "gru", "fusion": "concat"}, "seed": 43, "epoch": 15, "train_log_mse": 0.3281087332939137, "validation_mae": 1.4834866523742676, "best_epoch": 5, "elapsed_seconds": 72.3560617500043}
{"region": "1019", "specification": {"environment": "residual_mlp", "temporal": "gru", "fusion": "concat"}, "seed": 44, "epoch": 1, "train_log_mse": 0.7502809401803102, "validation_mae": 2.4666905403137207, "best_epoch": 1, "elapsed_seconds": 5.744969874998787}
{"region": "1019", "specification": {"environment": "residual_mlp", "temporal": "gru", "fusion": "concat"}, "seed": 44, "epoch": 5, "train_log_mse": 0.373627017547018, "validation_mae": 1.7259231805801392, "best_epoch": 4, "elapsed_seconds": 26.278886291998788}
{"region": "1019", "specification": {"environment": "residual_mlp", "temporal": "gru", "fusion": "concat"}, "seed": 44, "epoch": 10, "train_log_mse": 0.3398110960937083, "validation_mae": 1.6548068523406982, "best_epoch": 7, "elapsed_seconds": 52.211390583004686}
{"region": "1019", "specification": {"environment": "residual_mlp", "temporal": "gru", "fusion": "concat"}, "seed": 44, "epoch": 15, "train_log_mse": 0.3241891304287225, "validation_mae": 1.6700408458709717, "best_epoch": 7, "elapsed_seconds": 78.80796625000221}
{"region": "1019", "specification": {"environment": "residual_mlp", "temporal": "gru", "fusion": "concat"}, "seed": 44, "epoch": 20, "train_log_mse": 0.3114965054360694, "validation_mae": 1.76240873336792, "best_epoch": 19, "elapsed_seconds": 104.43292133300565}
{"region": "1019", "specification": {"environment": "residual_mlp", "temporal": "gru", "fusion": "concat"}, "seed": 44, "epoch": 25, "train_log_mse": 0.30344725810225903, "validation_mae": 1.8658894300460815, "best_epoch": 19, "elapsed_seconds": 131.80936454200128}
{"region": "1019", "stage_complete": "environment", "selected": "linear", "validation_means": {"constant": 1.6909401416778564, "linear": 1.4597224394480388, "mlp": 1.5083858569463093, "residual_mlp": 1.4720807075500488}}
{"region": "1019", "specification": {"environment": "linear", "temporal": "current", "fusion": "concat"}, "seed": 42, "epoch": 1, "train_log_mse": 0.8182467699890495, "validation_mae": 2.8958659172058105, "best_epoch": 1, "elapsed_seconds": 4.1431830000001355}
{"region": "1019", "specification": {"environment": "linear", "temporal": "current", "fusion": "concat"}, "seed": 42, "epoch": 5, "train_log_mse": 0.3701247452493793, "validation_mae": 1.791466474533081, "best_epoch": 4, "elapsed_seconds": 20.395086041993636}
{"region": "1019", "specification": {"environment": "linear", "temporal": "current", "fusion": "concat"}, "seed": 42, "epoch": 10, "train_log_mse": 0.34502929664703813, "validation_mae": 1.722827434539795, "best_epoch": 7, "elapsed_seconds": 40.35160966699914}
{"region": "1019", "specification": {"environment": "linear", "temporal": "current", "fusion": "concat"}, "seed": 42, "epoch": 15, "train_log_mse": 0.33349570377241167, "validation_mae": 1.540284514427185, "best_epoch": 15, "elapsed_seconds": 60.29671299999609}
{"region": "1019", "specification": {"environment": "linear", "temporal": "current", "fusion": "concat"}, "seed": 42, "epoch": 20, "train_log_mse": 0.32085478134082, "validation_mae": 1.6758579015731812, "best_epoch": 15, "elapsed_seconds": 79.78088058299909}
{"region": "1019", "specification": {"environment": "linear", "temporal": "current", "fusion": "concat"}, "seed": 42, "epoch": 25, "train_log_mse": 0.31363836249169436, "validation_mae": 1.4576913118362427, "best_epoch": 25, "elapsed_seconds": 99.94227449999744}
{"region": "1019", "specification": {"environment": "linear", "temporal": "current", "fusion": "concat"}, "seed": 42, "epoch": 30, "train_log_mse": 0.3015764183734018, "validation_mae": 1.6566697359085083, "best_epoch": 25, "elapsed_seconds": 120.76164149999386}
{"region": "1019", "specification": {"environment": "linear", "temporal": "current", "fusion": "concat"}, "seed": 42, "epoch": 35, "train_log_mse": 0.29418580736374605, "validation_mae": 1.5394620895385742, "best_epoch": 33, "elapsed_seconds": 141.21348120799667}
{"region": "1019", "specification": {"environment": "linear", "temporal": "current", "fusion": "concat"}, "seed": 42, "epoch": 40, "train_log_mse": 0.2861898273862473, "validation_mae": 1.458335518836975, "best_epoch": 33, "elapsed_seconds": 161.68900991699775}
{"region": "1019", "specification": {"environment": "linear", "temporal": "current", "fusion": "concat"}, "seed": 43, "epoch": 1, "train_log_mse": 0.8558735223122282, "validation_mae": 1.9301408529281616, "best_epoch": 1, "elapsed_seconds": 4.356746874997043}
{"region": "1019", "specification": {"environment": "linear", "temporal": "current", "fusion": "concat"}, "seed": 43, "epoch": 5, "train_log_mse": 0.38039167544819125, "validation_mae": 1.5552183389663696, "best_epoch": 2, "elapsed_seconds": 24.06401662499411}
{"region": "1019", "specification": {"environment": "linear", "temporal": "current", "fusion": "concat"}, "seed": 43, "epoch": 10, "train_log_mse": 0.3463467247978929, "validation_mae": 1.5692118406295776, "best_epoch": 2, "elapsed_seconds": 45.520543124999676}
{"region": "1019", "specification": {"environment": "linear", "temporal": "current", "fusion": "concat"}, "seed": 43, "epoch": 15, "train_log_mse": 0.33110719199827343, "validation_mae": 1.456423044204712, "best_epoch": 15, "elapsed_seconds": 67.336855249996}
{"region": "1019", "specification": {"environment": "linear", "temporal": "current", "fusion": "concat"}, "seed": 43, "epoch": 20, "train_log_mse": 0.31839422873811574, "validation_mae": 1.44796884059906, "best_epoch": 20, "elapsed_seconds": 89.98815145799745}
{"region": "1019", "specification": {"environment": "linear", "temporal": "current", "fusion": "concat"}, "seed": 43, "epoch": 25, "train_log_mse": 0.3106865236133563, "validation_mae": 1.5048408508300781, "best_epoch": 21, "elapsed_seconds": 114.40463254199858}
{"region": "1019", "specification": {"environment": "linear", "temporal": "current", "fusion": "concat"}, "seed": 43, "epoch": 30, "train_log_mse": 0.30080048590914416, "validation_mae": 1.4801983833312988, "best_epoch": 21, "elapsed_seconds": 137.93550962500012}
{"region": "1019", "specification": {"environment": "linear", "temporal": "current", "fusion": "concat"}, "seed": 44, "epoch": 1, "train_log_mse": 0.7460215903056138, "validation_mae": 1.9210995435714722, "best_epoch": 1, "elapsed_seconds": 4.676311249997525}
{"region": "1019", "specification": {"environment": "linear", "temporal": "current", "fusion": "concat"}, "seed": 44, "epoch": 5, "train_log_mse": 0.37771365619904074, "validation_mae": 1.604151725769043, "best_epoch": 5, "elapsed_seconds": 22.258497125003487}
{"region": "1019", "specification": {"environment": "linear", "temporal": "current", "fusion": "concat"}, "seed": 44, "epoch": 10, "train_log_mse": 0.34746353186864937, "validation_mae": 1.56731116771698, "best_epoch": 6, "elapsed_seconds": 46.22297383299883}
{"region": "1019", "specification": {"environment": "linear", "temporal": "current", "fusion": "concat"}, "seed": 44, "epoch": 15, "train_log_mse": 0.3334611089338222, "validation_mae": 1.5696144104003906, "best_epoch": 6, "elapsed_seconds": 68.13704608300031}
{"region": "1019", "specification": {"environment": "linear", "temporal": "lag_mlp", "fusion": "concat"}, "seed": 42, "epoch": 1, "train_log_mse": 0.8092618703511415, "validation_mae": 2.798264980316162, "best_epoch": 1, "elapsed_seconds": 4.175730333998217}
{"region": "1019", "specification": {"environment": "linear", "temporal": "lag_mlp", "fusion": "concat"}, "seed": 42, "epoch": 5, "train_log_mse": 0.3703717101588344, "validation_mae": 1.9392738342285156, "best_epoch": 4, "elapsed_seconds": 20.452456624996557}
{"region": "1019", "specification": {"environment": "linear", "temporal": "lag_mlp", "fusion": "concat"}, "seed": 42, "epoch": 10, "train_log_mse": 0.340387484597595, "validation_mae": 1.7298743724822998, "best_epoch": 7, "elapsed_seconds": 40.439874416995735}
{"region": "1019", "specification": {"environment": "linear", "temporal": "lag_mlp", "fusion": "concat"}, "seed": 42, "epoch": 15, "train_log_mse": 0.32421804983146973, "validation_mae": 1.669019341468811, "best_epoch": 7, "elapsed_seconds": 60.62984837499971}
{"region": "1019", "specification": {"environment": "linear", "temporal": "lag_mlp", "fusion": "concat"}, "seed": 43, "epoch": 1, "train_log_mse": 0.9184763754410215, "validation_mae": 2.1781997680664062, "best_epoch": 1, "elapsed_seconds": 4.066128959006164}
{"region": "1019", "specification": {"environment": "linear", "temporal": "lag_mlp", "fusion": "concat"}, "seed": 43, "epoch": 5, "train_log_mse": 0.3826713606789939, "validation_mae": 1.5893889665603638, "best_epoch": 2, "elapsed_seconds": 20.72126733400364}
{"region": "1019", "specification": {"environment": "linear", "temporal": "lag_mlp", "fusion": "concat"}, "seed": 43, "epoch": 10, "train_log_mse": 0.34333130003306617, "validation_mae": 1.545677661895752, "best_epoch": 2, "elapsed_seconds": 41.0877924170054}
{"region": "1019", "specification": {"environment": "linear", "temporal": "lag_mlp", "fusion": "concat"}, "seed": 43, "epoch": 15, "train_log_mse": 0.3276217717801783, "validation_mae": 1.4461655616760254, "best_epoch": 15, "elapsed_seconds": 62.18827887500083}
{"region": "1019", "specification": {"environment": "linear", "temporal": "lag_mlp", "fusion": "concat"}, "seed": 43, "epoch": 20, "train_log_mse": 0.3119612870762359, "validation_mae": 1.443331003189087, "best_epoch": 17, "elapsed_seconds": 84.32241854200402}
{"region": "1019", "specification": {"environment": "linear", "temporal": "lag_mlp", "fusion": "concat"}, "seed": 43, "epoch": 25, "train_log_mse": 0.3020221407748556, "validation_mae": 1.4677948951721191, "best_epoch": 22, "elapsed_seconds": 105.98908504200517}
{"region": "1019", "specification": {"environment": "linear", "temporal": "lag_mlp", "fusion": "concat"}, "seed": 43, "epoch": 30, "train_log_mse": 0.2921598127310361, "validation_mae": 1.4373027086257935, "best_epoch": 22, "elapsed_seconds": 129.4926410840053}
{"region": "1019", "specification": {"environment": "linear", "temporal": "lag_mlp", "fusion": "concat"}, "seed": 44, "epoch": 1, "train_log_mse": 0.7583319094402153, "validation_mae": 2.029484748840332, "best_epoch": 1, "elapsed_seconds": 4.6091802919982}
{"region": "1019", "specification": {"environment": "linear", "temporal": "lag_mlp", "fusion": "concat"}, "seed": 44, "epoch": 5, "train_log_mse": 0.36551614642690256, "validation_mae": 1.7723720073699951, "best_epoch": 3, "elapsed_seconds": 22.92706874999567}
{"region": "1019", "specification": {"environment": "linear", "temporal": "lag_mlp", "fusion": "concat"}, "seed": 44, "epoch": 10, "train_log_mse": 0.33959289182785696, "validation_mae": 1.5941457748413086, "best_epoch": 7, "elapsed_seconds": 45.34369820899883}
{"region": "1019", "specification": {"environment": "linear", "temporal": "lag_mlp", "fusion": "concat"}, "seed": 44, "epoch": 15, "train_log_mse": 0.3238334203908772, "validation_mae": 1.6915028095245361, "best_epoch": 7, "elapsed_seconds": 69.66201849999925}
{"region": "1019", "specification": {"environment": "linear", "temporal": "lstm", "fusion": "concat"}, "seed": 42, "epoch": 1, "train_log_mse": 0.7986214954969328, "validation_mae": 2.6509883403778076, "best_epoch": 1, "elapsed_seconds": 6.737521916998958}
{"region": "1019", "specification": {"environment": "linear", "temporal": "lstm", "fusion": "concat"}, "seed": 42, "epoch": 5, "train_log_mse": 0.373314022674414, "validation_mae": 1.8092790842056274, "best_epoch": 3, "elapsed_seconds": 33.22347124999942}
{"region": "1019", "specification": {"environment": "linear", "temporal": "lstm", "fusion": "concat"}, "seed": 42, "epoch": 10, "train_log_mse": 0.3473668931426367, "validation_mae": 1.6940391063690186, "best_epoch": 7, "elapsed_seconds": 66.5002087920002}
{"region": "1019", "specification": {"environment": "linear", "temporal": "lstm", "fusion": "concat"}, "seed": 42, "epoch": 15, "train_log_mse": 0.3302583842022596, "validation_mae": 1.535691499710083, "best_epoch": 15, "elapsed_seconds": 98.61367320799764}
{"region": "1019", "specification": {"environment": "linear", "temporal": "lstm", "fusion": "concat"}, "seed": 42, "epoch": 20, "train_log_mse": 0.3212843094954889, "validation_mae": 1.6110527515411377, "best_epoch": 15, "elapsed_seconds": 130.64129787500133}
{"region": "1019", "specification": {"environment": "linear", "temporal": "lstm", "fusion": "concat"}, "seed": 42, "epoch": 25, "train_log_mse": 0.316884898233663, "validation_mae": 1.4638513326644897, "best_epoch": 25, "elapsed_seconds": 163.369846374997}
{"region": "1019", "specification": {"environment": "linear", "temporal": "lstm", "fusion": "concat"}, "seed": 42, "epoch": 30, "train_log_mse": 0.30869509288155655, "validation_mae": 1.6026792526245117, "best_epoch": 26, "elapsed_seconds": 195.73738649999723}
{"region": "1019", "specification": {"environment": "linear", "temporal": "lstm", "fusion": "concat"}, "seed": 42, "epoch": 35, "train_log_mse": 0.30271952898471055, "validation_mae": 1.5336647033691406, "best_epoch": 26, "elapsed_seconds": 226.4788140419987}
{"region": "1019", "specification": {"environment": "linear", "temporal": "lstm", "fusion": "concat"}, "seed": 43, "epoch": 1, "train_log_mse": 0.8687152156274177, "validation_mae": 2.1526970863342285, "best_epoch": 1, "elapsed_seconds": 6.230804459002684}
{"region": "1019", "specification": {"environment": "linear", "temporal": "lstm", "fusion": "concat"}, "seed": 43, "epoch": 5, "train_log_mse": 0.38082157485501106, "validation_mae": 1.6242101192474365, "best_epoch": 2, "elapsed_seconds": 30.854444042000978}
{"region": "1019", "specification": {"environment": "linear", "temporal": "lstm", "fusion": "concat"}, "seed": 43, "epoch": 10, "train_log_mse": 0.3410739322670902, "validation_mae": 1.492037057876587, "best_epoch": 2, "elapsed_seconds": 60.94395112500206}
{"region": "1019", "specification": {"environment": "linear", "temporal": "lstm", "fusion": "concat"}, "seed": 43, "epoch": 15, "train_log_mse": 0.32615547558755276, "validation_mae": 1.4772648811340332, "best_epoch": 2, "elapsed_seconds": 91.62674237500323}
{"region": "1019", "specification": {"environment": "linear", "temporal": "lstm", "fusion": "concat"}, "seed": 44, "epoch": 1, "train_log_mse": 0.7330561658130386, "validation_mae": 2.098984479904175, "best_epoch": 1, "elapsed_seconds": 6.016713459001039}
{"region": "1019", "specification": {"environment": "linear", "temporal": "lstm", "fusion": "concat"}, "seed": 44, "epoch": 5, "train_log_mse": 0.36963217506005686, "validation_mae": 1.7492585182189941, "best_epoch": 4, "elapsed_seconds": 28.828514624998206}
{"region": "1019", "specification": {"environment": "linear", "temporal": "lstm", "fusion": "concat"}, "seed": 44, "epoch": 10, "train_log_mse": 0.34803055358307045, "validation_mae": 1.4927942752838135, "best_epoch": 10, "elapsed_seconds": 56.55306562500482}
{"region": "1019", "specification": {"environment": "linear", "temporal": "lstm", "fusion": "concat"}, "seed": 44, "epoch": 15, "train_log_mse": 0.33307117612368775, "validation_mae": 1.619835615158081, "best_epoch": 10, "elapsed_seconds": 85.4981954169998}
{"region": "1019", "specification": {"environment": "linear", "temporal": "lstm", "fusion": "concat"}, "seed": 44, "epoch": 20, "train_log_mse": 0.3211214038888363, "validation_mae": 1.69508695602417, "best_epoch": 10, "elapsed_seconds": 114.37086654199811}
{"region": "1019", "specification": {"environment": "linear", "temporal": "transformer", "fusion": "concat"}, "seed": 42, "epoch": 1, "train_log_mse": 0.8172103919286813, "validation_mae": 3.0409677028656006, "best_epoch": 1, "elapsed_seconds": 10.660244958002295}
{"region": "1019", "specification": {"environment": "linear", "temporal": "transformer", "fusion": "concat"}, "seed": 42, "epoch": 5, "train_log_mse": 0.369717182846973, "validation_mae": 1.844881296157837, "best_epoch": 3, "elapsed_seconds": 53.351739999998244}
{"region": "1019", "specification": {"environment": "linear", "temporal": "transformer", "fusion": "concat"}, "seed": 42, "epoch": 10, "train_log_mse": 0.33568161119838213, "validation_mae": 1.7336430549621582, "best_epoch": 3, "elapsed_seconds": 107.15096949999861}
{"region": "1019", "specification": {"environment": "linear", "temporal": "transformer", "fusion": "concat"}, "seed": 42, "epoch": 15, "train_log_mse": 0.3238880278371897, "validation_mae": 1.525769591331482, "best_epoch": 3, "elapsed_seconds": 161.4185480410015}
{"region": "1019", "specification": {"environment": "linear", "temporal": "transformer", "fusion": "concat"}, "seed": 43, "epoch": 1, "train_log_mse": 1.0354556029843567, "validation_mae": 2.061566114425659, "best_epoch": 1, "elapsed_seconds": 12.292400749996887}
{"region": "1019", "specification": {"environment": "linear", "temporal": "transformer", "fusion": "concat"}, "seed": 43, "epoch": 5, "train_log_mse": 0.3904931143016854, "validation_mae": 1.5105011463165283, "best_epoch": 4, "elapsed_seconds": 56.54835070799891}
{"region": "1019", "specification": {"environment": "linear", "temporal": "transformer", "fusion": "concat"}, "seed": 43, "epoch": 10, "train_log_mse": 0.34703910924520504, "validation_mae": 1.6056742668151855, "best_epoch": 4, "elapsed_seconds": 110.43316741599847}
{"region": "1019", "specification": {"environment": "linear", "temporal": "transformer", "fusion": "concat"}, "seed": 43, "epoch": 15, "train_log_mse": 0.32897174636959686, "validation_mae": 1.5146410465240479, "best_epoch": 4, "elapsed_seconds": 164.83425587500096}
{"region": "1019", "specification": {"environment": "linear", "temporal": "transformer", "fusion": "concat"}, "seed": 44, "epoch": 1, "train_log_mse": 0.8490361893600644, "validation_mae": 2.5934815406799316, "best_epoch": 1, "elapsed_seconds": 10.501697667001281}
{"region": "1019", "specification": {"environment": "linear", "temporal": "transformer", "fusion": "concat"}, "seed": 44, "epoch": 5, "train_log_mse": 0.3801766984707746, "validation_mae": 1.7224085330963135, "best_epoch": 3, "elapsed_seconds": 51.521229459001916}
{"region": "1019", "specification": {"environment": "linear", "temporal": "transformer", "fusion": "concat"}, "seed": 44, "epoch": 10, "train_log_mse": 0.3461506572556895, "validation_mae": 1.5507056713104248, "best_epoch": 7, "elapsed_seconds": 101.16495604199736}
{"region": "1019", "specification": {"environment": "linear", "temporal": "transformer", "fusion": "concat"}, "seed": 44, "epoch": 15, "train_log_mse": 0.3267205881215048, "validation_mae": 1.5608854293823242, "best_epoch": 14, "elapsed_seconds": 150.35031966699898}
{"region": "1019", "specification": {"environment": "linear", "temporal": "transformer", "fusion": "concat"}, "seed": 44, "epoch": 20, "train_log_mse": 0.31790870175571784, "validation_mae": 1.8410389423370361, "best_epoch": 14, "elapsed_seconds": 200.9238406250006}
{"region": "1019", "stage_complete": "time", "selected": "gru", "validation_means": {"current": 1.4414618015289307, "lag_mlp": 1.4884230295817058, "gru": 1.4597224394480388, "lstm": 1.4657196601231892, "transformer": 1.4867058595021565}}
{"region": "1019", "specification": {"environment": "linear", "temporal": "gru", "fusion": "residual_concat"}, "seed": 42, "epoch": 1, "train_log_mse": 0.8519907263296923, "validation_mae": 2.9659042358398438, "best_epoch": 1, "elapsed_seconds": 5.048770332999993}
{"region": "1019", "specification": {"environment": "linear", "temporal": "gru", "fusion": "residual_concat"}, "seed": 42, "epoch": 5, "train_log_mse": 0.361704514433971, "validation_mae": 1.9837721586227417, "best_epoch": 4, "elapsed_seconds": 24.605316458000743}
{"region": "1019", "specification": {"environment": "linear", "temporal": "gru", "fusion": "residual_concat"}, "seed": 42, "epoch": 10, "train_log_mse": 0.3394361159524418, "validation_mae": 1.750038504600525, "best_epoch": 7, "elapsed_seconds": 48.90669808300299}
{"region": "1019", "specification": {"environment": "linear", "temporal": "gru", "fusion": "residual_concat"}, "seed": 42, "epoch": 15, "train_log_mse": 0.3252046719621205, "validation_mae": 1.6022801399230957, "best_epoch": 7, "elapsed_seconds": 73.81611870800407}
{"region": "1019", "specification": {"environment": "linear", "temporal": "gru", "fusion": "residual_concat"}, "seed": 43, "epoch": 1, "train_log_mse": 0.9263032240109947, "validation_mae": 2.5311989784240723, "best_epoch": 1, "elapsed_seconds": 5.1772772499971325}
{"region": "1019", "specification": {"environment": "linear", "temporal": "gru", "fusion": "residual_concat"}, "seed": 43, "epoch": 5, "train_log_mse": 0.37443856172253287, "validation_mae": 1.612667202949524, "best_epoch": 2, "elapsed_seconds": 23.998583583001164}
{"region": "1019", "specification": {"environment": "linear", "temporal": "gru", "fusion": "residual_concat"}, "seed": 43, "epoch": 10, "train_log_mse": 0.3405036417426123, "validation_mae": 1.5552119016647339, "best_epoch": 8, "elapsed_seconds": 47.74345650000032}
{"region": "1019", "specification": {"environment": "linear", "temporal": "gru", "fusion": "residual_concat"}, "seed": 43, "epoch": 15, "train_log_mse": 0.32770684876979805, "validation_mae": 1.400339961051941, "best_epoch": 15, "elapsed_seconds": 70.65394716700393}
{"region": "1019", "specification": {"environment": "linear", "temporal": "gru", "fusion": "residual_concat"}, "seed": 43, "epoch": 20, "train_log_mse": 0.3131764328170644, "validation_mae": 1.4473230838775635, "best_epoch": 15, "elapsed_seconds": 94.11948395799845}
{"region": "1019", "specification": {"environment": "linear", "temporal": "gru", "fusion": "residual_concat"}, "seed": 43, "epoch": 25, "train_log_mse": 0.30615296331773434, "validation_mae": 1.6603320837020874, "best_epoch": 21, "elapsed_seconds": 116.9853962920024}
{"region": "1019", "specification": {"environment": "linear", "temporal": "gru", "fusion": "residual_concat"}, "seed": 43, "epoch": 30, "train_log_mse": 0.29539942535312463, "validation_mae": 1.5048754215240479, "best_epoch": 21, "elapsed_seconds": 140.547492083002}
{"region": "1019", "specification": {"environment": "linear", "temporal": "gru", "fusion": "residual_concat"}, "seed": 44, "epoch": 1, "train_log_mse": 0.6637615170884369, "validation_mae": 1.8675897121429443, "best_epoch": 1, "elapsed_seconds": 4.909052458002407}
{"region": "1019", "specification": {"environment": "linear", "temporal": "gru", "fusion": "residual_concat"}, "seed": 44, "epoch": 5, "train_log_mse": 0.36292173707005615, "validation_mae": 1.8218131065368652, "best_epoch": 3, "elapsed_seconds": 24.643928833000246}
{"region": "1019", "specification": {"environment": "linear", "temporal": "gru", "fusion": "residual_concat"}, "seed": 44, "epoch": 10, "train_log_mse": 0.34079256710076505, "validation_mae": 1.5237243175506592, "best_epoch": 10, "elapsed_seconds": 48.41287337499671}
{"region": "1019", "specification": {"environment": "linear", "temporal": "gru", "fusion": "residual_concat"}, "seed": 44, "epoch": 15, "train_log_mse": 0.3244253542644341, "validation_mae": 1.6512471437454224, "best_epoch": 10, "elapsed_seconds": 72.25793708299898}
{"region": "1019", "specification": {"environment": "linear", "temporal": "gru", "fusion": "residual_concat"}, "seed": 44, "epoch": 20, "train_log_mse": 0.31360616043834955, "validation_mae": 1.7855483293533325, "best_epoch": 19, "elapsed_seconds": 96.25297845800378}
{"region": "1019", "specification": {"environment": "linear", "temporal": "gru", "fusion": "residual_concat"}, "seed": 44, "epoch": 25, "train_log_mse": 0.30074705490879233, "validation_mae": 1.6921952962875366, "best_epoch": 19, "elapsed_seconds": 120.74903875000018}
{"region": "1019", "specification": {"environment": "linear", "temporal": "gru", "fusion": "conditioned"}, "seed": 42, "epoch": 1, "train_log_mse": 0.8374863053548681, "validation_mae": 3.002220392227173, "best_epoch": 1, "elapsed_seconds": 5.1407479160043295}
{"region": "1019", "specification": {"environment": "linear", "temporal": "gru", "fusion": "conditioned"}, "seed": 42, "epoch": 5, "train_log_mse": 0.3582847415287814, "validation_mae": 1.9459402561187744, "best_epoch": 4, "elapsed_seconds": 24.480194000003394}
{"region": "1019", "specification": {"environment": "linear", "temporal": "gru", "fusion": "conditioned"}, "seed": 42, "epoch": 10, "train_log_mse": 0.3361437232424897, "validation_mae": 1.7401443719863892, "best_epoch": 7, "elapsed_seconds": 48.56272479100153}
{"region": "1019", "specification": {"environment": "linear", "temporal": "gru", "fusion": "conditioned"}, "seed": 42, "epoch": 15, "train_log_mse": 0.32228340928066807, "validation_mae": 1.5539698600769043, "best_epoch": 7, "elapsed_seconds": 73.75212750000355}
{"region": "1019", "specification": {"environment": "linear", "temporal": "gru", "fusion": "conditioned"}, "seed": 43, "epoch": 1, "train_log_mse": 0.9152228795353726, "validation_mae": 2.4620418548583984, "best_epoch": 1, "elapsed_seconds": 5.000650832997053}
{"region": "1019", "specification": {"environment": "linear", "temporal": "gru", "fusion": "conditioned"}, "seed": 43, "epoch": 5, "train_log_mse": 0.371867273396024, "validation_mae": 1.5990948677062988, "best_epoch": 2, "elapsed_seconds": 25.516588958002103}
{"region": "1019", "specification": {"environment": "linear", "temporal": "gru", "fusion": "conditioned"}, "seed": 43, "epoch": 10, "train_log_mse": 0.33787351971997637, "validation_mae": 1.5761773586273193, "best_epoch": 2, "elapsed_seconds": 50.32652424999833}
{"region": "1019", "specification": {"environment": "linear", "temporal": "gru", "fusion": "conditioned"}, "seed": 43, "epoch": 15, "train_log_mse": 0.3239969691755983, "validation_mae": 1.402496099472046, "best_epoch": 15, "elapsed_seconds": 78.26460708300147}
{"region": "1019", "specification": {"environment": "linear", "temporal": "gru", "fusion": "conditioned"}, "seed": 43, "epoch": 20, "train_log_mse": 0.3076575896666432, "validation_mae": 1.446722388267517, "best_epoch": 15, "elapsed_seconds": 106.9574631669966}
{"region": "1019", "specification": {"environment": "linear", "temporal": "gru", "fusion": "conditioned"}, "seed": 43, "epoch": 25, "train_log_mse": 0.2992935066683139, "validation_mae": 1.638424038887024, "best_epoch": 21, "elapsed_seconds": 137.06028537500242}
{"region": "1019", "specification": {"environment": "linear", "temporal": "gru", "fusion": "conditioned"}, "seed": 43, "epoch": 30, "train_log_mse": 0.2896021679210734, "validation_mae": 1.511285662651062, "best_epoch": 21, "elapsed_seconds": 164.30032975000358}
{"region": "1019", "specification": {"environment": "linear", "temporal": "gru", "fusion": "conditioned"}, "seed": 44, "epoch": 1, "train_log_mse": 0.6580425722852687, "validation_mae": 1.814145565032959, "best_epoch": 1, "elapsed_seconds": 5.708715625005425}
{"region": "1019", "specification": {"environment": "linear", "temporal": "gru", "fusion": "conditioned"}, "seed": 44, "epoch": 5, "train_log_mse": 0.35953645153572816, "validation_mae": 1.8451658487319946, "best_epoch": 3, "elapsed_seconds": 27.742238333004934}
{"region": "1019", "specification": {"environment": "linear", "temporal": "gru", "fusion": "conditioned"}, "seed": 44, "epoch": 10, "train_log_mse": 0.3382319302915598, "validation_mae": 1.5284638404846191, "best_epoch": 10, "elapsed_seconds": 54.60992645800434}
{"region": "1019", "specification": {"environment": "linear", "temporal": "gru", "fusion": "conditioned"}, "seed": 44, "epoch": 15, "train_log_mse": 0.3229230799932971, "validation_mae": 1.6902934312820435, "best_epoch": 10, "elapsed_seconds": 82.82926233300532}
{"region": "1019", "specification": {"environment": "linear", "temporal": "gru", "fusion": "conditioned"}, "seed": 44, "epoch": 20, "train_log_mse": 0.3135669493723572, "validation_mae": 1.7800614833831787, "best_epoch": 19, "elapsed_seconds": 110.35409833300218}
{"region": "1019", "specification": {"environment": "linear", "temporal": "gru", "fusion": "conditioned"}, "seed": 44, "epoch": 25, "train_log_mse": 0.3008968608507338, "validation_mae": 1.6752080917358398, "best_epoch": 19, "elapsed_seconds": 138.3781875420027}
{"region": "1019", "specification": {"environment": "linear", "temporal": "gru", "fusion": "gated"}, "seed": 42, "epoch": 1, "train_log_mse": 0.8565324574292323, "validation_mae": 2.9407989978790283, "best_epoch": 1, "elapsed_seconds": 5.867421125003602}
{"region": "1019", "specification": {"environment": "linear", "temporal": "gru", "fusion": "gated"}, "seed": 42, "epoch": 5, "train_log_mse": 0.3625692380376565, "validation_mae": 1.9666136503219604, "best_epoch": 3, "elapsed_seconds": 29.0870681660017}
{"region": "1019", "specification": {"environment": "linear", "temporal": "gru", "fusion": "gated"}, "seed": 42, "epoch": 10, "train_log_mse": 0.33885032157991574, "validation_mae": 1.8016624450683594, "best_epoch": 7, "elapsed_seconds": 60.885253207998176}
{"region": "1019", "specification": {"environment": "linear", "temporal": "gru", "fusion": "gated"}, "seed": 42, "epoch": 15, "train_log_mse": 0.3243221942012967, "validation_mae": 1.6145576238632202, "best_epoch": 7, "elapsed_seconds": 94.03386195799976}
{"region": "1019", "specification": {"environment": "linear", "temporal": "gru", "fusion": "gated"}, "seed": 43, "epoch": 1, "train_log_mse": 0.9339287643587305, "validation_mae": 2.6278340816497803, "best_epoch": 1, "elapsed_seconds": 6.673610958998324}
{"region": "1019", "specification": {"environment": "linear", "temporal": "gru", "fusion": "gated"}, "seed": 43, "epoch": 5, "train_log_mse": 0.3754362831526868, "validation_mae": 1.5899227857589722, "best_epoch": 2, "elapsed_seconds": 30.85190799999691}
{"region": "1019", "specification": {"environment": "linear", "temporal": "gru", "fusion": "gated"}, "seed": 43, "epoch": 10, "train_log_mse": 0.34153634961724294, "validation_mae": 1.5538036823272705, "best_epoch": 8, "elapsed_seconds": 61.83430716700241}
{"region": "1019", "specification": {"environment": "linear", "temporal": "gru", "fusion": "gated"}, "seed": 43, "epoch": 15, "train_log_mse": 0.32840608835551083, "validation_mae": 1.3993033170700073, "best_epoch": 15, "elapsed_seconds": 93.26135179199628}
{"region": "1019", "specification": {"environment": "linear", "temporal": "gru", "fusion": "gated"}, "seed": 43, "epoch": 20, "train_log_mse": 0.3142910913474124, "validation_mae": 1.425127387046814, "best_epoch": 15, "elapsed_seconds": 123.98312312499911}
{"region": "1019", "specification": {"environment": "linear", "temporal": "gru", "fusion": "gated"}, "seed": 43, "epoch": 25, "train_log_mse": 0.3115967451451161, "validation_mae": 1.4924137592315674, "best_epoch": 21, "elapsed_seconds": 156.1295119589995}
{"region": "1019", "specification": {"environment": "linear", "temporal": "gru", "fusion": "gated"}, "seed": 43, "epoch": 30, "train_log_mse": 0.295393431584846, "validation_mae": 1.4704382419586182, "best_epoch": 21, "elapsed_seconds": 187.95823595899856}
{"region": "1019", "specification": {"environment": "linear", "temporal": "gru", "fusion": "gated"}, "seed": 44, "epoch": 1, "train_log_mse": 0.6676189368466483, "validation_mae": 1.8993946313858032, "best_epoch": 1, "elapsed_seconds": 6.6886890409950865}
{"region": "1019", "specification": {"environment": "linear", "temporal": "gru", "fusion": "gated"}, "seed": 44, "epoch": 5, "train_log_mse": 0.3623209786305699, "validation_mae": 1.8195505142211914, "best_epoch": 3, "elapsed_seconds": 33.09937191599602}
{"region": "1019", "specification": {"environment": "linear", "temporal": "gru", "fusion": "gated"}, "seed": 44, "epoch": 10, "train_log_mse": 0.34164225906308565, "validation_mae": 1.5471056699752808, "best_epoch": 10, "elapsed_seconds": 62.821933499995794}
{"region": "1019", "specification": {"environment": "linear", "temporal": "gru", "fusion": "gated"}, "seed": 44, "epoch": 15, "train_log_mse": 0.32619001669227826, "validation_mae": 1.6378426551818848, "best_epoch": 10, "elapsed_seconds": 92.91498833299556}
{"region": "1019", "specification": {"environment": "linear", "temporal": "gru", "fusion": "gated"}, "seed": 44, "epoch": 20, "train_log_mse": 0.31686211588949825, "validation_mae": 1.751968264579773, "best_epoch": 19, "elapsed_seconds": 124.22808141599671}
{"region": "1019", "specification": {"environment": "linear", "temporal": "gru", "fusion": "gated"}, "seed": 44, "epoch": 25, "train_log_mse": 0.3054387678065558, "validation_mae": 1.6200523376464844, "best_epoch": 24, "elapsed_seconds": 154.18657070799964}
{"region": "1019", "specification": {"environment": "linear", "temporal": "gru", "fusion": "gated"}, "seed": 44, "epoch": 30, "train_log_mse": 0.3004069456027801, "validation_mae": 1.6231610774993896, "best_epoch": 24, "elapsed_seconds": 184.86262691599404}
{"region": "1019", "specification": {"environment": "linear", "temporal": "gru", "fusion": "gated"}, "seed": 44, "epoch": 35, "train_log_mse": 0.2883347285466799, "validation_mae": 1.5462749004364014, "best_epoch": 32, "elapsed_seconds": 213.82353408299969}
{"region": "1019", "specification": {"environment": "linear", "temporal": "gru", "fusion": "gated"}, "seed": 44, "epoch": 40, "train_log_mse": 0.2789776421142813, "validation_mae": 1.8070638179779053, "best_epoch": 32, "elapsed_seconds": 245.91910212499351}
{"region": "1019", "stage_complete": "fusion", "selected": "conditioned", "validation_means": {"concat": 1.4597224394480388, "residual_concat": 1.4649522701899211, "conditioned": 1.4474449157714844, "gated": 1.4562400976816814}}
{"region": "1019", "complete": true, "unique_fits": 33, "query_cells": 2166}
