{"region": "1101", "specification": {"environment": "constant", "temporal": "gru", "fusion": "concat"}, "seed": 42, "epoch": 1, "train_log_mse": 1.0279631694004017, "validation_mae": 11.247632026672363, "best_epoch": 1, "elapsed_seconds": 3.791599458003475}
{"region": "1101", "specification": {"environment": "constant", "temporal": "gru", "fusion": "concat"}, "seed": 42, "epoch": 5, "train_log_mse": 0.9825587775313136, "validation_mae": 11.198587417602539, "best_epoch": 2, "elapsed_seconds": 16.69503345800331}
{"region": "1101", "specification": {"environment": "constant", "temporal": "gru", "fusion": "concat"}, "seed": 42, "epoch": 10, "train_log_mse": 0.8343661061239619, "validation_mae": 9.587368965148926, "best_epoch": 9, "elapsed_seconds": 33.33243820800271}
{"region": "1101", "specification": {"environment": "constant", "temporal": "gru", "fusion": "concat"}, "seed": 42, "epoch": 15, "train_log_mse": 0.7616187370819678, "validation_mae": 8.505304336547852, "best_epoch": 14, "elapsed_seconds": 51.052825416001724}
{"region": "1101", "specification": {"environment": "constant", "temporal": "gru", "fusion": "concat"}, "seed": 42, "epoch": 20, "train_log_mse": 0.7182256565163132, "validation_mae": 7.652562618255615, "best_epoch": 20, "elapsed_seconds": 69.21163179099676}
{"region": "1101", "specification": {"environment": "constant", "temporal": "gru", "fusion": "concat"}, "seed": 42, "epoch": 25, "train_log_mse": 0.6861222190104943, "validation_mae": 7.72314453125, "best_epoch": 23, "elapsed_seconds": 87.46274420800182}
{"region": "1101", "specification": {"environment": "constant", "temporal": "gru", "fusion": "concat"}, "seed": 42, "epoch": 30, "train_log_mse": 0.6723526965495082, "validation_mae": 7.899747371673584, "best_epoch": 23, "elapsed_seconds": 105.50003533300332}
{"region": "1101", "specification": {"environment": "constant", "temporal": "gru", "fusion": "concat"}, "seed": 42, "epoch": 35, "train_log_mse": 0.6420761995634249, "validation_mae": 7.449621200561523, "best_epoch": 31, "elapsed_seconds": 124.87959304099786}
{"region": "1101", "specification": {"environment": "constant", "temporal": "gru", "fusion": "concat"}, "seed": 42, "epoch": 40, "train_log_mse": 0.6275434648868101, "validation_mae": 7.286393165588379, "best_epoch": 38, "elapsed_seconds": 144.61751608300256}
{"region": "1101", "specification": {"environment": "constant", "temporal": "gru", "fusion": "concat"}, "seed": 42, "epoch": 45, "train_log_mse": 0.6054140580873089, "validation_mae": 6.968479156494141, "best_epoch": 38, "elapsed_seconds": 164.71857662499679}
{"region": "1101", "specification": {"environment": "constant", "temporal": "gru", "fusion": "concat"}, "seed": 42, "epoch": 50, "train_log_mse": 0.5917243398735236, "validation_mae": 7.080251693725586, "best_epoch": 48, "elapsed_seconds": 184.73028979099763}
{"region": "1101", "specification": {"environment": "constant", "temporal": "gru", "fusion": "concat"}, "seed": 42, "epoch": 55, "train_log_mse": 0.5774565818464988, "validation_mae": 6.482149124145508, "best_epoch": 52, "elapsed_seconds": 209.399440125002}
{"region": "1101", "specification": {"environment": "constant", "temporal": "gru", "fusion": "concat"}, "seed": 42, "epoch": 60, "train_log_mse": 0.5608237895551696, "validation_mae": 6.684729099273682, "best_epoch": 52, "elapsed_seconds": 235.74547104100202}
{"region": "1101", "specification": {"environment": "constant", "temporal": "gru", "fusion": "concat"}, "seed": 43, "epoch": 1, "train_log_mse": 1.0836173730512393, "validation_mae": 10.951021194458008, "best_epoch": 1, "elapsed_seconds": 4.96161816699896}
{"region": "1101", "specification": {"environment": "constant", "temporal": "gru", "fusion": "concat"}, "seed": 43, "epoch": 5, "train_log_mse": 0.9748696025513307, "validation_mae": 11.227888107299805, "best_epoch": 1, "elapsed_seconds": 26.600894916999096}
{"region": "1101", "specification": {"environment": "constant", "temporal": "gru", "fusion": "concat"}, "seed": 43, "epoch": 10, "train_log_mse": 0.8207685922438661, "validation_mae": 8.598942756652832, "best_epoch": 9, "elapsed_seconds": 49.65841291700053}
{"region": "1101", "specification": {"environment": "constant", "temporal": "gru", "fusion": "concat"}, "seed": 43, "epoch": 15, "train_log_mse": 0.7706634992757367, "validation_mae": 8.446334838867188, "best_epoch": 15, "elapsed_seconds": 74.35952962499869}
{"region": "1101", "specification": {"environment": "constant", "temporal": "gru", "fusion": "concat"}, "seed": 43, "epoch": 20, "train_log_mse": 0.7416699634561283, "validation_mae": 8.131816864013672, "best_epoch": 20, "elapsed_seconds": 105.1035899999988}
{"region": "1101", "specification": {"environment": "constant", "temporal": "gru", "fusion": "concat"}, "seed": 43, "epoch": 25, "train_log_mse": 0.7242989076261778, "validation_mae": 8.491918563842773, "best_epoch": 21, "elapsed_seconds": 131.35667775000184}
{"region": "1101", "specification": {"environment": "constant", "temporal": "gru", "fusion": "concat"}, "seed": 43, "epoch": 30, "train_log_mse": 0.698306541266712, "validation_mae": 8.339774131774902, "best_epoch": 21, "elapsed_seconds": 161.117591000002}
{"region": "1101", "specification": {"environment": "constant", "temporal": "gru", "fusion": "concat"}, "seed": 44, "epoch": 1, "train_log_mse": 1.0378053891421417, "validation_mae": 11.418437957763672, "best_epoch": 1, "elapsed_seconds": 5.347681958002795}
{"region": "1101", "specification": {"environment": "constant", "temporal": "gru", "fusion": "concat"}, "seed": 44, "epoch": 5, "train_log_mse": 0.8902564584584404, "validation_mae": 8.748223304748535, "best_epoch": 5, "elapsed_seconds": 27.01293912500114}
{"region": "1101", "specification": {"environment": "constant", "temporal": "gru", "fusion": "concat"}, "seed": 44, "epoch": 10, "train_log_mse": 0.8052365315209683, "validation_mae": 8.841662406921387, "best_epoch": 6, "elapsed_seconds": 53.72886845800531}
{"region": "1101", "specification": {"environment": "constant", "temporal": "gru", "fusion": "concat"}, "seed": 44, "epoch": 15, "train_log_mse": 0.7783603267592963, "validation_mae": 8.316672325134277, "best_epoch": 6, "elapsed_seconds": 79.64928975000657}
{"region": "1101", "specification": {"environment": "linear", "temporal": "gru", "fusion": "concat"}, "seed": 42, "epoch": 1, "train_log_mse": 0.9426039804607974, "validation_mae": 10.227655410766602, "best_epoch": 1, "elapsed_seconds": 5.21980700000131}
{"region": "1101", "specification": {"environment": "linear", "temporal": "gru", "fusion": "concat"}, "seed": 42, "epoch": 5, "train_log_mse": 0.4427676546318516, "validation_mae": 5.915007591247559, "best_epoch": 3, "elapsed_seconds": 28.89610312500008}
{"region": "1101", "specification": {"environment": "linear", "temporal": "gru", "fusion": "concat"}, "seed": 42, "epoch": 10, "train_log_mse": 0.398221000824058, "validation_mae": 5.7540483474731445, "best_epoch": 9, "elapsed_seconds": 55.37905175000196}
{"region": "1101", "specification": {"environment": "linear", "temporal": "gru", "fusion": "concat"}, "seed": 42, "epoch": 15, "train_log_mse": 0.3730068198263281, "validation_mae": 5.810750484466553, "best_epoch": 13, "elapsed_seconds": 84.95346791599877}
{"region": "1101", "specification": {"environment": "linear", "temporal": "gru", "fusion": "concat"}, "seed": 42, "epoch": 20, "train_log_mse": 0.35747106847522025, "validation_mae": 5.698661804199219, "best_epoch": 19, "elapsed_seconds": 111.88947620800172}
{"region": "1101", "specification": {"environment": "linear", "temporal": "gru", "fusion": "concat"}, "seed": 42, "epoch": 25, "train_log_mse": 0.34766949868094477, "validation_mae": 5.739369869232178, "best_epoch": 19, "elapsed_seconds": 141.06735570800083}
{"region": "1101", "specification": {"environment": "linear", "temporal": "gru", "fusion": "concat"}, "seed": 43, "epoch": 1, "train_log_mse": 0.9618087488973122, "validation_mae": 8.8257474899292, "best_epoch": 1, "elapsed_seconds": 6.693991666004877}
{"region": "1101", "specification": {"environment": "linear", "temporal": "gru", "fusion": "concat"}, "seed": 43, "epoch": 5, "train_log_mse": 0.45763591446429736, "validation_mae": 6.012749671936035, "best_epoch": 5, "elapsed_seconds": 30.611333166001714}
{"region": "1101", "specification": {"environment": "linear", "temporal": "gru", "fusion": "concat"}, "seed": 43, "epoch": 10, "train_log_mse": 0.40390718981836005, "validation_mae": 5.922936916351318, "best_epoch": 7, "elapsed_seconds": 59.51007762500376}
{"region": "1101", "specification": {"environment": "linear", "temporal": "gru", "fusion": "concat"}, "seed": 43, "epoch": 15, "train_log_mse": 0.37806781594723315, "validation_mae": 5.841233253479004, "best_epoch": 13, "elapsed_seconds": 86.81879316599952}
{"region": "1101", "specification": {"environment": "linear", "temporal": "gru", "fusion": "concat"}, "seed": 43, "epoch": 20, "train_log_mse": 0.3609647038167742, "validation_mae": 5.789926528930664, "best_epoch": 16, "elapsed_seconds": 115.89180475000467}
{"region": "1101", "specification": {"environment": "linear", "temporal": "gru", "fusion": "concat"}, "seed": 43, "epoch": 25, "train_log_mse": 0.34329051413598344, "validation_mae": 5.741649627685547, "best_epoch": 24, "elapsed_seconds": 146.00597370800097}
{"region": "1101", "specification": {"environment": "linear", "temporal": "gru", "fusion": "concat"}, "seed": 43, "epoch": 30, "train_log_mse": 0.3336281047404135, "validation_mae": 5.657296180725098, "best_epoch": 27, "elapsed_seconds": 181.62925391599856}
{"region": "1101", "specification": {"environment": "linear", "temporal": "gru", "fusion": "concat"}, "seed": 43, "epoch": 35, "train_log_mse": 0.32507845119364753, "validation_mae": 5.763744831085205, "best_epoch": 27, "elapsed_seconds": 209.6317369160024}
{"region": "1101", "specification": {"environment": "linear", "temporal": "gru", "fusion": "concat"}, "seed": 44, "epoch": 1, "train_log_mse": 0.7690079899895919, "validation_mae": 7.840957164764404, "best_epoch": 1, "elapsed_seconds": 5.729708208004013}
{"region": "1101", "specification": {"environment": "linear", "temporal": "gru", "fusion": "concat"}, "seed": 44, "epoch": 5, "train_log_mse": 0.43741122944316296, "validation_mae": 6.100609302520752, "best_epoch": 5, "elapsed_seconds": 28.020178416998533}
{"region": "1101", "specification": {"environment": "linear", "temporal": "gru", "fusion": "concat"}, "seed": 44, "epoch": 10, "train_log_mse": 0.39936423182126407, "validation_mae": 6.0143513679504395, "best_epoch": 10, "elapsed_seconds": 56.88372545799939}
{"region": "1101", "specification": {"environment": "linear", "temporal": "gru", "fusion": "concat"}, "seed": 44, "epoch": 15, "train_log_mse": 0.37693154645526095, "validation_mae": 6.139888763427734, "best_epoch": 10, "elapsed_seconds": 86.48431916700065}
{"region": "1101", "specification": {"environment": "linear", "temporal": "gru", "fusion": "concat"}, "seed": 44, "epoch": 20, "train_log_mse": 0.35863548629990316, "validation_mae": 5.884444236755371, "best_epoch": 20, "elapsed_seconds": 115.29935200000182}
{"region": "1101", "specification": {"environment": "linear", "temporal": "gru", "fusion": "concat"}, "seed": 44, "epoch": 25, "train_log_mse": 0.3459184543278705, "validation_mae": 5.9893670082092285, "best_epoch": 20, "elapsed_seconds": 143.02552716700302}
{"region": "1101", "specification": {"environment": "linear", "temporal": "gru", "fusion": "concat"}, "seed": 44, "epoch": 30, "train_log_mse": 0.3363431023890795, "validation_mae": 6.06972074508667, "best_epoch": 29, "elapsed_seconds": 171.18767616699915}
{"region": "1101", "specification": {"environment": "linear", "temporal": "gru", "fusion": "concat"}, "seed": 44, "epoch": 35, "train_log_mse": 0.32683350591320015, "validation_mae": 5.935580730438232, "best_epoch": 33, "elapsed_seconds": 201.32599066699913}
{"region": "1101", "specification": {"environment": "linear", "temporal": "gru", "fusion": "concat"}, "seed": 44, "epoch": 40, "train_log_mse": 0.3190906861254709, "validation_mae": 5.899838447570801, "best_epoch": 33, "elapsed_seconds": 232.25332862500363}
{"region": "1101", "specification": {"environment": "mlp", "temporal": "gru", "fusion": "concat"}, "seed": 42, "epoch": 1, "train_log_mse": 0.9569569464632911, "validation_mae": 10.733543395996094, "best_epoch": 1, "elapsed_seconds": 5.622349040997506}
{"region": "1101", "specification": {"environment": "mlp", "temporal": "gru", "fusion": "concat"}, "seed": 42, "epoch": 5, "train_log_mse": 0.5051121481824368, "validation_mae": 5.871819972991943, "best_epoch": 5, "elapsed_seconds": 27.344084625001415}
{"region": "1101", "specification": {"environment": "mlp", "temporal": "gru", "fusion": "concat"}, "seed": 42, "epoch": 10, "train_log_mse": 0.4134511043632496, "validation_mae": 5.896060943603516, "best_epoch": 7, "elapsed_seconds": 56.77613099999871}
{"region": "1101", "specification": {"environment": "mlp", "temporal": "gru", "fusion": "concat"}, "seed": 42, "epoch": 15, "train_log_mse": 0.3986581633501656, "validation_mae": 6.05095100402832, "best_epoch": 13, "elapsed_seconds": 85.97329262499989}
{"region": "1101", "specification": {"environment": "mlp", "temporal": "gru", "fusion": "concat"}, "seed": 42, "epoch": 20, "train_log_mse": 0.37750044872462557, "validation_mae": 5.8113813400268555, "best_epoch": 18, "elapsed_seconds": 121.71788262500195}
{"region": "1101", "specification": {"environment": "mlp", "temporal": "gru", "fusion": "concat"}, "seed": 42, "epoch": 25, "train_log_mse": 0.36213783564577745, "validation_mae": 5.8810906410217285, "best_epoch": 21, "elapsed_seconds": 161.2181601659977}
{"region": "1101", "specification": {"environment": "mlp", "temporal": "gru", "fusion": "concat"}, "seed": 42, "epoch": 30, "train_log_mse": 0.3516573364918504, "validation_mae": 5.8464460372924805, "best_epoch": 21, "elapsed_seconds": 186.09776075000264}
{"region": "1101", "specification": {"environment": "mlp", "temporal": "gru", "fusion": "concat"}, "seed": 43, "epoch": 1, "train_log_mse": 1.0554755805792322, "validation_mae": 11.000214576721191, "best_epoch": 1, "elapsed_seconds": 3.6743995409997297}
{"region": "1101", "specification": {"environment": "mlp", "temporal": "gru", "fusion": "concat"}, "seed": 43, "epoch": 5, "train_log_mse": 0.5141043717719467, "validation_mae": 5.82342004776001, "best_epoch": 5, "elapsed_seconds": 18.812562166000134}
{"region": "1101", "specification": {"environment": "mlp", "temporal": "gru", "fusion": "concat"}, "seed": 43, "epoch": 10, "train_log_mse": 0.4129382396349279, "validation_mae": 5.710127830505371, "best_epoch": 8, "elapsed_seconds": 41.369575166005234}
{"region": "1101", "specification": {"environment": "mlp", "temporal": "gru", "fusion": "concat"}, "seed": 43, "epoch": 15, "train_log_mse": 0.3881627971244383, "validation_mae": 5.7321343421936035, "best_epoch": 8, "elapsed_seconds": 60.50690745800239}
{"region": "1101", "specification": {"environment": "mlp", "temporal": "gru", "fusion": "concat"}, "seed": 43, "epoch": 20, "train_log_mse": 0.3677831905779248, "validation_mae": 5.733500003814697, "best_epoch": 18, "elapsed_seconds": 79.77415024999937}
{"region": "1101", "specification": {"environment": "mlp", "temporal": "gru", "fusion": "concat"}, "seed": 43, "epoch": 25, "train_log_mse": 0.35312758775848674, "validation_mae": 5.731032371520996, "best_epoch": 18, "elapsed_seconds": 98.52311004100193}
{"region": "1101", "specification": {"environment": "mlp", "temporal": "gru", "fusion": "concat"}, "seed": 44, "epoch": 1, "train_log_mse": 0.8760465382049831, "validation_mae": 10.066821098327637, "best_epoch": 1, "elapsed_seconds": 4.2195624580053845}
{"region": "1101", "specification": {"environment": "mlp", "temporal": "gru", "fusion": "concat"}, "seed": 44, "epoch": 5, "train_log_mse": 0.4987815183740581, "validation_mae": 6.082025527954102, "best_epoch": 5, "elapsed_seconds": 19.429151458003616}
{"region": "1101", "specification": {"environment": "mlp", "temporal": "gru", "fusion": "concat"}, "seed": 44, "epoch": 10, "train_log_mse": 0.4196425419506306, "validation_mae": 5.964538097381592, "best_epoch": 10, "elapsed_seconds": 39.58694954100065}
{"region": "1101", "specification": {"environment": "mlp", "temporal": "gru", "fusion": "concat"}, "seed": 44, "epoch": 15, "train_log_mse": 0.40193546923466866, "validation_mae": 6.045430660247803, "best_epoch": 14, "elapsed_seconds": 58.86492562499916}
{"region": "1101", "specification": {"environment": "mlp", "temporal": "gru", "fusion": "concat"}, "seed": 44, "epoch": 20, "train_log_mse": 0.3761617803628066, "validation_mae": 5.875247478485107, "best_epoch": 20, "elapsed_seconds": 78.06970233299944}
{"region": "1101", "specification": {"environment": "mlp", "temporal": "gru", "fusion": "concat"}, "seed": 44, "epoch": 25, "train_log_mse": 0.3617181587115058, "validation_mae": 5.936122417449951, "best_epoch": 23, "elapsed_seconds": 97.9610894580037}
{"region": "1101", "specification": {"environment": "mlp", "temporal": "gru", "fusion": "concat"}, "seed": 44, "epoch": 30, "train_log_mse": 0.34703651086133014, "validation_mae": 5.967814922332764, "best_epoch": 26, "elapsed_seconds": 116.82110987500346}
{"region": "1101", "specification": {"environment": "mlp", "temporal": "gru", "fusion": "concat"}, "seed": 44, "epoch": 35, "train_log_mse": 0.34005439842023716, "validation_mae": 5.89829683303833, "best_epoch": 26, "elapsed_seconds": 136.40367008300382}
{"region": "1101", "specification": {"environment": "residual_mlp", "temporal": "gru", "fusion": "concat"}, "seed": 42, "epoch": 1, "train_log_mse": 0.9634549736508997, "validation_mae": 10.440242767333984, "best_epoch": 1, "elapsed_seconds": 3.9143117089988664}
{"region": "1101", "specification": {"environment": "residual_mlp", "temporal": "gru", "fusion": "concat"}, "seed": 42, "epoch": 5, "train_log_mse": 0.499499585364626, "validation_mae": 5.810285568237305, "best_epoch": 5, "elapsed_seconds": 19.462335374999384}
{"region": "1101", "specification": {"environment": "residual_mlp", "temporal": "gru", "fusion": "concat"}, "seed": 42, "epoch": 10, "train_log_mse": 0.40554027802669884, "validation_mae": 5.914571762084961, "best_epoch": 5, "elapsed_seconds": 39.5790753340043}
{"region": "1101", "specification": {"environment": "residual_mlp", "temporal": "gru", "fusion": "concat"}, "seed": 42, "epoch": 15, "train_log_mse": 0.3924364642783436, "validation_mae": 6.042764186859131, "best_epoch": 5, "elapsed_seconds": 59.16466316700098}
{"region": "1101", "specification": {"environment": "residual_mlp", "temporal": "gru", "fusion": "concat"}, "seed": 43, "epoch": 1, "train_log_mse": 1.0921647982798846, "validation_mae": 10.912899017333984, "best_epoch": 1, "elapsed_seconds": 3.9263477499989676}
{"region": "1101", "specification": {"environment": "residual_mlp", "temporal": "gru", "fusion": "concat"}, "seed": 43, "epoch": 5, "train_log_mse": 0.4885031650269882, "validation_mae": 6.060122966766357, "best_epoch": 5, "elapsed_seconds": 19.777040542001487}
{"region": "1101", "specification": {"environment": "residual_mlp", "temporal": "gru", "fusion": "concat"}, "seed": 43, "epoch": 10, "train_log_mse": 0.39329477362554854, "validation_mae": 5.993548393249512, "best_epoch": 8, "elapsed_seconds": 39.603235583999776}
{"region": "1101", "specification": {"environment": "residual_mlp", "temporal": "gru", "fusion": "concat"}, "seed": 43, "epoch": 15, "train_log_mse": 0.3752874856175362, "validation_mae": 5.931158065795898, "best_epoch": 13, "elapsed_seconds": 59.403719667003315}
{"region": "1101", "specification": {"environment": "residual_mlp", "temporal": "gru", "fusion": "concat"}, "seed": 43, "epoch": 20, "train_log_mse": 0.35329394485183446, "validation_mae": 5.930334568023682, "best_epoch": 13, "elapsed_seconds": 80.56094012500398}
{"region": "1101", "specification": {"environment": "residual_mlp", "temporal": "gru", "fusion": "concat"}, "seed": 43, "epoch": 25, "train_log_mse": 0.3424857154882939, "validation_mae": 5.820740222930908, "best_epoch": 25, "elapsed_seconds": 101.87312562500301}
{"region": "1101", "specification": {"environment": "residual_mlp", "temporal": "gru", "fusion": "concat"}, "seed": 43, "epoch": 30, "train_log_mse": 0.33177346594609847, "validation_mae": 5.71251916885376, "best_epoch": 30, "elapsed_seconds": 124.74594487500144}
{"region": "1101", "specification": {"environment": "residual_mlp", "temporal": "gru", "fusion": "concat"}, "seed": 43, "epoch": 35, "train_log_mse": 0.3236646905568797, "validation_mae": 5.707761287689209, "best_epoch": 33, "elapsed_seconds": 145.50700225000037}
{"region": "1101", "specification": {"environment": "residual_mlp", "temporal": "gru", "fusion": "concat"}, "seed": 43, "epoch": 40, "train_log_mse": 0.3187003508598638, "validation_mae": 5.628062725067139, "best_epoch": 40, "elapsed_seconds": 169.85829904200364}
{"region": "1101", "specification": {"environment": "residual_mlp", "temporal": "gru", "fusion": "concat"}, "seed": 43, "epoch": 45, "train_log_mse": 0.31078632183691507, "validation_mae": 5.633693695068359, "best_epoch": 40, "elapsed_seconds": 190.97645433399884}
{"region": "1101", "specification": {"environment": "residual_mlp", "temporal": "gru", "fusion": "concat"}, "seed": 43, "epoch": 50, "train_log_mse": 0.30377977442153015, "validation_mae": 5.661774158477783, "best_epoch": 47, "elapsed_seconds": 213.98544520900032}
{"region": "1101", "specification": {"environment": "residual_mlp", "temporal": "gru", "fusion": "concat"}, "seed": 43, "epoch": 55, "train_log_mse": 0.2992057033148427, "validation_mae": 5.770474433898926, "best_epoch": 47, "elapsed_seconds": 236.98239987499983}
{"region": "1101", "specification": {"environment": "residual_mlp", "temporal": "gru", "fusion": "concat"}, "seed": 44, "epoch": 1, "train_log_mse": 0.8239895567602041, "validation_mae": 8.53907585144043, "best_epoch": 1, "elapsed_seconds": 4.315272416999505}
{"region": "1101", "specification": {"environment": "residual_mlp", "temporal": "gru", "fusion": "concat"}, "seed": 44, "epoch": 5, "train_log_mse": 0.456187444041257, "validation_mae": 6.047473430633545, "best_epoch": 4, "elapsed_seconds": 22.74013887500041}
{"region": "1101", "specification": {"environment": "residual_mlp", "temporal": "gru", "fusion": "concat"}, "seed": 44, "epoch": 10, "train_log_mse": 0.4033163938120298, "validation_mae": 5.938071250915527, "best_epoch": 10, "elapsed_seconds": 45.22547691700311}
{"region": "1101", "specification": {"environment": "residual_mlp", "temporal": "gru", "fusion": "concat"}, "seed": 44, "epoch": 15, "train_log_mse": 0.37678310910073426, "validation_mae": 6.0163679122924805, "best_epoch": 10, "elapsed_seconds": 67.84286583399808}
{"region": "1101", "specification": {"environment": "residual_mlp", "temporal": "gru", "fusion": "concat"}, "seed": 44, "epoch": 20, "train_log_mse": 0.3602460473561288, "validation_mae": 5.83766508102417, "best_epoch": 20, "elapsed_seconds": 90.23950508399867}
{"region": "1101", "specification": {"environment": "residual_mlp", "temporal": "gru", "fusion": "concat"}, "seed": 44, "epoch": 25, "train_log_mse": 0.3464312432888301, "validation_mae": 5.798673152923584, "best_epoch": 23, "elapsed_seconds": 113.17368849999912}
{"region": "1101", "specification": {"environment": "residual_mlp", "temporal": "gru", "fusion": "concat"}, "seed": 44, "epoch": 30, "train_log_mse": 0.33422211631359316, "validation_mae": 5.840389728546143, "best_epoch": 29, "elapsed_seconds": 136.6714615000019}
{"region": "1101", "specification": {"environment": "residual_mlp", "temporal": "gru", "fusion": "concat"}, "seed": 44, "epoch": 35, "train_log_mse": 0.3238147364525047, "validation_mae": 5.757300853729248, "best_epoch": 33, "elapsed_seconds": 159.92111245900014}
{"region": "1101", "specification": {"environment": "residual_mlp", "temporal": "gru", "fusion": "concat"}, "seed": 44, "epoch": 40, "train_log_mse": 0.31845344624149274, "validation_mae": 5.655154228210449, "best_epoch": 40, "elapsed_seconds": 183.8088300419986}
{"region": "1101", "specification": {"environment": "residual_mlp", "temporal": "gru", "fusion": "concat"}, "seed": 44, "epoch": 45, "train_log_mse": 0.310485711796908, "validation_mae": 5.650156021118164, "best_epoch": 44, "elapsed_seconds": 211.28516579200368}
{"region": "1101", "specification": {"environment": "residual_mlp", "temporal": "gru", "fusion": "concat"}, "seed": 44, "epoch": 50, "train_log_mse": 0.301842069595074, "validation_mae": 5.5987043380737305, "best_epoch": 44, "elapsed_seconds": 235.53680108400295}
{"region": "1101", "stage_complete": "environment", "selected": "residual_mlp", "validation_means": {"constant": 7.357402324676514, "linear": 5.703752358754476, "mlp": 5.7324700355529785, "residual_mlp": 5.647202491760254}}
{"region": "1101", "specification": {"environment": "residual_mlp", "temporal": "current", "fusion": "concat"}, "seed": 42, "epoch": 1, "train_log_mse": 0.966520875714565, "validation_mae": 10.640646934509277, "best_epoch": 1, "elapsed_seconds": 4.005883999998332}
{"region": "1101", "specification": {"environment": "residual_mlp", "temporal": "current", "fusion": "concat"}, "seed": 42, "epoch": 5, "train_log_mse": 0.5139942924021799, "validation_mae": 5.792174339294434, "best_epoch": 5, "elapsed_seconds": 20.423165624997637}
{"region": "1101", "specification": {"environment": "residual_mlp", "temporal": "current", "fusion": "concat"}, "seed": 42, "epoch": 10, "train_log_mse": 0.41192514059755403, "validation_mae": 5.789313316345215, "best_epoch": 8, "elapsed_seconds": 41.10107204099768}
{"region": "1101", "specification": {"environment": "residual_mlp", "temporal": "current", "fusion": "concat"}, "seed": 42, "epoch": 15, "train_log_mse": 0.38795805855844845, "validation_mae": 5.808246612548828, "best_epoch": 8, "elapsed_seconds": 61.448239707999164}
{"region": "1101", "specification": {"environment": "residual_mlp", "temporal": "current", "fusion": "concat"}, "seed": 43, "epoch": 1, "train_log_mse": 1.108445898175648, "validation_mae": 10.631258010864258, "best_epoch": 1, "elapsed_seconds": 3.765798917003849}
{"region": "1101", "specification": {"environment": "residual_mlp", "temporal": "current", "fusion": "concat"}, "seed": 43, "epoch": 5, "train_log_mse": 0.4867083938138725, "validation_mae": 5.9748382568359375, "best_epoch": 5, "elapsed_seconds": 19.10062375000416}
{"region": "1101", "specification": {"environment": "residual_mlp", "temporal": "current", "fusion": "concat"}, "seed": 43, "epoch": 10, "train_log_mse": 0.40159866588343823, "validation_mae": 6.080018043518066, "best_epoch": 5, "elapsed_seconds": 39.625552584002435}
{"region": "1101", "specification": {"environment": "residual_mlp", "temporal": "current", "fusion": "concat"}, "seed": 43, "epoch": 15, "train_log_mse": 0.38218699496507086, "validation_mae": 6.042757511138916, "best_epoch": 5, "elapsed_seconds": 59.27690312499908}
{"region": "1101", "specification": {"environment": "residual_mlp", "temporal": "current", "fusion": "concat"}, "seed": 44, "epoch": 1, "train_log_mse": 0.8557769110153185, "validation_mae": 9.998345375061035, "best_epoch": 1, "elapsed_seconds": 3.6219865409948397}
{"region": "1101", "specification": {"environment": "residual_mlp", "temporal": "current", "fusion": "concat"}, "seed": 44, "epoch": 5, "train_log_mse": 0.4916501502909273, "validation_mae": 5.883091449737549, "best_epoch": 5, "elapsed_seconds": 18.290863040994736}
{"region": "1101", "specification": {"environment": "residual_mlp", "temporal": "current", "fusion": "concat"}, "seed": 44, "epoch": 10, "train_log_mse": 0.4268371575969861, "validation_mae": 5.876034259796143, "best_epoch": 10, "elapsed_seconds": 36.09779474999959}
{"region": "1101", "specification": {"environment": "residual_mlp", "temporal": "current", "fusion": "concat"}, "seed": 44, "epoch": 15, "train_log_mse": 0.3957310125414502, "validation_mae": 5.993176460266113, "best_epoch": 11, "elapsed_seconds": 53.3087088329994}
{"region": "1101", "specification": {"environment": "residual_mlp", "temporal": "current", "fusion": "concat"}, "seed": 44, "epoch": 20, "train_log_mse": 0.3699965294911304, "validation_mae": 5.912949562072754, "best_epoch": 11, "elapsed_seconds": 71.10820695799339}
{"region": "1101", "specification": {"environment": "residual_mlp", "temporal": "lag_mlp", "fusion": "concat"}, "seed": 42, "epoch": 1, "train_log_mse": 0.9704962437330087, "validation_mae": 10.442753791809082, "best_epoch": 1, "elapsed_seconds": 3.5772148339965497}
{"region": "1101", "specification": {"environment": "residual_mlp", "temporal": "lag_mlp", "fusion": "concat"}, "seed": 42, "epoch": 5, "train_log_mse": 0.4861350773379893, "validation_mae": 6.026946544647217, "best_epoch": 5, "elapsed_seconds": 17.658961959001317}
{"region": "1101", "specification": {"environment": "residual_mlp", "temporal": "lag_mlp", "fusion": "concat"}, "seed": 42, "epoch": 10, "train_log_mse": 0.394960099331133, "validation_mae": 5.81996488571167, "best_epoch": 9, "elapsed_seconds": 35.19509137499699}
{"region": "1101", "specification": {"environment": "residual_mlp", "temporal": "lag_mlp", "fusion": "concat"}, "seed": 42, "epoch": 15, "train_log_mse": 0.37831560098235234, "validation_mae": 5.940694808959961, "best_epoch": 12, "elapsed_seconds": 53.24370600000111}
{"region": "1101", "specification": {"environment": "residual_mlp", "temporal": "lag_mlp", "fusion": "concat"}, "seed": 42, "epoch": 20, "train_log_mse": 0.36083213290555444, "validation_mae": 5.847033500671387, "best_epoch": 12, "elapsed_seconds": 71.3795210419994}
{"region": "1101", "specification": {"environment": "residual_mlp", "temporal": "lag_mlp", "fusion": "concat"}, "seed": 42, "epoch": 25, "train_log_mse": 0.3485910404379019, "validation_mae": 5.827812671661377, "best_epoch": 21, "elapsed_seconds": 90.09798470899841}
{"region": "1101", "specification": {"environment": "residual_mlp", "temporal": "lag_mlp", "fusion": "concat"}, "seed": 42, "epoch": 30, "train_log_mse": 0.3386926194976166, "validation_mae": 5.770617485046387, "best_epoch": 21, "elapsed_seconds": 108.9143572499961}
{"region": "1101", "specification": {"environment": "residual_mlp", "temporal": "lag_mlp", "fusion": "concat"}, "seed": 43, "epoch": 1, "train_log_mse": 1.124471874209595, "validation_mae": 10.83824634552002, "best_epoch": 1, "elapsed_seconds": 3.8450424170005135}
{"region": "1101", "specification": {"environment": "residual_mlp", "temporal": "lag_mlp", "fusion": "concat"}, "seed": 43, "epoch": 5, "train_log_mse": 0.49297635795236777, "validation_mae": 6.0903239250183105, "best_epoch": 5, "elapsed_seconds": 20.32048866700643}
{"region": "1101", "specification": {"environment": "residual_mlp", "temporal": "lag_mlp", "fusion": "concat"}, "seed": 43, "epoch": 10, "train_log_mse": 0.40709605776474594, "validation_mae": 5.899555683135986, "best_epoch": 8, "elapsed_seconds": 39.624953250000544}
{"region": "1101", "specification": {"environment": "residual_mlp", "temporal": "lag_mlp", "fusion": "concat"}, "seed": 43, "epoch": 15, "train_log_mse": 0.37255656621538896, "validation_mae": 6.042576789855957, "best_epoch": 8, "elapsed_seconds": 59.47502020899992}
{"region": "1101", "specification": {"environment": "residual_mlp", "temporal": "lag_mlp", "fusion": "concat"}, "seed": 44, "epoch": 1, "train_log_mse": 0.8575333257590216, "validation_mae": 10.223047256469727, "best_epoch": 1, "elapsed_seconds": 4.209768749999057}
{"region": "1101", "specification": {"environment": "residual_mlp", "temporal": "lag_mlp", "fusion": "concat"}, "seed": 44, "epoch": 5, "train_log_mse": 0.4590208994145959, "validation_mae": 6.126980304718018, "best_epoch": 3, "elapsed_seconds": 21.391360624998924}
{"region": "1101", "specification": {"environment": "residual_mlp", "temporal": "lag_mlp", "fusion": "concat"}, "seed": 44, "epoch": 10, "train_log_mse": 0.4031387572314795, "validation_mae": 5.904073715209961, "best_epoch": 10, "elapsed_seconds": 41.36533966700517}
{"region": "1101", "specification": {"environment": "residual_mlp", "temporal": "lag_mlp", "fusion": "concat"}, "seed": 44, "epoch": 15, "train_log_mse": 0.3773903754162477, "validation_mae": 5.843980312347412, "best_epoch": 15, "elapsed_seconds": 60.997903125004086}
{"region": "1101", "specification": {"environment": "residual_mlp", "temporal": "lag_mlp", "fusion": "concat"}, "seed": 44, "epoch": 20, "train_log_mse": 0.3583153388878932, "validation_mae": 5.788236618041992, "best_epoch": 20, "elapsed_seconds": 81.49893000000156}
{"region": "1101", "specification": {"environment": "residual_mlp", "temporal": "lag_mlp", "fusion": "concat"}, "seed": 44, "epoch": 25, "train_log_mse": 0.34321748803700025, "validation_mae": 5.830296516418457, "best_epoch": 24, "elapsed_seconds": 100.50495450000017}
{"region": "1101", "specification": {"environment": "residual_mlp", "temporal": "lag_mlp", "fusion": "concat"}, "seed": 44, "epoch": 30, "train_log_mse": 0.33002373009536845, "validation_mae": 5.898037433624268, "best_epoch": 29, "elapsed_seconds": 119.48716866700124}
{"region": "1101", "specification": {"environment": "residual_mlp", "temporal": "lag_mlp", "fusion": "concat"}, "seed": 44, "epoch": 35, "train_log_mse": 0.322105233071074, "validation_mae": 5.806329250335693, "best_epoch": 33, "elapsed_seconds": 138.74016333400505}
{"region": "1101", "specification": {"environment": "residual_mlp", "temporal": "lag_mlp", "fusion": "concat"}, "seed": 44, "epoch": 40, "train_log_mse": 0.3141067832955491, "validation_mae": 5.680913925170898, "best_epoch": 39, "elapsed_seconds": 157.8434822499985}
{"region": "1101", "specification": {"environment": "residual_mlp", "temporal": "lag_mlp", "fusion": "concat"}, "seed": 44, "epoch": 45, "train_log_mse": 0.30702285921924655, "validation_mae": 5.663417816162109, "best_epoch": 44, "elapsed_seconds": 176.8469520840008}
{"region": "1101", "specification": {"environment": "residual_mlp", "temporal": "lag_mlp", "fusion": "concat"}, "seed": 44, "epoch": 50, "train_log_mse": 0.3012461820220076, "validation_mae": 5.720607280731201, "best_epoch": 44, "elapsed_seconds": 196.24093420900317}
{"region": "1101", "specification": {"environment": "residual_mlp", "temporal": "lag_mlp", "fusion": "concat"}, "seed": 44, "epoch": 55, "train_log_mse": 0.29297908087982855, "validation_mae": 5.571313858032227, "best_epoch": 54, "elapsed_seconds": 215.7690294999993}
{"region": "1101", "specification": {"environment": "residual_mlp", "temporal": "lag_mlp", "fusion": "concat"}, "seed": 44, "epoch": 60, "train_log_mse": 0.2908046606298627, "validation_mae": 5.5263991355896, "best_epoch": 54, "elapsed_seconds": 234.9745436250014}
{"region": "1101", "specification": {"environment": "residual_mlp", "temporal": "lstm", "fusion": "concat"}, "seed": 42, "epoch": 1, "train_log_mse": 0.9802731095788566, "validation_mae": 10.403218269348145, "best_epoch": 1, "elapsed_seconds": 5.45929787500063}
{"region": "1101", "specification": {"environment": "residual_mlp", "temporal": "lstm", "fusion": "concat"}, "seed": 42, "epoch": 5, "train_log_mse": 0.5036004862640198, "validation_mae": 5.94580078125, "best_epoch": 5, "elapsed_seconds": 26.049869750000653}
{"region": "1101", "specification": {"environment": "residual_mlp", "temporal": "lstm", "fusion": "concat"}, "seed": 42, "epoch": 10, "train_log_mse": 0.41377985591690486, "validation_mae": 5.84622049331665, "best_epoch": 10, "elapsed_seconds": 53.21394179199706}
{"region": "1101", "specification": {"environment": "residual_mlp", "temporal": "lstm", "fusion": "concat"}, "seed": 42, "epoch": 15, "train_log_mse": 0.3930660395359672, "validation_mae": 6.125677108764648, "best_epoch": 10, "elapsed_seconds": 78.91586020799878}
{"region": "1101", "specification": {"environment": "residual_mlp", "temporal": "lstm", "fusion": "concat"}, "seed": 42, "epoch": 20, "train_log_mse": 0.3703468300402534, "validation_mae": 5.810369968414307, "best_epoch": 20, "elapsed_seconds": 105.41745612499653}
{"region": "1101", "specification": {"environment": "residual_mlp", "temporal": "lstm", "fusion": "concat"}, "seed": 42, "epoch": 25, "train_log_mse": 0.3572622210451813, "validation_mae": 5.879703998565674, "best_epoch": 21, "elapsed_seconds": 131.13780808299634}
{"region": "1101", "specification": {"environment": "residual_mlp", "temporal": "lstm", "fusion": "concat"}, "seed": 42, "epoch": 30, "train_log_mse": 0.34383812198821706, "validation_mae": 5.772486209869385, "best_epoch": 21, "elapsed_seconds": 155.8592165000009}
{"region": "1101", "specification": {"environment": "residual_mlp", "temporal": "lstm", "fusion": "concat"}, "seed": 42, "epoch": 35, "train_log_mse": 0.333914222757063, "validation_mae": 5.759317398071289, "best_epoch": 33, "elapsed_seconds": 179.6013479999965}
{"region": "1101", "specification": {"environment": "residual_mlp", "temporal": "lstm", "fusion": "concat"}, "seed": 42, "epoch": 40, "train_log_mse": 0.3244944325778612, "validation_mae": 5.754262447357178, "best_epoch": 33, "elapsed_seconds": 204.19761062500038}
{"region": "1101", "specification": {"environment": "residual_mlp", "temporal": "lstm", "fusion": "concat"}, "seed": 42, "epoch": 45, "train_log_mse": 0.3135780066635031, "validation_mae": 5.849935054779053, "best_epoch": 42, "elapsed_seconds": 228.62297833299817}
{"region": "1101", "specification": {"environment": "residual_mlp", "temporal": "lstm", "fusion": "concat"}, "seed": 42, "epoch": 50, "train_log_mse": 0.3096740599913123, "validation_mae": 5.791898727416992, "best_epoch": 42, "elapsed_seconds": 253.49025291699945}
{"region": "1101", "specification": {"environment": "residual_mlp", "temporal": "lstm", "fusion": "concat"}, "seed": 43, "epoch": 1, "train_log_mse": 1.119702785489481, "validation_mae": 10.75450325012207, "best_epoch": 1, "elapsed_seconds": 4.699389583998709}
{"region": "1101", "specification": {"environment": "residual_mlp", "temporal": "lstm", "fusion": "concat"}, "seed": 43, "epoch": 5, "train_log_mse": 0.49759944145027996, "validation_mae": 5.916097164154053, "best_epoch": 5, "elapsed_seconds": 23.089981666998938}
{"region": "1101", "specification": {"environment": "residual_mlp", "temporal": "lstm", "fusion": "concat"}, "seed": 43, "epoch": 10, "train_log_mse": 0.4069298378103237, "validation_mae": 5.920068264007568, "best_epoch": 6, "elapsed_seconds": 46.73047450000013}
{"region": "1101", "specification": {"environment": "residual_mlp", "temporal": "lstm", "fusion": "concat"}, "seed": 43, "epoch": 15, "train_log_mse": 0.38222953833891565, "validation_mae": 5.873921871185303, "best_epoch": 6, "elapsed_seconds": 69.83193975000177}
{"region": "1101", "specification": {"environment": "residual_mlp", "temporal": "lstm", "fusion": "concat"}, "seed": 44, "epoch": 1, "train_log_mse": 0.8558476231790618, "validation_mae": 9.843766212463379, "best_epoch": 1, "elapsed_seconds": 4.845027458999539}
{"region": "1101", "specification": {"environment": "residual_mlp", "temporal": "lstm", "fusion": "concat"}, "seed": 44, "epoch": 5, "train_log_mse": 0.4724775935907552, "validation_mae": 6.031121730804443, "best_epoch": 5, "elapsed_seconds": 23.662820584002475}
{"region": "1101", "specification": {"environment": "residual_mlp", "temporal": "lstm", "fusion": "concat"}, "seed": 44, "epoch": 10, "train_log_mse": 0.4109579505202514, "validation_mae": 5.891364097595215, "best_epoch": 10, "elapsed_seconds": 47.18150587499986}
{"region": "1101", "specification": {"environment": "residual_mlp", "temporal": "lstm", "fusion": "concat"}, "seed": 44, "epoch": 15, "train_log_mse": 0.38460309340076704, "validation_mae": 5.914094924926758, "best_epoch": 11, "elapsed_seconds": 71.7228082090005}
{"region": "1101", "specification": {"environment": "residual_mlp", "temporal": "lstm", "fusion": "concat"}, "seed": 44, "epoch": 20, "train_log_mse": 0.3654467342472744, "validation_mae": 5.723566055297852, "best_epoch": 20, "elapsed_seconds": 97.08096825000393}
{"region": "1101", "specification": {"environment": "residual_mlp", "temporal": "lstm", "fusion": "concat"}, "seed": 44, "epoch": 25, "train_log_mse": 0.35133858168395665, "validation_mae": 5.767042636871338, "best_epoch": 20, "elapsed_seconds": 120.73226295900531}
{"region": "1101", "specification": {"environment": "residual_mlp", "temporal": "lstm", "fusion": "concat"}, "seed": 44, "epoch": 30, "train_log_mse": 0.3446984179556574, "validation_mae": 5.892815113067627, "best_epoch": 26, "elapsed_seconds": 144.978257458999}
{"region": "1101", "specification": {"environment": "residual_mlp", "temporal": "lstm", "fusion": "concat"}, "seed": 44, "epoch": 35, "train_log_mse": 0.3332582349969955, "validation_mae": 5.888066291809082, "best_epoch": 33, "elapsed_seconds": 167.5092122920032}
{"region": "1101", "specification": {"environment": "residual_mlp", "temporal": "lstm", "fusion": "concat"}, "seed": 44, "epoch": 40, "train_log_mse": 0.32865565793564805, "validation_mae": 5.6885457038879395, "best_epoch": 39, "elapsed_seconds": 192.42475283400563}
{"region": "1101", "specification": {"environment": "residual_mlp", "temporal": "lstm", "fusion": "concat"}, "seed": 44, "epoch": 45, "train_log_mse": 0.31966143711847195, "validation_mae": 5.7264580726623535, "best_epoch": 39, "elapsed_seconds": 214.5314040420053}
{"region": "1101", "specification": {"environment": "residual_mlp", "temporal": "transformer", "fusion": "concat"}, "seed": 42, "epoch": 1, "train_log_mse": 0.9496033542223344, "validation_mae": 10.123159408569336, "best_epoch": 1, "elapsed_seconds": 9.846604709004168}
{"region": "1101", "specification": {"environment": "residual_mlp", "temporal": "transformer", "fusion": "concat"}, "seed": 42, "epoch": 5, "train_log_mse": 0.48734914627275977, "validation_mae": 5.982705593109131, "best_epoch": 4, "elapsed_seconds": 46.99303879200306}
{"region": "1101", "specification": {"environment": "residual_mlp", "temporal": "transformer", "fusion": "concat"}, "seed": 42, "epoch": 10, "train_log_mse": 0.4019296646970547, "validation_mae": 5.76824426651001, "best_epoch": 10, "elapsed_seconds": 92.68136191699887}
{"region": "1101", "specification": {"environment": "residual_mlp", "temporal": "transformer", "fusion": "concat"}, "seed": 42, "epoch": 15, "train_log_mse": 0.38318613159294856, "validation_mae": 5.917245864868164, "best_epoch": 13, "elapsed_seconds": 137.64927624999837}
{"region": "1101", "specification": {"environment": "residual_mlp", "temporal": "transformer", "fusion": "concat"}, "seed": 42, "epoch": 20, "train_log_mse": 0.36408328313897126, "validation_mae": 5.689446449279785, "best_epoch": 20, "elapsed_seconds": 183.59338208400004}
{"region": "1101", "specification": {"environment": "residual_mlp", "temporal": "transformer", "fusion": "concat"}, "seed": 42, "epoch": 25, "train_log_mse": 0.35765974966415054, "validation_mae": 5.854328155517578, "best_epoch": 21, "elapsed_seconds": 228.84359758400387}
{"region": "1101", "specification": {"environment": "residual_mlp", "temporal": "transformer", "fusion": "concat"}, "seed": 42, "epoch": 30, "train_log_mse": 0.3434342577024252, "validation_mae": 5.830151081085205, "best_epoch": 21, "elapsed_seconds": 275.80697395899915}
{"region": "1101", "specification": {"environment": "residual_mlp", "temporal": "transformer", "fusion": "concat"}, "seed": 43, "epoch": 1, "train_log_mse": 1.1133510832623423, "validation_mae": 10.993332862854004, "best_epoch": 1, "elapsed_seconds": 9.391729667004256}
{"region": "1101", "specification": {"environment": "residual_mlp", "temporal": "transformer", "fusion": "concat"}, "seed": 43, "epoch": 5, "train_log_mse": 0.5270605906988423, "validation_mae": 6.006594181060791, "best_epoch": 5, "elapsed_seconds": 47.56774295800278}
{"region": "1101", "specification": {"environment": "residual_mlp", "temporal": "transformer", "fusion": "concat"}, "seed": 43, "epoch": 10, "train_log_mse": 0.41564840181054175, "validation_mae": 5.956532955169678, "best_epoch": 10, "elapsed_seconds": 92.98868141700223}
{"region": "1101", "specification": {"environment": "residual_mlp", "temporal": "transformer", "fusion": "concat"}, "seed": 43, "epoch": 15, "train_log_mse": 0.3880050752373543, "validation_mae": 5.820422649383545, "best_epoch": 12, "elapsed_seconds": 137.99326266700518}
{"region": "1101", "specification": {"environment": "residual_mlp", "temporal": "transformer", "fusion": "concat"}, "seed": 43, "epoch": 20, "train_log_mse": 0.36244907130065185, "validation_mae": 5.849916458129883, "best_epoch": 12, "elapsed_seconds": 183.01597958300408}
{"region": "1101", "specification": {"environment": "residual_mlp", "temporal": "transformer", "fusion": "concat"}, "seed": 44, "epoch": 1, "train_log_mse": 0.9166044071098444, "validation_mae": 10.072484970092773, "best_epoch": 1, "elapsed_seconds": 9.455525000004855}
{"region": "1101", "specification": {"environment": "residual_mlp", "temporal": "transformer", "fusion": "concat"}, "seed": 44, "epoch": 5, "train_log_mse": 0.4739343120488387, "validation_mae": 6.048119068145752, "best_epoch": 5, "elapsed_seconds": 46.25285433400131}
{"region": "1101", "specification": {"environment": "residual_mlp", "temporal": "transformer", "fusion": "concat"}, "seed": 44, "epoch": 10, "train_log_mse": 0.4089065643436321, "validation_mae": 5.914301872253418, "best_epoch": 10, "elapsed_seconds": 92.82710991700151}
{"region": "1101", "specification": {"environment": "residual_mlp", "temporal": "transformer", "fusion": "concat"}, "seed": 44, "epoch": 15, "train_log_mse": 0.3936625809813689, "validation_mae": 5.980319499969482, "best_epoch": 14, "elapsed_seconds": 139.66818729200168}
{"region": "1101", "specification": {"environment": "residual_mlp", "temporal": "transformer", "fusion": "concat"}, "seed": 44, "epoch": 20, "train_log_mse": 0.3634677278740391, "validation_mae": 5.8877129554748535, "best_epoch": 14, "elapsed_seconds": 186.48901233400102}
{"region": "1101", "stage_complete": "time", "selected": "gru", "validation_means": {"current": 5.840592861175537, "lag_mlp": 5.690673351287842, "gru": 5.647202491760254, "lstm": 5.704461415608724, "transformer": 5.751025040944417}}
{"region": "1101", "specification": {"environment": "residual_mlp", "temporal": "gru", "fusion": "residual_concat"}, "seed": 42, "epoch": 1, "train_log_mse": 0.9623899239639971, "validation_mae": 10.377298355102539, "best_epoch": 1, "elapsed_seconds": 4.383789916006208}
{"region": "1101", "specification": {"environment": "residual_mlp", "temporal": "gru", "fusion": "residual_concat"}, "seed": 42, "epoch": 5, "train_log_mse": 0.5004276188691718, "validation_mae": 5.8031110763549805, "best_epoch": 5, "elapsed_seconds": 21.83138087500265}
{"region": "1101", "specification": {"environment": "residual_mlp", "temporal": "gru", "fusion": "residual_concat"}, "seed": 42, "epoch": 10, "train_log_mse": 0.4109981648053838, "validation_mae": 5.866044044494629, "best_epoch": 5, "elapsed_seconds": 43.08243258300354}
{"region": "1101", "specification": {"environment": "residual_mlp", "temporal": "gru", "fusion": "residual_concat"}, "seed": 42, "epoch": 15, "train_log_mse": 0.3914306828528058, "validation_mae": 5.994372367858887, "best_epoch": 5, "elapsed_seconds": 67.40732758300146}
{"region": "1101", "specification": {"environment": "residual_mlp", "temporal": "gru", "fusion": "residual_concat"}, "seed": 43, "epoch": 1, "train_log_mse": 1.0827420236242877, "validation_mae": 10.888521194458008, "best_epoch": 1, "elapsed_seconds": 5.2921159170000465}
{"region": "1101", "specification": {"environment": "residual_mlp", "temporal": "gru", "fusion": "residual_concat"}, "seed": 43, "epoch": 5, "train_log_mse": 0.4881540275068741, "validation_mae": 6.035254001617432, "best_epoch": 5, "elapsed_seconds": 24.436345583999355}
{"region": "1101", "specification": {"environment": "residual_mlp", "temporal": "gru", "fusion": "residual_concat"}, "seed": 43, "epoch": 10, "train_log_mse": 0.3931513369169235, "validation_mae": 5.9913129806518555, "best_epoch": 8, "elapsed_seconds": 50.709028375000344}
{"region": "1101", "specification": {"environment": "residual_mlp", "temporal": "gru", "fusion": "residual_concat"}, "seed": 43, "epoch": 15, "train_log_mse": 0.37549930085515043, "validation_mae": 5.891658782958984, "best_epoch": 13, "elapsed_seconds": 74.11807020899869}
{"region": "1101", "specification": {"environment": "residual_mlp", "temporal": "gru", "fusion": "residual_concat"}, "seed": 43, "epoch": 20, "train_log_mse": 0.35152681357242943, "validation_mae": 5.924409866333008, "best_epoch": 13, "elapsed_seconds": 98.50699783399614}
{"region": "1101", "specification": {"environment": "residual_mlp", "temporal": "gru", "fusion": "residual_concat"}, "seed": 43, "epoch": 25, "train_log_mse": 0.3403113202415575, "validation_mae": 5.804836750030518, "best_epoch": 25, "elapsed_seconds": 121.76775712500239}
{"region": "1101", "specification": {"environment": "residual_mlp", "temporal": "gru", "fusion": "residual_concat"}, "seed": 43, "epoch": 30, "train_log_mse": 0.3296072770623561, "validation_mae": 5.702037811279297, "best_epoch": 30, "elapsed_seconds": 144.6103707919974}
{"region": "1101", "specification": {"environment": "residual_mlp", "temporal": "gru", "fusion": "residual_concat"}, "seed": 43, "epoch": 35, "train_log_mse": 0.3216439416708175, "validation_mae": 5.688162326812744, "best_epoch": 35, "elapsed_seconds": 168.58244141699834}
{"region": "1101", "specification": {"environment": "residual_mlp", "temporal": "gru", "fusion": "residual_concat"}, "seed": 43, "epoch": 40, "train_log_mse": 0.31674050150647337, "validation_mae": 5.6223249435424805, "best_epoch": 40, "elapsed_seconds": 191.53168616699986}
{"region": "1101", "specification": {"environment": "residual_mlp", "temporal": "gru", "fusion": "residual_concat"}, "seed": 43, "epoch": 45, "train_log_mse": 0.30886197631175244, "validation_mae": 5.613204002380371, "best_epoch": 45, "elapsed_seconds": 215.71815670900105}
{"region": "1101", "specification": {"environment": "residual_mlp", "temporal": "gru", "fusion": "residual_concat"}, "seed": 43, "epoch": 50, "train_log_mse": 0.3025969481585403, "validation_mae": 5.647744655609131, "best_epoch": 47, "elapsed_seconds": 239.5743289999955}
{"region": "1101", "specification": {"environment": "residual_mlp", "temporal": "gru", "fusion": "residual_concat"}, "seed": 43, "epoch": 55, "train_log_mse": 0.298377394812353, "validation_mae": 5.752656936645508, "best_epoch": 47, "elapsed_seconds": 263.7903966669983}
{"region": "1101", "specification": {"environment": "residual_mlp", "temporal": "gru", "fusion": "residual_concat"}, "seed": 44, "epoch": 1, "train_log_mse": 0.8163932634741282, "validation_mae": 8.407753944396973, "best_epoch": 1, "elapsed_seconds": 5.068129999999655}
{"region": "1101", "specification": {"environment": "residual_mlp", "temporal": "gru", "fusion": "residual_concat"}, "seed": 44, "epoch": 5, "train_log_mse": 0.45775559355884804, "validation_mae": 6.065300941467285, "best_epoch": 5, "elapsed_seconds": 25.06393329200364}
{"region": "1101", "specification": {"environment": "residual_mlp", "temporal": "gru", "fusion": "residual_concat"}, "seed": 44, "epoch": 10, "train_log_mse": 0.40264880000742886, "validation_mae": 5.940436363220215, "best_epoch": 10, "elapsed_seconds": 53.68045479200373}
{"region": "1101", "specification": {"environment": "residual_mlp", "temporal": "gru", "fusion": "residual_concat"}, "seed": 44, "epoch": 15, "train_log_mse": 0.37649324135733214, "validation_mae": 6.011310577392578, "best_epoch": 10, "elapsed_seconds": 82.76128179200168}
{"region": "1101", "specification": {"environment": "residual_mlp", "temporal": "gru", "fusion": "residual_concat"}, "seed": 44, "epoch": 20, "train_log_mse": 0.35679199364223335, "validation_mae": 5.8515095710754395, "best_epoch": 20, "elapsed_seconds": 109.29933087500103}
{"region": "1101", "specification": {"environment": "residual_mlp", "temporal": "gru", "fusion": "residual_concat"}, "seed": 44, "epoch": 25, "train_log_mse": 0.3442401617959285, "validation_mae": 5.777966499328613, "best_epoch": 25, "elapsed_seconds": 135.33901054199669}
{"region": "1101", "specification": {"environment": "residual_mlp", "temporal": "gru", "fusion": "residual_concat"}, "seed": 44, "epoch": 30, "train_log_mse": 0.33289263247141354, "validation_mae": 5.846541404724121, "best_epoch": 29, "elapsed_seconds": 162.1939598329991}
{"region": "1101", "specification": {"environment": "residual_mlp", "temporal": "gru", "fusion": "residual_concat"}, "seed": 44, "epoch": 35, "train_log_mse": 0.3238143113976031, "validation_mae": 5.771456718444824, "best_epoch": 33, "elapsed_seconds": 188.24348750000354}
{"region": "1101", "specification": {"environment": "residual_mlp", "temporal": "gru", "fusion": "residual_concat"}, "seed": 44, "epoch": 40, "train_log_mse": 0.31937621467204297, "validation_mae": 5.687630653381348, "best_epoch": 33, "elapsed_seconds": 214.1578806250036}
{"region": "1101", "specification": {"environment": "residual_mlp", "temporal": "gru", "fusion": "residual_concat"}, "seed": 44, "epoch": 45, "train_log_mse": 0.3098712013638998, "validation_mae": 5.6165361404418945, "best_epoch": 44, "elapsed_seconds": 241.0975582079991}
{"region": "1101", "specification": {"environment": "residual_mlp", "temporal": "gru", "fusion": "residual_concat"}, "seed": 44, "epoch": 50, "train_log_mse": 0.3010545603017524, "validation_mae": 5.645709037780762, "best_epoch": 44, "elapsed_seconds": 268.1191010420007}
{"region": "1101", "specification": {"environment": "residual_mlp", "temporal": "gru", "fusion": "conditioned"}, "seed": 42, "epoch": 1, "train_log_mse": 0.9538734754636914, "validation_mae": 10.263712882995605, "best_epoch": 1, "elapsed_seconds": 5.602087750005012}
{"region": "1101", "specification": {"environment": "residual_mlp", "temporal": "gru", "fusion": "conditioned"}, "seed": 42, "epoch": 5, "train_log_mse": 0.48979284675848556, "validation_mae": 5.808291435241699, "best_epoch": 5, "elapsed_seconds": 27.54371800000081}
{"region": "1101", "specification": {"environment": "residual_mlp", "temporal": "gru", "fusion": "conditioned"}, "seed": 42, "epoch": 10, "train_log_mse": 0.4070724410779652, "validation_mae": 5.81812858581543, "best_epoch": 5, "elapsed_seconds": 52.79369720800605}
{"region": "1101", "specification": {"environment": "residual_mlp", "temporal": "gru", "fusion": "conditioned"}, "seed": 42, "epoch": 15, "train_log_mse": 0.38619887527533253, "validation_mae": 6.001054763793945, "best_epoch": 5, "elapsed_seconds": 78.2602787920041}
{"region": "1101", "specification": {"environment": "residual_mlp", "temporal": "gru", "fusion": "conditioned"}, "seed": 43, "epoch": 1, "train_log_mse": 1.0778081439222016, "validation_mae": 10.878189086914062, "best_epoch": 1, "elapsed_seconds": 5.357961374997103}
{"region": "1101", "specification": {"environment": "residual_mlp", "temporal": "gru", "fusion": "conditioned"}, "seed": 43, "epoch": 5, "train_log_mse": 0.48401617789565643, "validation_mae": 6.017274379730225, "best_epoch": 5, "elapsed_seconds": 26.71693879099621}
{"region": "1101", "specification": {"environment": "residual_mlp", "temporal": "gru", "fusion": "conditioned"}, "seed": 43, "epoch": 10, "train_log_mse": 0.39046403072377445, "validation_mae": 5.931530475616455, "best_epoch": 8, "elapsed_seconds": 52.46363074999681}
{"region": "1101", "specification": {"environment": "residual_mlp", "temporal": "gru", "fusion": "conditioned"}, "seed": 43, "epoch": 15, "train_log_mse": 0.3700690237032313, "validation_mae": 5.850563049316406, "best_epoch": 13, "elapsed_seconds": 78.26784987500287}
{"region": "1101", "specification": {"environment": "residual_mlp", "temporal": "gru", "fusion": "conditioned"}, "seed": 43, "epoch": 20, "train_log_mse": 0.34893342102465985, "validation_mae": 5.880142688751221, "best_epoch": 18, "elapsed_seconds": 103.82523487500293}
{"region": "1101", "specification": {"environment": "residual_mlp", "temporal": "gru", "fusion": "conditioned"}, "seed": 43, "epoch": 25, "train_log_mse": 0.3371260967052908, "validation_mae": 5.800405502319336, "best_epoch": 24, "elapsed_seconds": 128.40954591600166}
{"region": "1101", "specification": {"environment": "residual_mlp", "temporal": "gru", "fusion": "conditioned"}, "seed": 43, "epoch": 30, "train_log_mse": 0.32965235561213824, "validation_mae": 5.705752372741699, "best_epoch": 30, "elapsed_seconds": 155.85826970799826}
{"region": "1101", "specification": {"environment": "residual_mlp", "temporal": "gru", "fusion": "conditioned"}, "seed": 43, "epoch": 35, "train_log_mse": 0.3217535346141194, "validation_mae": 5.698774814605713, "best_epoch": 33, "elapsed_seconds": 184.70567175000178}
{"region": "1101", "specification": {"environment": "residual_mlp", "temporal": "gru", "fusion": "conditioned"}, "seed": 43, "epoch": 40, "train_log_mse": 0.3158369999584431, "validation_mae": 5.636224746704102, "best_epoch": 40, "elapsed_seconds": 211.84211612500076}
{"region": "1101", "specification": {"environment": "residual_mlp", "temporal": "gru", "fusion": "conditioned"}, "seed": 43, "epoch": 45, "train_log_mse": 0.30908766076500743, "validation_mae": 5.640489101409912, "best_epoch": 40, "elapsed_seconds": 240.53863216599711}
{"region": "1101", "specification": {"environment": "residual_mlp", "temporal": "gru", "fusion": "conditioned"}, "seed": 43, "epoch": 50, "train_log_mse": 0.30165850043006764, "validation_mae": 5.652459621429443, "best_epoch": 47, "elapsed_seconds": 269.71177958299813}
{"region": "1101", "specification": {"environment": "residual_mlp", "temporal": "gru", "fusion": "conditioned"}, "seed": 43, "epoch": 55, "train_log_mse": 0.3016031303994853, "validation_mae": 5.711065769195557, "best_epoch": 47, "elapsed_seconds": 290.6334359160028}
{"region": "1101", "specification": {"environment": "residual_mlp", "temporal": "gru", "fusion": "conditioned"}, "seed": 44, "epoch": 1, "train_log_mse": 0.8148181115369277, "validation_mae": 8.508952140808105, "best_epoch": 1, "elapsed_seconds": 5.092661416005285}
{"region": "1101", "specification": {"environment": "residual_mlp", "temporal": "gru", "fusion": "conditioned"}, "seed": 44, "epoch": 5, "train_log_mse": 0.4518677285153341, "validation_mae": 6.095596790313721, "best_epoch": 4, "elapsed_seconds": 25.41248295800324}
{"region": "1101", "specification": {"environment": "residual_mlp", "temporal": "gru", "fusion": "conditioned"}, "seed": 44, "epoch": 10, "train_log_mse": 0.39771743578176594, "validation_mae": 5.981195449829102, "best_epoch": 10, "elapsed_seconds": 47.286373750001076}
{"region": "1101", "specification": {"environment": "residual_mlp", "temporal": "gru", "fusion": "conditioned"}, "seed": 44, "epoch": 15, "train_log_mse": 0.37673714861885677, "validation_mae": 5.999662399291992, "best_epoch": 14, "elapsed_seconds": 70.81698495800083}
{"region": "1101", "specification": {"environment": "residual_mlp", "temporal": "gru", "fusion": "conditioned"}, "seed": 44, "epoch": 20, "train_log_mse": 0.3571670375388123, "validation_mae": 5.8529582023620605, "best_epoch": 20, "elapsed_seconds": 95.83429262500431}
{"region": "1101", "specification": {"environment": "residual_mlp", "temporal": "gru", "fusion": "conditioned"}, "seed": 44, "epoch": 25, "train_log_mse": 0.3438132498362455, "validation_mae": 5.788571357727051, "best_epoch": 23, "elapsed_seconds": 120.24380400000518}
{"region": "1101", "specification": {"environment": "residual_mlp", "temporal": "gru", "fusion": "conditioned"}, "seed": 44, "epoch": 30, "train_log_mse": 0.33186753946061204, "validation_mae": 5.838510990142822, "best_epoch": 26, "elapsed_seconds": 145.19474066600378}
{"region": "1101", "specification": {"environment": "residual_mlp", "temporal": "gru", "fusion": "conditioned"}, "seed": 44, "epoch": 35, "train_log_mse": 0.3218995292288905, "validation_mae": 5.774481296539307, "best_epoch": 33, "elapsed_seconds": 170.69319208300294}
{"region": "1101", "specification": {"environment": "residual_mlp", "temporal": "gru", "fusion": "conditioned"}, "seed": 44, "epoch": 40, "train_log_mse": 0.31766933435668976, "validation_mae": 5.712233543395996, "best_epoch": 33, "elapsed_seconds": 195.0469704999996}
{"region": "1101", "specification": {"environment": "residual_mlp", "temporal": "gru", "fusion": "conditioned"}, "seed": 44, "epoch": 45, "train_log_mse": 0.30958829815642613, "validation_mae": 5.641559600830078, "best_epoch": 44, "elapsed_seconds": 219.8647130410027}
{"region": "1101", "specification": {"environment": "residual_mlp", "temporal": "gru", "fusion": "conditioned"}, "seed": 44, "epoch": 50, "train_log_mse": 0.3017544082724188, "validation_mae": 5.6010332107543945, "best_epoch": 46, "elapsed_seconds": 241.1411008330033}
{"region": "1101", "specification": {"environment": "residual_mlp", "temporal": "gru", "fusion": "conditioned"}, "seed": 44, "epoch": 55, "train_log_mse": 0.29624952527201576, "validation_mae": 5.54850435256958, "best_epoch": 51, "elapsed_seconds": 261.0434636659993}
{"region": "1101", "specification": {"environment": "residual_mlp", "temporal": "gru", "fusion": "conditioned"}, "seed": 44, "epoch": 60, "train_log_mse": 0.29531060248218244, "validation_mae": 5.461714267730713, "best_epoch": 56, "elapsed_seconds": 280.9845620000051}
{"region": "1101", "specification": {"environment": "residual_mlp", "temporal": "gru", "fusion": "gated"}, "seed": 42, "epoch": 1, "train_log_mse": 0.9636709833696823, "validation_mae": 10.445391654968262, "best_epoch": 1, "elapsed_seconds": 4.270007291997899}
{"region": "1101", "specification": {"environment": "residual_mlp", "temporal": "gru", "fusion": "gated"}, "seed": 42, "epoch": 5, "train_log_mse": 0.4970513676287691, "validation_mae": 5.787092685699463, "best_epoch": 5, "elapsed_seconds": 20.835968542000046}
{"region": "1101", "specification": {"environment": "residual_mlp", "temporal": "gru", "fusion": "gated"}, "seed": 42, "epoch": 10, "train_log_mse": 0.4065305013820937, "validation_mae": 5.8806891441345215, "best_epoch": 5, "elapsed_seconds": 41.32457458299905}
{"region": "1101", "specification": {"environment": "residual_mlp", "temporal": "gru", "fusion": "gated"}, "seed": 42, "epoch": 15, "train_log_mse": 0.38732693916198435, "validation_mae": 5.97678804397583, "best_epoch": 5, "elapsed_seconds": 62.89417558299465}
{"region": "1101", "specification": {"environment": "residual_mlp", "temporal": "gru", "fusion": "gated"}, "seed": 43, "epoch": 1, "train_log_mse": 1.0922946847534634, "validation_mae": 10.9146089553833, "best_epoch": 1, "elapsed_seconds": 4.473014582996257}
{"region": "1101", "specification": {"environment": "residual_mlp", "temporal": "gru", "fusion": "gated"}, "seed": 43, "epoch": 5, "train_log_mse": 0.4887217311365696, "validation_mae": 6.059737682342529, "best_epoch": 5, "elapsed_seconds": 23.51248583299457}
{"region": "1101", "specification": {"environment": "residual_mlp", "temporal": "gru", "fusion": "gated"}, "seed": 43, "epoch": 10, "train_log_mse": 0.3930400937604741, "validation_mae": 5.995546340942383, "best_epoch": 8, "elapsed_seconds": 48.75222416599718}
{"region": "1101", "specification": {"environment": "residual_mlp", "temporal": "gru", "fusion": "gated"}, "seed": 43, "epoch": 15, "train_log_mse": 0.37602204413214874, "validation_mae": 5.87873649597168, "best_epoch": 13, "elapsed_seconds": 75.19368220799515}
{"region": "1101", "specification": {"environment": "residual_mlp", "temporal": "gru", "fusion": "gated"}, "seed": 43, "epoch": 20, "train_log_mse": 0.3518080847509225, "validation_mae": 5.916338920593262, "best_epoch": 13, "elapsed_seconds": 100.63381862499955}
{"region": "1101", "specification": {"environment": "residual_mlp", "temporal": "gru", "fusion": "gated"}, "seed": 43, "epoch": 25, "train_log_mse": 0.34240772359639565, "validation_mae": 5.818591117858887, "best_epoch": 21, "elapsed_seconds": 125.43842033299734}
{"region": "1101", "specification": {"environment": "residual_mlp", "temporal": "gru", "fusion": "gated"}, "seed": 43, "epoch": 30, "train_log_mse": 0.3321132583197655, "validation_mae": 5.702371597290039, "best_epoch": 30, "elapsed_seconds": 153.66248266599723}
{"region": "1101", "specification": {"environment": "residual_mlp", "temporal": "gru", "fusion": "gated"}, "seed": 43, "epoch": 35, "train_log_mse": 0.32312825763288894, "validation_mae": 5.686846733093262, "best_epoch": 33, "elapsed_seconds": 177.73756104099448}
{"region": "1101", "specification": {"environment": "residual_mlp", "temporal": "gru", "fusion": "gated"}, "seed": 43, "epoch": 40, "train_log_mse": 0.31917542358562095, "validation_mae": 5.613165855407715, "best_epoch": 40, "elapsed_seconds": 200.98605904099531}
{"region": "1101", "specification": {"environment": "residual_mlp", "temporal": "gru", "fusion": "gated"}, "seed": 43, "epoch": 45, "train_log_mse": 0.30985597667015025, "validation_mae": 5.624307632446289, "best_epoch": 40, "elapsed_seconds": 225.19502354099677}
{"region": "1101", "specification": {"environment": "residual_mlp", "temporal": "gru", "fusion": "gated"}, "seed": 43, "epoch": 50, "train_log_mse": 0.3015580920064051, "validation_mae": 5.637977600097656, "best_epoch": 47, "elapsed_seconds": 249.35108399999444}
{"region": "1101", "specification": {"environment": "residual_mlp", "temporal": "gru", "fusion": "gated"}, "seed": 43, "epoch": 55, "train_log_mse": 0.29748025999576383, "validation_mae": 5.730655193328857, "best_epoch": 47, "elapsed_seconds": 270.3094850829948}
{"region": "1101", "specification": {"environment": "residual_mlp", "temporal": "gru", "fusion": "gated"}, "seed": 44, "epoch": 1, "train_log_mse": 0.8220825452921531, "validation_mae": 8.541768074035645, "best_epoch": 1, "elapsed_seconds": 4.462758249996114}
{"region": "1101", "specification": {"environment": "residual_mlp", "temporal": "gru", "fusion": "gated"}, "seed": 44, "epoch": 5, "train_log_mse": 0.453457000458144, "validation_mae": 6.089229583740234, "best_epoch": 5, "elapsed_seconds": 22.719204332999652}
{"region": "1101", "specification": {"environment": "residual_mlp", "temporal": "gru", "fusion": "gated"}, "seed": 44, "epoch": 10, "train_log_mse": 0.4025079378737695, "validation_mae": 5.946113586425781, "best_epoch": 10, "elapsed_seconds": 44.46402762499929}
{"region": "1101", "specification": {"environment": "residual_mlp", "temporal": "gru", "fusion": "gated"}, "seed": 44, "epoch": 15, "train_log_mse": 0.3782164919689506, "validation_mae": 6.032641887664795, "best_epoch": 11, "elapsed_seconds": 67.79668816599587}
{"region": "1101", "specification": {"environment": "residual_mlp", "temporal": "gru", "fusion": "gated"}, "seed": 44, "epoch": 20, "train_log_mse": 0.357985408394083, "validation_mae": 5.8850998878479, "best_epoch": 20, "elapsed_seconds": 91.93923479099612}
{"region": "1101", "specification": {"environment": "residual_mlp", "temporal": "gru", "fusion": "gated"}, "seed": 44, "epoch": 25, "train_log_mse": 0.3447136691679837, "validation_mae": 5.85565185546875, "best_epoch": 23, "elapsed_seconds": 115.4385567499994}
{"region": "1101", "specification": {"environment": "residual_mlp", "temporal": "gru", "fusion": "gated"}, "seed": 44, "epoch": 30, "train_log_mse": 0.3324270988565505, "validation_mae": 5.870162010192871, "best_epoch": 29, "elapsed_seconds": 138.91683520799415}
{"region": "1101", "specification": {"environment": "residual_mlp", "temporal": "gru", "fusion": "gated"}, "seed": 44, "epoch": 35, "train_log_mse": 0.32285044750749864, "validation_mae": 5.812273025512695, "best_epoch": 34, "elapsed_seconds": 159.52042504099518}
{"region": "1101", "specification": {"environment": "residual_mlp", "temporal": "gru", "fusion": "gated"}, "seed": 44, "epoch": 40, "train_log_mse": 0.31913007454635595, "validation_mae": 5.766265392303467, "best_epoch": 34, "elapsed_seconds": 178.12263433299813}
{"region": "1101", "specification": {"environment": "residual_mlp", "temporal": "gru", "fusion": "gated"}, "seed": 44, "epoch": 45, "train_log_mse": 0.30833987629965875, "validation_mae": 5.791729927062988, "best_epoch": 42, "elapsed_seconds": 195.92595004099712}
{"region": "1101", "specification": {"environment": "residual_mlp", "temporal": "gru", "fusion": "gated"}, "seed": 44, "epoch": 50, "train_log_mse": 0.3005337218162385, "validation_mae": 5.763028621673584, "best_epoch": 49, "elapsed_seconds": 213.59305974999734}
{"region": "1101", "specification": {"environment": "residual_mlp", "temporal": "gru", "fusion": "gated"}, "seed": 44, "epoch": 55, "train_log_mse": 0.29341157234805987, "validation_mae": 5.729874134063721, "best_epoch": 51, "elapsed_seconds": 232.21871920799458}
{"region": "1101", "specification": {"environment": "residual_mlp", "temporal": "gru", "fusion": "gated"}, "seed": 44, "epoch": 60, "train_log_mse": 0.2944219611868898, "validation_mae": 5.644006252288818, "best_epoch": 56, "elapsed_seconds": 251.42078337499697}
{"region": "1101", "stage_complete": "fusion", "selected": "conditioned", "validation_means": {"concat": 5.647202491760254, "residual_concat": 5.637377580006917, "conditioned": 5.624827067057292, "gated": 5.6418131192525225}}
{"region": "1101", "complete": true, "unique_fits": 33, "query_cells": 1228}
