/Users/yzccc/river_graph/.venv/lib/python3.12/site-packages/torch/jit/_script.py:1491: FutureWarning: `torch.jit.script` is deprecated. Please switch to `torch.compile` or `torch.export`.
  warnings.warn(
                       model_name      mae  signed_bias  q90_mae
                    current_model 1.829579    -0.667535 9.225863
        longer_history_integrated 1.772521    -0.622468 9.077504
          longer_history_residual 1.773103    -0.606989 9.051231
longer_history_truncated_residual 1.827763    -0.932487 9.542057
              matched_daily_trees 1.963925    -0.519447 9.618575
             station_hidden_trees 1.866362    -0.611014 9.394458
           unmonitored_integrated 1.769053    -0.638608 9.075420
             unmonitored_residual 1.772035    -0.625464 9.053055
                candidate                         reference  relative_gain_pct  gain_ci_low_pct  gain_ci_high_pct  improved_partitions
  longer_history_residual            unmonitored_integrated          -0.228966        -0.648594          0.207443                    1
  longer_history_residual              station_hidden_trees           4.996842         2.582671          7.661192                    3
  longer_history_residual                     current_model           3.086838         1.461115          4.806626                    3
longer_history_integrated            unmonitored_integrated          -0.196089        -0.729378          0.381458                    1
longer_history_integrated              station_hidden_trees           5.028004         2.704783          7.579287                    3
longer_history_integrated                     current_model           3.118627         1.465671          4.875544                    3
  longer_history_residual              unmonitored_residual          -0.060267        -0.710018          0.639533                    1
  longer_history_residual longer_history_truncated_residual           2.990543         1.297378          4.786881                    3
