/Users/yzccc/.matplotlib is not a writable directory
Matplotlib created a temporary cache directory at /var/folders/kl/2fcqmxl93rv6fsdm6q_y0n5h0000gn/T/matplotlib-0h8vk081 because there was an issue with the default path (/Users/yzccc/.matplotlib); it is highly recommended to set the MPLCONFIGDIR environment variable to a writable directory, in particular to speed up the import of Matplotlib and to better support multiprocessing.
Matplotlib is building the font cache; this may take a moment.
/Users/yzccc/river_graph/.venv/lib/python3.12/site-packages/torch/jit/_script.py:1491: FutureWarning: `torch.jit.script` is deprecated. Please switch to `torch.compile` or `torch.export`.
  warnings.warn(
                     model_name      mae  station_equal_mae   q90_mae
     attention_fixed_integrated 2.272573           2.499081 10.472983
         attention_fixed_native 2.269697           2.490369 10.447832
attention_historical_integrated 2.279778           2.502667 10.509915
    attention_historical_native 2.268738           2.486147 10.476921
      attention_real_integrated 2.266609           2.493343 10.422181
          attention_real_native 2.265679           2.488090 10.397629
                  current_model 2.360283           2.556920 10.632267
     innovation_real_integrated 2.272858           2.498975 10.471173
         innovation_real_native 2.268006           2.488006 10.445286
          innovation_real_trees 2.314529           2.516639 10.481605
            matched_daily_trees 2.440719           2.606200 10.473665
      relative_fixed_integrated 2.268010           2.491390 10.451457
          relative_fixed_native 2.259365           2.481310 10.431663
 relative_historical_integrated 2.276485           2.498913 10.501850
     relative_historical_native 2.261528           2.481980 10.470895
       relative_real_integrated 2.258278           2.486052 10.409544
           relative_real_native 2.259501           2.482845 10.386162
           station_hidden_trees 2.344885           2.547670 10.520142
         unmonitored_integrated 2.282266           2.504735 10.519953
           unmonitored_residual 2.265595           2.485495 10.494278
