{
  "status": "passed",
  "physical_stations": 357,
  "physical_edges": 324,
  "source_validation_stations_unique": 140,
  "source_hashes_checked": 77,
  "independent_overall_current_mae": 1.723002460319132,
  "independent_overall_trees_mae": 1.8663622426955724,
  "checks": [
    "source content",
    "VAA joins and headwaters",
    "inlet degree",
    "physical station-edge paths",
    "train-role observation counts and DOC medians",
    "source-val query identities",
    "independent overall seed then partition arithmetic",
    "gain arithmetic and bootstrap count",
    "fixed partition-edge population across all lags"
  ],
  "no_fitting": true
}
