/Users/yzccc/river_graph/.venv/lib/python3.12/site-packages/torch/jit/_script.py:1491: FutureWarning: `torch.jit.script` is deprecated. Please switch to `torch.compile` or `torch.export`.
  warnings.warn(
{"run": "split242_seed42", "updated_at": "2026-10-04T10:04:09.503843+00:00", "stage": "initial_and_support_basis", "status": "training fresh source models"}
{"run": "split242_seed42", "stage": "initial_temporal", "epoch": 1, "loss": 0.48600533604621887, "val_loss": 0.3938552141189575}
{"run": "split242_seed42", "stage": "selected_context_oof", "detail": {"stage": "context_oof_fold", "fold": 0, "n_train_cells": 11004, "n_oof_cells": 3101, "n_features": 39}}
{"run": "split242_seed42", "stage": "selected_context_oof", "detail": {"stage": "context_oof_fold", "fold": 1, "n_train_cells": 11134, "n_oof_cells": 2971, "n_features": 39}}
{"run": "split242_seed42", "stage": "selected_context_oof", "detail": {"stage": "context_oof_fold", "fold": 2, "n_train_cells": 11756, "n_oof_cells": 2349, "n_features": 39}}
{"run": "split242_seed42", "stage": "selected_context_oof", "detail": {"stage": "context_oof_fold", "fold": 3, "n_train_cells": 11317, "n_oof_cells": 2788, "n_features": 39}}
{"run": "split242_seed42", "stage": "selected_context_oof", "detail": {"stage": "context_oof_fold", "fold": 4, "n_train_cells": 11209, "n_oof_cells": 2896, "n_features": 39}}
{"run": "split242_seed42", "stage": "temporal_inputs", "detail": {"stage": "full_temporal_inputs", "shape": [357, 654, 64]}}
{"run": "split242_seed42", "stage": "temporal_inputs", "detail": {"stage": "source_fold", "fold": 0, "stations": [309, 348, 322, 145, 4, 256, 233, 115, 156, 255, 66, 179, 336, 143, 52, 128, 157, 335, 261, 10, 288, 99, 190, 122, 53, 72, 354, 289, 110, 323, 217, 154, 242, 183, 262, 167, 74, 37, 28, 77, 202, 48, 12, 35, 103, 315, 197]}}
{"run": "split242_seed42", "stage": "temporal_inputs", "detail": {"stage": "source_fold", "fold": 1, "stations": [296, 36, 129, 41, 339, 291, 141, 337, 278, 350, 106, 13, 334, 186, 226, 259, 271, 243, 7, 116, 196, 193, 159, 135, 185, 317, 38, 219, 79, 138, 3, 47, 101, 148, 173, 222, 78, 97, 75, 225, 125, 40, 268, 118, 16, 341, 209]}}
{"run": "split242_seed42", "stage": "temporal_inputs", "detail": {"stage": "source_fold", "fold": 2, "stations": [355, 0, 340, 131, 212, 87, 176, 119, 220, 55, 195, 214, 353, 333, 18, 320, 187, 327, 133, 216, 8, 123, 83, 70, 314, 343, 211, 215, 236, 249, 221, 198, 114, 178, 305, 177, 308, 172, 120, 181, 65, 153, 130, 24, 235, 126]}}
{"run": "split242_seed42", "stage": "temporal_inputs", "detail": {"stage": "source_fold", "fold": 3, "stations": [166, 108, 218, 29, 134, 294, 94, 321, 144, 105, 286, 257, 184, 332, 175, 109, 231, 14, 174, 246, 227, 88, 1, 59, 180, 23, 329, 76, 111, 285, 57, 102, 346, 188, 292, 155, 280, 15, 207, 61, 312, 234, 85, 80, 287, 33]}}
{"run": "split242_seed42", "stage": "temporal_inputs", "detail": {"stage": "source_fold", "fold": 4, "stations": [240, 304, 20, 267, 84, 164, 201, 293, 46, 310, 21, 64, 331, 324, 303, 49, 45, 81, 313, 50, 113, 284, 71, 9, 150, 263, 204, 330, 58, 165, 30, 27, 237, 91, 69, 170, 205, 281, 19, 206, 302, 51, 142, 299, 316, 199]}}
{"run": "split242_seed42", "stage": "projector_feature_fold", "fold": 0}
{"run": "split242_seed42", "stage": "projector_feature_fold", "fold": 1}
{"run": "split242_seed42", "stage": "projector_feature_fold", "fold": 2}
{"run": "split242_seed42", "stage": "projector_feature_fold", "fold": 3}
{"run": "split242_seed42", "stage": "projector_feature_fold", "fold": 4}
{"run": "split242_seed42", "stage": "legacy_projector", "epoch": 0, "training_mae": null, "validation_mae": 1.6293010269039248, "validation_by_k_ridge": [{"k": 3, "ridge_strength": 1.0, "mae": 1.6977016778805007}, {"k": 3, "ridge_strength": 10.0, "mae": 1.6458315483741046}, {"k": 5, "ridge_strength": 1.0, "mae": 1.5995000775794712}, {"k": 5, "ridge_strength": 10.0, "mae": 1.5741708037816224}], "is_best": true, "stale_epochs": 0}
{"run": "split242_seed42", "stage": "legacy_projector", "epoch": 1, "training_mae": 2.1019747396684187, "validation_mae": 1.6216629296992149, "validation_by_k_ridge": [{"k": 3, "ridge_strength": 1.0, "mae": 1.6755931986794361}, {"k": 3, "ridge_strength": 10.0, "mae": 1.6445418093901414}, {"k": 5, "ridge_strength": 1.0, "mae": 1.5930050093165802}, {"k": 5, "ridge_strength": 10.0, "mae": 1.5735117014107018}], "is_best": true, "stale_epochs": 0}
{"run": "split242_seed42", "stage": "legacy_memory", "epoch": 0, "training_mae": null, "validation_mae": 1.621048261987038, "validation_by_k_ridge": [{"k": 3, "ridge_strength": 1.0, "mae": 1.6788469156090033}, {"k": 3, "ridge_strength": 10.0, "mae": 1.6429178556123007}, {"k": 5, "ridge_strength": 1.0, "mae": 1.5892441872577667}, {"k": 5, "ridge_strength": 10.0, "mae": 1.5731840894690812}], "is_best": true, "stale_epochs": 0, "temporal_parameter_distance": 0.0, "decay_parameter_distance": 0.0, "source_anchor_floor_hits": null, "source_anchor_rms_min": null, "source_anchor_rms_max": null, "validation_anchor_floor_hits": 0, "validation_anchor_rms_min": 0.6621106476918458, "validation_anchor_rms_max": 1.4671785670386697}
{"run": "split242_seed42", "stage": "legacy_memory", "epoch": 1, "training_mae": 2.095718276823905, "validation_mae": 1.6132025369638205, "validation_by_k_ridge": [{"k": 3, "ridge_strength": 1.0, "mae": 1.6573435422354472}, {"k": 3, "ridge_strength": 10.0, "mae": 1.6409440694481345}, {"k": 5, "ridge_strength": 1.0, "mae": 1.5820265333572867}, {"k": 5, "ridge_strength": 10.0, "mae": 1.572496002814414}], "is_best": true, "stale_epochs": 0, "temporal_parameter_distance": 0.15302371502324807, "decay_parameter_distance": 0.015100864079036947, "source_anchor_floor_hits": 0, "source_anchor_rms_min": 0.6469457458580574, "source_anchor_rms_max": 1.8798617766600911, "validation_anchor_floor_hits": 0, "validation_anchor_rms_min": 0.7154815835326985, "validation_anchor_rms_max": 1.5068797701019028}
{"run": "split242_seed42", "updated_at": "2026-10-04T10:04:55.564273+00:00", "stage": "native_and_ecology"}
{"run": "split242_seed42", "updated_at": "2026-10-04T10:04:55.818014+00:00", "stage": "interaction_tuned", "epoch": 0, "training_loss": null, "validation_mae": 1.9834567798487728, "validation_scale": 0.0, "validation_candidates": [{"scale": 0.0, "mae": 1.9834567798487728}, {"scale": 0.25, "mae": 1.9834567798487728}, {"scale": 0.5, "mae": 1.9834567798487728}, {"scale": 1.0, "mae": 1.9834567798487728}], "is_best": true, "stale_epochs": 0, "best_epoch": 0, "best_scale": 0.0, "best_validation_mae": 1.9834567798487728, "temporal_parameter_distance": 0.0, "decay_parameter_distance": 0.0, "head_parameter_norm": 0.0}
{"run": "split242_seed42", "updated_at": "2026-10-04T10:04:56.029184+00:00", "stage": "interaction_tuned", "epoch": 1, "training_loss": 2.258666546354183, "validation_mae": 1.9087288247707694, "validation_scale": 1.0, "validation_candidates": [{"scale": 0.0, "mae": 1.9834567798487728}, {"scale": 0.25, "mae": 1.9615786441797318}, {"scale": 0.5, "mae": 1.9419514401424274}, {"scale": 1.0, "mae": 1.9087288247707694}], "is_best": true, "stale_epochs": 0, "best_epoch": 1, "best_scale": 1.0, "best_validation_mae": 1.9087288247707694, "temporal_parameter_distance": 0.3476716331951939, "decay_parameter_distance": 0.02931061766017532, "head_parameter_norm": 0.33932927425160175}
{"run": "split242_seed42", "updated_at": "2026-10-04T10:04:57.059350+00:00", "stage": "ecological_affine", "status": "fitting fresh source profiles"}
{"run": "split242_seed42", "updated_at": "2026-10-04T10:04:57.292092+00:00", "stage": "off", "epoch": 0, "training_loss": null, "validation_mae": 1.9834567798487728, "validation_scale": 0.0, "validation_candidates": [{"scale": 0.0, "mae": 1.9834567798487728}, {"scale": 0.25, "mae": 1.9834567798487728}, {"scale": 0.5, "mae": 1.9834567798487728}, {"scale": 1.0, "mae": 1.9834567798487728}], "is_best": true, "stale_epochs": 0, "best_epoch": 0, "best_scale": 0.0, "best_validation_mae": 1.9834567798487728, "temporal_parameter_distance": 0.0, "decay_parameter_distance": 0.0, "head_parameter_norm": 0.0, "spatial_parameter_distance": 0.0, "last_self_parameter_distance": 0.0, "ecology_parameter_distance": 0.0}
{"run": "split242_seed42", "updated_at": "2026-10-04T10:04:57.580595+00:00", "stage": "off", "epoch": 1, "training_loss": 2.2490577768269127, "validation_mae": 1.9121004580179826, "validation_scale": 1.0, "validation_candidates": [{"scale": 0.0, "mae": 1.9834567798487728}, {"scale": 0.25, "mae": 1.9632553738974865}, {"scale": 0.5, "mae": 1.9447831098004738}, {"scale": 1.0, "mae": 1.9121004580179826}], "is_best": true, "stale_epochs": 0, "best_epoch": 1, "best_scale": 1.0, "best_validation_mae": 1.9121004580179826, "temporal_parameter_distance": 0.29006794036851574, "decay_parameter_distance": 0.025814069377295773, "head_parameter_norm": 0.40184347735526116, "spatial_parameter_distance": 0.011724726498504008, "last_self_parameter_distance": 0.009773583427732784, "ecology_parameter_distance": 0.00647659466431775}
{"run": "split242_seed42", "updated_at": "2026-10-04T10:05:00.501201+00:00", "stage": "native_complete", "elapsed_seconds": 4.936697625002125, "selected_off_scale": 1.0}
{"run": "split242_seed42", "updated_at": "2026-10-04T10:05:00.501582+00:00", "stage": "chemical_heads_and_station_support"}
split242_seed42/neural_no_aux: {"epoch": 0, "training_loss": 2.2334436356751017, "validation_mae": 1.9121004580179826, "selected_scale": 0.0, "scale_scores": [{"scale": 0.0, "mae": 1.9121004580179826}, {"scale": 0.25, "mae": 1.9121004580179826}, {"scale": 0.5, "mae": 1.9121004580179826}, {"scale": 1.0, "mae": 1.9121004580179826}], "is_best": true, "stale_epochs": 0}
split242_seed42/neural_no_aux: {"epoch": 1, "training_loss": 2.1967116004785043, "validation_mae": 1.872336955162089, "selected_scale": 1.0, "scale_scores": [{"scale": 0.0, "mae": 1.9121004580179826}, {"scale": 0.25, "mae": 1.8962628000850106}, {"scale": 0.5, "mae": 1.884110598903358}, {"scale": 1.0, "mae": 1.872336955162089}], "is_best": true, "stale_epochs": 0}
split242_seed42/neural_masks: {"epoch": 0, "training_loss": 2.2334436356751017, "validation_mae": 1.9121004580179826, "selected_scale": 0.0, "scale_scores": [{"scale": 0.0, "mae": 1.9121004580179826}, {"scale": 0.25, "mae": 1.9121004580179826}, {"scale": 0.5, "mae": 1.9121004580179826}, {"scale": 1.0, "mae": 1.9121004580179826}], "is_best": true, "stale_epochs": 0}
split242_seed42/neural_masks: {"epoch": 1, "training_loss": 2.195876779271859, "validation_mae": 1.8730380083588676, "selected_scale": 1.0, "scale_scores": [{"scale": 0.0, "mae": 1.9121004580179826}, {"scale": 0.25, "mae": 1.896669269805339}, {"scale": 0.5, "mae": 1.8847597026860814}, {"scale": 1.0, "mae": 1.8730380083588676}], "is_best": true, "stale_epochs": 0}
split242_seed42/neural_chemistry: {"epoch": 0, "training_loss": 2.2334436356751017, "validation_mae": 1.9121004580179826, "selected_scale": 0.0, "scale_scores": [{"scale": 0.0, "mae": 1.9121004580179826}, {"scale": 0.25, "mae": 1.9121004580179826}, {"scale": 0.5, "mae": 1.9121004580179826}, {"scale": 1.0, "mae": 1.9121004580179826}], "is_best": true, "stale_epochs": 0}
split242_seed42/neural_chemistry: {"epoch": 1, "training_loss": 2.193163998485635, "validation_mae": 1.8721719502034597, "selected_scale": 1.0, "scale_scores": [{"scale": 0.0, "mae": 1.9121004580179826}, {"scale": 0.25, "mae": 1.8966311084195868}, {"scale": 0.5, "mae": 1.8846775282117787}, {"scale": 1.0, "mae": 1.8721719502034597}], "is_best": true, "stale_epochs": 0}
split242_seed42: fresh chemistry states and source-validation choices frozen
{"run": "split242_seed42", "updated_at": "2026-10-04T10:05:09.266485+00:00", "stage": "complete", "elapsed_seconds": 59.782142707990715, "prediction_rows": 333040, "grid_rows": 233478}
/Users/yzccc/river_graph/.venv/lib/python3.12/site-packages/torch/jit/_script.py:1491: FutureWarning: `torch.jit.script` is deprecated. Please switch to `torch.compile` or `torch.export`.
  warnings.warn(
split242_seed42: verified complete; no refit
