11NPSWRD_WQX-ROMN_ROMO_0011: retrieved
11NPSWRD_WQX-ROMN_ROMO_0037: retrieved
11NPSWRD_WQX-ROMN_ROMO_0032: retrieved
11NPSWRD_WQX-ROMN_ROMO_0008: retrieved
11NPSWRD_WQX-ROMN_ROMO_0044: retrieved
11NPSWRD_WQX-ROMN_ROMO_0335: retrieved
11NPSWRD_WQX-ROMN_ROMO_0332: retrieved
11NPSWRD_WQX-ROMN_ROMO_0339: retrieved
11NPSWRD_WQX-ROMN_ROMO_0686: retrieved
11NPSWRD_WQX-ROMN_ROMO_G01: retrieved
11NPSWRD_WQX-ROMN_ROMO_G09: retrieved
11NPSWRD_WQX-ROMN_ROMO_G02: retrieved
11NPSWRD_WQX-ROMN_ROMO_G10: retrieved
11NPSWRD_WQX-ROMN_ROMO_S02: retrieved
11NPSWRD_WQX-ROMO_BK_KLCR: retrieved
11NPSWRD_WQX-ROMO_BK_KLOR: retrieved
11NPSWRD_WQX-ROMO_JB_ANDRECK: retrieved
11NPSWRD_WQX-ROMO_JB_EMERO: retrieved
11NPSWRD_WQX-ROMO_JB_EMERI: retrieved
11NPSWRD_WQX-ROMO_JB_ANDREWO: retrieved
11NPSWRD_WQX-ROMO_JB_ICYBRK: retrieved
11NPSWRD_WQX-ROMO_JB_GLASSO: retrieved
11NPSWRD_WQX-ROMO_JB_LOCHCRK: retrieved
11NPSWRD_WQX-ROMO_JB_HAIYAO: retrieved
11NPSWRD_WQX-ROMO_JB_LOCHI: retrieved
11NPSWRD_WQX-ROMO_JB_LOCHO: retrieved
11NPSWRD_WQX-ROMO_JB_SKYO: retrieved
11NPSWRD_WQX-ROMO_JS_FERN: retrieved
11NPSWRD_WQX-ROMO_USGS_ANDRW: retrieved
11NPSWRD_WQX-ROMO_JS_LOCH: retrieved
11NPSWRD_WQX-ROMO_JS_BOULD: retrieved
11NPSWRD_WQX-ROMO_USGS_ICY: retrieved
21COL001_WQX-5427: retrieved
21COL001_WQX-5428: retrieved
21COL001_WQX-5430: retrieved
21COL001_WQX-5475A: retrieved
21COL001_WQX-5475B: retrieved
21COL001_WQX-5484A: retrieved
21COL001_WQX-5431: retrieved
21COL001_WQX-5484B: retrieved
21COL001_WQX-5484C: retrieved
21COL001_WQX-5484D: retrieved
21COL001_WQX-5484E: retrieved
21COL001_WQX-5486: retrieved
21COL001_WQX-5487: retrieved
NCWCD-MLD: retrieved
21COL001_WQX-5485: retrieved
USGS-06697450: retrieved
USGS-06733000: retrieved
{
  "additional_station_leads": 49,
  "station_downloads": 49,
  "stations_with_accepted_doc": 48,
  "accepted_additional_activities": 1047,
  "provisional_snap_mapping": true,
  "receivers_with_any_eligible_pair": {
    "100.0": 0,
    "300.0": 0
  },
  "receivers_with_dense_pair": {
    "100.0": 0,
    "300.0": 0
  }
}
