{
  "recovery": {
    "targeted_form_pairs": 15,
    "targeted_receivers": 26,
    "requested_stations": 44,
    "accepted_activities": 5640,
    "downloaded_stations": 43,
    "old_cache_fallback_stations": 1,
    "complete_form_pairs_same_day": 0,
    "complete_form_pairs_within_month": 0,
    "same_day_receivers_by_class": {
      "1": 1,
      "3": 0
    },
    "within_month_receivers_by_class": {
      "1": 0,
      "3": 0
    },
    "continuous_catalog_status": "provider_unavailable"
  },
  "additional_recovery": {
    "additional_station_leads": 49,
    "station_downloads": 49,
    "stations_with_accepted_doc": 48,
    "accepted_additional_activities": 1047,
    "provisional_snap_mapping": true,
    "receivers_with_any_eligible_pair": {
      "100.0": 0,
      "300.0": 0
    },
    "receivers_with_dense_pair": {
      "100.0": 0,
      "300.0": 0
    }
  },
  "current_continuous_doc_catalogue": {
    "status": "retrieved",
    "queryables_url": "https://api.waterdata.usgs.gov/ogcapi/v1/collections/time-series-metadata/queryables?f=json",
    "queryables_http_status": 200,
    "queryables_path": "data/raw/river_morphology_closure_v1/additional/time_series_queryables.json",
    "queryables_sha256": "c4ef7a34805d266b3758b6bfc0ecd5c3b46bf539350bfea54b4a2c93d37418a9",
    "items_url": "https://api.waterdata.usgs.gov/ogcapi/v1/collections/time-series-metadata/items?filter=parameter_code+%3D+%2700681%27&filter-lang=cql2-text&limit=10000&f=json",
    "items_http_status": 200,
    "path": "data/raw/river_morphology_closure_v1/additional/continuous_doc_metadata.json",
    "sha256": "2822316209bf926df0d33565cf561c6b4dd3acdf1483ad9b5bb8e13b88eb115d",
    "returned_doc_series": 0,
    "matching_target_series": 0,
    "matched_target_series": [],
    "pagination_complete": true
  },
  "mechanism": {
    "receivers": 32,
    "systems": 7,
    "scenarios": 1280,
    "max_junction_partition_error": 1.1102230246251565e-16,
    "max_variance_decomposition_error": 1.4708828773024596e-15,
    "max_gain_error": 0.0,
    "max_passive_peak": 1.0000000000000002
  },
  "shortest_mechanism": {
    "receivers": 32,
    "systems": 7,
    "scenarios": 1280,
    "max_junction_partition_error": 1.1102230246251565e-16,
    "max_variance_decomposition_error": 1.6375789613221059e-15,
    "max_gain_error": 0.0,
    "max_passive_peak": 1.0
  },
  "bootstrap_draws": 5000,
  "new_model_training": false,
  "new_field_measurements": false,
  "existing_field_records_retrieved": true,
  "time_unit": "cropped mean path divided by imposed uniform speed, never estimated from DOC"
}
