{
  "station_catalog_schemas": [
    {
      "huc4": "1019",
      "columns": [
        "Org_Identifier",
        "Org_FormalName",
        "ProviderName",
        "Location_Identifier",
        "Location_Name",
        "Location_Type",
        "Location_Description",
        "Location_State",
        "Location_CountryName",
        "Location_CountyName",
        "Location_CountryCode",
        "Location_StatePostalCode",
        "Location_CountyCode",
        "Location_HUCEightDigitCode",
        "Location_HUCTwelveDigitCode",
        "Location_TribalLandIndicator",
        "Location_TribalLand",
        "Location_Latitude",
        "Location_Longitude",
        "Location_HorzCoordReferenceSystemDatum",
        "Location_LatitudeStandardized",
        "Location_LongitudeStandardized",
        "Location_HorzCoordStandardizedDatum",
        "Location_SourceMapScale",
        "Location_HorzAccuracyMeasure",
        "Location_HorzAccuracyMeasureUnit",
        "Location_HorzCollectionMethod",
        "Location_VerticalMeasure",
        "Location_VerticalMeasureUnit",
        "Location_VerticalAccuracyMeasure",
        "Location_VerticalAccuracyMeasureUnit",
        "Location_VertCollectionMethod",
        "Location_VertCoordReferenceSystemDatum",
        "Location_WellType",
        "Location_AquiferType",
        "Location_NationalAquifer",
        "Location_LocalAquiferCode",
        "Location_LocalAquiferCodeContext",
        "Location_LocalAquifer",
        "Location_LocalAquiferDescription",
        "Location_AquiferFormationType",
        "Location_WellHoleDepthMeasure",
        "Location_WellHoleDepthUnit",
        "Location_WellContructionDate",
        "Location_WellDepthMeasure",
        "Location_WellDepthMeasureUnit",
        "Location_DrainageAreaMeasure",
        "Location_DrainageAreaMeasureUnit",
        "Location_ContributingDrainageAreaMeasure",
        "Location_ContributingDrainageAreaMeasureUnit",
        "AlternateLocation_IdentifierA",
        "AlternateLocation_IdentifierContextA",
        "AlternateLocation_IdentifierB",
        "AlternateLocation_IdentifierContextB",
        "AlternateLocation_IdentifierC",
        "AlternateLocation_IdentifierContextC"
      ],
      "rows": 639
    }
  ],
  "additional_in_basin_station_rows": 49,
  "additional_unique_stations": 49,
  "parser_repair": "The first parser expected obsolete LatitudeMeasure/LongitudeMeasure fields; v0 retained and actual WQP3 standardized coordinates now used. Recorded requests replayed without new catalogue calls.",
  "interpretation": "Station locations inside saved basin polygons are leads; hydrological routing and co-sampling remain to be established."
}
