/Users/yzccc/river_graph/.venv/lib/python3.12/site-packages/torch/jit/_script.py:1491: FutureWarning: `torch.jit.script` is deprecated. Please switch to `torch.compile` or `torch.export`.
  warnings.warn(
{"run": "huc4_1013_seed42", "arm": "simple_upstream", "cv_alpha": null, "calibration_cells": 2166, "supported_calibration_cells": 0, "elapsed_seconds": 0.3938966249115765}
{"run": "huc4_1013_seed42", "arm": "structure_upstream", "cv_alpha": null, "calibration_cells": 2166, "supported_calibration_cells": 0, "elapsed_seconds": 0.40403279091697186}
{"run": "huc4_1013_seed42", "arm": "matched_nonupstream", "cv_alpha": null, "calibration_cells": 2166, "supported_calibration_cells": 0, "elapsed_seconds": 0.414439040934667}
{"run": "huc4_1013_seed43", "arm": "simple_upstream", "cv_alpha": null, "calibration_cells": 2166, "supported_calibration_cells": 0, "elapsed_seconds": 0.35963820794131607}
{"run": "huc4_1013_seed43", "arm": "structure_upstream", "cv_alpha": null, "calibration_cells": 2166, "supported_calibration_cells": 0, "elapsed_seconds": 0.3692831249209121}
{"run": "huc4_1013_seed43", "arm": "matched_nonupstream", "cv_alpha": null, "calibration_cells": 2166, "supported_calibration_cells": 0, "elapsed_seconds": 0.3790299160173163}
{"run": "huc4_1013_seed44", "arm": "simple_upstream", "cv_alpha": null, "calibration_cells": 2166, "supported_calibration_cells": 0, "elapsed_seconds": 0.3502931670518592}
{"run": "huc4_1013_seed44", "arm": "structure_upstream", "cv_alpha": null, "calibration_cells": 2166, "supported_calibration_cells": 0, "elapsed_seconds": 0.3601763329934329}
{"run": "huc4_1013_seed44", "arm": "matched_nonupstream", "cv_alpha": null, "calibration_cells": 2166, "supported_calibration_cells": 0, "elapsed_seconds": 0.37001545797102153}
{"run": "huc4_1019_seed42", "arm": "simple_upstream", "cv_alpha": null, "calibration_cells": 1663, "supported_calibration_cells": 278, "elapsed_seconds": 0.3245201660320163}
{"run": "huc4_1019_seed42", "arm": "structure_upstream", "cv_alpha": null, "calibration_cells": 1663, "supported_calibration_cells": 278, "elapsed_seconds": 0.3480692079756409}
{"run": "huc4_1019_seed42", "arm": "matched_nonupstream", "cv_alpha": null, "calibration_cells": 1663, "supported_calibration_cells": 278, "elapsed_seconds": 0.365805207984522}
{"run": "huc4_1019_seed43", "arm": "simple_upstream", "cv_alpha": null, "calibration_cells": 1663, "supported_calibration_cells": 278, "elapsed_seconds": 0.3176631670212373}
{"run": "huc4_1019_seed43", "arm": "structure_upstream", "cv_alpha": null, "calibration_cells": 1663, "supported_calibration_cells": 278, "elapsed_seconds": 0.3354300420032814}
{"run": "huc4_1019_seed43", "arm": "matched_nonupstream", "cv_alpha": null, "calibration_cells": 1663, "supported_calibration_cells": 278, "elapsed_seconds": 0.35241070901975036}
{"run": "huc4_1019_seed44", "arm": "simple_upstream", "cv_alpha": null, "calibration_cells": 1663, "supported_calibration_cells": 278, "elapsed_seconds": 0.3300407089991495}
{"run": "huc4_1019_seed44", "arm": "structure_upstream", "cv_alpha": null, "calibration_cells": 1663, "supported_calibration_cells": 278, "elapsed_seconds": 0.34757483401335776}
{"run": "huc4_1019_seed44", "arm": "matched_nonupstream", "cv_alpha": null, "calibration_cells": 1663, "supported_calibration_cells": 278, "elapsed_seconds": 0.3651467920280993}
{"run": "huc4_0708_seed42", "arm": "simple_upstream", "cv_alpha": null, "calibration_cells": 1001, "supported_calibration_cells": 188, "elapsed_seconds": 0.3198554170085117}
{"run": "huc4_0708_seed42", "arm": "structure_upstream", "cv_alpha": null, "calibration_cells": 1001, "supported_calibration_cells": 188, "elapsed_seconds": 0.33312154200393707}
{"run": "huc4_0708_seed42", "arm": "matched_nonupstream", "cv_alpha": null, "calibration_cells": 1001, "supported_calibration_cells": 188, "elapsed_seconds": 0.3463112920289859}
{"run": "huc4_0708_seed43", "arm": "simple_upstream", "cv_alpha": null, "calibration_cells": 1001, "supported_calibration_cells": 188, "elapsed_seconds": 0.3231316659366712}
{"run": "huc4_0708_seed43", "arm": "structure_upstream", "cv_alpha": null, "calibration_cells": 1001, "supported_calibration_cells": 188, "elapsed_seconds": 0.3366950829513371}
{"run": "huc4_0708_seed43", "arm": "matched_nonupstream", "cv_alpha": null, "calibration_cells": 1001, "supported_calibration_cells": 188, "elapsed_seconds": 0.3496063749771565}
{"run": "huc4_0708_seed44", "arm": "simple_upstream", "cv_alpha": null, "calibration_cells": 1001, "supported_calibration_cells": 188, "elapsed_seconds": 0.31990437500644475}
{"run": "huc4_0708_seed44", "arm": "structure_upstream", "cv_alpha": null, "calibration_cells": 1001, "supported_calibration_cells": 188, "elapsed_seconds": 0.3332657500868663}
{"run": "huc4_0708_seed44", "arm": "matched_nonupstream", "cv_alpha": null, "calibration_cells": 1001, "supported_calibration_cells": 188, "elapsed_seconds": 0.3463334580883384}
{"run": "huc4_1030_seed42", "arm": "simple_upstream", "cv_alpha": null, "calibration_cells": 1228, "supported_calibration_cells": 0, "elapsed_seconds": 0.292719166027382}
{"run": "huc4_1030_seed42", "arm": "structure_upstream", "cv_alpha": null, "calibration_cells": 1228, "supported_calibration_cells": 0, "elapsed_seconds": 0.29905816598329693}
{"run": "huc4_1030_seed42", "arm": "matched_nonupstream", "cv_alpha": null, "calibration_cells": 1228, "supported_calibration_cells": 0, "elapsed_seconds": 0.3060389159945771}
{"run": "huc4_1030_seed43", "arm": "simple_upstream", "cv_alpha": null, "calibration_cells": 1228, "supported_calibration_cells": 0, "elapsed_seconds": 0.291634084074758}
{"run": "huc4_1030_seed43", "arm": "structure_upstream", "cv_alpha": null, "calibration_cells": 1228, "supported_calibration_cells": 0, "elapsed_seconds": 0.29803995904512703}
{"run": "huc4_1030_seed43", "arm": "matched_nonupstream", "cv_alpha": null, "calibration_cells": 1228, "supported_calibration_cells": 0, "elapsed_seconds": 0.30424162501003593}
{"run": "huc4_1030_seed44", "arm": "simple_upstream", "cv_alpha": null, "calibration_cells": 1228, "supported_calibration_cells": 0, "elapsed_seconds": 0.29052874993067235}
{"run": "huc4_1030_seed44", "arm": "structure_upstream", "cv_alpha": null, "calibration_cells": 1228, "supported_calibration_cells": 0, "elapsed_seconds": 0.29657887492794544}
{"run": "huc4_1030_seed44", "arm": "matched_nonupstream", "cv_alpha": null, "calibration_cells": 1228, "supported_calibration_cells": 0, "elapsed_seconds": 0.3028939579380676}
{"run": "huc4_1101_seed42", "arm": "simple_upstream", "cv_alpha": null, "calibration_cells": 1204, "supported_calibration_cells": 140, "elapsed_seconds": 0.35295704100281}
{"run": "huc4_1101_seed42", "arm": "structure_upstream", "cv_alpha": null, "calibration_cells": 1204, "supported_calibration_cells": 140, "elapsed_seconds": 0.36668095795903355}
{"run": "huc4_1101_seed42", "arm": "matched_nonupstream", "cv_alpha": null, "calibration_cells": 1204, "supported_calibration_cells": 140, "elapsed_seconds": 0.38017062505241483}
{"run": "huc4_1101_seed43", "arm": "simple_upstream", "cv_alpha": null, "calibration_cells": 1204, "supported_calibration_cells": 140, "elapsed_seconds": 0.3466490419814363}
{"run": "huc4_1101_seed43", "arm": "structure_upstream", "cv_alpha": null, "calibration_cells": 1204, "supported_calibration_cells": 140, "elapsed_seconds": 0.3611632500542328}
{"run": "huc4_1101_seed43", "arm": "matched_nonupstream", "cv_alpha": null, "calibration_cells": 1204, "supported_calibration_cells": 140, "elapsed_seconds": 0.375108459033072}
{"run": "huc4_1101_seed44", "arm": "simple_upstream", "cv_alpha": null, "calibration_cells": 1204, "supported_calibration_cells": 140, "elapsed_seconds": 0.35119591699913144}
{"run": "huc4_1101_seed44", "arm": "structure_upstream", "cv_alpha": null, "calibration_cells": 1204, "supported_calibration_cells": 140, "elapsed_seconds": 0.3643811669899151}
{"run": "huc4_1101_seed44", "arm": "matched_nonupstream", "cv_alpha": null, "calibration_cells": 1204, "supported_calibration_cells": 140, "elapsed_seconds": 0.3778033750131726}
