/Users/yzccc/river_graph/.venv/lib/python3.12/site-packages/torch/jit/_script.py:1491: FutureWarning: `torch.jit.script` is deprecated. Please switch to `torch.compile` or `torch.export`.
  warnings.warn(
       mask           model_name      mae     rmse       r2     bias  log_mae  station_equal_mae  q90_mae  q90_n  q90_unstable  n_cells  n_stations
 e2a_strict     available_fusion 0.784905 1.221621 0.598668 0.139099 0.155201           1.062854 6.948331   12.0           1.0   2223.0        69.0
 e2a_strict     available_native 0.896423 1.328865 0.524902 0.439959 0.173482           1.134286 6.504820   12.0           1.0   2223.0        69.0
 e2a_strict        context_trees 1.093144 1.555025 0.349744 0.597943 0.213251           1.271830 6.439728   12.0           1.0   2223.0        69.0
 e2a_strict       current_fusion 0.905180 1.365219 0.498808 0.147181 0.181260           1.120115 7.042250   12.0           1.0   2223.0        69.0
 e2a_strict       current_native 1.062944 1.534769 0.366568 0.519224 0.208023           1.250681 6.362682   12.0           1.0   2223.0        69.0
 e2a_strict  matched_daily_trees 1.028129 1.445335 0.438167 0.603190 0.201936           1.227815 6.092949   12.0           1.0   2223.0        69.0
 e2a_strict      original_hybrid 0.874739 1.332926 0.522236 0.140140 0.175724           1.139092 6.956922   12.0           1.0   2223.0        69.0
 e2a_strict station_hidden_trees 0.897097 1.325986 0.526913 0.452259 0.173743           1.134490 6.542141   12.0           1.0   2223.0        69.0
 e2a_strict      upgraded_fusion 0.785746 1.222644 0.597994 0.138183 0.155397           1.064175 6.947001   12.0           1.0   2223.0        69.0
 e2a_strict      upgraded_native 0.894939 1.329315 0.524567 0.439335 0.172673           1.133357 6.503279   12.0           1.0   2223.0        69.0
e2b_partial     available_fusion 0.796930 1.208033 0.600511 0.241174 0.157519           1.083043 7.366025    7.0           1.0   1778.0        67.0
e2b_partial     available_native 0.935222 1.343625 0.505667 0.551017 0.180679           1.166232 6.690928    7.0           1.0   1778.0        67.0
e2b_partial        context_trees 1.046858 1.476432 0.403336 0.613338 0.206209           1.172192 6.707415    7.0           1.0   1778.0        67.0
e2b_partial       current_fusion 0.853555 1.290817 0.543932 0.161151 0.172088           1.049786 7.793332    7.0           1.0   1778.0        67.0
e2b_partial       current_native 1.012899 1.453193 0.421973 0.534468 0.200344           1.146771 6.603680    7.0           1.0   1778.0        67.0
e2b_partial  matched_daily_trees 1.004568 1.403876 0.460515 0.619922 0.198534           1.179527 6.691458    7.0           1.0   1778.0        67.0
e2b_partial      original_hybrid 0.806937 1.261214 0.564612 0.111173 0.162284           1.033739 7.605255    7.0           1.0   1778.0        67.0
e2b_partial station_hidden_trees 0.936269 1.339370 0.508746 0.560918 0.181464           1.167502 6.750706    7.0           1.0   1778.0        67.0
e2b_partial      upgraded_fusion 0.797619 1.208819 0.599987 0.240777 0.157706           1.082852 7.351621    7.0           1.0   1778.0        67.0
e2b_partial      upgraded_native 0.933583 1.343774 0.505550 0.549133 0.179928           1.165279 6.689462    7.0           1.0   1778.0        67.0
       mask        candidate            reference  reference_mae  candidate_mae  delta_mae  delta_ci_low  delta_ci_high  relative_gain_pct  gain_ci_low_pct  gain_ci_high_pct  n_splits  n_stations_unique  n_station_months_unique  n_split_cell_occurrences  bootstrap_draws  bootstrap_seed  bootstrap_empty_split_redraws  improved_seeds
 e2a_strict available_fusion      upgraded_fusion       0.785746       0.784905  -0.000840     -0.001572      -0.000084           0.106956         0.010758          0.199046         1                 69                     2223                      2223             5000              42                              0               2
 e2a_strict available_fusion       current_fusion       0.905180       0.784905  -0.120275     -0.205677      -0.033529          13.287363         4.058024         20.756111         1                 69                     2223                      2223             5000              42                              0               3
 e2a_strict available_fusion station_hidden_trees       0.897097       0.784905  -0.112192     -0.157409      -0.069087          12.506076         8.700538         15.911856         1                 69                     2223                      2223             5000              42                              0               3
 e2a_strict available_fusion      original_hybrid       0.874739       0.784905  -0.089834     -0.179479       0.000060          10.269774        -0.007973         19.079962         1                 69                     2223                      2223             5000              42                              0               3
 e2a_strict available_native      upgraded_native       0.894939       0.896423   0.001484     -0.000580       0.003742          -0.165798        -0.467211          0.056303         1                 69                     2223                      2223             5000              42                              0               1
 e2a_strict available_native station_hidden_trees       0.897097       0.896423  -0.000674     -0.005615       0.004719           0.075081        -0.510572          0.654256         1                 69                     2223                      2223             5000              42                              0               1
e2b_partial available_fusion      upgraded_fusion       0.797619       0.796930  -0.000689     -0.001499       0.000099           0.086353        -0.012644          0.188347         1                 67                     1778                      1778             5000              42                              0               2
e2b_partial available_fusion       current_fusion       0.853555       0.796930  -0.056625     -0.120936       0.017585           6.634062        -2.196761         13.518334         1                 67                     1778                      1778             5000              42                              0               3
e2b_partial available_fusion station_hidden_trees       0.936269       0.796930  -0.139339     -0.180319      -0.100237          14.882377        11.855305         17.612487         1                 67                     1778                      1778             5000              42                              0               3
e2b_partial available_fusion      original_hybrid       0.806937       0.796930  -0.010007     -0.079535       0.063728           1.240107        -8.172482          9.665131         1                 67                     1778                      1778             5000              42                              0               2
e2b_partial available_native      upgraded_native       0.933583       0.935222   0.001640     -0.000162       0.003564          -0.175644        -0.438077          0.016439         1                 67                     1778                      1778             5000              42                              0               1
e2b_partial available_native station_hidden_trees       0.936269       0.935222  -0.001047     -0.006815       0.005107           0.111781        -0.517329          0.774578         1                 67                     1778                      1778             5000              42                              0               1
