all_calendar: 1000/5000 whole-year draws
all_calendar: 2000/5000 whole-year draws
all_calendar: 3000/5000 whole-year draws
all_calendar: 4000/5000 whole-year draws
all_calendar: 5000/5000 whole-year draws
joint_calendar: 1000/5000 whole-year draws
joint_calendar: 2000/5000 whole-year draws
joint_calendar: 3000/5000 whole-year draws
joint_calendar: 4000/5000 whole-year draws
joint_calendar: 5000/5000 whole-year draws
{
  "n_joint_dates": 47,
  "n_all_configuration_dates": 561,
  "bootstrap_draws": 5000,
  "joint_years": [
    2014,
    2015,
    2016,
    2017
  ],
  "scope": "Exploratory signal decomposition at four nested Krycklan confluences",
  "physical_channel_removal_identified": false,
  "new_prediction_training": false,
  "daily_flow_is_complete_instantaneous_load": false,
  "fraction_interpretation": "Algebraic no-net-processing feasibility; unmonitored DOC is not measured"
}
