{
  "n_receivers": 32,
  "n_systems": 7,
  "n_high_coverage_receivers": 12,
  "n_source_paths": 89,
  "n_controlled_scenarios": 6912,
  "n_observed_receiving_amplifications": 16,
  "n_controlled_receiving_amplifications": 0,
  "n_memory_scenarios_with_larger_variance_than_delay_only": 0,
  "max_log_decomposition_error": 2.220446049250313e-16,
  "bootstrap_draws": 5000,
  "new_measurements": false,
  "new_training": false
}
 minimum_coverage group  correlation_time  coherence  memory_allocation                   metric  estimate    ci_low   ci_high      unit  n_receivers  n_blocks  n_huc4  n_components interval_status  valid_bootstrap_draws
              0.0   all               0.5        0.5                0.5                 sd_ratio  0.812807  0.800578  0.833885 component           32         7      19             7       estimable                   5000
              0.0   all               0.5        0.5                0.5      geometry_log_change -0.070697 -0.091886 -0.043048 component           32         7      19             7       estimable                   5000
              0.0   all               0.5        0.5                0.5 shared_memory_log_change -0.138989 -0.150607 -0.120684 component           32         7      19             7       estimable                   5000
              0.0   all               0.5        0.5                0.5   interaction_log_change  0.017087  0.012842  0.019677 component           32         7      19             7       estimable                   5000
              0.8   all               0.5        0.5                0.5                 sd_ratio  0.819167  0.792756  0.856142 component           12         5       9             5       estimable                   5000
              0.8   all               0.5        0.5                0.5      geometry_log_change -0.064031 -0.105170 -0.017218 component           12         5       9             5       estimable                   5000
              0.8   all               0.5        0.5                0.5 shared_memory_log_change -0.138622 -0.157973 -0.104699 component           12         5       9             5       estimable                   5000
              0.8   all               0.5        0.5                0.5   interaction_log_change  0.007463  0.003024  0.011580 component           12         5       9             5       estimable                   5000
 minimum_coverage  correlation_time  coherence  memory_allocation                   metric  estimate    ci_low   ci_high      unit  n_receivers  n_blocks  n_huc4  n_components interval_status  valid_bootstrap_draws              contrast  n_elongated  n_broad
              0.0               0.5        0.5                0.5                 sd_ratio -0.011499 -0.039415  0.012230 component           30         7      18             7       estimable                   4983 broad_minus_elongated            9       21
              0.0               0.5        0.5                0.5      geometry_log_change -0.029222 -0.080288  0.021781 component           30         7      18             7       estimable                   4983 broad_minus_elongated            9       21
              0.0               0.5        0.5                0.5 shared_memory_log_change  0.013974 -0.044152  0.063260 component           30         7      18             7       estimable                   4983 broad_minus_elongated            9       21
              0.0               0.5        0.5                0.5   interaction_log_change -0.001259 -0.012773  0.008566 component           30         7      18             7       estimable                   4983 broad_minus_elongated            9       21
              0.8               0.5        0.5                0.5                 sd_ratio -0.022454 -0.069001  0.025530 component           12         5       9             5       estimable                   4882 broad_minus_elongated            4        8
              0.8               0.5        0.5                0.5      geometry_log_change -0.039022 -0.106762  0.071381 component           12         5       9             5       estimable                   4882 broad_minus_elongated            4        8
              0.8               0.5        0.5                0.5 shared_memory_log_change  0.009070 -0.110993  0.063091 component           12         5       9             5       estimable                   4882 broad_minus_elongated            4        8
              0.8               0.5        0.5                0.5   interaction_log_change -0.006187 -0.012465 -0.000192 component           12         5       9             5       estimable                   4882 broad_minus_elongated            4        8
         target          forcing                  scenario  period_relative_mean_path  memory_time source_a_station source_b_station  source_phase_a  source_phase_b  mixture_amplitude  outlet_amplitude  amplitude_ratio  steady_gain                                                             evidence_type
401733105392404      synchronous          aligned_arrivals                   0.811044     0.000000  401707105395000  401723105400000             0.0        0.000000           1.000000          1.000000         1.000000          1.0 constructed periodic source phases on real mapped paths; not observed DOC
401733105392404      synchronous             actual_delays                   0.811044     0.000000  401707105395000  401723105400000             0.0        0.000000           1.000000          0.459908         0.459908          1.0 constructed periodic source phases on real mapped paths; not observed DOC
401733105392404      synchronous actual_plus_shared_memory                   0.811044     0.433483  401707105395000  401723105400000             0.0        0.000000           1.000000          0.131255         0.131255          1.0 constructed periodic source phases on real mapped paths; not observed DOC
401733105392404 path_compensated          aligned_arrivals                   0.811044     0.000000  401707105395000  401723105400000             0.0        2.356194           0.459908          0.459908         1.000000          1.0 constructed periodic source phases on real mapped paths; not observed DOC
401733105392404 path_compensated             actual_delays                   0.811044     0.000000  401707105395000  401723105400000             0.0        2.356194           0.459908          1.000000         2.174350          1.0 constructed periodic source phases on real mapped paths; not observed DOC
401733105392404 path_compensated actual_plus_shared_memory                   0.811044     0.433483  401707105395000  401723105400000             0.0        2.356194           0.459908          0.285394         0.620546          1.0 constructed periodic source phases on real mapped paths; not observed DOC
