{
  "n_receivers": 32,
  "n_systems": 7,
  "n_high_coverage_receivers": 12,
  "n_source_paths": 88,
  "n_controlled_scenarios": 6912,
  "n_observed_receiving_amplifications": 15,
  "n_controlled_receiving_amplifications": 0,
  "n_memory_scenarios_with_larger_variance_than_delay_only": 0,
  "max_log_decomposition_error": 2.220446049250313e-16,
  "bootstrap_draws": 5000,
  "new_measurements": false,
  "new_training": false
}
 minimum_coverage group  correlation_time  coherence  memory_allocation                   metric  estimate    ci_low   ci_high      unit  n_receivers  n_blocks  n_huc4  n_components interval_status  valid_bootstrap_draws
              0.0   all               0.5        0.5                0.5                 sd_ratio  0.812165  0.799173  0.834275 component           32         7      19             7       estimable                   5000
              0.0   all               0.5        0.5                0.5      geometry_log_change -0.066575 -0.086738 -0.042618 component           32         7      19             7       estimable                   5000
              0.0   all               0.5        0.5                0.5 shared_memory_log_change -0.144061 -0.156594 -0.122746 component           32         7      19             7       estimable                   5000
              0.0   all               0.5        0.5                0.5   interaction_log_change  0.016476  0.012584  0.019160 component           32         7      19             7       estimable                   5000
              0.8   all               0.5        0.5                0.5                 sd_ratio  0.820203  0.794161  0.856661 component           12         5       9             5       estimable                   5000
              0.8   all               0.5        0.5                0.5      geometry_log_change -0.063880 -0.104932 -0.017232 component           12         5       9             5       estimable                   5000
              0.8   all               0.5        0.5                0.5 shared_memory_log_change -0.137451 -0.157898 -0.102778 component           12         5       9             5       estimable                   5000
              0.8   all               0.5        0.5                0.5   interaction_log_change  0.007274  0.002234  0.011740 component           12         5       9             5       estimable                   5000
 minimum_coverage  correlation_time  coherence  memory_allocation                   metric  estimate    ci_low  ci_high      unit  n_receivers  n_blocks  n_huc4  n_components interval_status  valid_bootstrap_draws              contrast  n_elongated  n_broad
              0.0               0.5        0.5                0.5                 sd_ratio -0.012677 -0.040915 0.011410 component           30         7      18             7       estimable                   4983 broad_minus_elongated            9       21
              0.0               0.5        0.5                0.5      geometry_log_change -0.022635 -0.074436 0.026361 component           30         7      18             7       estimable                   4983 broad_minus_elongated            9       21
              0.0               0.5        0.5                0.5 shared_memory_log_change  0.005687 -0.047910 0.056102 component           30         7      18             7       estimable                   4983 broad_minus_elongated            9       21
              0.0               0.5        0.5                0.5   interaction_log_change -0.002101 -0.013681 0.008654 component           30         7      18             7       estimable                   4983 broad_minus_elongated            9       21
              0.8               0.5        0.5                0.5                 sd_ratio -0.020809 -0.066274 0.026534 component           12         5       9             5       estimable                   4882 broad_minus_elongated            4        8
              0.8               0.5        0.5                0.5      geometry_log_change -0.038802 -0.106243 0.071305 component           12         5       9             5       estimable                   4882 broad_minus_elongated            4        8
              0.8               0.5        0.5                0.5 shared_memory_log_change  0.010951 -0.108637 0.062768 component           12         5       9             5       estimable                   4882 broad_minus_elongated            4        8
              0.8               0.5        0.5                0.5   interaction_log_change -0.006471 -0.012849 0.000075 component           12         5       9             5       estimable                   4882 broad_minus_elongated            4        8
         target          forcing                  scenario  period_relative_mean_path  memory_time source_a_station source_b_station  source_phase_a  source_phase_b  mixture_amplitude  outlet_amplitude  amplitude_ratio  steady_gain                                                             evidence_type
401733105392404      synchronous          aligned_arrivals                   0.811044     0.000000  401707105395000  401723105400000             0.0        0.000000           1.000000          1.000000         1.000000          1.0 constructed periodic source phases on real mapped paths; not observed DOC
401733105392404      synchronous             actual_delays                   0.811044     0.000000  401707105395000  401723105400000             0.0        0.000000           1.000000          0.459908         0.459908          1.0 constructed periodic source phases on real mapped paths; not observed DOC
401733105392404      synchronous actual_plus_shared_memory                   0.811044     0.433483  401707105395000  401723105400000             0.0        0.000000           1.000000          0.131255         0.131255          1.0 constructed periodic source phases on real mapped paths; not observed DOC
401733105392404 path_compensated          aligned_arrivals                   0.811044     0.000000  401707105395000  401723105400000             0.0        2.356194           0.459908          0.459908         1.000000          1.0 constructed periodic source phases on real mapped paths; not observed DOC
401733105392404 path_compensated             actual_delays                   0.811044     0.000000  401707105395000  401723105400000             0.0        2.356194           0.459908          1.000000         2.174350          1.0 constructed periodic source phases on real mapped paths; not observed DOC
401733105392404 path_compensated actual_plus_shared_memory                   0.811044     0.433483  401707105395000  401723105400000             0.0        2.356194           0.459908          0.285394         0.620546          1.0 constructed periodic source phases on real mapped paths; not observed DOC
