Geometry: 3872 cases on 121 pairs
    case          window  n_timing_eligible  n_complete_budget  n_positive_responses  n_positive_complete  n_complete_width_pairs  n_incomplete_budget
 Bouleau     flow_window                 17                 17                     8                    8                       6                    0
 Bouleau response_window                 17                 17                     8                    8                       6                    0
 Kervidy     flow_window                 63                 62                    58                   58                      55                    1
 Kervidy response_window                 63                 62                    58                   58                      55                    1
Rappbode     flow_window                 82                 82                    62                   62                      51                    0
Rappbode response_window                 82                 82                    62                   62                      51                    0
    case          window            cohort                              metric    median    ci_low    ci_high  n_events  n_months
 Bouleau response_window positive_response                 carbon_yield_kg_km2 37.655295  3.040149 130.308084         8         6
 Bouleau response_window positive_response              flow_weighted_doc_mg_l  7.633977  4.338924  12.375818         8         6
 Bouleau response_window positive_response   positive_extra_fraction_of_export  0.481587  0.343155   0.685709         8         6
 Bouleau response_window positive_response carbon_minus_water_after_peak_share  0.020391  0.007398   0.045455         8         6
 Bouleau response_window positive_response   carbon_after_flow_return_fraction  0.157755  0.051325   0.167135         8         6
 Bouleau response_window positive_response     flux_peak_minus_flow_peak_hours  9.000000  0.000000  31.000000         8         6
 Kervidy response_window positive_response                 carbon_yield_kg_km2 34.149632 19.755771  47.834016        58        24
 Kervidy response_window positive_response              flow_weighted_doc_mg_l  9.517724  8.651515  11.136538        58        24
 Kervidy response_window positive_response   positive_extra_fraction_of_export  0.349629  0.260449   0.444169        58        24
 Kervidy response_window positive_response carbon_minus_water_after_peak_share -0.002953 -0.008672  -0.000985        58        24
 Kervidy response_window positive_response   carbon_after_flow_return_fraction  0.241971  0.208932   0.287810        58        24
 Kervidy response_window positive_response     flux_peak_minus_flow_peak_hours  1.000000  0.000000   1.000000        58        24
Rappbode response_window positive_response                 carbon_yield_kg_km2 28.380930 22.108328  38.039426        62        28
Rappbode response_window positive_response              flow_weighted_doc_mg_l  8.062434  7.448284  10.242804        62        28
Rappbode response_window positive_response   positive_extra_fraction_of_export  0.199627  0.149325   0.225219        62        28
Rappbode response_window positive_response carbon_minus_water_after_peak_share  0.010039  0.004557   0.013153        62        28
Rappbode response_window positive_response   carbon_after_flow_return_fraction  0.205642  0.184544   0.250384        62        28
Rappbode response_window positive_response     flux_peak_minus_flow_peak_hours  1.000000  0.000000   1.000000        62        28
