/Users/yzccc/river_graph/.venv/lib/python3.12/site-packages/torch/jit/_script.py:1491: FutureWarning: `torch.jit.script` is deprecated. Please switch to `torch.compile` or `torch.export`.
  warnings.warn(
model_name           dimension           group        
current_model        doc_value           high DOC         9.225863
                                         ordinary DOC     1.152295
                     ecological_novelty  familiar         1.877106
                                         intermediate     1.916970
                                         novel            1.681288
                     hydro_information   both channels    1.942720
                                         neither          3.097069
                                         one channel      1.406348
matched_daily_trees  doc_value           high DOC         9.618575
                                         ordinary DOC     1.246519
                     ecological_novelty  familiar         1.985374
                                         intermediate     2.046732
                                         novel            1.881701
                     hydro_information   both channels    2.091807
                                         neither          3.442821
                                         one channel      1.474853
static_memory        doc_value           high DOC         9.225863
                                         ordinary DOC     1.152295
                     ecological_novelty  familiar         1.877106
                                         intermediate     1.916970
                                         novel            1.681288
                     hydro_information   both channels    1.942720
                                         neither          3.097069
                                         one channel      1.406348
