/Users/yzccc/river_graph/.venv/lib/python3.12/site-packages/torch/jit/_script.py:1491: FutureWarning: `torch.jit.script` is deprecated. Please switch to `torch.compile` or `torch.export`.
  warnings.warn(
{"stage": "hydrolocation", "completed": 1, "stations": 130, "status": "matched"}
{"stage": "hydrolocation", "completed": 2, "stations": 130, "status": "matched"}
{"stage": "hydrolocation", "completed": 3, "stations": 130, "status": "matched"}
{"stage": "hydrolocation", "completed": 4, "stations": 130, "status": "matched"}
{"stage": "hydrolocation", "completed": 5, "stations": 130, "status": "matched"}
{"stage": "hydrolocation", "completed": 6, "stations": 130, "status": "matched"}
{"stage": "hydrolocation", "completed": 7, "stations": 130, "status": "matched"}
{"stage": "hydrolocation", "completed": 8, "stations": 130, "status": "matched"}
{"stage": "hydrolocation", "completed": 9, "stations": 130, "status": "matched"}
{"stage": "hydrolocation", "completed": 10, "stations": 130, "status": "matched"}
{"stage": "hydrolocation", "completed": 11, "stations": 130, "status": "matched"}
{"stage": "hydrolocation", "completed": 12, "stations": 130, "status": "matched"}
{"stage": "hydrolocation", "completed": 13, "stations": 130, "status": "matched"}
{"stage": "hydrolocation", "completed": 14, "stations": 130, "status": "matched"}
{"stage": "hydrolocation", "completed": 15, "stations": 130, "status": "matched"}
{"stage": "hydrolocation", "completed": 16, "stations": 130, "status": "matched"}
{"stage": "hydrolocation", "completed": 17, "stations": 130, "status": "matched"}
{"stage": "hydrolocation", "completed": 18, "stations": 130, "status": "matched"}
{"stage": "hydrolocation", "completed": 19, "stations": 130, "status": "matched"}
{"stage": "hydrolocation", "completed": 20, "stations": 130, "status": "matched"}
{"stage": "hydrolocation", "completed": 21, "stations": 130, "status": "matched"}
{"stage": "hydrolocation", "completed": 22, "stations": 130, "status": "matched"}
{"stage": "hydrolocation", "completed": 23, "stations": 130, "status": "matched"}
{"stage": "hydrolocation", "completed": 24, "stations": 130, "status": "matched"}
{"stage": "hydrolocation", "completed": 25, "stations": 130, "status": "matched"}
{"stage": "hydrolocation", "completed": 26, "stations": 130, "status": "matched"}
{"stage": "hydrolocation", "completed": 27, "stations": 130, "status": "matched"}
{"stage": "hydrolocation", "completed": 28, "stations": 130, "status": "matched"}
{"stage": "hydrolocation", "completed": 29, "stations": 130, "status": "matched"}
{"stage": "hydrolocation", "completed": 30, "stations": 130, "status": "matched"}
{"stage": "hydrolocation", "completed": 31, "stations": 130, "status": "matched"}
{"stage": "hydrolocation", "completed": 32, "stations": 130, "status": "matched"}
{"stage": "hydrolocation", "completed": 33, "stations": 130, "status": "matched"}
{"stage": "hydrolocation", "completed": 34, "stations": 130, "status": "matched"}
{"stage": "hydrolocation", "completed": 35, "stations": 130, "status": "matched"}
{"stage": "hydrolocation", "completed": 36, "stations": 130, "status": "matched"}
{"stage": "hydrolocation", "completed": 37, "stations": 130, "status": "matched"}
{"stage": "hydrolocation", "completed": 38, "stations": 130, "status": "matched"}
{"stage": "hydrolocation", "completed": 39, "stations": 130, "status": "matched"}
{"stage": "hydrolocation", "completed": 40, "stations": 130, "status": "matched"}
{"stage": "hydrolocation", "completed": 41, "stations": 130, "status": "matched"}
{"stage": "hydrolocation", "completed": 42, "stations": 130, "status": "matched"}
{"stage": "hydrolocation", "completed": 43, "stations": 130, "status": "matched"}
{"stage": "hydrolocation", "completed": 44, "stations": 130, "status": "matched"}
{"stage": "hydrolocation", "completed": 45, "stations": 130, "status": "matched"}
{"stage": "hydrolocation", "completed": 46, "stations": 130, "status": "matched"}
{"stage": "hydrolocation", "completed": 47, "stations": 130, "status": "matched"}
{"stage": "hydrolocation", "completed": 48, "stations": 130, "status": "matched"}
{"stage": "hydrolocation", "completed": 49, "stations": 130, "status": "matched"}
{"stage": "hydrolocation", "completed": 50, "stations": 130, "status": "matched"}
{"stage": "hydrolocation", "completed": 51, "stations": 130, "status": "matched"}
{"stage": "hydrolocation", "completed": 52, "stations": 130, "status": "matched"}
{"stage": "hydrolocation", "completed": 53, "stations": 130, "status": "matched"}
{"stage": "hydrolocation", "completed": 54, "stations": 130, "status": "matched"}
{"stage": "hydrolocation", "completed": 55, "stations": 130, "status": "matched"}
{"stage": "hydrolocation", "completed": 56, "stations": 130, "status": "matched"}
{"stage": "hydrolocation", "completed": 57, "stations": 130, "status": "matched"}
{"stage": "hydrolocation", "completed": 58, "stations": 130, "status": "matched"}
{"stage": "hydrolocation", "completed": 59, "stations": 130, "status": "matched"}
{"stage": "hydrolocation", "completed": 60, "stations": 130, "status": "matched"}
{"stage": "hydrolocation", "completed": 61, "stations": 130, "status": "matched"}
{"stage": "hydrolocation", "completed": 62, "stations": 130, "status": "matched"}
{"stage": "hydrolocation", "completed": 63, "stations": 130, "status": "matched"}
{"stage": "hydrolocation", "completed": 64, "stations": 130, "status": "matched"}
{"stage": "hydrolocation", "completed": 65, "stations": 130, "status": "matched"}
{"stage": "hydrolocation", "completed": 66, "stations": 130, "status": "matched"}
{"stage": "hydrolocation", "completed": 67, "stations": 130, "status": "matched"}
{"stage": "hydrolocation", "completed": 68, "stations": 130, "status": "matched"}
{"stage": "hydrolocation", "completed": 69, "stations": 130, "status": "matched"}
{"stage": "hydrolocation", "completed": 70, "stations": 130, "status": "matched"}
{"stage": "hydrolocation", "completed": 71, "stations": 130, "status": "matched"}
{"stage": "hydrolocation", "completed": 72, "stations": 130, "status": "matched"}
{"stage": "hydrolocation", "completed": 73, "stations": 130, "status": "matched"}
{"stage": "hydrolocation", "completed": 74, "stations": 130, "status": "matched"}
{"stage": "hydrolocation", "completed": 75, "stations": 130, "status": "matched"}
{"stage": "hydrolocation", "completed": 76, "stations": 130, "status": "matched"}
{"stage": "hydrolocation", "completed": 77, "stations": 130, "status": "matched"}
{"stage": "hydrolocation", "completed": 78, "stations": 130, "status": "matched"}
{"stage": "hydrolocation", "completed": 79, "stations": 130, "status": "matched"}
{"stage": "hydrolocation", "completed": 80, "stations": 130, "status": "matched"}
{"stage": "hydrolocation", "completed": 81, "stations": 130, "status": "matched"}
{"stage": "hydrolocation", "completed": 82, "stations": 130, "status": "matched"}
{"stage": "hydrolocation", "completed": 83, "stations": 130, "status": "matched"}
{"stage": "hydrolocation", "completed": 84, "stations": 130, "status": "matched"}
{"stage": "hydrolocation", "completed": 85, "stations": 130, "status": "matched"}
{"stage": "hydrolocation", "completed": 86, "stations": 130, "status": "matched"}
{"stage": "hydrolocation", "completed": 87, "stations": 130, "status": "matched"}
{"stage": "hydrolocation", "completed": 88, "stations": 130, "status": "matched"}
{"stage": "hydrolocation", "completed": 89, "stations": 130, "status": "matched"}
{"stage": "hydrolocation", "completed": 90, "stations": 130, "status": "matched"}
{"stage": "hydrolocation", "completed": 91, "stations": 130, "status": "matched"}
{"stage": "hydrolocation", "completed": 92, "stations": 130, "status": "matched"}
{"stage": "hydrolocation", "completed": 93, "stations": 130, "status": "matched"}
{"stage": "hydrolocation", "completed": 94, "stations": 130, "status": "matched"}
{"stage": "hydrolocation", "completed": 95, "stations": 130, "status": "matched"}
{"stage": "hydrolocation", "completed": 96, "stations": 130, "status": "matched"}
{"stage": "hydrolocation", "completed": 97, "stations": 130, "status": "matched"}
{"stage": "hydrolocation", "completed": 98, "stations": 130, "status": "matched"}
{"stage": "hydrolocation", "completed": 99, "stations": 130, "status": "matched"}
{"stage": "hydrolocation", "completed": 100, "stations": 130, "status": "matched"}
{"stage": "hydrolocation", "completed": 101, "stations": 130, "status": "matched"}
{"stage": "hydrolocation", "completed": 102, "stations": 130, "status": "matched"}
{"stage": "hydrolocation", "completed": 103, "stations": 130, "status": "matched"}
{"stage": "hydrolocation", "completed": 104, "stations": 130, "status": "matched"}
{"stage": "hydrolocation", "completed": 105, "stations": 130, "status": "matched"}
{"stage": "hydrolocation", "completed": 106, "stations": 130, "status": "matched"}
{"stage": "hydrolocation", "completed": 107, "stations": 130, "status": "matched"}
{"stage": "hydrolocation", "completed": 108, "stations": 130, "status": "matched"}
{"stage": "hydrolocation", "completed": 109, "stations": 130, "status": "matched"}
{"stage": "hydrolocation", "completed": 110, "stations": 130, "status": "matched"}
{"stage": "hydrolocation", "completed": 111, "stations": 130, "status": "matched"}
{"stage": "hydrolocation", "completed": 112, "stations": 130, "status": "matched"}
{"stage": "hydrolocation", "completed": 113, "stations": 130, "status": "matched"}
{"stage": "hydrolocation", "completed": 114, "stations": 130, "status": "matched"}
{"stage": "hydrolocation", "completed": 115, "stations": 130, "status": "matched"}
{"stage": "hydrolocation", "completed": 116, "stations": 130, "status": "matched"}
{"stage": "hydrolocation", "completed": 117, "stations": 130, "status": "matched"}
{"stage": "hydrolocation", "completed": 118, "stations": 130, "status": "matched"}
{"stage": "hydrolocation", "completed": 119, "stations": 130, "status": "matched"}
{"stage": "hydrolocation", "completed": 120, "stations": 130, "status": "matched"}
{"stage": "hydrolocation", "completed": 121, "stations": 130, "status": "matched"}
{"stage": "hydrolocation", "completed": 122, "stations": 130, "status": "matched"}
{"stage": "hydrolocation", "completed": 123, "stations": 130, "status": "matched"}
{"stage": "hydrolocation", "completed": 124, "stations": 130, "status": "matched"}
{"stage": "hydrolocation", "completed": 125, "stations": 130, "status": "matched"}
{"stage": "hydrolocation", "completed": 126, "stations": 130, "status": "matched"}
{"stage": "hydrolocation", "completed": 127, "stations": 130, "status": "matched"}
{"stage": "hydrolocation", "completed": 128, "stations": 130, "status": "matched"}
{"stage": "hydrolocation", "completed": 129, "stations": 130, "status": "matched"}
{"stage": "hydrolocation", "completed": 130, "stations": 130, "status": "matched"}
Traceback (most recent call last):
  File "/Users/yzccc/river_graph/scripts/build_doc_external_inputs_v1.py", line 180, in <module>
    main()
  File "/Users/yzccc/river_graph/scripts/build_doc_external_inputs_v1.py", line 176, in main
    build(args.huc8, args.root)
  File "/Users/yzccc/river_graph/scripts/build_doc_external_inputs_v1.py", line 131, in build
    temperature_path = fetch_temperature(code, raw)
                       ^^^^^^^^^^^^^^^^^^^^^^^^^^^^
  File "/Users/yzccc/river_graph/scripts/build_doc_external_inputs_v1.py", line 50, in fetch_temperature
    raise ValueError("external temperature response incomplete or too large")
ValueError: external temperature response incomplete or too large
/Users/yzccc/river_graph/.venv/lib/python3.12/site-packages/torch/jit/_script.py:1491: FutureWarning: `torch.jit.script` is deprecated. Please switch to `torch.compile` or `torch.export`.
  warnings.warn(
{"stage": "temperature", "first_year": 1983, "last_year": 1985, "bytes": 115640}
{"stage": "temperature", "first_year": 1986, "last_year": 1988, "bytes": 18637}
{"stage": "temperature", "first_year": 1989, "last_year": 1991, "bytes": 269233}
{"stage": "temperature", "first_year": 1992, "last_year": 1994, "bytes": 1953029}
{"stage": "temperature", "first_year": 1995, "last_year": 1997, "bytes": 1366269}
{"stage": "temperature", "first_year": 1998, "last_year": 2000, "bytes": 1770260}
{"stage": "temperature", "first_year": 2001, "last_year": 2003, "bytes": 1330126}
{"stage": "temperature", "first_year": 2004, "last_year": 2006, "bytes": 1141460}
{"stage": "temperature", "first_year": 2007, "last_year": 2009, "bytes": 648459}
{"stage": "temperature", "first_year": 2010, "last_year": 2012, "bytes": 318526}
{"stage": "temperature", "first_year": 2013, "last_year": 2015, "bytes": 379284}
{"stage": "temperature", "first_year": 2016, "last_year": 2018, "bytes": 331276}
{"stage": "temperature", "first_year": 2019, "last_year": 2021, "bytes": 243850}
{"stage": "temperature", "first_year": 2022, "last_year": 2024, "bytes": 171414}
{"stage": "temperature", "first_year": 2025, "last_year": 2026, "bytes": 65568}
dv batch 1/26 OK
dv batch 2/26 OK
dv batch 3/26 OK
dv batch 4/26 OK
dv batch 5/26 OK
dv batch 6/26 OK
dv batch 6 attempt 1 failed: HTTP Error 503: 
dv batch 7/26 OK
dv batch 8/26 OK
dv batch 9/26 OK
dv batch 10/26 OK
dv batch 11/26 OK
dv batch 12/26 OK
dv batch 13/26 OK
dv batch 14/26 OK
dv batch 15/26 OK
dv batch 16/26 OK
dv batch 17/26 OK
dv batch 18/26 OK
dv batch 19/26 OK
dv batch 20/26 OK
dv batch 21/26 OK
dv batch 22/26 OK
dv batch 23/26 OK
dv batch 24/26 OK
dv batch 25/26 OK
dv batch 26/26 OK
{
  "huc8": "02040104",
  "station_count": 130,
  "months": 520,
  "valid_doc_cells": 6514,
  "comid_matches": 130,
  "ecology_ge5_stations": 130,
  "temperature_cells": 7049,
  "discharge_cells": 5703,
  "river_graph": "not constructed; optional separate transport ablation",
  "scope": "availability and feature construction only; no external prediction or calibration",
  "dataset_hash": "2d3179d44e900269407d165627981f70658b98cd58ac9492802acd59acbb1e1f",
  "inputs_hash": "3e18bbcbaeed7789f3ed1ca3479ec24eb6ea38c4e8919d30c88fd655b5eb8e4e",
  "builder_hash": "2aabdb64c694c7b1fd8541316461a217bed29f2d7fbb3cda53f4709da6b8f43b",
  "daily_policy": {
    "parameter_code": "00060",
    "statistic_code": "00003",
    "raw_unit": "cfs",
    "series_selection": "first matching _00060_00003 column in each RDB header; alternatives ignored",
    "daily_qc": "finite discharge with abs(discharge_cfs) <= 3000000; signed and zero retained",
    "qualifiers": "retained in inventory, not filtered; same finite-value policy as frozen monthly data",
    "duplicate_policy": "equal accepted station-day values collapse; conflicting accepted values exclude day",
    "gap_policy": "no filling; pairs require exactly consecutive days in the same calendar month",
    "quantile_method": "linear",
    "coverage_fraction": 0.8,
    "width_requirement": "n_unique_valid_days >= ceil(0.8 * calendar_days)",
    "pair_requirement": "n_true_within_month_pairs >= ceil(0.8 * (calendar_days - 1))",
    "all_zero_flow": "valid ratios are zero with validity flag one when coverage is sufficient",
    "monthly_footprint": "all eight features zero wherever frozen x_mask[:,:,1] is zero",
    "fitted_statistics": "none",
    "target_label_dependency": "none",
    "time_scope": "same calendar month only; retrospective current-month covariate",
    "formulas": {
      "width": "(Q90-Q10) / (mean(abs(q)) + Q90-Q10)",
      "flashiness": "sum(abs(q_current-q_previous)) / sum(abs(q_current)+abs(q_previous)) over true pairs",
      "rising_fraction": "count(q_current > q_previous) / n_true_pairs",
      "day_fraction": "n_unique_valid_days / calendar_days",
      "pair_fraction": "n_true_within_month_pairs / (calendar_days-1)"
    }
  }
}
