/Users/yzccc/river_graph/.venv/lib/python3.12/site-packages/torch/jit/_script.py:1491: FutureWarning: `torch.jit.script` is deprecated. Please switch to `torch.compile` or `torch.export`.
  warnings.warn(
            model_name      mae  signed_bias  q90_mae
         current_model 1.829579    -0.667535 9.225863
   matched_daily_trees 1.963925    -0.519447 9.618575
   regional_integrated 1.833923    -0.627568 9.252839
     regional_residual 1.834233    -0.620723 9.239027
        regional_trees 1.898415    -0.581776 9.425894
  station_hidden_trees 1.866362    -0.611014 9.394458
unmonitored_integrated 1.769053    -0.638608 9.075420
  unmonitored_residual 1.772035    -0.625464 9.053055
          candidate              reference  relative_gain_pct  gain_ci_low_pct  gain_ci_high_pct  improved_partitions
     regional_trees unmonitored_integrated          -7.312530       -10.684752         -4.434465                    0
     regional_trees   station_hidden_trees          -1.717394        -2.983604         -0.542878                    0
     regional_trees          current_model          -3.762386        -7.343289         -0.484173                    0
  regional_residual unmonitored_integrated          -3.684473        -5.562429         -1.919783                    0
  regional_residual   station_hidden_trees           1.721500        -0.697849          4.199112                    2
  regional_residual          current_model          -0.254354        -2.559953          2.078170                    1
regional_integrated unmonitored_integrated          -3.666980        -5.499891         -1.929158                    0
regional_integrated   station_hidden_trees           1.738082        -0.607850          4.152094                    2
regional_integrated          current_model          -0.237439        -2.553070          2.095425                    1
  regional_residual   unmonitored_residual          -3.509959        -5.601924         -1.506511                    0
  regional_residual         regional_trees           3.380832         1.378816          5.556644                    3
regional_integrated         regional_trees           3.397134         1.480947          5.475884                    3
