/Users/yzccc/river_graph/.venv/lib/python3.12/site-packages/torch/jit/_script.py:1491: FutureWarning: `torch.jit.script` is deprecated. Please switch to `torch.compile` or `torch.export`.
  warnings.warn(
            model_name      mae  signed_bias  q90_mae
         current_model 1.829579    -0.667535 9.225863
leaf_median_integrated 1.778791    -0.663915 9.152245
 leaf_median_reference 1.853846    -0.783988 9.541649
  leaf_median_residual 1.779036    -0.656750 9.138417
   matched_daily_trees 1.963925    -0.519447 9.618575
  station_hidden_trees 1.866362    -0.611014 9.394458
unmonitored_integrated 1.769053    -0.638608 9.075420
  unmonitored_residual 1.772035    -0.625464 9.053055
             candidate              reference  relative_gain_pct  gain_ci_low_pct  gain_ci_high_pct  improved_partitions
 leaf_median_reference unmonitored_integrated          -4.793132        -7.307013         -2.373781                    0
 leaf_median_reference   station_hidden_trees           0.670646        -0.841060          2.343738                    2
 leaf_median_reference          current_model          -1.326335        -4.247344          1.505280                    1
  leaf_median_residual unmonitored_integrated          -0.564319        -1.563912          0.393370                    0
  leaf_median_residual   station_hidden_trees           4.678974         1.991452          7.624291                    3
  leaf_median_residual          current_model           2.762579         0.915536          4.769359                    3
leaf_median_integrated unmonitored_integrated          -0.550505        -1.529318          0.415462                    0
leaf_median_integrated   station_hidden_trees           4.692068         2.044016          7.558937                    3
leaf_median_integrated          current_model           2.775936         0.916751          4.792434                    3
  leaf_median_residual   unmonitored_residual          -0.395056        -1.415724          0.644171                    1
  leaf_median_residual  leaf_median_reference           4.035392         1.932769          6.187126                    3
leaf_median_integrated  leaf_median_reference           4.048574         2.025408          6.112872                    3
