{"run": "huc4_1101_seed42", "arm": "local", "epoch": 1, "train_log_mse": 0.8927454860108961, "validation_mae": 9.527395248413086, "best_epoch": 1, "elapsed_seconds": 1.3012732909992337}
{"run": "huc4_1101_seed42", "arm": "local", "epoch": 5, "train_log_mse": 0.5048181920321733, "validation_mae": 5.917206287384033, "best_epoch": 5, "elapsed_seconds": 5.992443999995885}
{"run": "huc4_1101_seed42", "arm": "local", "epoch": 10, "train_log_mse": 0.4502521971201517, "validation_mae": 5.869750499725342, "best_epoch": 9, "elapsed_seconds": 10.997515999995812}
{"run": "huc4_1101_seed42", "arm": "local", "epoch": 15, "train_log_mse": 0.4327533414497756, "validation_mae": 5.814670085906982, "best_epoch": 13, "elapsed_seconds": 15.962016624995158}
{"run": "huc4_1101_seed42", "arm": "local", "epoch": 20, "train_log_mse": 0.4145228594617021, "validation_mae": 6.04135799407959, "best_epoch": 13, "elapsed_seconds": 21.16649891599809}
{"run": "huc4_1101_seed42", "arm": "directed_gnn", "epoch": 1, "train_log_mse": 0.8914677785533123, "validation_mae": 9.639922142028809, "best_epoch": 1, "elapsed_seconds": 1.4069352079968667}
{"run": "huc4_1101_seed42", "arm": "directed_gnn", "epoch": 5, "train_log_mse": 0.5120556829134197, "validation_mae": 6.304111003875732, "best_epoch": 5, "elapsed_seconds": 7.156278332993679}
{"run": "huc4_1101_seed42", "arm": "directed_gnn", "epoch": 10, "train_log_mse": 0.4414913731160233, "validation_mae": 5.9065351486206055, "best_epoch": 10, "elapsed_seconds": 14.95459304099495}
{"run": "huc4_1101_seed42", "arm": "directed_gnn", "epoch": 15, "train_log_mse": 0.42199970247066093, "validation_mae": 5.9898295402526855, "best_epoch": 13, "elapsed_seconds": 22.140313790994696}
{"run": "huc4_1101_seed42", "arm": "directed_gnn", "epoch": 20, "train_log_mse": 0.3980663285733003, "validation_mae": 6.055957794189453, "best_epoch": 18, "elapsed_seconds": 29.521056165998743}
{"run": "huc4_1101_seed42", "arm": "directed_gnn", "epoch": 25, "train_log_mse": 0.3821883375627281, "validation_mae": 5.917470455169678, "best_epoch": 21, "elapsed_seconds": 37.08400183299818}
{"run": "huc4_1101_seed42", "arm": "directed_gnn", "epoch": 30, "train_log_mse": 0.36789582179244873, "validation_mae": 5.894179821014404, "best_epoch": 21, "elapsed_seconds": 46.29454466599418}
{"run": "huc4_1101_seed42", "arm": "hierarchical_gnn", "epoch": 1, "train_log_mse": 0.9022258105240841, "validation_mae": 9.525622367858887, "best_epoch": 1, "elapsed_seconds": 2.677010583000083}
{"run": "huc4_1101_seed42", "arm": "hierarchical_gnn", "epoch": 5, "train_log_mse": 0.5041819295471667, "validation_mae": 5.869213104248047, "best_epoch": 5, "elapsed_seconds": 13.375286582995614}
{"run": "huc4_1101_seed42", "arm": "hierarchical_gnn", "epoch": 10, "train_log_mse": 0.4357389679932477, "validation_mae": 5.798831939697266, "best_epoch": 10, "elapsed_seconds": 27.815022916998714}
{"run": "huc4_1101_seed42", "arm": "hierarchical_gnn", "epoch": 15, "train_log_mse": 0.41712577899758785, "validation_mae": 5.877632141113281, "best_epoch": 10, "elapsed_seconds": 41.24835079199693}
{"run": "huc4_1101_seed42", "arm": "hierarchical_gnn", "epoch": 20, "train_log_mse": 0.3943627259600949, "validation_mae": 5.8721184730529785, "best_epoch": 19, "elapsed_seconds": 54.78705549999722}
{"run": "huc4_1101_seed42", "arm": "hierarchical_gnn", "epoch": 25, "train_log_mse": 0.38197848015375174, "validation_mae": 5.786461353302002, "best_epoch": 19, "elapsed_seconds": 69.23168016699492}
{"run": "huc4_1101_seed42", "arm": "graph_transformer", "epoch": 1, "train_log_mse": 0.956956958586069, "validation_mae": 10.733543395996094, "best_epoch": 1, "elapsed_seconds": 2.3505125420051627}
{"run": "huc4_1101_seed42", "arm": "graph_transformer", "epoch": 5, "train_log_mse": 0.5051121481824368, "validation_mae": 5.871819972991943, "best_epoch": 5, "elapsed_seconds": 12.114098750003905}
{"run": "huc4_1101_seed42", "arm": "graph_transformer", "epoch": 10, "train_log_mse": 0.4134511058785969, "validation_mae": 5.896060943603516, "best_epoch": 7, "elapsed_seconds": 23.77072350000526}
{"run": "huc4_1101_seed42", "arm": "graph_transformer", "epoch": 15, "train_log_mse": 0.3986581936571104, "validation_mae": 6.0509514808654785, "best_epoch": 13, "elapsed_seconds": 36.08693883399974}
{"run": "huc4_1101_seed42", "arm": "graph_transformer", "epoch": 20, "train_log_mse": 0.37750044417858386, "validation_mae": 5.8113813400268555, "best_epoch": 18, "elapsed_seconds": 46.755454250000184}
{"run": "huc4_1101_seed42", "arm": "graph_transformer", "epoch": 25, "train_log_mse": 0.362137838676472, "validation_mae": 5.8810906410217285, "best_epoch": 21, "elapsed_seconds": 57.81914641700132}
{"run": "huc4_1101_seed42", "arm": "graph_transformer", "epoch": 30, "train_log_mse": 0.3516573425532394, "validation_mae": 5.8464460372924805, "best_epoch": 21, "elapsed_seconds": 68.76767695900344}
{"run": "huc4_1101_seed42", "completed_arms": 4, "query_cells": 1228}
huc4_1101_seed42: adopted verified complete package
{"run": "huc4_1101_seed43", "arm": "local", "epoch": 1, "train_log_mse": 0.9722768979712094, "validation_mae": 9.460261344909668, "best_epoch": 1, "elapsed_seconds": 1.2837401249998948}
{"run": "huc4_1101_seed43", "arm": "local", "epoch": 5, "train_log_mse": 0.4739520234274138, "validation_mae": 5.731344223022461, "best_epoch": 5, "elapsed_seconds": 6.3493342910005595}
{"run": "huc4_1101_seed43", "arm": "local", "epoch": 10, "train_log_mse": 0.4331931649256418, "validation_mae": 5.7733988761901855, "best_epoch": 8, "elapsed_seconds": 12.09547141600342}
{"run": "huc4_1101_seed43", "arm": "local", "epoch": 15, "train_log_mse": 0.4239726618507234, "validation_mae": 5.8120646476745605, "best_epoch": 8, "elapsed_seconds": 18.462475708001875}
{"run": "huc4_1101_seed43", "arm": "directed_gnn", "epoch": 1, "train_log_mse": 0.9744229933505109, "validation_mae": 9.580939292907715, "best_epoch": 1, "elapsed_seconds": 1.5948157500024536}
{"run": "huc4_1101_seed43", "arm": "directed_gnn", "epoch": 5, "train_log_mse": 0.47735253992321725, "validation_mae": 5.962666988372803, "best_epoch": 5, "elapsed_seconds": 8.145112040998356}
{"run": "huc4_1101_seed43", "arm": "directed_gnn", "epoch": 10, "train_log_mse": 0.4239043348435405, "validation_mae": 5.948209285736084, "best_epoch": 9, "elapsed_seconds": 16.307618749997346}
{"run": "huc4_1101_seed43", "arm": "directed_gnn", "epoch": 15, "train_log_mse": 0.40651974847805794, "validation_mae": 5.992383003234863, "best_epoch": 9, "elapsed_seconds": 25.874124791000213}
{"run": "huc4_1101_seed43", "arm": "hierarchical_gnn", "epoch": 1, "train_log_mse": 0.9957179681293138, "validation_mae": 9.460680961608887, "best_epoch": 1, "elapsed_seconds": 2.954681374998472}
{"run": "huc4_1101_seed43", "arm": "hierarchical_gnn", "epoch": 5, "train_log_mse": 0.46921761645964843, "validation_mae": 5.7569260597229, "best_epoch": 5, "elapsed_seconds": 15.269656500000565}
{"run": "huc4_1101_seed43", "arm": "hierarchical_gnn", "epoch": 10, "train_log_mse": 0.41864026400791843, "validation_mae": 5.792527198791504, "best_epoch": 5, "elapsed_seconds": 30.55508712500159}
{"run": "huc4_1101_seed43", "arm": "hierarchical_gnn", "epoch": 15, "train_log_mse": 0.4033637590208015, "validation_mae": 5.822368621826172, "best_epoch": 5, "elapsed_seconds": 44.90433687499899}
{"run": "huc4_1101_seed43", "arm": "graph_transformer", "epoch": 1, "train_log_mse": 1.0554755745178432, "validation_mae": 11.000214576721191, "best_epoch": 1, "elapsed_seconds": 2.3193264169967733}
{"run": "huc4_1101_seed43", "arm": "graph_transformer", "epoch": 5, "train_log_mse": 0.5141043778333356, "validation_mae": 5.82342004776001, "best_epoch": 5, "elapsed_seconds": 12.219805583998095}
{"run": "huc4_1101_seed43", "arm": "graph_transformer", "epoch": 10, "train_log_mse": 0.412938265395831, "validation_mae": 5.710128307342529, "best_epoch": 8, "elapsed_seconds": 23.690888041994185}
{"run": "huc4_1101_seed43", "arm": "graph_transformer", "epoch": 15, "train_log_mse": 0.38816338962521024, "validation_mae": 5.732132434844971, "best_epoch": 8, "elapsed_seconds": 36.39038562499627}
{"run": "huc4_1101_seed43", "arm": "graph_transformer", "epoch": 20, "train_log_mse": 0.36778352850036, "validation_mae": 5.733501434326172, "best_epoch": 18, "elapsed_seconds": 48.690572916995734}
{"run": "huc4_1101_seed43", "arm": "graph_transformer", "epoch": 25, "train_log_mse": 0.3531273293917818, "validation_mae": 5.731031894683838, "best_epoch": 18, "elapsed_seconds": 63.20236370899511}
{"run": "huc4_1101_seed43", "completed_arms": 4, "query_cells": 1228}
huc4_1101_seed43: adopted verified complete package
{"run": "huc4_1101_seed44", "arm": "local", "epoch": 1, "train_log_mse": 0.7904923665049391, "validation_mae": 8.223227500915527, "best_epoch": 1, "elapsed_seconds": 1.4863196250007604}
{"run": "huc4_1101_seed44", "arm": "local", "epoch": 5, "train_log_mse": 0.48854553110520554, "validation_mae": 5.9474077224731445, "best_epoch": 4, "elapsed_seconds": 6.615107290999731}
{"run": "huc4_1101_seed44", "arm": "local", "epoch": 10, "train_log_mse": 0.43934710221480244, "validation_mae": 5.8499016761779785, "best_epoch": 6, "elapsed_seconds": 13.117233541001042}
{"run": "huc4_1101_seed44", "arm": "local", "epoch": 15, "train_log_mse": 0.42598287907344734, "validation_mae": 5.744044780731201, "best_epoch": 15, "elapsed_seconds": 20.14658337500441}
{"run": "huc4_1101_seed44", "arm": "local", "epoch": 20, "train_log_mse": 0.4089494168483144, "validation_mae": 5.781327247619629, "best_epoch": 15, "elapsed_seconds": 26.344290250002814}
{"run": "huc4_1101_seed44", "arm": "local", "epoch": 25, "train_log_mse": 0.3985278002998787, "validation_mae": 5.768985271453857, "best_epoch": 21, "elapsed_seconds": 32.64661445800448}
{"run": "huc4_1101_seed44", "arm": "local", "epoch": 30, "train_log_mse": 0.3869830811116646, "validation_mae": 5.744363784790039, "best_epoch": 21, "elapsed_seconds": 39.51272354100365}
{"run": "huc4_1101_seed44", "arm": "directed_gnn", "epoch": 1, "train_log_mse": 0.799688187603965, "validation_mae": 8.38778018951416, "best_epoch": 1, "elapsed_seconds": 1.7392193330015289}
{"run": "huc4_1101_seed44", "arm": "directed_gnn", "epoch": 5, "train_log_mse": 0.47848804871087347, "validation_mae": 6.1462082862854, "best_epoch": 5, "elapsed_seconds": 8.60384483300004}
{"run": "huc4_1101_seed44", "arm": "directed_gnn", "epoch": 10, "train_log_mse": 0.42568013239382774, "validation_mae": 6.020437240600586, "best_epoch": 6, "elapsed_seconds": 17.26519016700331}
{"run": "huc4_1101_seed44", "arm": "directed_gnn", "epoch": 15, "train_log_mse": 0.41079604324408253, "validation_mae": 5.864858627319336, "best_epoch": 15, "elapsed_seconds": 27.129110000001674}
{"run": "huc4_1101_seed44", "arm": "directed_gnn", "epoch": 20, "train_log_mse": 0.38875547064600247, "validation_mae": 5.9031805992126465, "best_epoch": 15, "elapsed_seconds": 36.25215654200292}
{"run": "huc4_1101_seed44", "arm": "directed_gnn", "epoch": 25, "train_log_mse": 0.3729479698008024, "validation_mae": 5.854739189147949, "best_epoch": 21, "elapsed_seconds": 45.38868108300085}
{"run": "huc4_1101_seed44", "arm": "directed_gnn", "epoch": 30, "train_log_mse": 0.3626628125446118, "validation_mae": 5.842066287994385, "best_epoch": 26, "elapsed_seconds": 54.00978149999719}
{"run": "huc4_1101_seed44", "arm": "directed_gnn", "epoch": 35, "train_log_mse": 0.35621884991593583, "validation_mae": 5.816478252410889, "best_epoch": 26, "elapsed_seconds": 63.65623808300006}
{"run": "huc4_1101_seed44", "arm": "hierarchical_gnn", "epoch": 1, "train_log_mse": 0.8157213297150235, "validation_mae": 8.436504364013672, "best_epoch": 1, "elapsed_seconds": 3.0348533330034115}
{"run": "huc4_1101_seed44", "arm": "hierarchical_gnn", "epoch": 5, "train_log_mse": 0.4734922731353034, "validation_mae": 6.012897968292236, "best_epoch": 4, "elapsed_seconds": 15.606319667000207}
{"run": "huc4_1101_seed44", "arm": "hierarchical_gnn", "epoch": 10, "train_log_mse": 0.42115108983046345, "validation_mae": 5.879395008087158, "best_epoch": 6, "elapsed_seconds": 31.358617666999635}
{"run": "huc4_1101_seed44", "arm": "hierarchical_gnn", "epoch": 15, "train_log_mse": 0.40528828108391796, "validation_mae": 5.820123672485352, "best_epoch": 14, "elapsed_seconds": 47.149642750002386}
{"run": "huc4_1101_seed44", "arm": "hierarchical_gnn", "epoch": 20, "train_log_mse": 0.3833565687587478, "validation_mae": 5.858699321746826, "best_epoch": 19, "elapsed_seconds": 63.44191241700173}
{"run": "huc4_1101_seed44", "arm": "hierarchical_gnn", "epoch": 25, "train_log_mse": 0.3716855999303377, "validation_mae": 5.784994125366211, "best_epoch": 24, "elapsed_seconds": 80.46508937500039}
{"run": "huc4_1101_seed44", "arm": "hierarchical_gnn", "epoch": 30, "train_log_mse": 0.36040746214444375, "validation_mae": 5.7585062980651855, "best_epoch": 29, "elapsed_seconds": 96.96085070800473}
{"run": "huc4_1101_seed44", "arm": "hierarchical_gnn", "epoch": 35, "train_log_mse": 0.3522499865255323, "validation_mae": 5.731957912445068, "best_epoch": 29, "elapsed_seconds": 112.84356925000611}
{"run": "huc4_1101_seed44", "arm": "graph_transformer", "epoch": 1, "train_log_mse": 0.8760465412356777, "validation_mae": 10.066821098327637, "best_epoch": 1, "elapsed_seconds": 2.895489875001658}
{"run": "huc4_1101_seed44", "arm": "graph_transformer", "epoch": 5, "train_log_mse": 0.49878101224807897, "validation_mae": 6.082030773162842, "best_epoch": 5, "elapsed_seconds": 13.978881124996406}
{"run": "huc4_1101_seed44", "arm": "graph_transformer", "epoch": 10, "train_log_mse": 0.41964107054845773, "validation_mae": 5.964568614959717, "best_epoch": 10, "elapsed_seconds": 27.36665075000201}
{"run": "huc4_1101_seed44", "arm": "graph_transformer", "epoch": 15, "train_log_mse": 0.4019615991248518, "validation_mae": 6.0453925132751465, "best_epoch": 14, "elapsed_seconds": 40.98314770899742}
{"run": "huc4_1101_seed44", "arm": "graph_transformer", "epoch": 20, "train_log_mse": 0.37618590772160826, "validation_mae": 5.8745012283325195, "best_epoch": 20, "elapsed_seconds": 54.58960595900135}
{"run": "huc4_1101_seed44", "arm": "graph_transformer", "epoch": 25, "train_log_mse": 0.3617622098558573, "validation_mae": 5.935374736785889, "best_epoch": 23, "elapsed_seconds": 68.16076274999796}
{"run": "huc4_1101_seed44", "arm": "graph_transformer", "epoch": 30, "train_log_mse": 0.3470658752602033, "validation_mae": 5.967952728271484, "best_epoch": 26, "elapsed_seconds": 81.23617150000064}
{"run": "huc4_1101_seed44", "arm": "graph_transformer", "epoch": 35, "train_log_mse": 0.34006667652127287, "validation_mae": 5.898083686828613, "best_epoch": 26, "elapsed_seconds": 95.13961141699838}
{"run": "huc4_1101_seed44", "completed_arms": 4, "query_cells": 1228}
huc4_1101_seed44: adopted verified complete package
{"run": "huc4_1030_seed42", "arm": "local", "epoch": 1, "train_log_mse": 0.8504891939869251, "validation_mae": 1.3661680221557617, "best_epoch": 1, "elapsed_seconds": 1.7328484580066288}
{"run": "huc4_1030_seed42", "arm": "local", "epoch": 5, "train_log_mse": 0.42915816509129434, "validation_mae": 1.3923062086105347, "best_epoch": 1, "elapsed_seconds": 7.864075458004663}
{"run": "huc4_1030_seed42", "arm": "local", "epoch": 10, "train_log_mse": 0.3864424738041502, "validation_mae": 1.407975673675537, "best_epoch": 1, "elapsed_seconds": 16.090452916003414}
{"run": "huc4_1030_seed42", "arm": "local", "epoch": 15, "train_log_mse": 0.3723210211103029, "validation_mae": 1.5330641269683838, "best_epoch": 12, "elapsed_seconds": 23.983094291004818}
{"run": "huc4_1030_seed42", "arm": "local", "epoch": 20, "train_log_mse": 0.35679772586764374, "validation_mae": 1.45806086063385, "best_epoch": 12, "elapsed_seconds": 31.32187800000247}
{"run": "huc4_1030_seed42", "arm": "directed_gnn", "epoch": 1, "train_log_mse": 0.8511637821859485, "validation_mae": 1.3396151065826416, "best_epoch": 1, "elapsed_seconds": 2.022769834002247}
{"run": "huc4_1030_seed42", "arm": "directed_gnn", "epoch": 5, "train_log_mse": 0.4381501600344077, "validation_mae": 1.3852003812789917, "best_epoch": 1, "elapsed_seconds": 10.617776792001678}
{"run": "huc4_1030_seed42", "arm": "directed_gnn", "epoch": 10, "train_log_mse": 0.38235721770037057, "validation_mae": 1.3926753997802734, "best_epoch": 1, "elapsed_seconds": 20.725827875001414}
{"run": "huc4_1030_seed42", "arm": "directed_gnn", "epoch": 15, "train_log_mse": 0.36574246897222534, "validation_mae": 1.475637674331665, "best_epoch": 12, "elapsed_seconds": 31.069156375000603}
{"run": "huc4_1030_seed42", "arm": "directed_gnn", "epoch": 20, "train_log_mse": 0.3491266115777624, "validation_mae": 1.3935874700546265, "best_epoch": 12, "elapsed_seconds": 40.878955042004236}
{"run": "huc4_1030_seed42", "arm": "hierarchical_gnn", "epoch": 1, "train_log_mse": 0.8645264908060447, "validation_mae": 1.3325490951538086, "best_epoch": 1, "elapsed_seconds": 3.506155957998999}
{"run": "huc4_1030_seed42", "arm": "hierarchical_gnn", "epoch": 5, "train_log_mse": 0.42698461052333225, "validation_mae": 1.382307767868042, "best_epoch": 1, "elapsed_seconds": 17.685990041994955}
{"run": "huc4_1030_seed42", "arm": "hierarchical_gnn", "epoch": 10, "train_log_mse": 0.38059529488375726, "validation_mae": 1.3815083503723145, "best_epoch": 1, "elapsed_seconds": 34.346458207997784}
{"run": "huc4_1030_seed42", "arm": "hierarchical_gnn", "epoch": 15, "train_log_mse": 0.36293013282680614, "validation_mae": 1.4828248023986816, "best_epoch": 1, "elapsed_seconds": 52.44163408299937}
{"run": "huc4_1030_seed42", "arm": "graph_transformer", "epoch": 1, "train_log_mse": 0.9352370335188204, "validation_mae": 1.8791674375534058, "best_epoch": 1, "elapsed_seconds": 3.380051332998846}
{"run": "huc4_1030_seed42", "arm": "graph_transformer", "epoch": 5, "train_log_mse": 0.40222158217287124, "validation_mae": 1.2554857730865479, "best_epoch": 5, "elapsed_seconds": 16.746094665999408}
{"run": "huc4_1030_seed42", "arm": "graph_transformer", "epoch": 10, "train_log_mse": 0.3590605648296935, "validation_mae": 1.2008932828903198, "best_epoch": 9, "elapsed_seconds": 33.42015758300113}
{"run": "huc4_1030_seed42", "arm": "graph_transformer", "epoch": 15, "train_log_mse": 0.33939309514456123, "validation_mae": 1.2122904062271118, "best_epoch": 12, "elapsed_seconds": 50.86317279099603}
{"run": "huc4_1030_seed42", "arm": "graph_transformer", "epoch": 20, "train_log_mse": 0.3271232629734182, "validation_mae": 1.090045690536499, "best_epoch": 20, "elapsed_seconds": 67.69385662499553}
{"run": "huc4_1030_seed42", "arm": "graph_transformer", "epoch": 25, "train_log_mse": 0.31745076294365376, "validation_mae": 1.125802755355835, "best_epoch": 20, "elapsed_seconds": 82.66930037499696}
{"run": "huc4_1030_seed42", "arm": "graph_transformer", "epoch": 30, "train_log_mse": 0.30903017372054087, "validation_mae": 1.0961452722549438, "best_epoch": 28, "elapsed_seconds": 97.8839304159992}
{"run": "huc4_1030_seed42", "arm": "graph_transformer", "epoch": 35, "train_log_mse": 0.29676217182396836, "validation_mae": 1.095552682876587, "best_epoch": 32, "elapsed_seconds": 113.21127549999801}
{"run": "huc4_1030_seed42", "arm": "graph_transformer", "epoch": 40, "train_log_mse": 0.29054295959262627, "validation_mae": 1.0772777795791626, "best_epoch": 36, "elapsed_seconds": 128.8084504159997}
{"run": "huc4_1030_seed42", "arm": "graph_transformer", "epoch": 45, "train_log_mse": 0.281980629106056, "validation_mae": 1.0522212982177734, "best_epoch": 36, "elapsed_seconds": 144.83230595799978}
{"run": "huc4_1030_seed42", "completed_arms": 4, "query_cells": 1001}
huc4_1030_seed42: adopted verified complete package
{"run": "huc4_1030_seed43", "arm": "local", "epoch": 1, "train_log_mse": 0.942858185813603, "validation_mae": 1.9464749097824097, "best_epoch": 1, "elapsed_seconds": 1.6032702500015148}
{"run": "huc4_1030_seed43", "arm": "local", "epoch": 5, "train_log_mse": 0.4104597815345867, "validation_mae": 1.5107171535491943, "best_epoch": 4, "elapsed_seconds": 7.81631745800405}
{"run": "huc4_1030_seed43", "arm": "local", "epoch": 10, "train_log_mse": 0.37655461421700637, "validation_mae": 1.3080835342407227, "best_epoch": 9, "elapsed_seconds": 15.719179125000664}
{"run": "huc4_1030_seed43", "arm": "local", "epoch": 15, "train_log_mse": 0.3598213544603107, "validation_mae": 1.3107160329818726, "best_epoch": 9, "elapsed_seconds": 23.899043833000178}
{"run": "huc4_1030_seed43", "arm": "local", "epoch": 20, "train_log_mse": 0.3580361564020388, "validation_mae": 1.249108910560608, "best_epoch": 20, "elapsed_seconds": 32.570710416999646}
{"run": "huc4_1030_seed43", "arm": "local", "epoch": 25, "train_log_mse": 0.3447495031914708, "validation_mae": 1.3717976808547974, "best_epoch": 20, "elapsed_seconds": 40.95967591700173}
{"run": "huc4_1030_seed43", "arm": "local", "epoch": 30, "train_log_mse": 0.3418926651200507, "validation_mae": 1.260262370109558, "best_epoch": 20, "elapsed_seconds": 48.88212075000047}
{"run": "huc4_1030_seed43", "arm": "directed_gnn", "epoch": 1, "train_log_mse": 0.9461084414039457, "validation_mae": 1.9184359312057495, "best_epoch": 1, "elapsed_seconds": 2.1641029579986935}
{"run": "huc4_1030_seed43", "arm": "directed_gnn", "epoch": 5, "train_log_mse": 0.4102742141965169, "validation_mae": 1.564910888671875, "best_epoch": 4, "elapsed_seconds": 10.435875167000631}
{"run": "huc4_1030_seed43", "arm": "directed_gnn", "epoch": 10, "train_log_mse": 0.3716829453887354, "validation_mae": 1.3394347429275513, "best_epoch": 9, "elapsed_seconds": 20.830466832994716}
{"run": "huc4_1030_seed43", "arm": "directed_gnn", "epoch": 15, "train_log_mse": 0.3549162343638143, "validation_mae": 1.3497785329818726, "best_epoch": 13, "elapsed_seconds": 31.128184499997587}
{"run": "huc4_1030_seed43", "arm": "directed_gnn", "epoch": 20, "train_log_mse": 0.35185822361327357, "validation_mae": 1.2652963399887085, "best_epoch": 20, "elapsed_seconds": 41.195496374995855}
{"run": "huc4_1030_seed43", "arm": "directed_gnn", "epoch": 25, "train_log_mse": 0.33872633436977684, "validation_mae": 1.3979132175445557, "best_epoch": 20, "elapsed_seconds": 51.13908991700009}
{"run": "huc4_1030_seed43", "arm": "directed_gnn", "epoch": 30, "train_log_mse": 0.3319547790281307, "validation_mae": 1.2459348440170288, "best_epoch": 30, "elapsed_seconds": 61.15959454199765}
{"run": "huc4_1030_seed43", "arm": "directed_gnn", "epoch": 35, "train_log_mse": 0.32066327362165564, "validation_mae": 1.1279172897338867, "best_epoch": 35, "elapsed_seconds": 71.17225808299554}
{"run": "huc4_1030_seed43", "arm": "directed_gnn", "epoch": 40, "train_log_mse": 0.3110003337760717, "validation_mae": 1.103454351425171, "best_epoch": 40, "elapsed_seconds": 82.21917404199485}
{"run": "huc4_1030_seed43", "arm": "directed_gnn", "epoch": 45, "train_log_mse": 0.30353992159487797, "validation_mae": 1.0269503593444824, "best_epoch": 45, "elapsed_seconds": 93.04249604199867}
{"run": "huc4_1030_seed43", "arm": "directed_gnn", "epoch": 50, "train_log_mse": 0.2954479446688674, "validation_mae": 0.992766261100769, "best_epoch": 48, "elapsed_seconds": 103.80267445799836}
{"run": "huc4_1030_seed43", "arm": "directed_gnn", "epoch": 55, "train_log_mse": 0.28928810234396124, "validation_mae": 0.993559718132019, "best_epoch": 51, "elapsed_seconds": 114.28639570799714}
{"run": "huc4_1030_seed43", "arm": "directed_gnn", "epoch": 60, "train_log_mse": 0.28589088545707275, "validation_mae": 1.0151560306549072, "best_epoch": 58, "elapsed_seconds": 125.12275912499899}
{"run": "huc4_1030_seed43", "arm": "hierarchical_gnn", "epoch": 1, "train_log_mse": 0.9677545856719242, "validation_mae": 1.8550902605056763, "best_epoch": 1, "elapsed_seconds": 3.7292474580026465}
{"run": "huc4_1030_seed43", "arm": "hierarchical_gnn", "epoch": 5, "train_log_mse": 0.40455975643642156, "validation_mae": 1.4041575193405151, "best_epoch": 5, "elapsed_seconds": 18.71227183299925}
{"run": "huc4_1030_seed43", "arm": "hierarchical_gnn", "epoch": 10, "train_log_mse": 0.36829106105181475, "validation_mae": 1.2997713088989258, "best_epoch": 10, "elapsed_seconds": 36.9621732500018}
{"run": "huc4_1030_seed43", "arm": "hierarchical_gnn", "epoch": 15, "train_log_mse": 0.3507182701020076, "validation_mae": 1.341322660446167, "best_epoch": 13, "elapsed_seconds": 55.347491207998246}
{"run": "huc4_1030_seed43", "arm": "hierarchical_gnn", "epoch": 20, "train_log_mse": 0.3444175086369757, "validation_mae": 1.308215856552124, "best_epoch": 18, "elapsed_seconds": 74.31641004099947}
{"run": "huc4_1030_seed43", "arm": "hierarchical_gnn", "epoch": 25, "train_log_mse": 0.3286243034034994, "validation_mae": 1.3867841958999634, "best_epoch": 18, "elapsed_seconds": 93.14620745800494}
{"run": "huc4_1030_seed43", "arm": "hierarchical_gnn", "epoch": 30, "train_log_mse": 0.3230124955425313, "validation_mae": 1.2541459798812866, "best_epoch": 27, "elapsed_seconds": 110.0426978750038}
{"run": "huc4_1030_seed43", "arm": "hierarchical_gnn", "epoch": 35, "train_log_mse": 0.3136305350983533, "validation_mae": 1.102135181427002, "best_epoch": 35, "elapsed_seconds": 126.53924858300161}
{"run": "huc4_1030_seed43", "arm": "hierarchical_gnn", "epoch": 40, "train_log_mse": 0.3040364083258314, "validation_mae": 1.055192470550537, "best_epoch": 36, "elapsed_seconds": 146.08625779100112}
{"run": "huc4_1030_seed43", "arm": "hierarchical_gnn", "epoch": 45, "train_log_mse": 0.3006738218840638, "validation_mae": 1.015380620956421, "best_epoch": 44, "elapsed_seconds": 164.5254754580019}
{"run": "huc4_1030_seed43", "arm": "hierarchical_gnn", "epoch": 50, "train_log_mse": 0.2950499642154317, "validation_mae": 1.0241838693618774, "best_epoch": 44, "elapsed_seconds": 181.83399629100313}
{"run": "huc4_1030_seed43", "arm": "hierarchical_gnn", "epoch": 55, "train_log_mse": 0.2919075875586552, "validation_mae": 1.019948959350586, "best_epoch": 54, "elapsed_seconds": 198.7530967499988}
{"run": "huc4_1030_seed43", "arm": "hierarchical_gnn", "epoch": 60, "train_log_mse": 0.28654572319321053, "validation_mae": 1.0280588865280151, "best_epoch": 54, "elapsed_seconds": 215.42669116600155}
{"run": "huc4_1030_seed43", "arm": "graph_transformer", "epoch": 1, "train_log_mse": 1.048683038234664, "validation_mae": 2.697730541229248, "best_epoch": 1, "elapsed_seconds": 3.2377801250040648}
{"run": "huc4_1030_seed43", "arm": "graph_transformer", "epoch": 5, "train_log_mse": 0.4092442856907622, "validation_mae": 1.3513754606246948, "best_epoch": 5, "elapsed_seconds": 14.583050291999825}
{"run": "huc4_1030_seed43", "arm": "graph_transformer", "epoch": 10, "train_log_mse": 0.34711723563922164, "validation_mae": 1.1805083751678467, "best_epoch": 8, "elapsed_seconds": 28.857538084004773}
{"run": "huc4_1030_seed43", "arm": "graph_transformer", "epoch": 15, "train_log_mse": 0.32467988617780486, "validation_mae": 1.1814496517181396, "best_epoch": 13, "elapsed_seconds": 43.65481112500129}
{"run": "huc4_1030_seed43", "arm": "graph_transformer", "epoch": 20, "train_log_mse": 0.3174442662190411, "validation_mae": 1.1389155387878418, "best_epoch": 18, "elapsed_seconds": 58.61780829200143}
{"run": "huc4_1030_seed43", "arm": "graph_transformer", "epoch": 25, "train_log_mse": 0.3077578651038914, "validation_mae": 1.1215918064117432, "best_epoch": 22, "elapsed_seconds": 73.40941391700471}
{"run": "huc4_1030_seed43", "arm": "graph_transformer", "epoch": 30, "train_log_mse": 0.2970782782449892, "validation_mae": 1.1058379411697388, "best_epoch": 22, "elapsed_seconds": 86.76162291700166}
{"run": "huc4_1030_seed43", "arm": "graph_transformer", "epoch": 35, "train_log_mse": 0.2902468811761265, "validation_mae": 1.075725793838501, "best_epoch": 33, "elapsed_seconds": 99.84243662500376}
{"run": "huc4_1030_seed43", "arm": "graph_transformer", "epoch": 40, "train_log_mse": 0.2831803238294596, "validation_mae": 1.0552383661270142, "best_epoch": 33, "elapsed_seconds": 113.39636095899914}
{"run": "huc4_1030_seed43", "completed_arms": 4, "query_cells": 1001}
huc4_1030_seed43: adopted verified complete package
{"run": "huc4_1030_seed44", "arm": "local", "epoch": 1, "train_log_mse": 0.6829019362168635, "validation_mae": 1.2522907257080078, "best_epoch": 1, "elapsed_seconds": 1.488858208002057}
{"run": "huc4_1030_seed44", "arm": "local", "epoch": 5, "train_log_mse": 0.41925804191441585, "validation_mae": 1.4774346351623535, "best_epoch": 2, "elapsed_seconds": 6.938422625004023}
{"run": "huc4_1030_seed44", "arm": "local", "epoch": 10, "train_log_mse": 0.37733502379092904, "validation_mae": 1.3808399438858032, "best_epoch": 2, "elapsed_seconds": 13.897052708001866}
{"run": "huc4_1030_seed44", "arm": "local", "epoch": 15, "train_log_mse": 0.3624263084950952, "validation_mae": 1.3571916818618774, "best_epoch": 2, "elapsed_seconds": 20.947329333001107}
{"run": "huc4_1030_seed44", "arm": "directed_gnn", "epoch": 1, "train_log_mse": 0.695727201211817, "validation_mae": 1.2818812131881714, "best_epoch": 1, "elapsed_seconds": 2.155544875000487}
{"run": "huc4_1030_seed44", "arm": "directed_gnn", "epoch": 5, "train_log_mse": 0.4177414103954219, "validation_mae": 1.5132161378860474, "best_epoch": 2, "elapsed_seconds": 10.098675417000777}
{"run": "huc4_1030_seed44", "arm": "directed_gnn", "epoch": 10, "train_log_mse": 0.3692510130599752, "validation_mae": 1.378739595413208, "best_epoch": 2, "elapsed_seconds": 19.90612866700394}
{"run": "huc4_1030_seed44", "arm": "directed_gnn", "epoch": 15, "train_log_mse": 0.35193677089662284, "validation_mae": 1.3188036680221558, "best_epoch": 2, "elapsed_seconds": 29.730371834004472}
{"run": "huc4_1030_seed44", "arm": "hierarchical_gnn", "epoch": 1, "train_log_mse": 0.7001352194850863, "validation_mae": 1.2517807483673096, "best_epoch": 1, "elapsed_seconds": 3.475844833999872}
{"run": "huc4_1030_seed44", "arm": "hierarchical_gnn", "epoch": 5, "train_log_mse": 0.411690908223288, "validation_mae": 1.4875541925430298, "best_epoch": 2, "elapsed_seconds": 16.798501792000025}
{"run": "huc4_1030_seed44", "arm": "hierarchical_gnn", "epoch": 10, "train_log_mse": 0.3683853576978204, "validation_mae": 1.4105926752090454, "best_epoch": 2, "elapsed_seconds": 33.52935350000189}
{"run": "huc4_1030_seed44", "arm": "hierarchical_gnn", "epoch": 15, "train_log_mse": 0.3474530910229029, "validation_mae": 1.3745836019515991, "best_epoch": 2, "elapsed_seconds": 50.39531816700037}
{"run": "huc4_1030_seed44", "arm": "graph_transformer", "epoch": 1, "train_log_mse": 0.8142433155252218, "validation_mae": 1.9306530952453613, "best_epoch": 1, "elapsed_seconds": 2.8370590420017834}
{"run": "huc4_1030_seed44", "arm": "graph_transformer", "epoch": 5, "train_log_mse": 0.41142482380636813, "validation_mae": 1.2292470932006836, "best_epoch": 5, "elapsed_seconds": 14.08695699999953}
{"run": "huc4_1030_seed44", "arm": "graph_transformer", "epoch": 10, "train_log_mse": 0.3525740447478969, "validation_mae": 1.2459301948547363, "best_epoch": 8, "elapsed_seconds": 28.359425084003306}
{"run": "huc4_1030_seed44", "arm": "graph_transformer", "epoch": 15, "train_log_mse": 0.33115890138375, "validation_mae": 1.1908646821975708, "best_epoch": 8, "elapsed_seconds": 43.1466210840008}
{"run": "huc4_1030_seed44", "arm": "graph_transformer", "epoch": 20, "train_log_mse": 0.31957366916355323, "validation_mae": 1.1177786588668823, "best_epoch": 20, "elapsed_seconds": 57.77973604200088}
{"run": "huc4_1030_seed44", "arm": "graph_transformer", "epoch": 25, "train_log_mse": 0.3090270712551214, "validation_mae": 1.2083492279052734, "best_epoch": 22, "elapsed_seconds": 72.15697687500506}
{"run": "huc4_1030_seed44", "arm": "graph_transformer", "epoch": 30, "train_log_mse": 0.30002132449901603, "validation_mae": 1.1904891729354858, "best_epoch": 27, "elapsed_seconds": 86.69750525000563}
{"run": "huc4_1030_seed44", "arm": "graph_transformer", "epoch": 35, "train_log_mse": 0.2947534964905295, "validation_mae": 1.0837944746017456, "best_epoch": 27, "elapsed_seconds": 101.26510729200527}
{"run": "huc4_1030_seed44", "arm": "graph_transformer", "epoch": 40, "train_log_mse": 0.2869400258449171, "validation_mae": 1.063953161239624, "best_epoch": 37, "elapsed_seconds": 115.97401812500175}
{"run": "huc4_1030_seed44", "arm": "graph_transformer", "epoch": 45, "train_log_mse": 0.27803411606595574, "validation_mae": 1.0745595693588257, "best_epoch": 37, "elapsed_seconds": 130.2405615000025}
{"run": "huc4_1030_seed44", "completed_arms": 4, "query_cells": 1001}
huc4_1030_seed44: adopted verified complete package
