{"run": "huc4_1013_seed42", "arm": "local", "epoch": 1, "train_log_mse": 0.8762577228338531, "validation_mae": 2.740940809249878, "best_epoch": 1, "elapsed_seconds": 0.8854332920018351}
{"run": "huc4_1013_seed42", "arm": "local", "epoch": 5, "train_log_mse": 0.5050878290844227, "validation_mae": 1.5726094245910645, "best_epoch": 4, "elapsed_seconds": 4.073623083997518}
{"run": "huc4_1013_seed42", "arm": "local", "epoch": 10, "train_log_mse": 0.47454540585858157, "validation_mae": 1.4819204807281494, "best_epoch": 9, "elapsed_seconds": 8.083068624997395}
{"run": "huc4_1013_seed42", "arm": "local", "epoch": 15, "train_log_mse": 0.44957228885529643, "validation_mae": 1.4951672554016113, "best_epoch": 11, "elapsed_seconds": 12.171846083998389}
{"run": "huc4_1013_seed42", "arm": "local", "epoch": 20, "train_log_mse": 0.4298377054183783, "validation_mae": 1.4747698307037354, "best_epoch": 11, "elapsed_seconds": 16.31493516699993}
{"run": "huc4_1013_seed42", "arm": "directed_gnn", "epoch": 1, "train_log_mse": 0.8732326315452728, "validation_mae": 2.7361440658569336, "best_epoch": 1, "elapsed_seconds": 1.438347541996336}
{"run": "huc4_1013_seed42", "arm": "directed_gnn", "epoch": 5, "train_log_mse": 0.504495629767106, "validation_mae": 1.601546287536621, "best_epoch": 3, "elapsed_seconds": 8.412413041995023}
{"run": "huc4_1013_seed42", "arm": "directed_gnn", "epoch": 10, "train_log_mse": 0.45690157453092856, "validation_mae": 1.6090408563613892, "best_epoch": 9, "elapsed_seconds": 16.01702341700002}
{"run": "huc4_1013_seed42", "arm": "directed_gnn", "epoch": 15, "train_log_mse": 0.4297704478612971, "validation_mae": 1.6268165111541748, "best_epoch": 9, "elapsed_seconds": 23.085680167001556}
{"run": "huc4_1013_seed42", "arm": "hierarchical_gnn", "epoch": 1, "train_log_mse": 0.8853034295673687, "validation_mae": 2.750142812728882, "best_epoch": 1, "elapsed_seconds": 2.544953541000723}
{"run": "huc4_1013_seed42", "arm": "hierarchical_gnn", "epoch": 5, "train_log_mse": 0.4997804056734513, "validation_mae": 1.5510605573654175, "best_epoch": 3, "elapsed_seconds": 9.872918583001592}
{"run": "huc4_1013_seed42", "arm": "hierarchical_gnn", "epoch": 10, "train_log_mse": 0.45843288591892595, "validation_mae": 1.5659412145614624, "best_epoch": 9, "elapsed_seconds": 18.456143875002454}
{"run": "huc4_1013_seed42", "arm": "hierarchical_gnn", "epoch": 15, "train_log_mse": 0.42126776520072606, "validation_mae": 1.4694679975509644, "best_epoch": 9, "elapsed_seconds": 26.800173540999822}
{"run": "huc4_1013_seed42", "arm": "hierarchical_gnn", "epoch": 20, "train_log_mse": 0.3990187850832151, "validation_mae": 1.4415587186813354, "best_epoch": 16, "elapsed_seconds": 35.56357733299956}
{"run": "huc4_1013_seed42", "arm": "hierarchical_gnn", "epoch": 25, "train_log_mse": 0.3871916810719087, "validation_mae": 1.4281281232833862, "best_epoch": 16, "elapsed_seconds": 44.38472933299636}
{"run": "huc4_1013_seed42", "arm": "graph_transformer", "epoch": 1, "train_log_mse": 0.9444356977638494, "validation_mae": 2.358480215072632, "best_epoch": 1, "elapsed_seconds": 1.7994455419975566}
{"run": "huc4_1013_seed42", "arm": "graph_transformer", "epoch": 5, "train_log_mse": 0.5080364857680549, "validation_mae": 1.4865981340408325, "best_epoch": 5, "elapsed_seconds": 9.154935416998342}
{"run": "huc4_1013_seed42", "arm": "graph_transformer", "epoch": 10, "train_log_mse": 0.43108377972715045, "validation_mae": 1.4725052118301392, "best_epoch": 8, "elapsed_seconds": 17.41891579199728}
{"run": "huc4_1013_seed42", "arm": "graph_transformer", "epoch": 15, "train_log_mse": 0.4010885955952001, "validation_mae": 1.4147096872329712, "best_epoch": 14, "elapsed_seconds": 25.922028541994223}
{"run": "huc4_1013_seed42", "arm": "graph_transformer", "epoch": 20, "train_log_mse": 0.38221553097006666, "validation_mae": 1.4022796154022217, "best_epoch": 19, "elapsed_seconds": 35.771279666994815}
{"run": "huc4_1013_seed42", "arm": "graph_transformer", "epoch": 25, "train_log_mse": 0.3697227182801046, "validation_mae": 1.3620808124542236, "best_epoch": 25, "elapsed_seconds": 44.266146666996065}
{"run": "huc4_1013_seed42", "arm": "graph_transformer", "epoch": 30, "train_log_mse": 0.36233310313046235, "validation_mae": 1.4379603862762451, "best_epoch": 25, "elapsed_seconds": 52.82174579199636}
{"run": "huc4_1013_seed42", "arm": "graph_transformer", "epoch": 35, "train_log_mse": 0.3512992860873437, "validation_mae": 1.4019852876663208, "best_epoch": 25, "elapsed_seconds": 61.116448666994984}
{"run": "huc4_1013_seed42", "completed_arms": 4, "query_cells": 1204}
{"run": "huc4_1013_seed43", "arm": "local", "epoch": 1, "train_log_mse": 0.9562146930010156, "validation_mae": 2.2672629356384277, "best_epoch": 1, "elapsed_seconds": 0.8103242920042248}
{"run": "huc4_1013_seed43", "arm": "local", "epoch": 5, "train_log_mse": 0.49167197687254244, "validation_mae": 1.6603163480758667, "best_epoch": 5, "elapsed_seconds": 4.2040205000012065}
{"run": "huc4_1013_seed43", "arm": "local", "epoch": 10, "train_log_mse": 0.45427595501821194, "validation_mae": 1.6236273050308228, "best_epoch": 7, "elapsed_seconds": 8.386399499999243}
{"run": "huc4_1013_seed43", "arm": "local", "epoch": 15, "train_log_mse": 0.4383126169398119, "validation_mae": 1.668664574623108, "best_epoch": 7, "elapsed_seconds": 12.851909208002326}
{"run": "huc4_1013_seed43", "arm": "directed_gnn", "epoch": 1, "train_log_mse": 0.9633014337835595, "validation_mae": 2.3075428009033203, "best_epoch": 1, "elapsed_seconds": 1.2489386660017772}
{"run": "huc4_1013_seed43", "arm": "directed_gnn", "epoch": 5, "train_log_mse": 0.49434045227696066, "validation_mae": 1.712592363357544, "best_epoch": 5, "elapsed_seconds": 6.286625541004469}
{"run": "huc4_1013_seed43", "arm": "directed_gnn", "epoch": 10, "train_log_mse": 0.44457992395568185, "validation_mae": 1.599762201309204, "best_epoch": 7, "elapsed_seconds": 12.331304750005074}
{"run": "huc4_1013_seed43", "arm": "directed_gnn", "epoch": 15, "train_log_mse": 0.4229127224221415, "validation_mae": 1.5613490343093872, "best_epoch": 14, "elapsed_seconds": 18.080268750003597}
{"run": "huc4_1013_seed43", "arm": "directed_gnn", "epoch": 20, "train_log_mse": 0.4053686092399159, "validation_mae": 1.6057183742523193, "best_epoch": 14, "elapsed_seconds": 23.841690375003964}
{"run": "huc4_1013_seed43", "arm": "hierarchical_gnn", "epoch": 1, "train_log_mse": 0.9801719247919216, "validation_mae": 2.2401881217956543, "best_epoch": 1, "elapsed_seconds": 2.0221206250062096}
{"run": "huc4_1013_seed43", "arm": "hierarchical_gnn", "epoch": 5, "train_log_mse": 0.48603399219217913, "validation_mae": 1.8262373208999634, "best_epoch": 2, "elapsed_seconds": 9.372599750000518}
{"run": "huc4_1013_seed43", "arm": "hierarchical_gnn", "epoch": 10, "train_log_mse": 0.44016781422466195, "validation_mae": 1.6497920751571655, "best_epoch": 7, "elapsed_seconds": 17.972901250002906}
{"run": "huc4_1013_seed43", "arm": "hierarchical_gnn", "epoch": 15, "train_log_mse": 0.4214642865789054, "validation_mae": 1.610850214958191, "best_epoch": 14, "elapsed_seconds": 26.953195042005973}
{"run": "huc4_1013_seed43", "arm": "hierarchical_gnn", "epoch": 20, "train_log_mse": 0.40147568137625483, "validation_mae": 1.5756272077560425, "best_epoch": 17, "elapsed_seconds": 35.478147500005434}
{"run": "huc4_1013_seed43", "arm": "hierarchical_gnn", "epoch": 25, "train_log_mse": 0.38632183870631737, "validation_mae": 1.5539482831954956, "best_epoch": 23, "elapsed_seconds": 48.00671375000093}
{"run": "huc4_1013_seed43", "arm": "hierarchical_gnn", "epoch": 30, "train_log_mse": 0.37889734552984505, "validation_mae": 1.5451105833053589, "best_epoch": 23, "elapsed_seconds": 62.15281741700164}
{"run": "huc4_1013_seed43", "arm": "graph_transformer", "epoch": 1, "train_log_mse": 1.071267176814318, "validation_mae": 2.368067502975464, "best_epoch": 1, "elapsed_seconds": 2.506647834001342}
{"run": "huc4_1013_seed43", "arm": "graph_transformer", "epoch": 5, "train_log_mse": 0.5356848314276438, "validation_mae": 1.6095051765441895, "best_epoch": 3, "elapsed_seconds": 12.531639250002627}
{"run": "huc4_1013_seed43", "arm": "graph_transformer", "epoch": 10, "train_log_mse": 0.43352191504460624, "validation_mae": 1.4849250316619873, "best_epoch": 10, "elapsed_seconds": 24.76431820900325}
{"run": "huc4_1013_seed43", "arm": "graph_transformer", "epoch": 15, "train_log_mse": 0.4082167856730891, "validation_mae": 1.423302173614502, "best_epoch": 15, "elapsed_seconds": 38.70481437499984}
{"run": "huc4_1013_seed43", "arm": "graph_transformer", "epoch": 20, "train_log_mse": 0.39386500967560284, "validation_mae": 1.463807463645935, "best_epoch": 17, "elapsed_seconds": 51.036582000000635}
{"run": "huc4_1013_seed43", "arm": "graph_transformer", "epoch": 25, "train_log_mse": 0.37443472468525807, "validation_mae": 1.410767912864685, "best_epoch": 17, "elapsed_seconds": 63.43594370900246}
{"run": "huc4_1013_seed43", "completed_arms": 4, "query_cells": 1204}
{"run": "huc4_1013_seed44", "arm": "local", "epoch": 1, "train_log_mse": 0.7965828825189362, "validation_mae": 1.5289831161499023, "best_epoch": 1, "elapsed_seconds": 1.4070090000022901}
{"run": "huc4_1013_seed44", "arm": "local", "epoch": 5, "train_log_mse": 0.5091591308492031, "validation_mae": 1.554280400276184, "best_epoch": 1, "elapsed_seconds": 6.520570833999955}
{"run": "huc4_1013_seed44", "arm": "local", "epoch": 10, "train_log_mse": 0.45337064894131895, "validation_mae": 1.508817195892334, "best_epoch": 8, "elapsed_seconds": 13.12005233400123}
{"run": "huc4_1013_seed44", "arm": "local", "epoch": 15, "train_log_mse": 0.42886918435822635, "validation_mae": 1.4851820468902588, "best_epoch": 12, "elapsed_seconds": 19.66482412500045}
{"run": "huc4_1013_seed44", "arm": "local", "epoch": 20, "train_log_mse": 0.4196088572453909, "validation_mae": 1.475350022315979, "best_epoch": 20, "elapsed_seconds": 26.20215874999849}
{"run": "huc4_1013_seed44", "arm": "local", "epoch": 25, "train_log_mse": 0.4046692447633546, "validation_mae": 1.5931912660598755, "best_epoch": 20, "elapsed_seconds": 32.8873226249998}
{"run": "huc4_1013_seed44", "arm": "local", "epoch": 30, "train_log_mse": 0.39925898405966814, "validation_mae": 1.6671478748321533, "best_epoch": 20, "elapsed_seconds": 39.91378158400039}
{"run": "huc4_1013_seed44", "arm": "directed_gnn", "epoch": 1, "train_log_mse": 0.8035215492341911, "validation_mae": 1.5633379220962524, "best_epoch": 1, "elapsed_seconds": 1.8712631660018815}
{"run": "huc4_1013_seed44", "arm": "directed_gnn", "epoch": 5, "train_log_mse": 0.4948138553930703, "validation_mae": 1.5905665159225464, "best_epoch": 1, "elapsed_seconds": 9.084271499996248}
{"run": "huc4_1013_seed44", "arm": "directed_gnn", "epoch": 10, "train_log_mse": 0.43786181949599384, "validation_mae": 1.5305967330932617, "best_epoch": 9, "elapsed_seconds": 18.332498208001198}
{"run": "huc4_1013_seed44", "arm": "directed_gnn", "epoch": 15, "train_log_mse": 0.4104445871540199, "validation_mae": 1.5436443090438843, "best_epoch": 13, "elapsed_seconds": 28.50957391600241}
{"run": "huc4_1013_seed44", "arm": "directed_gnn", "epoch": 20, "train_log_mse": 0.4008799186815018, "validation_mae": 1.554518222808838, "best_epoch": 13, "elapsed_seconds": 38.24315862500225}
{"run": "huc4_1013_seed44", "arm": "hierarchical_gnn", "epoch": 1, "train_log_mse": 0.8132934443162547, "validation_mae": 1.5716594457626343, "best_epoch": 1, "elapsed_seconds": 3.6574452499990002}
{"run": "huc4_1013_seed44", "arm": "hierarchical_gnn", "epoch": 5, "train_log_mse": 0.49960886290356377, "validation_mae": 1.5539809465408325, "best_epoch": 5, "elapsed_seconds": 16.83736304199556}
{"run": "huc4_1013_seed44", "arm": "hierarchical_gnn", "epoch": 10, "train_log_mse": 0.4370788435943176, "validation_mae": 1.508540153503418, "best_epoch": 10, "elapsed_seconds": 33.70003966699733}
{"run": "huc4_1013_seed44", "arm": "hierarchical_gnn", "epoch": 15, "train_log_mse": 0.40380713470428786, "validation_mae": 1.501261591911316, "best_epoch": 12, "elapsed_seconds": 50.88505895900016}
{"run": "huc4_1013_seed44", "arm": "hierarchical_gnn", "epoch": 20, "train_log_mse": 0.3890353538028822, "validation_mae": 1.4848847389221191, "best_epoch": 12, "elapsed_seconds": 68.32516737499827}
{"run": "huc4_1013_seed44", "arm": "graph_transformer", "epoch": 1, "train_log_mse": 0.8976941400502823, "validation_mae": 1.8936940431594849, "best_epoch": 1, "elapsed_seconds": 2.8191320409969194}
{"run": "huc4_1013_seed44", "arm": "graph_transformer", "epoch": 5, "train_log_mse": 0.5102025678670504, "validation_mae": 1.7089650630950928, "best_epoch": 2, "elapsed_seconds": 15.311187290993985}
{"run": "huc4_1013_seed44", "arm": "graph_transformer", "epoch": 10, "train_log_mse": 0.4274095863384801, "validation_mae": 1.5718963146209717, "best_epoch": 2, "elapsed_seconds": 29.741362207998463}
{"run": "huc4_1013_seed44", "arm": "graph_transformer", "epoch": 15, "train_log_mse": 0.39763329720833634, "validation_mae": 1.5065724849700928, "best_epoch": 13, "elapsed_seconds": 43.08857299999363}
{"run": "huc4_1013_seed44", "arm": "graph_transformer", "epoch": 20, "train_log_mse": 0.3864629799224121, "validation_mae": 1.50007963180542, "best_epoch": 13, "elapsed_seconds": 56.66463391599973}
{"run": "huc4_1013_seed44", "completed_arms": 4, "query_cells": 1204}
{"run": "huc4_1019_seed42", "arm": "local", "epoch": 1, "train_log_mse": 0.7799160584557745, "validation_mae": 2.9778075218200684, "best_epoch": 1, "elapsed_seconds": 1.336531417000515}
{"run": "huc4_1019_seed42", "arm": "local", "epoch": 5, "train_log_mse": 0.4246583473922832, "validation_mae": 1.7756716012954712, "best_epoch": 5, "elapsed_seconds": 6.850810875002935}
{"run": "huc4_1019_seed42", "arm": "local", "epoch": 10, "train_log_mse": 0.3882579093121398, "validation_mae": 1.5369553565979004, "best_epoch": 10, "elapsed_seconds": 14.710876834004011}
{"run": "huc4_1019_seed42", "arm": "local", "epoch": 15, "train_log_mse": 0.3716759246640546, "validation_mae": 1.740548014640808, "best_epoch": 10, "elapsed_seconds": 21.687298292003106}
{"run": "huc4_1019_seed42", "arm": "local", "epoch": 20, "train_log_mse": 0.3617804314280864, "validation_mae": 1.650584101676941, "best_epoch": 10, "elapsed_seconds": 28.837937333999434}
{"run": "huc4_1019_seed42", "arm": "directed_gnn", "epoch": 1, "train_log_mse": 0.7816925162809049, "validation_mae": 2.9254777431488037, "best_epoch": 1, "elapsed_seconds": 1.9459230830034357}
{"run": "huc4_1019_seed42", "arm": "directed_gnn", "epoch": 5, "train_log_mse": 0.4316650730939472, "validation_mae": 1.9467350244522095, "best_epoch": 5, "elapsed_seconds": 10.686029791002511}
{"run": "huc4_1019_seed42", "arm": "directed_gnn", "epoch": 10, "train_log_mse": 0.3770486784647908, "validation_mae": 1.6250895261764526, "best_epoch": 10, "elapsed_seconds": 20.653967750004085}
{"run": "huc4_1019_seed42", "arm": "directed_gnn", "epoch": 15, "train_log_mse": 0.3574855634693198, "validation_mae": 1.7258058786392212, "best_epoch": 10, "elapsed_seconds": 32.38699920799991}
{"run": "huc4_1019_seed42", "arm": "directed_gnn", "epoch": 20, "train_log_mse": 0.34860221594937796, "validation_mae": 1.6862937211990356, "best_epoch": 10, "elapsed_seconds": 44.38815091600554}
{"run": "huc4_1019_seed42", "arm": "hierarchical_gnn", "epoch": 1, "train_log_mse": 0.8028234168974596, "validation_mae": 2.904043674468994, "best_epoch": 1, "elapsed_seconds": 4.122994874996948}
{"run": "huc4_1019_seed42", "arm": "hierarchical_gnn", "epoch": 5, "train_log_mse": 0.42466895250306796, "validation_mae": 1.9061009883880615, "best_epoch": 5, "elapsed_seconds": 18.603184250001505}
{"run": "huc4_1019_seed42", "arm": "hierarchical_gnn", "epoch": 10, "train_log_mse": 0.37456600786387606, "validation_mae": 1.69258713722229, "best_epoch": 10, "elapsed_seconds": 35.925840457995946}
{"run": "huc4_1019_seed42", "arm": "hierarchical_gnn", "epoch": 15, "train_log_mse": 0.3556425456697462, "validation_mae": 1.6318359375, "best_epoch": 15, "elapsed_seconds": 54.16824391699629}
{"run": "huc4_1019_seed42", "arm": "hierarchical_gnn", "epoch": 20, "train_log_mse": 0.3421457388550886, "validation_mae": 1.553411602973938, "best_epoch": 20, "elapsed_seconds": 74.03184274999512}
{"run": "huc4_1019_seed42", "arm": "hierarchical_gnn", "epoch": 25, "train_log_mse": 0.3289709623436729, "validation_mae": 1.5593894720077515, "best_epoch": 20, "elapsed_seconds": 92.43972366699745}
{"run": "huc4_1019_seed42", "arm": "hierarchical_gnn", "epoch": 30, "train_log_mse": 0.3187912853559706, "validation_mae": 1.5784916877746582, "best_epoch": 20, "elapsed_seconds": 111.29481558300176}
{"run": "huc4_1019_seed42", "arm": "graph_transformer", "epoch": 1, "train_log_mse": 0.895522022664566, "validation_mae": 3.0075817108154297, "best_epoch": 1, "elapsed_seconds": 2.7672145839969744}
{"run": "huc4_1019_seed42", "arm": "graph_transformer", "epoch": 5, "train_log_mse": 0.39544879480609646, "validation_mae": 2.1347482204437256, "best_epoch": 3, "elapsed_seconds": 13.60014974999649}
{"run": "huc4_1019_seed42", "arm": "graph_transformer", "epoch": 10, "train_log_mse": 0.3512278243274422, "validation_mae": 1.8527973890304565, "best_epoch": 8, "elapsed_seconds": 27.24865358399984}
{"run": "huc4_1019_seed42", "arm": "graph_transformer", "epoch": 15, "train_log_mse": 0.3324272791612442, "validation_mae": 1.7077929973602295, "best_epoch": 8, "elapsed_seconds": 40.76212599999417}
{"run": "huc4_1019_seed42", "arm": "graph_transformer", "epoch": 20, "train_log_mse": 0.32110243257826465, "validation_mae": 1.6418336629867554, "best_epoch": 17, "elapsed_seconds": 54.26682316699589}
{"run": "huc4_1019_seed42", "arm": "graph_transformer", "epoch": 25, "train_log_mse": 0.31455340215992156, "validation_mae": 1.4983201026916504, "best_epoch": 25, "elapsed_seconds": 69.25770516699413}
{"run": "huc4_1019_seed42", "arm": "graph_transformer", "epoch": 30, "train_log_mse": 0.30199071949083695, "validation_mae": 1.511238694190979, "best_epoch": 25, "elapsed_seconds": 83.77333916699718}
{"run": "huc4_1019_seed42", "arm": "graph_transformer", "epoch": 35, "train_log_mse": 0.29085940518866177, "validation_mae": 1.469787359237671, "best_epoch": 35, "elapsed_seconds": 97.77780929199798}
{"run": "huc4_1019_seed42", "arm": "graph_transformer", "epoch": 40, "train_log_mse": 0.2825654391837392, "validation_mae": 1.542127013206482, "best_epoch": 35, "elapsed_seconds": 111.57341733399517}
{"run": "huc4_1019_seed42", "arm": "graph_transformer", "epoch": 45, "train_log_mse": 0.27618545957212576, "validation_mae": 1.513183355331421, "best_epoch": 35, "elapsed_seconds": 125.85606974999973}
{"run": "huc4_1019_seed42", "completed_arms": 4, "query_cells": 2166}
{"run": "huc4_1019_seed43", "arm": "local", "epoch": 1, "train_log_mse": 0.9368840682571439, "validation_mae": 2.4009571075439453, "best_epoch": 1, "elapsed_seconds": 1.7481314169999678}
{"run": "huc4_1019_seed43", "arm": "local", "epoch": 5, "train_log_mse": 0.4196827894289584, "validation_mae": 1.6229557991027832, "best_epoch": 5, "elapsed_seconds": 7.873416916998394}
{"run": "huc4_1019_seed43", "arm": "local", "epoch": 10, "train_log_mse": 0.3804047702280056, "validation_mae": 1.6627556085586548, "best_epoch": 5, "elapsed_seconds": 16.445565124995483}
{"run": "huc4_1019_seed43", "arm": "local", "epoch": 15, "train_log_mse": 0.37051155905295635, "validation_mae": 1.4912320375442505, "best_epoch": 15, "elapsed_seconds": 24.26643999999942}
{"run": "huc4_1019_seed43", "arm": "local", "epoch": 20, "train_log_mse": 0.3584008074890599, "validation_mae": 1.5569500923156738, "best_epoch": 15, "elapsed_seconds": 32.75544149999769}
{"run": "huc4_1019_seed43", "arm": "local", "epoch": 25, "train_log_mse": 0.3477590241562963, "validation_mae": 1.6214704513549805, "best_epoch": 15, "elapsed_seconds": 40.70589833399572}
{"run": "huc4_1019_seed43", "arm": "directed_gnn", "epoch": 1, "train_log_mse": 0.9415031630943786, "validation_mae": 2.4829928874969482, "best_epoch": 1, "elapsed_seconds": 2.7195168329999433}
{"run": "huc4_1019_seed43", "arm": "directed_gnn", "epoch": 5, "train_log_mse": 0.4187881946818142, "validation_mae": 1.8684451580047607, "best_epoch": 5, "elapsed_seconds": 11.244339374999981}
{"run": "huc4_1019_seed43", "arm": "directed_gnn", "epoch": 10, "train_log_mse": 0.3757415452337789, "validation_mae": 1.781294345855713, "best_epoch": 10, "elapsed_seconds": 22.117528167000273}
{"run": "huc4_1019_seed43", "arm": "directed_gnn", "epoch": 15, "train_log_mse": 0.36050012523572555, "validation_mae": 1.624042272567749, "best_epoch": 15, "elapsed_seconds": 32.59367624999868}
{"run": "huc4_1019_seed43", "arm": "directed_gnn", "epoch": 20, "train_log_mse": 0.3494751258258211, "validation_mae": 1.6249788999557495, "best_epoch": 19, "elapsed_seconds": 43.078434333001496}
{"run": "huc4_1019_seed43", "arm": "directed_gnn", "epoch": 25, "train_log_mse": 0.3360653393755294, "validation_mae": 1.7220631837844849, "best_epoch": 19, "elapsed_seconds": 54.65954966699792}
{"run": "huc4_1019_seed43", "arm": "hierarchical_gnn", "epoch": 1, "train_log_mse": 0.950247685106062, "validation_mae": 2.503500461578369, "best_epoch": 1, "elapsed_seconds": 3.6497726249945117}
{"run": "huc4_1019_seed43", "arm": "hierarchical_gnn", "epoch": 5, "train_log_mse": 0.4119925665354197, "validation_mae": 1.6958379745483398, "best_epoch": 5, "elapsed_seconds": 18.690379415995267}
{"run": "huc4_1019_seed43", "arm": "hierarchical_gnn", "epoch": 10, "train_log_mse": 0.37577559622053325, "validation_mae": 1.7369449138641357, "best_epoch": 8, "elapsed_seconds": 38.12059979100013}
{"run": "huc4_1019_seed43", "arm": "hierarchical_gnn", "epoch": 15, "train_log_mse": 0.3567378339562901, "validation_mae": 1.6101590394973755, "best_epoch": 13, "elapsed_seconds": 57.349961540996446}
{"run": "huc4_1019_seed43", "arm": "hierarchical_gnn", "epoch": 20, "train_log_mse": 0.3418245357276917, "validation_mae": 1.5744967460632324, "best_epoch": 19, "elapsed_seconds": 76.57719662499585}
{"run": "huc4_1019_seed43", "arm": "hierarchical_gnn", "epoch": 25, "train_log_mse": 0.3303061226696307, "validation_mae": 1.6471850872039795, "best_epoch": 21, "elapsed_seconds": 93.79780012500123}
{"run": "huc4_1019_seed43", "arm": "hierarchical_gnn", "epoch": 30, "train_log_mse": 0.31782394594805763, "validation_mae": 1.617069959640503, "best_epoch": 21, "elapsed_seconds": 111.61440362499707}
{"run": "huc4_1019_seed43", "arm": "graph_transformer", "epoch": 1, "train_log_mse": 1.0876558047579468, "validation_mae": 1.7994872331619263, "best_epoch": 1, "elapsed_seconds": 2.8625333329982823}
{"run": "huc4_1019_seed43", "arm": "graph_transformer", "epoch": 5, "train_log_mse": 0.4203727200298169, "validation_mae": 1.548298716545105, "best_epoch": 5, "elapsed_seconds": 15.841314332996262}
{"run": "huc4_1019_seed43", "arm": "graph_transformer", "epoch": 10, "train_log_mse": 0.3485087157695096, "validation_mae": 1.5169273614883423, "best_epoch": 10, "elapsed_seconds": 32.72866345800139}
{"run": "huc4_1019_seed43", "arm": "graph_transformer", "epoch": 15, "train_log_mse": 0.3352365572136299, "validation_mae": 1.5997787714004517, "best_epoch": 10, "elapsed_seconds": 49.74802366700169}
{"run": "huc4_1019_seed43", "arm": "graph_transformer", "epoch": 20, "train_log_mse": 0.32267215750334727, "validation_mae": 1.5637916326522827, "best_epoch": 10, "elapsed_seconds": 67.50823458300147}
{"run": "huc4_1019_seed43", "completed_arms": 4, "query_cells": 2166}
{"run": "huc4_1019_seed44", "arm": "local", "epoch": 1, "train_log_mse": 0.6948549341664423, "validation_mae": 2.028970718383789, "best_epoch": 1, "elapsed_seconds": 2.1684382920066128}
{"run": "huc4_1019_seed44", "arm": "local", "epoch": 5, "train_log_mse": 0.4225360974979533, "validation_mae": 1.9853107929229736, "best_epoch": 4, "elapsed_seconds": 8.625543875001313}
{"run": "huc4_1019_seed44", "arm": "local", "epoch": 10, "train_log_mse": 0.3788235812644645, "validation_mae": 1.5760972499847412, "best_epoch": 10, "elapsed_seconds": 16.555122292003944}
{"run": "huc4_1019_seed44", "arm": "local", "epoch": 15, "train_log_mse": 0.3612460180275876, "validation_mae": 1.533174991607666, "best_epoch": 15, "elapsed_seconds": 24.699498334004602}
{"run": "huc4_1019_seed44", "arm": "local", "epoch": 20, "train_log_mse": 0.35496865869802363, "validation_mae": 1.5336982011795044, "best_epoch": 15, "elapsed_seconds": 32.713379750006425}
{"run": "huc4_1019_seed44", "arm": "local", "epoch": 25, "train_log_mse": 0.34321664906453836, "validation_mae": 1.626202940940857, "best_epoch": 22, "elapsed_seconds": 41.03589720900345}
{"run": "huc4_1019_seed44", "arm": "local", "epoch": 30, "train_log_mse": 0.3341520963006716, "validation_mae": 1.5222759246826172, "best_epoch": 22, "elapsed_seconds": 49.074173209002765}
{"run": "huc4_1019_seed44", "arm": "directed_gnn", "epoch": 1, "train_log_mse": 0.7037657795841851, "validation_mae": 2.099752426147461, "best_epoch": 1, "elapsed_seconds": 2.2183490419993177}
{"run": "huc4_1019_seed44", "arm": "directed_gnn", "epoch": 5, "train_log_mse": 0.4221919760634329, "validation_mae": 2.03186297416687, "best_epoch": 4, "elapsed_seconds": 10.887150541995652}
{"run": "huc4_1019_seed44", "arm": "directed_gnn", "epoch": 10, "train_log_mse": 0.3675447105152886, "validation_mae": 1.6233257055282593, "best_epoch": 10, "elapsed_seconds": 22.434169916996325}
{"run": "huc4_1019_seed44", "arm": "directed_gnn", "epoch": 15, "train_log_mse": 0.3458458779652235, "validation_mae": 1.560357928276062, "best_epoch": 15, "elapsed_seconds": 33.65089979199547}
{"run": "huc4_1019_seed44", "arm": "directed_gnn", "epoch": 20, "train_log_mse": 0.33466093563852867, "validation_mae": 1.7028248310089111, "best_epoch": 15, "elapsed_seconds": 44.27087033299904}
{"run": "huc4_1019_seed44", "arm": "directed_gnn", "epoch": 25, "train_log_mse": 0.32183581514962006, "validation_mae": 1.7407068014144897, "best_epoch": 15, "elapsed_seconds": 54.9754638749946}
{"run": "huc4_1019_seed44", "arm": "hierarchical_gnn", "epoch": 1, "train_log_mse": 0.710204039270297, "validation_mae": 2.1194961071014404, "best_epoch": 1, "elapsed_seconds": 4.044312833000731}
{"run": "huc4_1019_seed44", "arm": "hierarchical_gnn", "epoch": 5, "train_log_mse": 0.4230441707211744, "validation_mae": 2.1452295780181885, "best_epoch": 4, "elapsed_seconds": 21.09888541699911}
{"run": "huc4_1019_seed44", "arm": "hierarchical_gnn", "epoch": 10, "train_log_mse": 0.36345818258759155, "validation_mae": 1.6273165941238403, "best_epoch": 10, "elapsed_seconds": 40.51937041700148}
{"run": "huc4_1019_seed44", "arm": "hierarchical_gnn", "epoch": 15, "train_log_mse": 0.34183933452231285, "validation_mae": 1.570818305015564, "best_epoch": 15, "elapsed_seconds": 59.73960804200033}
{"run": "huc4_1019_seed44", "arm": "hierarchical_gnn", "epoch": 20, "train_log_mse": 0.3266445522615691, "validation_mae": 1.7595950365066528, "best_epoch": 15, "elapsed_seconds": 78.75177816700307}
{"run": "huc4_1019_seed44", "arm": "hierarchical_gnn", "epoch": 25, "train_log_mse": 0.31596887914364297, "validation_mae": 1.6845388412475586, "best_epoch": 15, "elapsed_seconds": 97.70135308300087}
{"run": "huc4_1019_seed44", "arm": "graph_transformer", "epoch": 1, "train_log_mse": 0.867629220042739, "validation_mae": 1.8145554065704346, "best_epoch": 1, "elapsed_seconds": 3.2568968330015196}
{"run": "huc4_1019_seed44", "arm": "graph_transformer", "epoch": 5, "train_log_mse": 0.3959046501116518, "validation_mae": 1.8261910676956177, "best_epoch": 4, "elapsed_seconds": 15.994345874998544}
{"run": "huc4_1019_seed44", "arm": "graph_transformer", "epoch": 10, "train_log_mse": 0.3508734169287229, "validation_mae": 1.7171356678009033, "best_epoch": 7, "elapsed_seconds": 31.709381874999963}
{"run": "huc4_1019_seed44", "arm": "graph_transformer", "epoch": 15, "train_log_mse": 0.3328119370970677, "validation_mae": 1.5907974243164062, "best_epoch": 7, "elapsed_seconds": 46.94415575000312}
{"run": "huc4_1019_seed44", "arm": "graph_transformer", "epoch": 20, "train_log_mse": 0.320695379019267, "validation_mae": 1.8010578155517578, "best_epoch": 19, "elapsed_seconds": 62.35297104100027}
{"run": "huc4_1019_seed44", "arm": "graph_transformer", "epoch": 25, "train_log_mse": 0.3117548130757144, "validation_mae": 1.956644892692566, "best_epoch": 19, "elapsed_seconds": 77.15724749999936}
{"run": "huc4_1019_seed44", "completed_arms": 4, "query_cells": 2166}
{"run": "huc4_0708_seed42", "arm": "local", "epoch": 1, "train_log_mse": 0.8232667585424568, "validation_mae": 1.8758877515792847, "best_epoch": 1, "elapsed_seconds": 1.6817128750044503}
{"run": "huc4_0708_seed42", "arm": "local", "epoch": 5, "train_log_mse": 0.4119445230502501, "validation_mae": 1.3060593605041504, "best_epoch": 5, "elapsed_seconds": 7.7126470420043916}
{"run": "huc4_0708_seed42", "arm": "local", "epoch": 10, "train_log_mse": 0.36488870636153425, "validation_mae": 1.3212779760360718, "best_epoch": 5, "elapsed_seconds": 15.33188795800379}
{"run": "huc4_0708_seed42", "arm": "local", "epoch": 15, "train_log_mse": 0.34572941914276384, "validation_mae": 1.3074872493743896, "best_epoch": 5, "elapsed_seconds": 23.023668333000387}
{"run": "huc4_0708_seed42", "arm": "directed_gnn", "epoch": 1, "train_log_mse": 0.8232019399239667, "validation_mae": 1.8316677808761597, "best_epoch": 1, "elapsed_seconds": 2.075460749998456}
{"run": "huc4_0708_seed42", "arm": "directed_gnn", "epoch": 5, "train_log_mse": 0.4166420302158945, "validation_mae": 1.3043696880340576, "best_epoch": 5, "elapsed_seconds": 10.383150375004334}
{"run": "huc4_0708_seed42", "arm": "directed_gnn", "epoch": 10, "train_log_mse": 0.3591341913665635, "validation_mae": 1.320986032485962, "best_epoch": 5, "elapsed_seconds": 20.629902084001515}
{"run": "huc4_0708_seed42", "arm": "directed_gnn", "epoch": 15, "train_log_mse": 0.3376939378522728, "validation_mae": 1.3455853462219238, "best_epoch": 5, "elapsed_seconds": 30.99636399999872}
{"run": "huc4_0708_seed42", "arm": "hierarchical_gnn", "epoch": 1, "train_log_mse": 0.8324783516054732, "validation_mae": 1.8420110940933228, "best_epoch": 1, "elapsed_seconds": 3.5158554579975316}
{"run": "huc4_0708_seed42", "arm": "hierarchical_gnn", "epoch": 5, "train_log_mse": 0.4110306114962898, "validation_mae": 1.2908904552459717, "best_epoch": 5, "elapsed_seconds": 16.845006540999748}
{"run": "huc4_0708_seed42", "arm": "hierarchical_gnn", "epoch": 10, "train_log_mse": 0.35886068905101104, "validation_mae": 1.3114724159240723, "best_epoch": 5, "elapsed_seconds": 33.05001004099904}
{"run": "huc4_0708_seed42", "arm": "hierarchical_gnn", "epoch": 15, "train_log_mse": 0.33472170249864996, "validation_mae": 1.3361262083053589, "best_epoch": 5, "elapsed_seconds": 52.438534291002725}
{"run": "huc4_0708_seed42", "arm": "graph_transformer", "epoch": 1, "train_log_mse": 0.9257252737681391, "validation_mae": 1.7989587783813477, "best_epoch": 1, "elapsed_seconds": 3.1756559169953107}
{"run": "huc4_0708_seed42", "arm": "graph_transformer", "epoch": 5, "train_log_mse": 0.38651722544745176, "validation_mae": 1.329189419746399, "best_epoch": 4, "elapsed_seconds": 14.787178333994234}
{"run": "huc4_0708_seed42", "arm": "graph_transformer", "epoch": 10, "train_log_mse": 0.34020846932130894, "validation_mae": 1.2632598876953125, "best_epoch": 9, "elapsed_seconds": 28.40614112500043}
{"run": "huc4_0708_seed42", "arm": "graph_transformer", "epoch": 15, "train_log_mse": 0.31683698061954885, "validation_mae": 1.2496756315231323, "best_epoch": 13, "elapsed_seconds": 42.07463295899652}
{"run": "huc4_0708_seed42", "arm": "graph_transformer", "epoch": 20, "train_log_mse": 0.3061520080213814, "validation_mae": 1.2874163389205933, "best_epoch": 17, "elapsed_seconds": 55.31415666699468}
{"run": "huc4_0708_seed42", "arm": "graph_transformer", "epoch": 25, "train_log_mse": 0.2948842503996121, "validation_mae": 1.262756109237671, "best_epoch": 17, "elapsed_seconds": 68.42599099999643}
{"run": "huc4_0708_seed42", "completed_arms": 4, "query_cells": 1663}
{"run": "huc4_0708_seed43", "arm": "local", "epoch": 1, "train_log_mse": 0.9276639271783717, "validation_mae": 1.5806649923324585, "best_epoch": 1, "elapsed_seconds": 1.5556406670002616}
{"run": "huc4_0708_seed43", "arm": "local", "epoch": 5, "train_log_mse": 0.3922230758893111, "validation_mae": 1.3794801235198975, "best_epoch": 5, "elapsed_seconds": 7.294251125000301}
{"run": "huc4_0708_seed43", "arm": "local", "epoch": 10, "train_log_mse": 0.35401972535326376, "validation_mae": 1.3161150217056274, "best_epoch": 9, "elapsed_seconds": 14.548839542003407}
{"run": "huc4_0708_seed43", "arm": "local", "epoch": 15, "train_log_mse": 0.3390667145439183, "validation_mae": 1.3055089712142944, "best_epoch": 9, "elapsed_seconds": 21.647044875004212}
{"run": "huc4_0708_seed43", "arm": "directed_gnn", "epoch": 1, "train_log_mse": 0.9301228649008907, "validation_mae": 1.5578761100769043, "best_epoch": 1, "elapsed_seconds": 2.077090541999496}
{"run": "huc4_0708_seed43", "arm": "directed_gnn", "epoch": 5, "train_log_mse": 0.39180944136818235, "validation_mae": 1.3328431844711304, "best_epoch": 5, "elapsed_seconds": 9.927915499996743}
{"run": "huc4_0708_seed43", "arm": "directed_gnn", "epoch": 10, "train_log_mse": 0.35090910772200107, "validation_mae": 1.368964672088623, "best_epoch": 9, "elapsed_seconds": 19.99978191700211}
{"run": "huc4_0708_seed43", "arm": "directed_gnn", "epoch": 15, "train_log_mse": 0.3347734031728985, "validation_mae": 1.3603980541229248, "best_epoch": 9, "elapsed_seconds": 30.543619333002425}
{"run": "huc4_0708_seed43", "arm": "hierarchical_gnn", "epoch": 1, "train_log_mse": 0.95626007676418, "validation_mae": 1.4460967779159546, "best_epoch": 1, "elapsed_seconds": 3.603872457999387}
{"run": "huc4_0708_seed43", "arm": "hierarchical_gnn", "epoch": 5, "train_log_mse": 0.39293373979041607, "validation_mae": 1.3131088018417358, "best_epoch": 5, "elapsed_seconds": 16.6160534169976}
{"run": "huc4_0708_seed43", "arm": "hierarchical_gnn", "epoch": 10, "train_log_mse": 0.35238346378285984, "validation_mae": 1.312744379043579, "best_epoch": 9, "elapsed_seconds": 32.63145962499402}
{"run": "huc4_0708_seed43", "arm": "hierarchical_gnn", "epoch": 15, "train_log_mse": 0.33253179300961383, "validation_mae": 1.313594102859497, "best_epoch": 9, "elapsed_seconds": 49.10479837499588}
{"run": "huc4_0708_seed43", "arm": "graph_transformer", "epoch": 1, "train_log_mse": 1.0521841081291678, "validation_mae": 1.3362079858779907, "best_epoch": 1, "elapsed_seconds": 2.712181499999133}
{"run": "huc4_0708_seed43", "arm": "graph_transformer", "epoch": 5, "train_log_mse": 0.39544108375430126, "validation_mae": 1.3406620025634766, "best_epoch": 1, "elapsed_seconds": 13.749493833995075}
{"run": "huc4_0708_seed43", "arm": "graph_transformer", "epoch": 10, "train_log_mse": 0.326205300693145, "validation_mae": 1.2614036798477173, "best_epoch": 9, "elapsed_seconds": 27.888926041996456}
{"run": "huc4_0708_seed43", "arm": "graph_transformer", "epoch": 15, "train_log_mse": 0.306253601954165, "validation_mae": 1.2298249006271362, "best_epoch": 14, "elapsed_seconds": 41.96895995899831}
{"run": "huc4_0708_seed43", "arm": "graph_transformer", "epoch": 20, "train_log_mse": 0.29686953789466725, "validation_mae": 1.2504181861877441, "best_epoch": 18, "elapsed_seconds": 55.29551824999362}
{"run": "huc4_0708_seed43", "arm": "graph_transformer", "epoch": 25, "train_log_mse": 0.28711148441816947, "validation_mae": 1.283176302909851, "best_epoch": 18, "elapsed_seconds": 68.52652516699891}
{"run": "huc4_0708_seed43", "completed_arms": 4, "query_cells": 1663}
{"run": "huc4_0708_seed44", "arm": "local", "epoch": 1, "train_log_mse": 0.665626647369742, "validation_mae": 1.378581166267395, "best_epoch": 1, "elapsed_seconds": 1.5212969170024735}
{"run": "huc4_0708_seed44", "arm": "local", "epoch": 5, "train_log_mse": 0.40384356011557254, "validation_mae": 1.3880802392959595, "best_epoch": 1, "elapsed_seconds": 6.9889925829993444}
{"run": "huc4_0708_seed44", "arm": "local", "epoch": 10, "train_log_mse": 0.35837602953097136, "validation_mae": 1.304196834564209, "best_epoch": 10, "elapsed_seconds": 13.812767000003078}
{"run": "huc4_0708_seed44", "arm": "local", "epoch": 15, "train_log_mse": 0.33863892040002613, "validation_mae": 1.2922800779342651, "best_epoch": 13, "elapsed_seconds": 21.120179542005644}
{"run": "huc4_0708_seed44", "arm": "local", "epoch": 20, "train_log_mse": 0.3316008704391436, "validation_mae": 1.283097267150879, "best_epoch": 20, "elapsed_seconds": 28.251260042001377}
{"run": "huc4_0708_seed44", "arm": "local", "epoch": 25, "train_log_mse": 0.32063571774523014, "validation_mae": 1.3021663427352905, "best_epoch": 20, "elapsed_seconds": 35.6706408750033}
{"run": "huc4_0708_seed44", "arm": "local", "epoch": 30, "train_log_mse": 0.3145579581773999, "validation_mae": 1.3056689500808716, "best_epoch": 20, "elapsed_seconds": 42.812731833000726}
{"run": "huc4_0708_seed44", "arm": "directed_gnn", "epoch": 1, "train_log_mse": 0.6778848381423817, "validation_mae": 1.3721898794174194, "best_epoch": 1, "elapsed_seconds": 2.1889374159945874}
{"run": "huc4_0708_seed44", "arm": "directed_gnn", "epoch": 5, "train_log_mse": 0.4098681043978524, "validation_mae": 1.3758509159088135, "best_epoch": 1, "elapsed_seconds": 10.001348915997369}
{"run": "huc4_0708_seed44", "arm": "directed_gnn", "epoch": 10, "train_log_mse": 0.34977191977362704, "validation_mae": 1.2951757907867432, "best_epoch": 10, "elapsed_seconds": 19.931740332998743}
{"run": "huc4_0708_seed44", "arm": "directed_gnn", "epoch": 15, "train_log_mse": 0.3267174125430321, "validation_mae": 1.2738631963729858, "best_epoch": 13, "elapsed_seconds": 29.829743540998606}
{"run": "huc4_0708_seed44", "arm": "directed_gnn", "epoch": 20, "train_log_mse": 0.3148046213660612, "validation_mae": 1.2658828496932983, "best_epoch": 20, "elapsed_seconds": 39.52840529099922}
{"run": "huc4_0708_seed44", "arm": "directed_gnn", "epoch": 25, "train_log_mse": 0.3023049551017701, "validation_mae": 1.2898118495941162, "best_epoch": 20, "elapsed_seconds": 49.26027837499714}
{"run": "huc4_0708_seed44", "arm": "directed_gnn", "epoch": 30, "train_log_mse": 0.29703772720150656, "validation_mae": 1.2555186748504639, "best_epoch": 30, "elapsed_seconds": 59.070624125000904}
{"run": "huc4_0708_seed44", "arm": "directed_gnn", "epoch": 35, "train_log_mse": 0.29001500348201165, "validation_mae": 1.2695204019546509, "best_epoch": 30, "elapsed_seconds": 68.93859024999983}
{"run": "huc4_0708_seed44", "arm": "directed_gnn", "epoch": 40, "train_log_mse": 0.27896432890479794, "validation_mae": 1.2904996871948242, "best_epoch": 30, "elapsed_seconds": 78.96889466599532}
{"run": "huc4_0708_seed44", "arm": "hierarchical_gnn", "epoch": 1, "train_log_mse": 0.6823107515866749, "validation_mae": 1.371042013168335, "best_epoch": 1, "elapsed_seconds": 3.59324925000692}
{"run": "huc4_0708_seed44", "arm": "hierarchical_gnn", "epoch": 5, "train_log_mse": 0.396760343924444, "validation_mae": 1.445073127746582, "best_epoch": 1, "elapsed_seconds": 17.61342054200213}
{"run": "huc4_0708_seed44", "arm": "hierarchical_gnn", "epoch": 10, "train_log_mse": 0.34726498512271514, "validation_mae": 1.3384015560150146, "best_epoch": 9, "elapsed_seconds": 33.68933745800314}
{"run": "huc4_0708_seed44", "arm": "hierarchical_gnn", "epoch": 15, "train_log_mse": 0.3255348613729624, "validation_mae": 1.3225756883621216, "best_epoch": 9, "elapsed_seconds": 45.21406266700069}
{"run": "huc4_0708_seed44", "arm": "graph_transformer", "epoch": 1, "train_log_mse": 0.8076877365001162, "validation_mae": 1.6881896257400513, "best_epoch": 1, "elapsed_seconds": 2.001642791998165}
{"run": "huc4_0708_seed44", "arm": "graph_transformer", "epoch": 5, "train_log_mse": 0.3848535015826523, "validation_mae": 1.236574649810791, "best_epoch": 5, "elapsed_seconds": 10.457235207999474}
{"run": "huc4_0708_seed44", "arm": "graph_transformer", "epoch": 10, "train_log_mse": 0.3317984835233347, "validation_mae": 1.202150821685791, "best_epoch": 7, "elapsed_seconds": 20.043296416995872}
{"run": "huc4_0708_seed44", "arm": "graph_transformer", "epoch": 15, "train_log_mse": 0.3124399942582128, "validation_mae": 1.2381855249404907, "best_epoch": 7, "elapsed_seconds": 29.960422416996153}
{"run": "huc4_0708_seed44", "completed_arms": 4, "query_cells": 1663}
huc4_1030_seed42: verified completed comparison
huc4_1030_seed43: verified completed comparison
huc4_1030_seed44: verified completed comparison
huc4_1101_seed42: verified completed comparison
huc4_1101_seed43: verified completed comparison
huc4_1101_seed44: verified completed comparison
