ST357: 293 measured; 245525 cached reaches; 63 pending
07373420 19085457 acquisition_error expected=1110725 measured=293/357
06791150 17307580 complete expected=8423 measured=294/357
06214500 4342992 complete expected=11020 measured=295/357
03049625 11050030 complete expected=14460 measured=296/357
05267000 4973491 complete expected=6444 measured=297/357
03049652 11050050 complete expected=14525 measured=298/357
03201300 19314268 complete expected=14694 measured=299/357
07227140 20031461 complete expected=5382 measured=300/357
05465500 11919825 complete expected=12576 measured=301/357
06326500 9826284 complete expected=11818 measured=302/357
06795500 17421926 complete expected=10189 measured=303/357
05490500 4998271 complete expected=12070 measured=304/357
06054500 3030030 complete expected=19051 measured=305/357
06926510 5987239 complete expected=19972 measured=306/357
05325000 4142894 complete expected=9118 measured=307/357
05325050 4142894 complete expected=9118 measured=308/357
06057000 3029660 complete expected=20047 measured=309/357
06279500 12802834 complete expected=13901 measured=310/357
05330000 2387166 complete expected=10109 measured=311/357
06759910 3561816 complete expected=9774 measured=312/357
03438500 11878806 complete expected=19560 measured=313/357
06877600 18887262 complete expected=24842 measured=314/357
05288500 1100622 complete expected=12344 measured=315/357
03086000 3821223 complete expected=24813 measured=316/357
03568000 19696547 complete expected=29482 measured=317/357
06856600 5926514 complete expected=18251 measured=318/357
05586100 3598294 complete expected=22785 measured=319/357
05586300 3607116 complete expected=22956 measured=320/357
07077800 25827824 complete expected=42276 measured=321/357
03378500 10382125 complete expected=16795 measured=322/357
05331580 1101462 complete expected=23438 measured=323/357
06295000 13260207 complete expected=37338 measured=324/357
03609750 1861950 complete expected=57422 measured=325/357
06296120 13261545 complete expected=39035 measured=326/357
06879100 18841770 complete expected=44954 measured=327/357
05355250 1875139 complete expected=29891 measured=328/357
06765500 940190266 complete expected=34236 measured=329/357
06770500 7268297 complete expected=38889 measured=330/357
03216600 465518 complete expected=79150 measured=331/357
06326530 21878707 complete expected=57513 measured=332/357
06887000 2279137 complete expected=10128 measured=333/357
06329500 21871785 complete expected=61487 measured=334/357
06801000 17415862 complete expected=58460 measured=335/357
06805500 17416032 complete expected=60086 measured=336/357
05420500 14809371 complete expected=74394 measured=337/357
06185500 3012079 complete expected=65675 measured=338/357
03303280 10109567 complete expected=114368 measured=339/357
06889000 3646844 complete expected=58240 measured=340/357
06892350 3730399 complete expected=62642 measured=341/357
06330000 940110233 complete expected=128629 measured=342/357
05587455 880512 complete expected=162247 measured=343/357
06338490 21543562 complete expected=142681 measured=344/357
06342500 14523623 complete expected=146033 measured=345/357
Traceback (most recent call last):
  File "/Users/yzccc/river_graph/scripts/build_doc_river_planform_v1.py", line 180, in <module>
    main()
  File "/Users/yzccc/river_graph/scripts/build_doc_river_planform_v1.py", line 142, in main
    record, indices, mainstem, features, basin_json = future.result()
                                                      ^^^^^^^^^^^^^^^
  File "/opt/homebrew/Cellar/python@3.12/3.12.14/Frameworks/Python.framework/Versions/3.12/lib/python3.12/concurrent/futures/_base.py", line 451, in result
    self._condition.wait(timeout)
  File "/opt/homebrew/Cellar/python@3.12/3.12.14/Frameworks/Python.framework/Versions/3.12/lib/python3.12/threading.py", line 355, in wait
    waiter.acquire()
KeyboardInterrupt
