ST357: 0 measured; 186844 cached reaches; 357 pending
06884025 4024563 complete expected=2 measured=1/357
401723105400000 13302 complete expected=2 measured=2/357
03201600 3366394 complete expected=1 measured=3/357
03201660 3366396 complete expected=1 measured=4/357
03201700 3366396 complete expected=1 measured=5/357
03207962 1086633 complete expected=1 measured=6/357
03079700 3806997 complete expected=2 measured=7/357
03079705 3807035 complete expected=3 measured=8/357
03144270 15379959 complete expected=2 measured=9/357
401707105395000 13318 complete expected=7 measured=10/357
03127970 19391604 complete expected=1 measured=11/357
03110983 3823415 complete expected=4 measured=12/357
03144289 15379113 complete expected=2 measured=13/357
03072859 3788899 complete expected=3 measured=14/357
03201720 3366414 complete expected=3 measured=15/357
03201722 3366414 complete expected=3 measured=16/357
03039930 4754488 complete expected=3 measured=17/357
03039420 4754616 complete expected=1 measured=18/357
401733105392404 13288 complete expected=12 measured=19/357
03039925 4754470 complete expected=3 measured=20/357
05357230 13344840 complete expected=1 measured=21/357
05357225 13344442 complete expected=2 measured=22/357
06879650 18841318 complete expected=5 measured=23/357
06893940 4390711 complete expected=5 measured=24/357
06893563 4390973 complete expected=1 measured=25/357
06893830 4390805 complete expected=5 measured=26/357
05357239 13344878 complete expected=5 measured=27/357
03207965 1086659 complete expected=6 measured=28/357
06352400 21861112 complete expected=7 measured=29/357
03353551 18476789 complete expected=2 measured=30/357
06893990 4390611 complete expected=7 measured=31/357
06893970 4390589 complete expected=9 measured=32/357
06893620 4390605 complete expected=9 measured=33/357
05357206 13344872 complete expected=2 measured=34/357
05451070 6570914 complete expected=1 measured=35/357
05451080 6570914 complete expected=1 measured=36/357
05540275 14787017 complete expected=4 measured=37/357
06710200 189405 complete expected=15 measured=38/357
05357215 13344478 complete expected=7 measured=39/357
06355310 21848069 complete expected=13 measured=40/357
06342040 14518943 complete expected=21 measured=41/357
05427948 13294264 complete expected=13 measured=42/357
06340580 16248665 complete expected=15 measured=43/357
03353630 18476509 complete expected=1 measured=44/357
03353637 18476509 complete expected=1 measured=45/357
06893350 4392931 complete expected=37 measured=46/357
05427952 13293696 complete expected=19 measured=47/357
06340780 14519457 complete expected=17 measured=48/357
06893557 4390865 complete expected=8 measured=49/357
06893562 4390865 complete expected=8 measured=50/357
06339560 16249107 complete expected=25 measured=51/357
07083000 916821 complete expected=12 measured=52/357
03075001 3785571 complete expected=31 measured=53/357
03049646 11049558 complete expected=30 measured=54/357
03353600 18476471 complete expected=5 measured=55/357
07077555 9278422 complete expected=63 measured=56/357
06893564 4390783 complete expected=11 measured=57/357
06929315 7434715 complete expected=54 measured=58/357
06721500 2888642 complete expected=55 measured=59/357
03037525 4741851 complete expected=42 measured=60/357
06306100 5334255 complete expected=11 measured=61/357
03373530 18445182 complete expected=14 measured=62/357
06893890 4390979 complete expected=47 measured=63/357
06611800 15997562 complete expected=34 measured=64/357
06187915 2962790 complete expected=19 measured=65/357
05288705 1100446 complete expected=21 measured=66/357
402114105350101 13584 complete expected=97 measured=67/357
06923150 7397825 complete expected=72 measured=68/357
06307665 12757557 complete expected=41 measured=69/357
06340930 14518575 complete expected=17 measured=70/357
05357245 13344470 complete expected=23 measured=71/357
07055893 11817633 complete expected=63 measured=72/357
06342230 14519509 complete expected=42 measured=73/357
05330902 2386790 complete expected=25 measured=74/357
06340520 16248619 complete expected=39 measured=75/357
03460000 22151401 complete expected=71 measured=76/357
06611200 15997918 complete expected=67 measured=77/357
06337480 14469913 complete expected=56 measured=78/357
06611900 15997508 complete expected=47 measured=79/357
07053250 8586574 complete expected=64 measured=80/357
06337470 14470111 complete expected=62 measured=81/357
07060710 11834118 complete expected=95 measured=82/357
06126470 12622488 complete expected=31 measured=83/357
07055646 11819355 complete expected=71 measured=84/357
06436180 5457710 complete expected=45 measured=85/357
03198350 6929270 complete expected=61 measured=86/357
06349930 16212988 complete expected=54 measured=87/357
06893390 4392783 complete expected=86 measured=88/357
06893400 4392783 complete expected=86 measured=89/357
06332515 21539242 complete expected=70 measured=90/357
06342200 14519065 complete expected=94 measured=91/357
07056515 11817935 complete expected=104 measured=92/357
03466208 19487012 complete expected=98 measured=93/357
06697100 5239514 complete expected=35 measured=94/357
07055814 11819177 complete expected=132 measured=95/357
07159720 254170 complete expected=122 measured=96/357
06893150 4393139 complete expected=142 measured=97/357
394340085524601 18460036 complete expected=30 measured=98/357
06294980 13262539 complete expected=31 measured=99/357
06893820 4390909 complete expected=127 measured=100/357
03524550 14639199 complete expected=132 measured=101/357
06436198 5454566 complete expected=91 measured=102/357
03497300 22130697 complete expected=143 measured=103/357
06339550 16249039 complete expected=114 measured=104/357
06611100 15999332 complete expected=113 measured=105/357
06331850 21531224 complete expected=72 measured=106/357
05531500 14785933 complete expected=85 measured=107/357
07048780 8588914 complete expected=138 measured=108/357
03010958 8971114 complete expected=186 measured=109/357
05461390 6560683 complete expected=97 measured=110/357
05331833 1850373 complete expected=44 measured=111/357
05320270 10596716 complete expected=75 measured=112/357
03474000 19751035 complete expected=164 measured=113/357
06339800 16246905 complete expected=64 measured=114/357
07231990 516065 complete expected=226 measured=115/357
07231975 516543 complete expected=330 measured=116/357
07048800 8590392 complete expected=155 measured=117/357
03357330 18464804 complete expected=23 measured=118/357
06331570 21530384 complete expected=129 measured=119/357
06344600 16233369 complete expected=177 measured=120/357
06332523 21538554 complete expected=55 measured=121/357
06734900 13560 complete expected=243 measured=122/357
06332520 21534392 complete expected=73 measured=123/357
06753400 2919739 complete expected=111 measured=124/357
06893500 4392705 complete expected=259 measured=125/357
06698500 5239512 complete expected=78 measured=126/357
06894000 4391187 complete expected=231 measured=127/357
05455100 11915787 complete expected=222 measured=128/357
06339100 16247217 complete expected=178 measured=129/357
06298000 5336835 complete expected=116 measured=130/357
06324890 9574219 complete expected=209 measured=131/357
06332770 21539336 complete expected=101 measured=132/357
05276005 4252434 complete expected=203 measured=133/357
06611300 15997734 complete expected=279 measured=134/357
05451210 6572160 complete expected=82 measured=135/357
03072000 3787957 complete expected=309 measured=136/357
06426400 10902235 complete expected=304 measured=137/357
06375600 5411845 complete expected=252 measured=138/357
06893578 4391199 complete expected=311 measured=139/357
06425900 10902911 complete expected=340 measured=140/357
07049000 8588002 complete expected=323 measured=141/357
06335750 14569114 complete expected=206 measured=142/357
06339900 16246791 complete expected=133 measured=143/357
06349900 16211440 complete expected=269 measured=144/357
03366500 18451023 complete expected=115 measured=145/357
07186480 7590365 complete expected=180 measured=146/357
05464220 22476707 complete expected=338 measured=147/357
07065495 7518879 complete expected=462 measured=148/357
03267900 3985518 complete expected=292 measured=149/357
07049050 8587646 complete expected=392 measured=150/357
06343000 16235445 complete expected=348 measured=151/357
05540500 14787279 complete expected=247 measured=152/357
06307570 5334067 complete expected=207 measured=153/357
06888500 3643688 complete expected=485 measured=154/357
07049160 24972259 complete expected=431 measured=155/357
06923250 7404139 complete expected=678 measured=156/357
05420680 6949292 complete expected=384 measured=157/357
06378300 5412091 complete expected=294 measured=158/357
03459500 22150419 complete expected=551 measured=159/357
06294995 13259795 complete expected=184 measured=160/357
06800000 17262269 complete expected=382 measured=161/357
03575100 19621328 complete expected=472 measured=162/357
06336500 13467386 complete expected=245 measured=163/357
06719505 2885178 complete expected=203 measured=164/357
07048600 8590894 complete expected=518 measured=165/357
06713500 233727 complete expected=231 measured=166/357
07048700 8590362 complete expected=541 measured=167/357
06885500 2277053 complete expected=148 measured=168/357
06891500 3733307 complete expected=703 measured=169/357
05449500 6570940 complete expected=171 measured=170/357
06890100 745717 complete expected=723 measured=171/357
06294940 13256213 complete expected=338 measured=172/357
03040000 4753658 complete expected=461 measured=173/357
06307600 5334729 complete expected=370 measured=174/357
03289500 1825460 complete expected=115 measured=175/357
07061600 7668920 complete expected=808 measured=176/357
07050500 8586784 complete expected=575 measured=177/357
03281000 486782 complete expected=750 measured=178/357
06324925 9573693 complete expected=561 measured=179/357
06177500 12526443 complete expected=169 measured=180/357
06340000 16249787 complete expected=296 measured=181/357
07288650 17963095 complete expected=764 measured=182/357
05572000 13571751 complete expected=550 measured=183/357
06753990 2920517 complete expected=281 measured=184/357
06350000 16213178 complete expected=539 measured=185/357
06775900 17391613 complete expected=15 measured=186/357
06336600 13466672 complete expected=340 measured=187/357
05532500 14786231 complete expected=480 measured=188/357
06326600 9816703 complete expected=421 measured=189/357
03281500 503758 complete expected=973 measured=190/357
06307740 12754833 complete expected=661 measured=191/357
05536995 14787485 complete expected=287 measured=192/357
06339300 16248197 complete expected=544 measured=193/357
07143672 21176300 complete expected=970 measured=194/357
07144780 21159337 complete expected=295 measured=195/357
03104500 12998732 complete expected=1267 measured=196/357
06295250 13236431 complete expected=472 measured=197/357
07056000 11818755 complete expected=1322 measured=198/357
07189000 7601075 complete expected=619 measured=199/357
06609500 17208706 complete expected=1156 measured=200/357
06316400 5372107 complete expected=642 measured=201/357
07196500 400380 complete expected=1237 measured=202/357
06183450 3097061 complete expected=265 measured=203/357
06364700 5401773 complete expected=707 measured=204/357
06731000 2890908 complete expected=671 measured=205/357
03024000 9053487 complete expected=1431 measured=206/357
06752000 2900705 complete expected=1016 measured=207/357
05568000 13598741 complete expected=1051 measured=208/357
05457750 7016429 complete expected=817 measured=209/357
03280000 454154 complete expected=1279 measured=210/357
05320500 10596370 complete expected=516 measured=211/357
06890900 748073 complete expected=1708 measured=212/357
03030852 6877337 complete expected=1655 measured=213/357
03245500 25243939 complete expected=1522 measured=214/357
06880800 18799565 complete expected=970 measured=215/357
03209500 887151 complete expected=1515 measured=216/357
03025490 9053513 complete expected=1706 measured=217/357
06324970 9572887 complete expected=1507 measured=218/357
07144100 21177172 complete expected=1448 measured=219/357
03339000 10080962 complete expected=1057 measured=220/357
06296003 13235013 complete expected=741 measured=221/357
03453500 22161966 complete expected=1998 measured=222/357
05550000 14771760 complete expected=1233 measured=223/357
05333500 2263699 complete expected=781 measured=224/357
03528000 14642349 complete expected=1774 measured=225/357
06306300 5334435 complete expected=1226 measured=226/357
05412500 13312489 complete expected=1912 measured=227/357
05418600 13383175 complete expected=2345 measured=228/357
05538020 14788089 complete expected=1041 measured=229/357
03467609 19488812 complete expected=2452 measured=230/357
03083500 3806147 complete expected=2050 measured=231/357
06307500 5334799 complete expected=1461 measured=232/357
06905500 5816473 complete expected=2637 measured=233/357
06177825 12523753 complete expected=916 measured=234/357
06208500 4268026 complete expected=2524 measured=235/357
05526000 13451898 complete expected=1662 measured=236/357
03212500 886643 complete expected=2380 measured=237/357
06340500 16249791 complete expected=1730 measured=238/357
05520500 13438215 complete expected=979 measured=239/357
05422000 14796119 complete expected=2737 measured=240/357
03354000 18477453 complete expected=856 measured=241/357
06191500 4369760 complete expected=1442 measured=242/357
05552500 14763925 complete expected=2053 measured=243/357
06307616 12756851 complete expected=2147 measured=244/357
07077500 9277778 complete expected=4124 measured=245/357
05453100 17543597 complete expected=2885 measured=246/357
06810000 659674 complete expected=3622 measured=247/357
06930800 7447469 complete expected=5826 measured=248/357
06313500 9594022 complete expected=2250 measured=249/357
06710247 188209 complete expected=1835 measured=250/357
03107500 19464254 complete expected=4581 measured=251/357
06349000 16225429 complete expected=3319 measured=252/357
06607500 14626246 complete expected=3700 measured=253/357
05322000 2747412 complete expected=1680 measured=254/357
03016000 10220190 complete expected=3926 measured=255/357
03176500 6908699 complete expected=4813 measured=256/357
06714000 228593 complete expected=2252 measured=257/357
03215000 909015 complete expected=4390 measured=258/357
07097000 949993 complete expected=2753 measured=259/357
03284000 1827692 complete expected=4778 measured=260/357
06354000 16203752 complete expected=3570 measured=261/357
07099200 952465 complete expected=2980 measured=262/357
05474000 7006146 complete expected=4980 measured=263/357
06882000 2275923 complete expected=4153 measured=264/357
07099400 950993 complete expected=3481 measured=265/357
06720500 229493 complete expected=2697 measured=266/357
05463050 22472163 complete expected=3755 measured=267/357
03373500 18445710 complete expected=1893 measured=268/357
05583000 14819009 complete expected=4570 measured=269/357
05464020 22476839 complete expected=4265 measured=270/357
03287500 1825588 complete expected=5473 measured=271/357
06437000 5454116 complete expected=6602 measured=272/357
07221500 20052023 complete expected=2795 measured=273/357
05340500 2649362 complete expected=3632 measured=274/357
05311000 4122594 complete expected=4461 measured=275/357
03290500 1825520 complete expected=5821 measured=276/357
05464420 22473833 complete expected=5756 measured=277/357
05464480 22473911 complete expected=5961 measured=278/357
03185400 6920810 complete expected=8173 measured=279/357
06800500 24750511 complete expected=4526 measured=280/357
05464760 17556797 complete expected=6352 measured=281/357
06485500 7226820 complete expected=6184 measured=282/357
06902000 5969716 complete expected=7046 measured=283/357
06438000 5460336 complete expected=8249 measured=284/357
03085000 3785861 complete expected=9543 measured=285/357
05464935 17557643 complete expected=7144 measured=286/357
06463720 17279985 complete expected=5036 measured=287/357
06324500 5387929 complete expected=6469 measured=288/357
05543500 14780172 complete expected=5323 measured=289/357
06337000 14469321 complete expected=8174 measured=290/357
06754000 226565 complete expected=6349 measured=291/357
05553700 14835421 complete expected=7551 measured=292/357
03374100 18471310 complete expected=4244 measured=293/357
Traceback (most recent call last):
  File "/Users/yzccc/river_graph/scripts/build_doc_river_planform_v1.py", line 175, in <module>
    print(f"{record['station']} {record['comid']} {record['status']} expected={record['expected_reaches']} measured={len(values)}/357", flush=True)

  File "/Users/yzccc/river_graph/scripts/build_doc_river_planform_v1.py", line 137, in main
    # Two requests in flight, then update the shared geometry cache before
                                                              ^^^^^^^^^^^^^
  File "/opt/homebrew/Cellar/python@3.12/3.12.14/Frameworks/Python.framework/Versions/3.12/lib/python3.12/concurrent/futures/_base.py", line 451, in result
    self._condition.wait(timeout)
  File "/opt/homebrew/Cellar/python@3.12/3.12.14/Frameworks/Python.framework/Versions/3.12/lib/python3.12/threading.py", line 355, in wait
    waiter.acquire()
KeyboardInterrupt
