/Users/yzccc/river_graph/.venv/lib/python3.12/site-packages/torch/jit/_script.py:1491: FutureWarning: `torch.jit.script` is deprecated. Please switch to `torch.compile` or `torch.export`.
  warnings.warn(
              model_name      mae  signed_bias  q90_mae
           current_model 1.829579    -0.667535 9.225863
joint_shuffle_integrated 1.769250    -0.634496 9.073485
  joint_shuffle_residual 1.771554    -0.624358 9.054936
 joint_source_integrated 1.773236    -0.628029 9.073502
   joint_source_residual 1.776089    -0.612959 9.050676
     matched_daily_trees 1.963925    -0.519447 9.618575
    station_hidden_trees 1.866362    -0.611014 9.394458
  unmonitored_integrated 1.769053    -0.638608 9.075420
    unmonitored_residual 1.772035    -0.625464 9.053055
               candidate                reference  relative_gain_pct  gain_ci_low_pct  gain_ci_high_pct  improved_partitions
  joint_shuffle_residual   unmonitored_integrated          -0.141375        -0.500475          0.197608                    1
  joint_shuffle_residual     station_hidden_trees           5.079866         2.454982          7.888151                    3
  joint_shuffle_residual            current_model           3.171531         1.469798          4.917307                    3
joint_shuffle_integrated   unmonitored_integrated          -0.011188        -0.270893          0.245244                    1
joint_shuffle_integrated     station_hidden_trees           5.203265         2.745687          7.885011                    3
joint_shuffle_integrated            current_model           3.297411         1.653774          5.045192                    3
   joint_source_residual   unmonitored_integrated          -0.397757        -0.803674         -0.043283                    0
   joint_source_residual     station_hidden_trees           4.836852         2.201562          7.672648                    3
   joint_source_residual            current_model           2.923631         1.232864          4.664179                    3
 joint_source_integrated   unmonitored_integrated          -0.236488        -0.491681         -0.027097                    0
 joint_source_integrated     station_hidden_trees           4.989712         2.586612          7.628416                    3
 joint_source_integrated            current_model           3.079565         1.443098          4.812395                    3
 joint_source_integrated joint_shuffle_integrated          -0.225275        -0.511590          0.039707                    0
   joint_source_residual   joint_shuffle_residual          -0.256020        -0.555419          0.019301                    0
   joint_source_residual     unmonitored_residual          -0.228774        -0.540808          0.024269                    0
  joint_shuffle_residual     unmonitored_residual           0.027176        -0.321998          0.338386                    1
