/Users/yzccc/river_graph/.venv/lib/python3.12/site-packages/torch/jit/_script.py:1491: FutureWarning: `torch.jit.script` is deprecated. Please switch to `torch.compile` or `torch.export`.
  warnings.warn(
{"run": "split142_seed42", "stage": "native_target_trees", "elapsed_seconds": 7.313178708951455}
{"run": "split142_seed42", "stage": "log_l1_boosting", "elapsed_seconds": 8.328717166965362}
{"run": "split142_seed42", "stage": "native_l1_boosting", "elapsed_seconds": 9.363781708991155}
{"run": "split142_seed43", "stage": "native_target_trees", "elapsed_seconds": 7.22496212500846}
{"run": "split142_seed43", "stage": "log_l1_boosting", "elapsed_seconds": 8.237442832964007}
{"run": "split142_seed43", "stage": "native_l1_boosting", "elapsed_seconds": 9.250778040965088}
{"run": "split142_seed44", "stage": "native_target_trees", "elapsed_seconds": 7.2448773750220425}
{"run": "split142_seed44", "stage": "log_l1_boosting", "elapsed_seconds": 8.265226959018037}
{"run": "split142_seed44", "stage": "native_l1_boosting", "elapsed_seconds": 9.296561459021177}
{"run": "split143_seed42", "stage": "native_target_trees", "elapsed_seconds": 5.043013832997531}
{"run": "split143_seed42", "stage": "log_l1_boosting", "elapsed_seconds": 6.085421541996766}
{"run": "split143_seed42", "stage": "native_l1_boosting", "elapsed_seconds": 7.168889292050153}
{"run": "split143_seed43", "stage": "native_target_trees", "elapsed_seconds": 5.506983375002164}
{"run": "split143_seed43", "stage": "log_l1_boosting", "elapsed_seconds": 6.604652250010986}
{"run": "split143_seed43", "stage": "native_l1_boosting", "elapsed_seconds": 7.725109499995597}
{"run": "split143_seed44", "stage": "native_target_trees", "elapsed_seconds": 5.603774624993093}
{"run": "split143_seed44", "stage": "log_l1_boosting", "elapsed_seconds": 6.774574333976489}
{"run": "split143_seed44", "stage": "native_l1_boosting", "elapsed_seconds": 7.968317958991975}
{"run": "split144_seed42", "stage": "native_target_trees", "elapsed_seconds": 6.141123791981954}
{"run": "split144_seed42", "stage": "log_l1_boosting", "elapsed_seconds": 7.273210667015519}
{"run": "split144_seed42", "stage": "native_l1_boosting", "elapsed_seconds": 8.352480000001378}
{"run": "split144_seed43", "stage": "native_target_trees", "elapsed_seconds": 5.3614863329567015}
{"run": "split144_seed43", "stage": "log_l1_boosting", "elapsed_seconds": 8.48257512494456}
{"run": "split144_seed43", "stage": "native_l1_boosting", "elapsed_seconds": 9.602557124977466}
{"run": "split144_seed44", "stage": "native_target_trees", "elapsed_seconds": 5.074861625034828}
{"run": "split144_seed44", "stage": "log_l1_boosting", "elapsed_seconds": 6.181384833005723}
{"run": "split144_seed44", "stage": "native_l1_boosting", "elapsed_seconds": 7.243295208027121}
