Candidates 437, monthly eligible 133
Permitted DOC sample days 29285; loading daily discharge
{
  "source_cells": 21459,
  "raw_same_day_policy": "median dissolved uncensored mg/L within allowed source months; no date widening",
  "n_candidates": 437,
  "n_monthly_eligible": 133,
  "n_pre_screen_eligible": 137,
  "mapping_audit": {
    "area_consistent": 327,
    "gross_area_mismatch": 15,
    "official_area_missing": 15
  },
  "n_mixing_rows": 253,
  "n_pathway_edges": 189,
  "bootstrap_draws": 5000,
  "shared_stations": {
    "n_shared_station_components": 17,
    "component_station_counts": [
      40,
      24,
      14,
      9,
      5,
      4,
      4,
      4,
      4,
      4,
      3,
      3,
      3,
      3,
      3,
      3,
      3
    ]
  },
  "models_retrained": false,
  "external_or_geographical_test_read": false,
  "simulation": "synthetic normalized timing, unfitted, equal source flow and reach budget"
}
