/Users/yzccc/river_graph/.venv/lib/python3.12/site-packages/torch/jit/_script.py:1491: FutureWarning: `torch.jit.script` is deprecated. Please switch to `torch.compile` or `torch.export`.
  warnings.warn(
                 model_name      mae  signed_bias  q90_mae
              current_model 1.829579    -0.667535 9.225863
        matched_daily_trees 1.963925    -0.519447 9.618575
source_auxiliary_integrated 1.788135    -0.630579 9.112441
  source_auxiliary_residual 1.788453    -0.620959 9.092477
  source_shuffle_integrated 1.769833    -0.621576 9.060217
    source_shuffle_residual 1.772123    -0.610965 9.041428
       station_hidden_trees 1.866362    -0.611014 9.394458
     unmonitored_integrated 1.769053    -0.638608 9.075420
       unmonitored_residual 1.772035    -0.625464 9.053055
                  candidate                 reference  relative_gain_pct  gain_ci_low_pct  gain_ci_high_pct  improved_partitions
    source_shuffle_residual    unmonitored_integrated          -0.173550        -0.639544          0.218410                    2
    source_shuffle_residual      station_hidden_trees           5.049368         2.352850          7.962047                    3
    source_shuffle_residual             current_model           3.140420         1.436761          4.899804                    3
  source_shuffle_integrated    unmonitored_integrated          -0.044121        -0.305840          0.214728                    2
  source_shuffle_integrated      station_hidden_trees           5.172049         2.664686          7.899673                    3
  source_shuffle_integrated             current_model           3.265567         1.604575          5.033256                    3
  source_auxiliary_residual    unmonitored_integrated          -1.096672        -1.886792         -0.379608                    0
  source_auxiliary_residual      station_hidden_trees           4.174377         2.060486          6.472214                    3
  source_auxiliary_residual             current_model           2.247837         0.369951          4.272103                    3
source_auxiliary_integrated    unmonitored_integrated          -1.078658        -1.886491         -0.331050                    0
source_auxiliary_integrated      station_hidden_trees           4.191452         2.107942          6.476680                    3
source_auxiliary_integrated             current_model           2.265255         0.380008          4.314003                    3
source_auxiliary_integrated source_shuffle_integrated          -1.034081        -1.877599         -0.275598                    0
  source_auxiliary_residual   source_shuffle_residual          -0.921522        -1.909165          0.035821                    0
  source_auxiliary_residual      unmonitored_residual          -0.926513        -1.991113          0.088288                    0
    source_shuffle_residual      unmonitored_residual          -0.004946        -0.294130          0.287757                    2
