/Users/yzccc/.matplotlib is not a writable directory
Matplotlib created a temporary cache directory at /var/folders/kl/2fcqmxl93rv6fsdm6q_y0n5h0000gn/T/matplotlib-g9tcimv6 because there was an issue with the default path (/Users/yzccc/.matplotlib); it is highly recommended to set the MPLCONFIGDIR environment variable to a writable directory, in particular to speed up the import of Matplotlib and to better support multiprocessing.
Matplotlib is building the font cache; this may take a moment.
/Users/yzccc/river_graph/.venv/lib/python3.12/site-packages/torch/jit/_script.py:1491: FutureWarning: `torch.jit.script` is deprecated. Please switch to `torch.compile` or `torch.export`.
  warnings.warn(
                    model_name      mae  signed_bias  q90_mae
                 current_model 1.829579    -0.667535 9.225863
integrated_concentration_hydro 1.782415    -0.815543 9.191678
         integrated_log_affine 1.777193    -0.789748 9.172332
           matched_daily_trees 1.963925    -0.519447 9.618575
    native_concentration_hydro 1.785361    -0.802380 9.169452
             native_log_affine 1.779801    -0.776604 9.149597
          station_hidden_trees 1.866362    -0.611014 9.394458
     trees_concentration_hydro 1.858876    -0.787967 9.519020
              trees_log_affine 1.861948    -0.762165 9.500539
        unmonitored_integrated 1.769053    -0.638608 9.075420
          unmonitored_residual 1.772035    -0.625464 9.053055
                     candidate                 reference  relative_gain_pct  gain_ci_low_pct  gain_ci_high_pct  improved_partitions
              trees_log_affine      station_hidden_trees           0.236529        -0.668651          1.187854                    2
             native_log_affine      unmonitored_residual          -0.438267        -1.249302          0.449804                    0
         integrated_log_affine    unmonitored_integrated          -0.460138        -1.306864          0.454581                    0
         integrated_log_affine          trees_log_affine           4.551960         2.051072          7.310446                    3
         integrated_log_affine             current_model           2.863313         1.222220          4.572880                    3
     trees_concentration_hydro      station_hidden_trees           0.401127        -0.758847          1.607815                    3
    native_concentration_hydro      unmonitored_residual          -0.751998        -1.804252          0.329866                    0
integrated_concentration_hydro    unmonitored_integrated          -0.755345        -1.849583          0.372414                    0
integrated_concentration_hydro trees_concentration_hydro           4.113279         1.570154          6.869605                    3
integrated_concentration_hydro             current_model           2.577872         0.899432          4.318378                    3
