/Users/yzccc/river_graph/.venv/lib/python3.12/site-packages/torch/jit/_script.py:1491: FutureWarning: `torch.jit.script` is deprecated. Please switch to `torch.compile` or `torch.export`.
  warnings.warn(
{"run": "split142_seed42", "stage": "log_affine", "source_rows": 15958, "validation_rows": 2283, "source_mae_before": 1.6865996826849774, "source_mae_after": 1.6732585260364652, "target_labels_read": false, "elapsed_seconds": 0.16302233398891985}
{"run": "split142_seed42", "stage": "concentration_hydro", "source_rows": 15958, "validation_rows": 2283, "source_mae_before": 1.6865996826849774, "source_mae_after": 1.6677679275162707, "target_labels_read": false, "elapsed_seconds": 0.16860604198882356}
{"run": "split142_seed42", "stage": "complete", "models": 11, "elapsed_seconds": 0.18432645895518363}
{"run": "split142_seed43", "stage": "log_affine", "source_rows": 15958, "validation_rows": 2283, "source_mae_before": 1.7617214153380003, "source_mae_after": 1.7476854847859176, "target_labels_read": false, "elapsed_seconds": 0.0590995000093244}
{"run": "split142_seed43", "stage": "concentration_hydro", "source_rows": 15958, "validation_rows": 2283, "source_mae_before": 1.7617214153380003, "source_mae_after": 1.7430372384788597, "target_labels_read": false, "elapsed_seconds": 0.0641437090234831}
{"run": "split142_seed43", "stage": "complete", "models": 11, "elapsed_seconds": 0.07519458397291601}
{"run": "split142_seed44", "stage": "log_affine", "source_rows": 15958, "validation_rows": 2283, "source_mae_before": 1.6999144002180369, "source_mae_after": 1.6897724938483134, "target_labels_read": false, "elapsed_seconds": 0.058794458978809416}
{"run": "split142_seed44", "stage": "concentration_hydro", "source_rows": 15958, "validation_rows": 2283, "source_mae_before": 1.6999144002180369, "source_mae_after": 1.6838084394184938, "target_labels_read": false, "elapsed_seconds": 0.06411941698752344}
{"run": "split142_seed44", "stage": "complete", "models": 11, "elapsed_seconds": 0.07499908399768174}
{"run": "split143_seed42", "stage": "log_affine", "source_rows": 15241, "validation_rows": 3068, "source_mae_before": 1.808691805683759, "source_mae_after": 1.7918844622628012, "target_labels_read": false, "elapsed_seconds": 0.059385541011579335}
{"run": "split143_seed42", "stage": "concentration_hydro", "source_rows": 15241, "validation_rows": 3068, "source_mae_before": 1.808691805683759, "source_mae_after": 1.7858777580859875, "target_labels_read": false, "elapsed_seconds": 0.06453504099044949}
{"run": "split143_seed42", "stage": "complete", "models": 11, "elapsed_seconds": 0.07729541603475809}
{"run": "split143_seed43", "stage": "log_affine", "source_rows": 15241, "validation_rows": 3068, "source_mae_before": 1.8221743576113407, "source_mae_after": 1.8117167269590262, "target_labels_read": false, "elapsed_seconds": 0.05828241701237857}
{"run": "split143_seed43", "stage": "concentration_hydro", "source_rows": 15241, "validation_rows": 3068, "source_mae_before": 1.8221743576113407, "source_mae_after": 1.8057510905709466, "target_labels_read": false, "elapsed_seconds": 0.06358274997910485}
{"run": "split143_seed43", "stage": "complete", "models": 11, "elapsed_seconds": 0.07697529200231656}
{"run": "split143_seed44", "stage": "log_affine", "source_rows": 15241, "validation_rows": 3068, "source_mae_before": 1.844488022056919, "source_mae_after": 1.832312668567557, "target_labels_read": false, "elapsed_seconds": 0.057844750001095235}
{"run": "split143_seed44", "stage": "concentration_hydro", "source_rows": 15241, "validation_rows": 3068, "source_mae_before": 1.844488022056919, "source_mae_after": 1.8265101908355006, "target_labels_read": false, "elapsed_seconds": 0.06274949997896329}
{"run": "split143_seed44", "stage": "complete", "models": 11, "elapsed_seconds": 0.07615670800441876}
{"run": "split144_seed42", "stage": "log_affine", "source_rows": 13727, "validation_rows": 3506, "source_mae_before": 1.7299161729219765, "source_mae_after": 1.718340617076581, "target_labels_read": false, "elapsed_seconds": 0.0588169579859823}
{"run": "split144_seed42", "stage": "concentration_hydro", "source_rows": 13727, "validation_rows": 3506, "source_mae_before": 1.7299161729219765, "source_mae_after": 1.7132967397570358, "target_labels_read": false, "elapsed_seconds": 0.0639642080059275}
{"run": "split144_seed42", "stage": "complete", "models": 11, "elapsed_seconds": 0.07773929199902341}
{"run": "split144_seed43", "stage": "log_affine", "source_rows": 13727, "validation_rows": 3506, "source_mae_before": 1.7165853825241806, "source_mae_after": 1.7047869319596813, "target_labels_read": false, "elapsed_seconds": 0.05869862501276657}
{"run": "split144_seed43", "stage": "concentration_hydro", "source_rows": 13727, "validation_rows": 3506, "source_mae_before": 1.7165853825241806, "source_mae_after": 1.6981976586459417, "target_labels_read": false, "elapsed_seconds": 0.06411120801931247}
{"run": "split144_seed43", "stage": "complete", "models": 11, "elapsed_seconds": 0.07790454203495756}
{"run": "split144_seed44", "stage": "log_affine", "source_rows": 13727, "validation_rows": 3506, "source_mae_before": 1.7069506190418609, "source_mae_after": 1.698512598437152, "target_labels_read": false, "elapsed_seconds": 0.05696816695854068}
{"run": "split144_seed44", "stage": "concentration_hydro", "source_rows": 13727, "validation_rows": 3506, "source_mae_before": 1.7069506190418609, "source_mae_after": 1.6922130634615467, "target_labels_read": false, "elapsed_seconds": 0.062037791998591274}
{"run": "split144_seed44", "stage": "complete", "models": 11, "elapsed_seconds": 0.0762244169600308}
