Candidates 437, monthly eligible 137
Permitted DOC sample days 29285; loading daily discharge
{
  "source_cells": 21459,
  "raw_same_day_policy": "median dissolved uncensored mg/L within allowed source months; no date widening",
  "n_candidates": 437,
  "n_monthly_eligible": 137,
  "n_mixing_rows": 267,
  "n_pathway_edges": 197,
  "bootstrap_draws": 5000,
  "shared_stations": {
    "n_shared_station_components": 18,
    "component_station_counts": [
      41,
      24,
      14,
      9,
      5,
      5,
      4,
      4,
      4,
      4,
      4,
      3,
      3,
      3,
      3,
      3,
      3,
      3
    ]
  },
  "models_retrained": false,
  "external_or_geographical_test_read": false,
  "simulation": "synthetic normalized timing, unfitted, equal source flow and reach budget"
}
