/Users/yzccc/river_graph/.venv/lib/python3.12/site-packages/torch/jit/_script.py:1491: FutureWarning: `torch.jit.script` is deprecated. Please switch to `torch.compile` or `torch.export`.
  warnings.warn(
{"run": "split142_seed42", "pid": 17260, "stage": "fitting environmental experts and station-OOF forests", "elapsed_seconds": 0.0, "updated_at": "2026-10-02T18:17:45.829108+00:00"}
{"run": "split142_seed42", "pid": 17260, "stage": "fitting temporal residual and validation selections", "elapsed_seconds": 28.31, "updated_at": "2026-10-02T18:18:14.138499+00:00"}
{"run": "split142_seed42", "pid": 17260, "stage": "temporal training", "elapsed_seconds": 62.17, "updated_at": "2026-10-02T18:18:47.997169+00:00", "epoch": 1, "loss": 0.4917549639940262, "val_loss": 0.5962454676628113}
{"run": "split142_seed42", "pid": 17260, "stage": "temporal training", "elapsed_seconds": 83.32, "updated_at": "2026-10-02T18:19:09.151484+00:00", "epoch": 2, "loss": 0.4899115264415741, "val_loss": 0.5958781242370605}
{"run": "split142_seed42", "pid": 17260, "stage": "temporal training", "elapsed_seconds": 104.59, "updated_at": "2026-10-02T18:19:30.420175+00:00", "epoch": 3, "loss": 0.48779191821813583, "val_loss": 0.5955267548561096}
{"run": "split142_seed42", "pid": 17260, "stage": "temporal training", "elapsed_seconds": 125.82, "updated_at": "2026-10-02T18:19:51.650960+00:00", "epoch": 4, "loss": 0.4853455722332001, "val_loss": 0.5952368974685669}
{"run": "split142_seed42", "pid": 17260, "stage": "temporal training", "elapsed_seconds": 147.0, "updated_at": "2026-10-02T18:20:12.830362+00:00", "epoch": 5, "loss": 0.4825788289308548, "val_loss": 0.5950753688812256}
{"run": "split142_seed42", "pid": 17260, "stage": "temporal training", "elapsed_seconds": 169.98, "updated_at": "2026-10-02T18:20:35.809829+00:00", "epoch": 6, "loss": 0.4794965013861656, "val_loss": 0.5951448082923889}
{"run": "split142_seed42", "pid": 17260, "stage": "temporal training", "elapsed_seconds": 191.02, "updated_at": "2026-10-02T18:20:56.849381+00:00", "epoch": 7, "loss": 0.4761752411723137, "val_loss": 0.5955982208251953}
{"run": "split142_seed42", "pid": 17260, "stage": "temporal training", "elapsed_seconds": 212.61, "updated_at": "2026-10-02T18:21:18.438677+00:00", "epoch": 8, "loss": 0.47259213775396347, "val_loss": 0.5966468453407288}
{"run": "split142_seed42", "pid": 17260, "stage": "temporal training", "elapsed_seconds": 234.99, "updated_at": "2026-10-02T18:21:40.823413+00:00", "epoch": 9, "loss": 0.46902264654636383, "val_loss": 0.5985938906669617}
{"run": "split142_seed42", "pid": 17260, "stage": "temporal training", "elapsed_seconds": 255.98, "updated_at": "2026-10-02T18:22:01.807939+00:00", "epoch": 10, "loss": 0.46565355360507965, "val_loss": 0.601843535900116}
{"run": "split142_seed42", "pid": 17260, "stage": "exporting four matched models at K=0,1,3,5", "elapsed_seconds": 260.88, "updated_at": "2026-10-02T18:22:06.716003+00:00", "fusion": "log_affine"}
{"run": "split142_seed42", "pid": 17260, "stage": "complete", "elapsed_seconds": 261.15, "updated_at": "2026-10-02T18:22:06.980839+00:00", "best_epoch": 5, "fusion": "log_affine", "alpha": {"context": {"0": 0.0, "1": 0.25, "3": 0.75, "5": 0.75}, "hybrid": {"0": 0.0, "1": 0.25, "3": 0.5, "5": 0.75}}}
{"run": "split142_seed43", "pid": 17260, "stage": "fitting environmental experts and station-OOF forests", "elapsed_seconds": 0.0, "updated_at": "2026-10-02T18:22:07.071380+00:00"}
{"run": "split142_seed43", "pid": 17260, "stage": "fitting temporal residual and validation selections", "elapsed_seconds": 30.19, "updated_at": "2026-10-02T18:22:37.259242+00:00"}
{"run": "split142_seed43", "pid": 17260, "stage": "temporal training", "elapsed_seconds": 61.21, "updated_at": "2026-10-02T18:23:08.282976+00:00", "epoch": 1, "loss": 0.5170566812157631, "val_loss": 0.592603325843811}
{"run": "split142_seed43", "pid": 17260, "stage": "temporal training", "elapsed_seconds": 81.25, "updated_at": "2026-10-02T18:23:28.323471+00:00", "epoch": 2, "loss": 0.5152165070176125, "val_loss": 0.5922932028770447}
{"run": "split142_seed43", "pid": 17260, "stage": "temporal training", "elapsed_seconds": 101.28, "updated_at": "2026-10-02T18:23:48.352755+00:00", "epoch": 3, "loss": 0.5131350681185722, "val_loss": 0.5920451879501343}
{"run": "split142_seed43", "pid": 17260, "stage": "temporal training", "elapsed_seconds": 122.71, "updated_at": "2026-10-02T18:24:09.780344+00:00", "epoch": 4, "loss": 0.5107751116156578, "val_loss": 0.5919187068939209}
{"run": "split142_seed43", "pid": 17260, "stage": "temporal training", "elapsed_seconds": 144.4, "updated_at": "2026-10-02T18:24:31.476977+00:00", "epoch": 5, "loss": 0.508081927895546, "val_loss": 0.5920037031173706}
{"run": "split142_seed43", "pid": 17260, "stage": "temporal training", "elapsed_seconds": 166.46, "updated_at": "2026-10-02T18:24:53.528595+00:00", "epoch": 6, "loss": 0.5051178932189941, "val_loss": 0.5924344658851624}
{"run": "split142_seed43", "pid": 17260, "stage": "temporal training", "elapsed_seconds": 187.66, "updated_at": "2026-10-02T18:25:14.737566+00:00", "epoch": 7, "loss": 0.5019888356328011, "val_loss": 0.5934070944786072}
{"run": "split142_seed43", "pid": 17260, "stage": "temporal training", "elapsed_seconds": 209.16, "updated_at": "2026-10-02T18:25:36.233723+00:00", "epoch": 8, "loss": 0.49861782789230347, "val_loss": 0.5952061414718628}
{"run": "split142_seed43", "pid": 17260, "stage": "temporal training", "elapsed_seconds": 231.63, "updated_at": "2026-10-02T18:25:58.706568+00:00", "epoch": 9, "loss": 0.49532500654459, "val_loss": 0.5982228517532349}
{"run": "split142_seed43", "pid": 17260, "stage": "exporting four matched models at K=0,1,3,5", "elapsed_seconds": 236.68, "updated_at": "2026-10-02T18:26:03.755778+00:00", "fusion": "log_affine"}
{"run": "split142_seed43", "pid": 17260, "stage": "complete", "elapsed_seconds": 236.89, "updated_at": "2026-10-02T18:26:03.959289+00:00", "best_epoch": 4, "fusion": "log_affine", "alpha": {"context": {"0": 0.0, "1": 0.25, "3": 0.75, "5": 0.75}, "hybrid": {"0": 0.0, "1": 0.25, "3": 0.5, "5": 0.75}}}
{"run": "split142_seed44", "pid": 17260, "stage": "fitting environmental experts and station-OOF forests", "elapsed_seconds": 0.0, "updated_at": "2026-10-02T18:26:04.037533+00:00"}
{"run": "split142_seed44", "pid": 17260, "stage": "fitting temporal residual and validation selections", "elapsed_seconds": 31.27, "updated_at": "2026-10-02T18:26:35.304401+00:00"}
{"run": "split142_seed44", "pid": 17260, "stage": "temporal training", "elapsed_seconds": 62.97, "updated_at": "2026-10-02T18:27:07.012354+00:00", "epoch": 1, "loss": 0.5185058861970901, "val_loss": 0.5926721692085266}
{"run": "split142_seed44", "pid": 17260, "stage": "temporal training", "elapsed_seconds": 85.31, "updated_at": "2026-10-02T18:27:29.350704+00:00", "epoch": 2, "loss": 0.5165443420410156, "val_loss": 0.5923442840576172}
{"run": "split142_seed44", "pid": 17260, "stage": "temporal training", "elapsed_seconds": 108.43, "updated_at": "2026-10-02T18:27:52.463953+00:00", "epoch": 3, "loss": 0.5143537670373917, "val_loss": 0.592114269733429}
{"run": "split142_seed44", "pid": 17260, "stage": "temporal training", "elapsed_seconds": 131.94, "updated_at": "2026-10-02T18:28:15.978439+00:00", "epoch": 4, "loss": 0.5119086429476738, "val_loss": 0.5920596718788147}
{"run": "split142_seed44", "pid": 17260, "stage": "temporal training", "elapsed_seconds": 154.16, "updated_at": "2026-10-02T18:28:38.203341+00:00", "epoch": 5, "loss": 0.5092565044760704, "val_loss": 0.592296302318573}
{"run": "split142_seed44", "pid": 17260, "stage": "temporal training", "elapsed_seconds": 177.76, "updated_at": "2026-10-02T18:29:01.796588+00:00", "epoch": 6, "loss": 0.5063850954174995, "val_loss": 0.5929904580116272}
{"run": "split142_seed44", "pid": 17260, "stage": "temporal training", "elapsed_seconds": 198.26, "updated_at": "2026-10-02T18:29:22.296974+00:00", "epoch": 7, "loss": 0.5033703446388245, "val_loss": 0.5943835377693176}
{"run": "split142_seed44", "pid": 17260, "stage": "temporal training", "elapsed_seconds": 219.3, "updated_at": "2026-10-02T18:29:43.337236+00:00", "epoch": 8, "loss": 0.5005068182945251, "val_loss": 0.5967994332313538}
{"run": "split142_seed44", "pid": 17260, "stage": "temporal training", "elapsed_seconds": 240.05, "updated_at": "2026-10-02T18:30:04.087847+00:00", "epoch": 9, "loss": 0.49793462455272675, "val_loss": 0.6006343960762024}
{"run": "split142_seed44", "pid": 17260, "stage": "exporting four matched models at K=0,1,3,5", "elapsed_seconds": 245.17, "updated_at": "2026-10-02T18:30:09.207573+00:00", "fusion": "log_affine"}
{"run": "split142_seed44", "pid": 17260, "stage": "complete", "elapsed_seconds": 245.37, "updated_at": "2026-10-02T18:30:09.412326+00:00", "best_epoch": 4, "fusion": "log_affine", "alpha": {"context": {"0": 0.0, "1": 0.25, "3": 0.75, "5": 0.75}, "hybrid": {"0": 0.0, "1": 0.25, "3": 0.5, "5": 0.75}}}
{"run": "split143_seed42", "pid": 17260, "stage": "fitting environmental experts and station-OOF forests", "elapsed_seconds": 0.0, "updated_at": "2026-10-02T18:30:09.494815+00:00"}
{"run": "split143_seed42", "pid": 17260, "stage": "fitting temporal residual and validation selections", "elapsed_seconds": 30.18, "updated_at": "2026-10-02T18:30:39.674774+00:00"}
{"run": "split143_seed42", "pid": 17260, "stage": "temporal training", "elapsed_seconds": 65.02, "updated_at": "2026-10-02T18:31:14.519669+00:00", "epoch": 1, "loss": 0.48320258408784866, "val_loss": 0.783675491809845}
{"run": "split143_seed42", "pid": 17260, "stage": "temporal training", "elapsed_seconds": 85.41, "updated_at": "2026-10-02T18:31:34.904365+00:00", "epoch": 2, "loss": 0.48155007511377335, "val_loss": 0.78023761510849}
{"run": "split143_seed42", "pid": 17260, "stage": "temporal training", "elapsed_seconds": 104.32, "updated_at": "2026-10-02T18:31:53.815499+00:00", "epoch": 3, "loss": 0.479614794254303, "val_loss": 0.7762417793273926}
{"run": "split143_seed42", "pid": 17260, "stage": "temporal training", "elapsed_seconds": 123.77, "updated_at": "2026-10-02T18:32:13.269735+00:00", "epoch": 4, "loss": 0.4773537963628769, "val_loss": 0.7716423273086548}
{"run": "split143_seed42", "pid": 17260, "stage": "temporal training", "elapsed_seconds": 144.16, "updated_at": "2026-10-02T18:32:33.656348+00:00", "epoch": 5, "loss": 0.4747535288333893, "val_loss": 0.7664118409156799}
{"run": "split143_seed42", "pid": 17260, "stage": "temporal training", "elapsed_seconds": 163.77, "updated_at": "2026-10-02T18:32:53.265309+00:00", "epoch": 6, "loss": 0.4718509241938591, "val_loss": 0.7605465054512024}
{"run": "split143_seed42", "pid": 17260, "stage": "temporal training", "elapsed_seconds": 183.71, "updated_at": "2026-10-02T18:33:13.207164+00:00", "epoch": 7, "loss": 0.46866574883461, "val_loss": 0.7540846467018127}
{"run": "split143_seed42", "pid": 17260, "stage": "temporal training", "elapsed_seconds": 203.42, "updated_at": "2026-10-02T18:33:32.914376+00:00", "epoch": 8, "loss": 0.4652741476893425, "val_loss": 0.7471429109573364}
{"run": "split143_seed42", "pid": 17260, "stage": "temporal training", "elapsed_seconds": 222.87, "updated_at": "2026-10-02T18:33:52.364874+00:00", "epoch": 9, "loss": 0.4617590010166168, "val_loss": 0.7399924397468567}
{"run": "split143_seed42", "pid": 17260, "stage": "temporal training", "elapsed_seconds": 243.33, "updated_at": "2026-10-02T18:34:12.825476+00:00", "epoch": 10, "loss": 0.45857909321784973, "val_loss": 0.7330973148345947}
{"run": "split143_seed42", "pid": 17260, "stage": "temporal training", "elapsed_seconds": 263.52, "updated_at": "2026-10-02T18:34:33.018192+00:00", "epoch": 11, "loss": 0.4559340476989746, "val_loss": 0.7272478938102722}
{"run": "split143_seed42", "pid": 17260, "stage": "temporal training", "elapsed_seconds": 284.93, "updated_at": "2026-10-02T18:34:54.423293+00:00", "epoch": 12, "loss": 0.45455462485551834, "val_loss": 0.7234622836112976}
{"run": "split143_seed42", "pid": 17260, "stage": "temporal training", "elapsed_seconds": 304.74, "updated_at": "2026-10-02T18:35:14.241420+00:00", "epoch": 13, "loss": 0.45436346530914307, "val_loss": 0.7220883965492249}
{"run": "split143_seed42", "pid": 17260, "stage": "temporal training", "elapsed_seconds": 325.07, "updated_at": "2026-10-02T18:35:34.570806+00:00", "epoch": 14, "loss": 0.4547613710165024, "val_loss": 0.7222639322280884}
{"run": "split143_seed42", "pid": 17260, "stage": "temporal training", "elapsed_seconds": 346.28, "updated_at": "2026-10-02T18:35:55.776360+00:00", "epoch": 15, "loss": 0.4545530080795288, "val_loss": 0.723029613494873}
{"run": "split143_seed42", "pid": 17260, "stage": "temporal training", "elapsed_seconds": 367.35, "updated_at": "2026-10-02T18:36:16.848268+00:00", "epoch": 16, "loss": 0.4532432034611702, "val_loss": 0.7240015864372253}
{"run": "split143_seed42", "pid": 17260, "stage": "temporal training", "elapsed_seconds": 387.39, "updated_at": "2026-10-02T18:36:36.887199+00:00", "epoch": 17, "loss": 0.4512776881456375, "val_loss": 0.7251750826835632}
{"run": "split143_seed42", "pid": 17260, "stage": "temporal training", "elapsed_seconds": 407.36, "updated_at": "2026-10-02T18:36:56.855497+00:00", "epoch": 18, "loss": 0.4487769231200218, "val_loss": 0.7266315817832947}
{"run": "split143_seed42", "pid": 17260, "stage": "exporting four matched models at K=0,1,3,5", "elapsed_seconds": 412.46, "updated_at": "2026-10-02T18:37:01.962358+00:00", "fusion": "log_affine"}
{"run": "split143_seed42", "pid": 17260, "stage": "complete", "elapsed_seconds": 412.66, "updated_at": "2026-10-02T18:37:02.163216+00:00", "best_epoch": 13, "fusion": "log_affine", "alpha": {"context": {"0": 0.0, "1": 0.25, "3": 0.75, "5": 1.0}, "hybrid": {"0": 0.0, "1": 0.5, "3": 0.75, "5": 1.0}}}
{"run": "split143_seed43", "pid": 17260, "stage": "fitting environmental experts and station-OOF forests", "elapsed_seconds": 0.0, "updated_at": "2026-10-02T18:37:02.238642+00:00"}
{"run": "split143_seed43", "pid": 17260, "stage": "fitting temporal residual and validation selections", "elapsed_seconds": 32.0, "updated_at": "2026-10-02T18:37:34.236464+00:00"}
{"run": "split143_seed43", "pid": 17260, "stage": "temporal training", "elapsed_seconds": 64.01, "updated_at": "2026-10-02T18:38:06.250675+00:00", "epoch": 1, "loss": 0.4751702696084976, "val_loss": 0.7848572134971619}
{"run": "split143_seed43", "pid": 17260, "stage": "temporal training", "elapsed_seconds": 84.79, "updated_at": "2026-10-02T18:38:27.030728+00:00", "epoch": 2, "loss": 0.4735289365053177, "val_loss": 0.7811073064804077}
{"run": "split143_seed43", "pid": 17260, "stage": "temporal training", "elapsed_seconds": 104.69, "updated_at": "2026-10-02T18:38:46.933346+00:00", "epoch": 3, "loss": 0.4716379716992378, "val_loss": 0.7768003940582275}
{"run": "split143_seed43", "pid": 17260, "stage": "temporal training", "elapsed_seconds": 125.02, "updated_at": "2026-10-02T18:39:07.264009+00:00", "epoch": 4, "loss": 0.4694814831018448, "val_loss": 0.7718932628631592}
{"run": "split143_seed43", "pid": 17260, "stage": "temporal training", "elapsed_seconds": 146.45, "updated_at": "2026-10-02T18:39:28.691931+00:00", "epoch": 5, "loss": 0.46701283007860184, "val_loss": 0.7663598656654358}
{"run": "split143_seed43", "pid": 17260, "stage": "temporal training", "elapsed_seconds": 165.75, "updated_at": "2026-10-02T18:39:47.988699+00:00", "epoch": 6, "loss": 0.46428292989730835, "val_loss": 0.7601956725120544}
{"run": "split143_seed43", "pid": 17260, "stage": "temporal training", "elapsed_seconds": 186.08, "updated_at": "2026-10-02T18:40:08.319230+00:00", "epoch": 7, "loss": 0.46132515370845795, "val_loss": 0.7534421682357788}
{"run": "split143_seed43", "pid": 17260, "stage": "temporal training", "elapsed_seconds": 207.55, "updated_at": "2026-10-02T18:40:29.787582+00:00", "epoch": 8, "loss": 0.4582623764872551, "val_loss": 0.7462165355682373}
{"run": "split143_seed43", "pid": 17260, "stage": "temporal training", "elapsed_seconds": 226.88, "updated_at": "2026-10-02T18:40:49.124889+00:00", "epoch": 9, "loss": 0.4552062079310417, "val_loss": 0.7387655377388}
{"run": "split143_seed43", "pid": 17260, "stage": "temporal training", "elapsed_seconds": 250.21, "updated_at": "2026-10-02T18:41:12.449348+00:00", "epoch": 10, "loss": 0.4524463340640068, "val_loss": 0.7316207885742188}
{"run": "split143_seed43", "pid": 17260, "stage": "temporal training", "elapsed_seconds": 271.69, "updated_at": "2026-10-02T18:41:33.927743+00:00", "epoch": 11, "loss": 0.4507305845618248, "val_loss": 0.7257320284843445}
{"run": "split143_seed43", "pid": 17260, "stage": "temporal training", "elapsed_seconds": 290.99, "updated_at": "2026-10-02T18:41:53.227229+00:00", "epoch": 12, "loss": 0.4499436691403389, "val_loss": 0.7221753001213074}
{"run": "split143_seed43", "pid": 17260, "stage": "temporal training", "elapsed_seconds": 310.36, "updated_at": "2026-10-02T18:42:12.604720+00:00", "epoch": 13, "loss": 0.4499875232577324, "val_loss": 0.7209733724594116}
{"run": "split143_seed43", "pid": 17260, "stage": "temporal training", "elapsed_seconds": 329.63, "updated_at": "2026-10-02T18:42:31.873469+00:00", "epoch": 14, "loss": 0.4498911425471306, "val_loss": 0.7212289571762085}
{"run": "split143_seed43", "pid": 17260, "stage": "temporal training", "elapsed_seconds": 349.05, "updated_at": "2026-10-02T18:42:51.287825+00:00", "epoch": 15, "loss": 0.44889460504055023, "val_loss": 0.7222782373428345}
{"run": "split143_seed43", "pid": 17260, "stage": "temporal training", "elapsed_seconds": 368.42, "updated_at": "2026-10-02T18:43:10.661666+00:00", "epoch": 16, "loss": 0.44716525822877884, "val_loss": 0.7238624095916748}
{"run": "split143_seed43", "pid": 17260, "stage": "temporal training", "elapsed_seconds": 387.73, "updated_at": "2026-10-02T18:43:29.979773+00:00", "epoch": 17, "loss": 0.44473259150981903, "val_loss": 0.7258535027503967}
{"run": "split143_seed43", "pid": 17260, "stage": "temporal training", "elapsed_seconds": 407.27, "updated_at": "2026-10-02T18:43:49.532671+00:00", "epoch": 18, "loss": 0.44249989837408066, "val_loss": 0.7281107902526855}
{"run": "split143_seed43", "pid": 17260, "stage": "exporting four matched models at K=0,1,3,5", "elapsed_seconds": 412.41, "updated_at": "2026-10-02T18:43:54.675296+00:00", "fusion": "log_affine"}
{"run": "split143_seed43", "pid": 17260, "stage": "complete", "elapsed_seconds": 412.61, "updated_at": "2026-10-02T18:43:54.878475+00:00", "best_epoch": 13, "fusion": "log_affine", "alpha": {"context": {"0": 0.0, "1": 0.25, "3": 0.75, "5": 1.0}, "hybrid": {"0": 0.0, "1": 0.25, "3": 0.75, "5": 1.0}}}
{"run": "split143_seed44", "pid": 17260, "stage": "fitting environmental experts and station-OOF forests", "elapsed_seconds": 0.0, "updated_at": "2026-10-02T18:43:54.952299+00:00"}
{"run": "split143_seed44", "pid": 17260, "stage": "fitting temporal residual and validation selections", "elapsed_seconds": 32.46, "updated_at": "2026-10-02T18:44:27.418992+00:00"}
{"run": "split143_seed44", "pid": 17260, "stage": "temporal training", "elapsed_seconds": 63.2, "updated_at": "2026-10-02T18:44:58.154585+00:00", "epoch": 1, "loss": 0.48238081485033035, "val_loss": 0.7981435060501099}
{"run": "split143_seed44", "pid": 17260, "stage": "temporal training", "elapsed_seconds": 82.75, "updated_at": "2026-10-02T18:45:17.705852+00:00", "epoch": 2, "loss": 0.4804452285170555, "val_loss": 0.7940642237663269}
{"run": "split143_seed44", "pid": 17260, "stage": "temporal training", "elapsed_seconds": 102.3, "updated_at": "2026-10-02T18:45:37.257313+00:00", "epoch": 3, "loss": 0.4782484546303749, "val_loss": 0.7894548773765564}
{"run": "split143_seed44", "pid": 17260, "stage": "temporal training", "elapsed_seconds": 121.75, "updated_at": "2026-10-02T18:45:56.711347+00:00", "epoch": 4, "loss": 0.47576580941677094, "val_loss": 0.7842943072319031}
{"run": "split143_seed44", "pid": 17260, "stage": "temporal training", "elapsed_seconds": 141.18, "updated_at": "2026-10-02T18:46:16.141553+00:00", "epoch": 5, "loss": 0.4730028063058853, "val_loss": 0.7785792350769043}
{"run": "split143_seed44", "pid": 17260, "stage": "temporal training", "elapsed_seconds": 160.65, "updated_at": "2026-10-02T18:46:35.608568+00:00", "epoch": 6, "loss": 0.4700241759419441, "val_loss": 0.772343635559082}
{"run": "split143_seed44", "pid": 17260, "stage": "temporal training", "elapsed_seconds": 180.1, "updated_at": "2026-10-02T18:46:55.056447+00:00", "epoch": 7, "loss": 0.4668797329068184, "val_loss": 0.7656874656677246}
{"run": "split143_seed44", "pid": 17260, "stage": "temporal training", "elapsed_seconds": 199.67, "updated_at": "2026-10-02T18:47:14.627243+00:00", "epoch": 8, "loss": 0.46375036984682083, "val_loss": 0.7588064074516296}
{"run": "split143_seed44", "pid": 17260, "stage": "temporal training", "elapsed_seconds": 219.43, "updated_at": "2026-10-02T18:47:34.388540+00:00", "epoch": 9, "loss": 0.4608825221657753, "val_loss": 0.7521019577980042}
{"run": "split143_seed44", "pid": 17260, "stage": "temporal training", "elapsed_seconds": 238.94, "updated_at": "2026-10-02T18:47:53.896875+00:00", "epoch": 10, "loss": 0.4587840661406517, "val_loss": 0.746308445930481}
{"run": "split143_seed44", "pid": 17260, "stage": "temporal training", "elapsed_seconds": 258.6, "updated_at": "2026-10-02T18:48:13.556453+00:00", "epoch": 11, "loss": 0.45769356191158295, "val_loss": 0.7424320578575134}
{"run": "split143_seed44", "pid": 17260, "stage": "temporal training", "elapsed_seconds": 278.15, "updated_at": "2026-10-02T18:48:33.111016+00:00", "epoch": 12, "loss": 0.45778296887874603, "val_loss": 0.7408428192138672}
{"run": "split143_seed44", "pid": 17260, "stage": "temporal training", "elapsed_seconds": 297.81, "updated_at": "2026-10-02T18:48:52.773626+00:00", "epoch": 13, "loss": 0.4583188071846962, "val_loss": 0.7407723665237427}
{"run": "split143_seed44", "pid": 17260, "stage": "temporal training", "elapsed_seconds": 317.36, "updated_at": "2026-10-02T18:49:12.324160+00:00", "epoch": 14, "loss": 0.4580449089407921, "val_loss": 0.7414554953575134}
{"run": "split143_seed44", "pid": 17260, "stage": "temporal training", "elapsed_seconds": 336.85, "updated_at": "2026-10-02T18:49:31.815546+00:00", "epoch": 15, "loss": 0.4568602070212364, "val_loss": 0.7425829172134399}
{"run": "split143_seed44", "pid": 17260, "stage": "temporal training", "elapsed_seconds": 356.28, "updated_at": "2026-10-02T18:49:51.245119+00:00", "epoch": 16, "loss": 0.45502541214227676, "val_loss": 0.744070827960968}
{"run": "split143_seed44", "pid": 17260, "stage": "temporal training", "elapsed_seconds": 375.78, "updated_at": "2026-10-02T18:50:10.739793+00:00", "epoch": 17, "loss": 0.45311928540468216, "val_loss": 0.7458438873291016}
{"run": "split143_seed44", "pid": 17260, "stage": "temporal training", "elapsed_seconds": 395.22, "updated_at": "2026-10-02T18:50:30.185169+00:00", "epoch": 18, "loss": 0.45146074146032333, "val_loss": 0.7477869987487793}
{"run": "split143_seed44", "pid": 17260, "stage": "exporting four matched models at K=0,1,3,5", "elapsed_seconds": 400.44, "updated_at": "2026-10-02T18:50:35.405356+00:00", "fusion": "log_affine"}
{"run": "split143_seed44", "pid": 17260, "stage": "complete", "elapsed_seconds": 400.64, "updated_at": "2026-10-02T18:50:35.604031+00:00", "best_epoch": 13, "fusion": "log_affine", "alpha": {"context": {"0": 0.0, "1": 0.25, "3": 0.75, "5": 1.0}, "hybrid": {"0": 0.0, "1": 0.25, "3": 0.75, "5": 0.75}}}
{"run": "split144_seed42", "pid": 17260, "stage": "fitting environmental experts and station-OOF forests", "elapsed_seconds": 0.0, "updated_at": "2026-10-02T18:50:35.686048+00:00"}
{"run": "split144_seed42", "pid": 17260, "stage": "fitting temporal residual and validation selections", "elapsed_seconds": 29.12, "updated_at": "2026-10-02T18:51:04.804080+00:00"}
{"run": "split144_seed42", "pid": 17260, "stage": "temporal training", "elapsed_seconds": 58.95, "updated_at": "2026-10-02T18:51:34.640371+00:00", "epoch": 1, "loss": 0.4469298645853996, "val_loss": 0.41180816292762756}
{"run": "split144_seed42", "pid": 17260, "stage": "temporal training", "elapsed_seconds": 78.78, "updated_at": "2026-10-02T18:51:54.468548+00:00", "epoch": 2, "loss": 0.44514254480600357, "val_loss": 0.41081923246383667}
{"run": "split144_seed42", "pid": 17260, "stage": "temporal training", "elapsed_seconds": 98.61, "updated_at": "2026-10-02T18:52:14.294776+00:00", "epoch": 3, "loss": 0.4430968090891838, "val_loss": 0.4097466468811035}
{"run": "split144_seed42", "pid": 17260, "stage": "temporal training", "elapsed_seconds": 118.36, "updated_at": "2026-10-02T18:52:34.049199+00:00", "epoch": 4, "loss": 0.4407167360186577, "val_loss": 0.4086282253265381}
{"run": "split144_seed42", "pid": 17260, "stage": "temporal training", "elapsed_seconds": 138.27, "updated_at": "2026-10-02T18:52:53.962033+00:00", "epoch": 5, "loss": 0.43806134909391403, "val_loss": 0.4075234830379486}
{"run": "split144_seed42", "pid": 17260, "stage": "temporal training", "elapsed_seconds": 158.94, "updated_at": "2026-10-02T18:53:14.631758+00:00", "epoch": 6, "loss": 0.4351055547595024, "val_loss": 0.4065261483192444}
{"run": "split144_seed42", "pid": 17260, "stage": "temporal training", "elapsed_seconds": 179.14, "updated_at": "2026-10-02T18:53:34.831125+00:00", "epoch": 7, "loss": 0.4318711459636688, "val_loss": 0.4057753086090088}
{"run": "split144_seed42", "pid": 17260, "stage": "temporal training", "elapsed_seconds": 199.49, "updated_at": "2026-10-02T18:53:55.179404+00:00", "epoch": 8, "loss": 0.428497813642025, "val_loss": 0.40548476576805115}
{"run": "split144_seed42", "pid": 17260, "stage": "temporal training", "elapsed_seconds": 219.69, "updated_at": "2026-10-02T18:54:15.380970+00:00", "epoch": 9, "loss": 0.42512550950050354, "val_loss": 0.40597912669181824}
{"run": "split144_seed42", "pid": 17260, "stage": "temporal training", "elapsed_seconds": 239.89, "updated_at": "2026-10-02T18:54:35.576754+00:00", "epoch": 10, "loss": 0.42199380695819855, "val_loss": 0.4077073931694031}
{"run": "split144_seed42", "pid": 17260, "stage": "temporal training", "elapsed_seconds": 259.49, "updated_at": "2026-10-02T18:54:55.179027+00:00", "epoch": 11, "loss": 0.4196604788303375, "val_loss": 0.41118818521499634}
{"run": "split144_seed42", "pid": 17260, "stage": "temporal training", "elapsed_seconds": 279.33, "updated_at": "2026-10-02T18:55:15.023400+00:00", "epoch": 12, "loss": 0.41835856437683105, "val_loss": 0.416435182094574}
{"run": "split144_seed42", "pid": 17260, "stage": "temporal training", "elapsed_seconds": 299.3, "updated_at": "2026-10-02T18:55:34.993620+00:00", "epoch": 13, "loss": 0.41886916756629944, "val_loss": 0.42165055871009827}
{"run": "split144_seed42", "pid": 17260, "stage": "exporting four matched models at K=0,1,3,5", "elapsed_seconds": 304.23, "updated_at": "2026-10-02T18:55:39.923260+00:00", "fusion": "log_affine"}
{"run": "split144_seed42", "pid": 17260, "stage": "complete", "elapsed_seconds": 304.44, "updated_at": "2026-10-02T18:55:40.125458+00:00", "best_epoch": 8, "fusion": "log_affine", "alpha": {"context": {"0": 0.0, "1": 0.0, "3": 0.5, "5": 0.5}, "hybrid": {"0": 0.0, "1": 0.0, "3": 0.5, "5": 0.5}}}
{"run": "split144_seed43", "pid": 17260, "stage": "fitting environmental experts and station-OOF forests", "elapsed_seconds": 0.0, "updated_at": "2026-10-02T18:55:40.202047+00:00"}
{"run": "split144_seed43", "pid": 17260, "stage": "fitting temporal residual and validation selections", "elapsed_seconds": 29.57, "updated_at": "2026-10-02T18:56:09.775831+00:00"}
{"run": "split144_seed43", "pid": 17260, "stage": "temporal training", "elapsed_seconds": 63.26, "updated_at": "2026-10-02T18:56:43.463189+00:00", "epoch": 1, "loss": 0.4402318224310875, "val_loss": 0.42043355107307434}
{"run": "split144_seed43", "pid": 17260, "stage": "temporal training", "elapsed_seconds": 83.4, "updated_at": "2026-10-02T18:57:03.599610+00:00", "epoch": 2, "loss": 0.43812233954668045, "val_loss": 0.4193671941757202}
{"run": "split144_seed43", "pid": 17260, "stage": "temporal training", "elapsed_seconds": 103.18, "updated_at": "2026-10-02T18:57:23.383061+00:00", "epoch": 3, "loss": 0.4357205927371979, "val_loss": 0.41824284195899963}
{"run": "split144_seed43", "pid": 17260, "stage": "temporal training", "elapsed_seconds": 123.27, "updated_at": "2026-10-02T18:57:43.473153+00:00", "epoch": 4, "loss": 0.4329264238476753, "val_loss": 0.4171002507209778}
{"run": "split144_seed43", "pid": 17260, "stage": "temporal training", "elapsed_seconds": 143.5, "updated_at": "2026-10-02T18:58:03.699251+00:00", "epoch": 5, "loss": 0.42978832870721817, "val_loss": 0.4160081744194031}
{"run": "split144_seed43", "pid": 17260, "stage": "temporal training", "elapsed_seconds": 163.14, "updated_at": "2026-10-02T18:58:23.347128+00:00", "epoch": 6, "loss": 0.42626896500587463, "val_loss": 0.4150781035423279}
{"run": "split144_seed43", "pid": 17260, "stage": "temporal training", "elapsed_seconds": 183.11, "updated_at": "2026-10-02T18:58:43.227029+00:00", "epoch": 7, "loss": 0.42238395661115646, "val_loss": 0.4144895374774933}
{"run": "split144_seed43", "pid": 17260, "stage": "temporal training", "elapsed_seconds": 203.2, "updated_at": "2026-10-02T18:59:03.311691+00:00", "epoch": 8, "loss": 0.41834791749715805, "val_loss": 0.4145166575908661}
{"run": "split144_seed43", "pid": 17260, "stage": "temporal training", "elapsed_seconds": 223.91, "updated_at": "2026-10-02T18:59:24.029265+00:00", "epoch": 9, "loss": 0.41417859494686127, "val_loss": 0.41556766629219055}
{"run": "split144_seed43", "pid": 17260, "stage": "temporal training", "elapsed_seconds": 244.37, "updated_at": "2026-10-02T18:59:44.486795+00:00", "epoch": 10, "loss": 0.41033835709095, "val_loss": 0.41821905970573425}
{"run": "split144_seed43", "pid": 17260, "stage": "temporal training", "elapsed_seconds": 264.66, "updated_at": "2026-10-02T19:00:04.776970+00:00", "epoch": 11, "loss": 0.4073468819260597, "val_loss": 0.4231443405151367}
{"run": "split144_seed43", "pid": 17260, "stage": "temporal training", "elapsed_seconds": 284.75, "updated_at": "2026-10-02T19:00:24.871647+00:00", "epoch": 12, "loss": 0.4056633412837982, "val_loss": 0.4304558038711548}
{"run": "split144_seed43", "pid": 17260, "stage": "exporting four matched models at K=0,1,3,5", "elapsed_seconds": 290.67, "updated_at": "2026-10-02T19:00:30.785657+00:00", "fusion": "log_affine"}
{"run": "split144_seed43", "pid": 17260, "stage": "complete", "elapsed_seconds": 290.88, "updated_at": "2026-10-02T19:00:31.001639+00:00", "best_epoch": 7, "fusion": "log_affine", "alpha": {"context": {"0": 0.0, "1": 0.0, "3": 0.5, "5": 0.75}, "hybrid": {"0": 0.0, "1": 0.0, "3": 0.5, "5": 0.75}}}
{"run": "split144_seed44", "pid": 17260, "stage": "fitting environmental experts and station-OOF forests", "elapsed_seconds": 0.0, "updated_at": "2026-10-02T19:00:31.078434+00:00"}
{"run": "split144_seed44", "pid": 17260, "stage": "fitting temporal residual and validation selections", "elapsed_seconds": 29.59, "updated_at": "2026-10-02T19:01:00.668093+00:00"}
{"run": "split144_seed44", "pid": 17260, "stage": "temporal training", "elapsed_seconds": 60.26, "updated_at": "2026-10-02T19:01:31.337527+00:00", "epoch": 1, "loss": 0.43575696647167206, "val_loss": 0.4138640761375427}
{"run": "split144_seed44", "pid": 17260, "stage": "temporal training", "elapsed_seconds": 80.27, "updated_at": "2026-10-02T19:01:51.350284+00:00", "epoch": 2, "loss": 0.4335596188902855, "val_loss": 0.4127216339111328}
{"run": "split144_seed44", "pid": 17260, "stage": "temporal training", "elapsed_seconds": 100.36, "updated_at": "2026-10-02T19:02:11.437005+00:00", "epoch": 3, "loss": 0.4310891628265381, "val_loss": 0.4115208089351654}
{"run": "split144_seed44", "pid": 17260, "stage": "temporal training", "elapsed_seconds": 121.38, "updated_at": "2026-10-02T19:02:32.462632+00:00", "epoch": 4, "loss": 0.4283064156770706, "val_loss": 0.4103184640407562}
{"run": "split144_seed44", "pid": 17260, "stage": "temporal training", "elapsed_seconds": 141.23, "updated_at": "2026-10-02T19:02:52.312383+00:00", "epoch": 5, "loss": 0.42522191256284714, "val_loss": 0.4092085063457489}
{"run": "split144_seed44", "pid": 17260, "stage": "temporal training", "elapsed_seconds": 161.69, "updated_at": "2026-10-02T19:03:12.772528+00:00", "epoch": 6, "loss": 0.4218707010149956, "val_loss": 0.4083370566368103}
{"run": "split144_seed44", "pid": 17260, "stage": "temporal training", "elapsed_seconds": 181.78, "updated_at": "2026-10-02T19:03:32.858867+00:00", "epoch": 7, "loss": 0.4182993322610855, "val_loss": 0.40792956948280334}
{"run": "split144_seed44", "pid": 17260, "stage": "temporal training", "elapsed_seconds": 201.81, "updated_at": "2026-10-02T19:03:52.888900+00:00", "epoch": 8, "loss": 0.41476964205503464, "val_loss": 0.4083276689052582}
{"run": "split144_seed44", "pid": 17260, "stage": "temporal training", "elapsed_seconds": 221.83, "updated_at": "2026-10-02T19:04:12.906636+00:00", "epoch": 9, "loss": 0.4114687964320183, "val_loss": 0.4100240468978882}
{"run": "split144_seed44", "pid": 17260, "stage": "temporal training", "elapsed_seconds": 244.07, "updated_at": "2026-10-02T19:04:35.150498+00:00", "epoch": 10, "loss": 0.408813513815403, "val_loss": 0.4135976731777191}
{"run": "split144_seed44", "pid": 17260, "stage": "temporal training", "elapsed_seconds": 264.69, "updated_at": "2026-10-02T19:04:55.765932+00:00", "epoch": 11, "loss": 0.4073301665484905, "val_loss": 0.41915133595466614}
{"run": "split144_seed44", "pid": 17260, "stage": "temporal training", "elapsed_seconds": 284.95, "updated_at": "2026-10-02T19:05:16.028077+00:00", "epoch": 12, "loss": 0.4077623561024666, "val_loss": 0.4246917963027954}
{"run": "split144_seed44", "pid": 17260, "stage": "exporting four matched models at K=0,1,3,5", "elapsed_seconds": 290.01, "updated_at": "2026-10-02T19:05:21.094248+00:00", "fusion": "log_affine"}
{"run": "split144_seed44", "pid": 17260, "stage": "complete", "elapsed_seconds": 290.21, "updated_at": "2026-10-02T19:05:21.292425+00:00", "best_epoch": 7, "fusion": "log_affine", "alpha": {"context": {"0": 0.0, "1": 0.0, "3": 0.5, "5": 0.75}, "hybrid": {"0": 0.0, "1": 0.0, "3": 0.5, "5": 0.5}}}
