Waiting for existing training PID 17260 2026-10-02T18:41:58.650828+00:00
Running ['scripts/run_ladder.py', '--experiment', 'unified-doc-spatial', '--verify-only'] 2026-10-02T19:05:29.261625+00:00
/Users/yzccc/river_graph/.venv/lib/python3.12/site-packages/torch/jit/_script.py:1491: FutureWarning: `torch.jit.script` is deprecated. Please switch to `torch.compile` or `torch.export`.
  warnings.warn(
{
  "verified_runs": 9,
  "expected_runs": 9,
  "runtime_snapshot_hash": "cad3dd95d94a8933675a95a1ab946034d9725b0e81f55af084a73d430e3d21d3",
  "runs": [
    {
      "run": "split142_seed42",
      "full_grid_rows": 233478,
      "query_cells": 3975,
      "prediction_rows": 63600,
      "support_rows": 639
    },
    {
      "run": "split142_seed43",
      "full_grid_rows": 233478,
      "query_cells": 3975,
      "prediction_rows": 63600,
      "support_rows": 639
    },
    {
      "run": "split142_seed44",
      "full_grid_rows": 233478,
      "query_cells": 3975,
      "prediction_rows": 63600,
      "support_rows": 639
    },
    {
      "run": "split143_seed42",
      "full_grid_rows": 233478,
      "query_cells": 3907,
      "prediction_rows": 62512,
      "support_rows": 639
    },
    {
      "run": "split143_seed43",
      "full_grid_rows": 233478,
      "query_cells": 3907,
      "prediction_rows": 62512,
      "support_rows": 639
    },
    {
      "run": "split143_seed44",
      "full_grid_rows": 233478,
      "query_cells": 3907,
      "prediction_rows": 62512,
      "support_rows": 639
    },
    {
      "run": "split144_seed42",
      "full_grid_rows": 233478,
      "query_cells": 4983,
      "prediction_rows": 79728,
      "support_rows": 639
    },
    {
      "run": "split144_seed43",
      "full_grid_rows": 233478,
      "query_cells": 4983,
      "prediction_rows": 79728,
      "support_rows": 639
    },
    {
      "run": "split144_seed44",
      "full_grid_rows": 233478,
      "query_cells": 4983,
      "prediction_rows": 79728,
      "support_rows": 639
    }
  ]
}
Running ['scripts/analyze_unified_doc_spatial.py', '--bootstrap-draws', '5000'] 2026-10-02T19:05:33.704393+00:00
experiments/phase4_transfer/unified_doc_spatial_v1/confirmation/analysis
Running ['scripts/analyze_unified_doc_affine_control.py', '--bootstrap-draws', '5000'] 2026-10-02T19:05:35.139134+00:00
experiments/phase4_transfer/unified_doc_spatial_v1/confirmation/context_affine_control
Running ['scripts/analyze_unified_doc_flow.py'] 2026-10-02T19:05:37.428140+00:00
experiments/phase4_transfer/unified_doc_spatial_v1/confirmation/flow_analysis
Running ['scripts/plot_unified_doc_manuscript.py'] 2026-10-02T19:05:38.100561+00:00
experiments/phase4_transfer/unified_doc_spatial_v1/confirmation/analysis/manuscript_figures
Full batch verification, analyses and manuscript figures complete 2026-10-02T19:05:38.867416+00:00
