Covariate-selected non-nested pairs: {(1, 2): 4, (1, 3): 22, (2, 3): 3}
 class_a  class_b                 metric transform  difference_b_minus_a    ci_low  ci_high  n_pairs  n_huc4  positive_pair_fraction  few_blocks           interval_status
       1        2             doc_median       raw              6.782500  0.130000 9.000000        4       2                1.000000        True                 estimable
       1        2         log_doc_median       raw              0.363857  0.019506 0.478641        4       2                1.000000        True                 estimable
       1        2     harmonic_amplitude       raw              0.045528 -0.158649 0.113587        4       2                0.500000        True                 estimable
       1        2                 doc_cv       raw              0.026482 -0.024435 0.179235        4       2                0.500000        True                 estimable
       1        2           q90_fraction       raw              0.123235  0.020408 0.157511        4       2                1.000000        True                 estimable
       1        2 interquartile_response       raw             -0.123498       NaN      NaN        3       1                0.333333        True not_estimable_single_HUC4
       1        3             doc_median       raw              0.405985 -0.370681 1.159273       22      12                0.545455       False                 estimable
       1        3         log_doc_median       raw              0.068299 -0.018603 0.151171       22      12                0.545455       False                 estimable
       1        3     harmonic_amplitude       raw              0.034336 -0.072889 0.119908       22      12                0.590909       False                 estimable
       1        3                 doc_cv       raw              0.026381 -0.058163 0.091603       22      12                0.727273       False                 estimable
       1        3           q90_fraction       raw              0.018054 -0.024839 0.052620       22      12                0.454545       False                 estimable
       1        3 interquartile_response       raw              0.015680 -0.086037 0.086761       13       8                0.538462        True                 estimable
       2        3             doc_median       raw             -7.333333       NaN      NaN        3       1                0.000000        True not_estimable_single_HUC4
       2        3         log_doc_median       raw             -0.353069       NaN      NaN        3       1                0.000000        True not_estimable_single_HUC4
       2        3     harmonic_amplitude       raw             -0.127536       NaN      NaN        3       1                0.333333        True not_estimable_single_HUC4
       2        3                 doc_cv       raw              0.118866       NaN      NaN        3       1                0.666667        True not_estimable_single_HUC4
       2        3           q90_fraction       raw             -0.130598       NaN      NaN        3       1                0.000000        True not_estimable_single_HUC4
       2        3 interquartile_response       raw              0.011975       NaN      NaN        2       1                1.000000        True not_estimable_single_HUC4
 space      candidate         reference  gain_pct  ci_low_pct  ci_high_pct  candidate_mae  reference_mae  positive_folds  n_stations  n_huc4
native      footprint       environment  1.870198   -0.521890     4.629285       1.861648       1.897128               4         297      62
native      branching       environment  5.587424    2.015583     8.420808       1.791127       1.897128               5         297      62
native          paths       environment  4.521777   -0.668126     8.947723       1.811344       1.897128               4         297      62
native all_morphology       environment  9.239306    4.017386    13.832990       1.721847       1.897128               5         297      62
native all_morphology without_footprint -0.010897   -1.282293     1.471299       1.721847       1.721659               3         297      62
native all_morphology without_branching  3.232307    0.859748     5.144551       1.721847       1.779361               5         297      62
native all_morphology     without_paths  3.328055   -0.457257     6.871717       1.721847       1.781123               5         297      62
 log1p      footprint       environment  1.362233   -0.991956     3.415304       0.284625       0.288556               3         297      62
 log1p      branching       environment  4.783368    1.496089     7.635646       0.274753       0.288556               5         297      62
 log1p          paths       environment  4.068125   -0.238974     7.810066       0.276817       0.288556               4         297      62
 log1p all_morphology       environment  7.990233    2.876380    11.944764       0.265499       0.288556               5         297      62
 log1p all_morphology without_footprint -0.043382   -1.268751     1.167501       0.265499       0.265384               2         297      62
 log1p all_morphology without_branching  2.630912    0.464630     4.560955       0.265499       0.272673               5         297      62
 log1p all_morphology     without_paths  3.184610   -0.826081     6.369602       0.265499       0.274232               4         297      62
