/Users/yzccc/river_graph/.venv/lib/python3.12/site-packages/torch/jit/_script.py:1491: FutureWarning: `torch.jit.script` is deprecated. Please switch to `torch.compile` or `torch.export`.
  warnings.warn(
Traceback (most recent call last):
  File "/Users/yzccc/river_graph/scripts/verify_portable_current_source_doc_v2.py", line 65, in <module>
    main()
  File "/Users/yzccc/river_graph/scripts/verify_portable_current_source_doc_v2.py", line 54, in main
    np.testing.assert_array_equal(restored.predict(inputs), model.predict(inputs))
  File "/Users/yzccc/river_graph/.venv/lib/python3.12/site-packages/numpy/testing/_private/utils.py", line 1128, in assert_array_equal
    assert_array_compare(operator.__eq__, actual, desired, err_msg=err_msg,
  File "/Users/yzccc/river_graph/.venv/lib/python3.12/site-packages/numpy/testing/_private/utils.py", line 988, in assert_array_compare
    raise AssertionError(msg)
AssertionError: 
Arrays are not equal

Mismatched elements: 595 / 17658 (3.37%)
First 5 mismatches are at indices:
 [0, 3]: 5.007334195539967 (ACTUAL), 5.007334195539963 (DESIRED)
 [0, 9]: 4.73257765917554 (ACTUAL), 4.732577659175537 (DESIRED)
 [0, 16]: 5.595361739886524 (ACTUAL), 5.595361739886521 (DESIRED)
 [0, 26]: 5.760597658818646 (ACTUAL), 5.760597658818643 (DESIRED)
 [0, 42]: 4.983237384318932 (ACTUAL), 4.9832373843189295 (DESIRED)
Max absolute difference among violations: 1.42108547e-14
Max relative difference among violations: 9.24019797e-16
 ACTUAL: array([[ 5.397523,  5.49511 ,  5.205895, ...,  5.480998,  8.149276,
         5.862567],
       [12.662829, 13.461594, 13.260816, ..., 12.623137, 12.348197,...
 DESIRED: array([[ 5.397523,  5.49511 ,  5.205895, ...,  5.480998,  8.149276,
         5.862567],
       [12.662829, 13.461594, 13.260816, ..., 12.623137, 12.348197,...
