/Users/yzccc/.matplotlib is not a writable directory
Matplotlib created a temporary cache directory at /var/folders/kl/2fcqmxl93rv6fsdm6q_y0n5h0000gn/T/matplotlib-t1ypw0df because there was an issue with the default path (/Users/yzccc/.matplotlib); it is highly recommended to set the MPLCONFIGDIR environment variable to a writable directory, in particular to speed up the import of Matplotlib and to better support multiprocessing.
Matplotlib is building the font cache; this may take a moment.
/Users/yzccc/river_graph/.venv/lib/python3.12/site-packages/torch/jit/_script.py:1491: FutureWarning: `torch.jit.script` is deprecated. Please switch to `torch.compile` or `torch.export`.
  warnings.warn(
       mask           model_name      mae     rmse       r2     bias  log_mae  station_equal_mae  q90_mae  q90_n  q90_unstable  n_cells  n_stations
 e2a_strict        context_trees 1.093144 1.555025 0.349744 0.597943 0.213251           1.271830 6.439728   12.0           1.0   2223.0        69.0
 e2a_strict       current_fusion 0.905180 1.365219 0.498808 0.147181 0.181260           1.120115 7.042250   12.0           1.0   2223.0        69.0
 e2a_strict       current_native 1.062944 1.534769 0.366568 0.519224 0.208023           1.250681 6.362682   12.0           1.0   2223.0        69.0
 e2a_strict  matched_daily_trees 1.028129 1.445335 0.438167 0.603190 0.201936           1.227815 6.092949   12.0           1.0   2223.0        69.0
 e2a_strict      original_hybrid 0.874739 1.332926 0.522236 0.140140 0.175724           1.139092 6.956922   12.0           1.0   2223.0        69.0
 e2a_strict station_hidden_trees 0.897097 1.325986 0.526913 0.452259 0.173743           1.134490 6.542141   12.0           1.0   2223.0        69.0
 e2a_strict      upgraded_fusion 0.785746 1.222644 0.597994 0.138183 0.155397           1.064175 6.947001   12.0           1.0   2223.0        69.0
 e2a_strict      upgraded_native 0.894939 1.329315 0.524567 0.439335 0.172673           1.133357 6.503279   12.0           1.0   2223.0        69.0
e2b_partial        context_trees 1.046858 1.476432 0.403336 0.613338 0.206209           1.172192 6.707415    7.0           1.0   1778.0        67.0
e2b_partial       current_fusion 0.853555 1.290817 0.543932 0.161151 0.172088           1.049786 7.793332    7.0           1.0   1778.0        67.0
e2b_partial       current_native 1.012899 1.453193 0.421973 0.534468 0.200344           1.146771 6.603680    7.0           1.0   1778.0        67.0
e2b_partial  matched_daily_trees 1.004568 1.403876 0.460515 0.619922 0.198534           1.179527 6.691458    7.0           1.0   1778.0        67.0
e2b_partial      original_hybrid 0.806937 1.261214 0.564612 0.111173 0.162284           1.033739 7.605255    7.0           1.0   1778.0        67.0
e2b_partial station_hidden_trees 0.936269 1.339370 0.508746 0.560918 0.181464           1.167502 6.750706    7.0           1.0   1778.0        67.0
e2b_partial      upgraded_fusion 0.797619 1.208819 0.599987 0.240777 0.157706           1.082852 7.351621    7.0           1.0   1778.0        67.0
e2b_partial      upgraded_native 0.933583 1.343774 0.505550 0.549133 0.179928           1.165279 6.689462    7.0           1.0   1778.0        67.0
       mask       candidate            reference  reference_mae  candidate_mae  delta_mae  delta_ci_low  delta_ci_high  relative_gain_pct  gain_ci_low_pct  gain_ci_high_pct  n_splits  n_stations_unique  n_station_months_unique  n_split_cell_occurrences  bootstrap_draws  bootstrap_seed  bootstrap_empty_split_redraws  improved_seeds
 e2a_strict upgraded_fusion      original_hybrid       0.874739       0.785746  -0.088993     -0.178388       0.000844          10.173700        -0.102886         18.982035         1                 69                     2223                      2223             5000              42                              0               3
 e2a_strict upgraded_fusion       current_fusion       0.905180       0.785746  -0.119434     -0.204797      -0.032624          13.194519         3.914468         20.687010         1                 69                     2223                      2223             5000              42                              0               3
 e2a_strict upgraded_fusion station_hidden_trees       0.897097       0.785746  -0.111351     -0.156573      -0.068076          12.412396         8.596977         15.844524         1                 69                     2223                      2223             5000              42                              0               3
 e2a_strict upgraded_native       current_native       1.062944       0.894939  -0.168005     -0.290002      -0.048772          15.805603         5.123602         24.432354         1                 69                     2223                      2223             5000              42                              0               3
 e2a_strict upgraded_native station_hidden_trees       0.897097       0.894939  -0.002157     -0.007420       0.003501           0.240480        -0.365265          0.904018         1                 69                     2223                      2223             5000              42                              0               1
 e2a_strict  current_fusion        context_trees       1.093144       0.905180  -0.187965     -0.261885      -0.115825          17.194867        11.964553         21.559083         1                 69                     2223                      2223             5000              42                              0               3
e2b_partial upgraded_fusion      original_hybrid       0.806937       0.797619  -0.009318     -0.078912       0.064521           1.154751        -8.271399          9.555808         1                 67                     1778                      1778             5000              42                              0               2
e2b_partial upgraded_fusion       current_fusion       0.853555       0.797619  -0.055937     -0.120414       0.018850           6.553368        -2.316166         13.447106         1                 67                     1778                      1778             5000              42                              0               3
e2b_partial upgraded_fusion station_hidden_trees       0.936269       0.797619  -0.138650     -0.179700      -0.099405          14.808812        11.787119         17.550376         1                 67                     1778                      1778             5000              42                              0               3
e2b_partial upgraded_native       current_native       1.012899       0.933583  -0.079316     -0.167637       0.015729           7.830621        -1.678217         15.336310         1                 67                     1778                      1778             5000              42                              0               3
e2b_partial upgraded_native station_hidden_trees       0.936269       0.933583  -0.002686     -0.009135       0.003966           0.286921        -0.388932          1.081220         1                 67                     1778                      1778             5000              42                              0               1
e2b_partial  current_fusion        context_trees       1.046858       0.853555  -0.193303     -0.249894      -0.135641          18.465058        14.343562         22.124904         1                 67                     1778                      1778             5000              42                              0               3
